../source/Fusion/FusionMath.h:136:21:FusionRadiansToDegrees	16	static
../source/Fusion/FusionMath.h:148:21:FusionAsin	16	static
../source/Fusion/FusionMath.h:456:27:FusionQuaternionToEuler	72	static
../source/App.c:82:13:sendUartMessage3Channels	48	static
../source/App.c:88:13:sendUartMessage6Channels	104	static
../source/App.c:95:6:App_Init	272	static
../source/App.c:148:13:startI2CreadingCallBack	8	static
../source/App.c:152:13:startI2C_ACCELEROMETER_CallBack	8	static
../source/App.c:158:6:App_Run	320	static
../source/App.c:337:6:runControlStep	256	static
../source/App.c:372:15:getU1fromSBUS	16	static
../source/App.c:391:13:getEulerAnglesRates	40	static
../source/App.c:405:13:getAnglesGyro	72	static
../source/App.c:433:13:getEulerAnglesRatesFAST	48	static
