../source/Fusion/FusionMath.h:136:21:FusionRadiansToDegrees	16	static
../source/Fusion/FusionMath.h:148:21:FusionAsin	16	static
../source/Fusion/FusionMath.h:456:27:FusionQuaternionToEuler	72	static
../source/App.c:51:6:App_Init	16	static
../source/App.c:66:13:startI2CreadingCallBack	8	static
../source/App.c:70:13:startI2C_ACCELEROMETER_CallBack	8	static
../source/App.c:77:6:App_Run	320	static
../source/App.c:177:6:runControlStep	248	static
../source/App.c:211:13:getEulerAnglesRates	40	static
../source/App.c:225:13:getAnglesGyro	64	static
