../SDK/CMSIS/core_cm4.h:1678:22:__NVIC_EnableIRQ	16	static
../SDK/CMSIS/core_cm4.h:1767:22:__NVIC_ClearPendingIRQ	16	static
../source/DMA2/DMA2.c:91:6:App_Init	24	static
../source/DMA2/DMA2.c:100:6:App_Run	8	static
../source/DMA2/DMA2.c:129:6:DMA_initPingPong_Dac	8	static
../source/DMA2/DMA2.c:157:6:DMA_pingPong_DAC	24	static
../source/DMA2/DMA2.c:250:6:DMA_initDisplayTable	16	static
../source/DMA2/DMA2.c:285:6:DMA_displayTable	8	static
../source/DMA2/DMA2.c:321:6:DMA_Test	8	static
../source/DMA2/DMA2.c:431:9:DMA0_IRQHandler	8	static
../source/DMA2/DMA2.c:445:9:DMA_Error_IRQHandler	8	static
