../source/CAN/CAN.c:141:6:SPI_init	8	static
../source/CAN/CAN.c:154:6:CANInit	16	static
../source/CAN/CAN.c:185:6:CANSend	24	static
../source/CAN/CAN.c:232:6:CANReset	24	static
../source/CAN/CAN.c:245:6:CANWrite	64	static
../source/CAN/CAN.c:270:6:CANRead	72	static
../source/CAN/CAN.c:295:6:CANBitModify	80	static
../source/CAN/CAN.c:325:6:CANReceive	8	static
../source/CAN/CAN.c:338:6:viewinterrupt	8	static
../source/CAN/CAN.c:348:6:readData	8	static
../source/CAN/CAN.c:378:6:readEnd	16	static
../source/CAN/CAN.c:394:6:newMsg	16	static
