Archive member included to satisfy reference by file (symbol)

C:\Users\sch_b\OneDrive\Documentos\MP3\CLONE 3\LaboDeMicros-TPF\TPF\SDK\CMSIS\DSP\libarm_cortexM4lf_math.a(arm_rfft_fast_init_f32.o)
                              ./source/SpectrumAnalyzer/SpectrumAnalyzer.o (arm_rfft_fast_init_f32)
C:\Users\sch_b\OneDrive\Documentos\MP3\CLONE 3\LaboDeMicros-TPF\TPF\SDK\CMSIS\DSP\libarm_cortexM4lf_math.a(arm_rfft_fast_f32.o)
                              ./source/SpectrumAnalyzer/SpectrumAnalyzer.o (arm_rfft_fast_f32)
C:\Users\sch_b\OneDrive\Documentos\MP3\CLONE 3\LaboDeMicros-TPF\TPF\SDK\CMSIS\DSP\libarm_cortexM4lf_math.a(arm_cfft_f32.o)
                              C:\Users\sch_b\OneDrive\Documentos\MP3\CLONE 3\LaboDeMicros-TPF\TPF\SDK\CMSIS\DSP\libarm_cortexM4lf_math.a(arm_rfft_fast_f32.o) (arm_cfft_f32)
C:\Users\sch_b\OneDrive\Documentos\MP3\CLONE 3\LaboDeMicros-TPF\TPF\SDK\CMSIS\DSP\libarm_cortexM4lf_math.a(arm_bitreversal2.o)
                              C:\Users\sch_b\OneDrive\Documentos\MP3\CLONE 3\LaboDeMicros-TPF\TPF\SDK\CMSIS\DSP\libarm_cortexM4lf_math.a(arm_cfft_f32.o) (arm_bitreversal_32)
C:\Users\sch_b\OneDrive\Documentos\MP3\CLONE 3\LaboDeMicros-TPF\TPF\SDK\CMSIS\DSP\libarm_cortexM4lf_math.a(arm_biquad_cascade_df1_init_f32.o)
                              ./source/SpectrumAnalyzer/SpectrumAnalyzer.o (arm_biquad_cascade_df1_init_f32)
C:\Users\sch_b\OneDrive\Documentos\MP3\CLONE 3\LaboDeMicros-TPF\TPF\SDK\CMSIS\DSP\libarm_cortexM4lf_math.a(arm_biquad_cascade_df1_f32.o)
                              ./source/SpectrumAnalyzer/SpectrumAnalyzer.o (arm_biquad_cascade_df1_f32)
C:\Users\sch_b\OneDrive\Documentos\MP3\CLONE 3\LaboDeMicros-TPF\TPF\SDK\CMSIS\DSP\libarm_cortexM4lf_math.a(arm_cmplx_mag_f32.o)
                              ./source/SpectrumAnalyzer/SpectrumAnalyzer.o (arm_cmplx_mag_f32)
C:\Users\sch_b\OneDrive\Documentos\MP3\CLONE 3\LaboDeMicros-TPF\TPF\SDK\CMSIS\DSP\libarm_cortexM4lf_math.a(arm_common_tables.o)
                              C:\Users\sch_b\OneDrive\Documentos\MP3\CLONE 3\LaboDeMicros-TPF\TPF\SDK\CMSIS\DSP\libarm_cortexM4lf_math.a(arm_rfft_fast_init_f32.o) (twiddleCoef_rfft_4096)
C:\Users\sch_b\OneDrive\Documentos\MP3\CLONE 3\LaboDeMicros-TPF\TPF\SDK\CMSIS\DSP\libarm_cortexM4lf_math.a(arm_cfft_radix8_f32.o)
                              C:\Users\sch_b\OneDrive\Documentos\MP3\CLONE 3\LaboDeMicros-TPF\TPF\SDK\CMSIS\DSP\libarm_cortexM4lf_math.a(arm_cfft_f32.o) (arm_radix8_butterfly_f32)
c:/nxp/mcuxpressoide_11.6.1_8255/ide/plugins/com.nxp.mcuxpresso.tools.win32_11.6.1.202207200623/tools/bin/../lib/gcc/arm-none-eabi/10.3.1/../../../../arm-none-eabi/lib/thumb/v7e-m+fp/hard\libcr_c.a(sqrtf_m4_hardfp.o)
                              C:\Users\sch_b\OneDrive\Documentos\MP3\CLONE 3\LaboDeMicros-TPF\TPF\SDK\CMSIS\DSP\libarm_cortexM4lf_math.a(arm_cmplx_mag_f32.o) (sqrtf)
c:/nxp/mcuxpressoide_11.6.1_8255/ide/plugins/com.nxp.mcuxpresso.tools.win32_11.6.1.202207200623/tools/bin/../lib/gcc/arm-none-eabi/10.3.1/../../../../arm-none-eabi/lib/thumb/v7e-m+fp/hard\libcr_c.a(memcpy.o)
                              ./source/buffer/SPI_buffer.o (memcpy)
c:/nxp/mcuxpressoide_11.6.1_8255/ide/plugins/com.nxp.mcuxpresso.tools.win32_11.6.1.202207200623/tools/bin/../lib/gcc/arm-none-eabi/10.3.1/../../../../arm-none-eabi/lib/thumb/v7e-m+fp/hard\libcr_c.a(memset.o)
                              C:\Users\sch_b\OneDrive\Documentos\MP3\CLONE 3\LaboDeMicros-TPF\TPF\SDK\CMSIS\DSP\libarm_cortexM4lf_math.a(arm_biquad_cascade_df1_init_f32.o) (memset)
c:/nxp/mcuxpressoide_11.6.1_8255/ide/plugins/com.nxp.mcuxpresso.tools.win32_11.6.1.202207200623/tools/bin/../lib/gcc/arm-none-eabi/10.3.1/../../../../arm-none-eabi/lib/thumb/v7e-m+fp/hard\libcr_c.a(cos.o)
                              ./source/SpectrumAnalyzer/SpectrumAnalyzer.o (cos)
c:/nxp/mcuxpressoide_11.6.1_8255/ide/plugins/com.nxp.mcuxpresso.tools.win32_11.6.1.202207200623/tools/bin/../lib/gcc/arm-none-eabi/10.3.1/../../../../arm-none-eabi/lib/thumb/v7e-m+fp/hard\libcr_c.a(pow.o)
                              ./source/SpectrumAnalyzer/SpectrumAnalyzer.o (pow)
c:/nxp/mcuxpressoide_11.6.1_8255/ide/plugins/com.nxp.mcuxpresso.tools.win32_11.6.1.202207200623/tools/bin/../lib/gcc/arm-none-eabi/10.3.1/../../../../arm-none-eabi/lib/thumb/v7e-m+fp/hard\libcr_c.a(sin.o)
                              ./source/DMA2/DMA2.o (sin)
c:/nxp/mcuxpressoide_11.6.1_8255/ide/plugins/com.nxp.mcuxpresso.tools.win32_11.6.1.202207200623/tools/bin/../lib/gcc/arm-none-eabi/10.3.1/../../../../arm-none-eabi/lib/thumb/v7e-m+fp/hard\libcr_c.a(sqrt.o)
                              ./source/SpectrumAnalyzer/SpectrumAnalyzer.o (sqrt)
c:/nxp/mcuxpressoide_11.6.1_8255/ide/plugins/com.nxp.mcuxpresso.tools.win32_11.6.1.202207200623/tools/bin/../lib/gcc/arm-none-eabi/10.3.1/../../../../arm-none-eabi/lib/thumb/v7e-m+fp/hard\libcr_c.a(stdlib.o)
                              ./source/SpectrumAnalyzer/SpectrumAnalyzer.o (abs)
[...]
Memory Configuration

Name             Origin             Length             Attributes
PROGRAM_FLASH    0x00000000         0x00100000         xr
SRAM_UPPER       0x20000000         0x00030000         xrw
SRAM_LOWER       0x1fff0000         0x00010000         xrw
FLEX_RAM         0x14000000         0x00001000         xrw
*default*        0x00000000         0xffffffff

Linker script and memory map

LOAD ./source/timer/SysTick.o
LOAD ./source/timer/timer.o
LOAD ./source/event_queue/event_queue.o
LOAD ./source/encoder/encoder_hal.o
LOAD ./source/buffer/SPI_buffer.o
LOAD ./source/buffer/circular_buffer.o
LOAD ./source/buffer/circular_buffer_16.o
LOAD ./source/buffer/generic_circular_buffer.o
LOAD ./source/UART/uart.o
LOAD ./source/SpectrumAnalyzer/SpectrumAnalyzer.o
LOAD ./source/SPI/SPI.o
LOAD ./source/PIT/PIT.o
LOAD ./source/Matrix/Matrix.o
LOAD ./source/MCAL/gpio.o
LOAD ./source/Keypad/keypad.o
LOAD ./source/I2Cm/I2Cm.o
LOAD ./source/FTM/FTM.o
LOAD ./source/DMA2/DMA2.o
LOAD ./source/DMA2/FTM2.o
LOAD ./source/DMA2/PORT.o
LOAD ./source/DAC/DAC.o
LOAD ./source/DAC/DAC_hal.o
LOAD ./source/CMP/CMP.o
LOAD ./source/CAN/CAN.o
LOAD ./source/ADC/ADC.o
LOAD ./source/ADC/ADC_hal.o
LOAD ./SDK/startup/hardware.o
LOAD ./SDK/startup/main.o
LOAD ./SDK/startup/semihost_hardfault.o
LOAD ./SDK/startup/startup_mk64f12.o
LOAD ./SDK/CMSIS/system_MK64F12.o
LOAD C:\Users\sch_b\OneDrive\Documentos\MP3\CLONE 3\LaboDeMicros-TPF\TPF\SDK\CMSIS\DSP\libarm_cortexM4lf_math.a
START GROUP
LOAD c:/nxp/mcuxpressoide_11.6.1_8255/ide/plugins/com.nxp.mcuxpresso.tools.win32_11.6.1.202207200623/tools/bin/../lib/gcc/arm-none-eabi/10.3.1/../../../../arm-none-eabi/lib/thumb/v7e-m+fp/hard\libcr_semihost_nf.a
LOAD c:/nxp/mcuxpressoide_11.6.1_8255/ide/plugins/com.nxp.mcuxpresso.tools.win32_11.6.1.202207200623/tools/bin/../lib/gcc/arm-none-eabi/10.3.1/../../../../arm-none-eabi/lib/thumb/v7e-m+fp/hard\libcr_c.a
LOAD c:/nxp/mcuxpressoide_11.6.1_8255/ide/plugins/com.nxp.mcuxpresso.tools.win32_11.6.1.202207200623/tools/bin/../lib/gcc/arm-none-eabi/10.3.1/thumb/v7e-m+fp/hard\libcr_eabihelpers.a
LOAD c:/nxp/mcuxpressoide_11.6.1_8255/ide/plugins/com.nxp.mcuxpresso.tools.win32_11.6.1.202207200623/tools/bin/../lib/gcc/arm-none-eabi/10.3.1/thumb/v7e-m+fp/hard\libgcc.a
END GROUP
                0x00000000                __base_PROGRAM_FLASH = 0x0
                0x00000000                __base_Flash = 0x0
                0x00100000                __top_PROGRAM_FLASH = 0x100000
                0x00100000                __top_Flash = 0x100000
                0x20000000                __base_SRAM_UPPER = 0x20000000
                0x20000000                __base_RAM = 0x20000000
                0x20030000                __top_SRAM_UPPER = 0x20030000
                0x20030000                __top_RAM = 0x20030000
                0x1fff0000                __base_SRAM_LOWER = 0x1fff0000
                0x1fff0000                __base_RAM2 = 0x1fff0000
                0x20000000                __top_SRAM_LOWER = 0x20000000
                0x20000000                __top_RAM2 = 0x20000000
                0x14000000                __base_FLEX_RAM = 0x14000000
                0x14000000                __base_RAM3 = 0x14000000
                0x14001000                __top_FLEX_RAM = 0x14001000
                0x14001000                __top_RAM3 = 0x14001000

.text           0x00000000     0x2718
 FILL mask 0xff
                0x00000000                __vectors_start__ = ABSOLUTE (.)
 *(SORT_BY_ALIGNMENT(.isr_vector))
 .isr_vector    0x00000000      0x198 ./SDK/startup/startup_mk64f12.o
                0x00000000                g_pfnVectors
                0x00000000                __Vectors
                0x00000198                . = ALIGN (0x4)
                0x00000198                __section_table_start = .
                0x00000198                __data_section_table = .
                0x00000198        0x4 LONG 0x2718 LOADADDR (.data)
                0x0000019c        0x4 LONG 0x20000000 ADDR (.data)
                0x000001a0        0x4 LONG 0x818 SIZEOF (.data)
                0x000001a4        0x4 LONG 0x2718 LOADADDR (.data_RAM2)
                0x000001a8        0x4 LONG 0x1fff0000 ADDR (.data_RAM2)
                0x000001ac        0x4 LONG 0x0 SIZEOF (.data_RAM2)
                0x000001b0        0x4 LONG 0x2718 LOADADDR (.data_RAM3)
                0x000001b4        0x4 LONG 0x14000000 ADDR (.data_RAM3)
                0x000001b8        0x4 LONG 0x0 SIZEOF (.data_RAM3)
                0x000001bc                __data_section_table_end = .
                0x000001bc                __bss_section_table = .
                0x000001bc        0x4 LONG 0x20000820 ADDR (.bss)
                0x000001c0        0x4 LONG 0xe78 SIZEOF (.bss)
                0x000001c4        0x4 LONG 0x1fff0000 ADDR (.bss_RAM2)
                0x000001c8        0x4 LONG 0x0 SIZEOF (.bss_RAM2)
                0x000001cc        0x4 LONG 0x14000000 ADDR (.bss_RAM3)
                0x000001d0        0x4 LONG 0x0 SIZEOF (.bss_RAM3)
                0x000001d4                __bss_section_table_end = .
                0x000001d4                __section_table_end = .
 *(SORT_BY_ALIGNMENT(.after_vectors*))
 .after_vectors.reset
                0x000001d4       0x4c ./SDK/startup/startup_mk64f12.o
                0x000001d4                ResetISR
 .after_vectors.init_data
                0x00000220       0x1e ./SDK/startup/startup_mk64f12.o
                0x00000220                data_init
 .after_vectors.init_bss
                0x0000023e       0x12 ./SDK/startup/startup_mk64f12.o
                0x0000023e                bss_init
 .after_vectors
                0x00000250       0x14 ./SDK/startup/startup_mk64f12.o
                0x00000250                NMI_Handler
                0x00000254                MemManage_Handler
                0x00000256                BusFault_Handler
                0x00000258                UsageFault_Handler
                0x0000025a                SVC_Handler
                0x0000025c                DebugMon_Handler
                0x0000025e                PendSV_Handler
                0x00000262                DMA_Error_DriverIRQHandler
                0x00000262                LPTMR0_DriverIRQHandler
                0x00000262                FTM1_DriverIRQHandler
                0x00000262                FTM2_DriverIRQHandler
                0x00000262                PIT2_DriverIRQHandler
                0x00000262                SDHC_DriverIRQHandler
                0x00000262                I2S0_Tx_DriverIRQHandler
                0x00000262                RTC_Seconds_DriverIRQHandler
                0x00000262                DMA6_DriverIRQHandler
                0x00000262                LLWU_DriverIRQHandler
                0x00000262                MCM_DriverIRQHandler
                0x00000262                MCG_DriverIRQHandler
                0x00000262                ENET_1588_Timer_DriverIRQHandler
                0x00000262                I2C2_DriverIRQHandler
                0x00000262                DAC1_DriverIRQHandler
                0x00000262                SPI1_DriverIRQHandler
                0x00000262                CMP1_DriverIRQHandler
                0x00000262                UART5_RX_TX_DriverIRQHandler
                0x00000262                FTM0_DriverIRQHandler
                0x00000262                IntDefaultHandler
                0x00000262                USB0_DriverIRQHandler
                0x00000262                UART5_ERR_DriverIRQHandler
                0x00000262                PORTC_DriverIRQHandler
                0x00000262                DMA11_DriverIRQHandler
                0x00000262                DAC0_DriverIRQHandler
                0x00000262                DMA10_DriverIRQHandler
                0x00000262                CMP2_DriverIRQHandler
                0x00000262                UART2_ERR_DriverIRQHandler
                0x00000262                SPI2_DriverIRQHandler
                0x00000262                LVD_LVW_DriverIRQHandler
                0x00000262                PIT0_DriverIRQHandler
                0x00000262                RNG_DriverIRQHandler
                0x00000262                DMA5_DriverIRQHandler
                0x00000262                DMA12_DriverIRQHandler
                0x00000262                UART2_RX_TX_DriverIRQHandler
                0x00000262                USBDCD_DriverIRQHandler
                0x00000262                UART3_ERR_DriverIRQHandler
                0x00000262                DMA3_DriverIRQHandler
                0x00000262                DMA8_DriverIRQHandler
                0x00000262                DMA9_DriverIRQHandler
                0x00000262                UART0_ERR_DriverIRQHandler
                0x00000262                CMT_DriverIRQHandler
                0x00000262                Reserved71_DriverIRQHandler
                0x00000262                ADC1_DriverIRQHandler
                0x00000262                PORTA_DriverIRQHandler
                0x00000262                DMA14_DriverIRQHandler
                0x00000262                PIT3_DriverIRQHandler
                0x00000262                PIT1_DriverIRQHandler
                0x00000262                WDOG_EWM_DriverIRQHandler
                0x00000262                PDB0_DriverIRQHandler
                0x00000262                RTC_DriverIRQHandler
                0x00000262                I2S0_Rx_DriverIRQHandler
                0x00000262                Read_Collision_DriverIRQHandler
                0x00000262                SWI_DriverIRQHandler
                0x00000262                UART4_RX_TX_DriverIRQHandler
                0x00000262                UART4_ERR_DriverIRQHandler
                0x00000262                PORTB_DriverIRQHandler
                0x00000262                UART0_LON_DriverIRQHandler
                0x00000262                DMA0_DriverIRQHandler
                0x00000262                DMA1_DriverIRQHandler
                0x00000262                I2C1_DriverIRQHandler
                0x00000262                UART3_RX_TX_DriverIRQHandler
                0x00000262                ENET_Receive_DriverIRQHandler
                0x00000262                DMA13_DriverIRQHandler
                0x00000262                ENET_Error_DriverIRQHandler
                0x00000262                DMA15_DriverIRQHandler
                0x00000262                UART0_RX_TX_DriverIRQHandler
                0x00000262                SPI0_DriverIRQHandler
                0x00000262                ADC0_DriverIRQHandler
                0x00000262                CMP0_DriverIRQHandler
                0x00000262                CAN0_DriverIRQHandler
                0x00000262                FTM3_DriverIRQHandler
                0x00000262                DMA4_DriverIRQHandler
                0x00000262                UART1_ERR_DriverIRQHandler
                0x00000262                DMA2_DriverIRQHandler
                0x00000262                ENET_Transmit_DriverIRQHandler
                0x00000262                PORTD_DriverIRQHandler
                0x00000262                PORTE_DriverIRQHandler
                0x00000262                FTFE_DriverIRQHandler
                0x00000262                I2C0_DriverIRQHandler
                0x00000262                DMA7_DriverIRQHandler
                0x00000262                UART1_RX_TX_DriverIRQHandler
                0x00000400                . = 0x400
 *fill*         0x00000264      0x19c ff
                0x00000400                PROVIDE (__FLASH_CONFIG_START__ = .)
 *(SORT_BY_ALIGNMENT(.FlashConfig))
 .FlashConfig   0x00000400       0x10 ./SDK/startup/startup_mk64f12.o
                0x00000400                Flash_Config
                0x00000410                PROVIDE (__FLASH_CONFIG_END__ = .)
                0x00000001                ASSERT (! ((__FLASH_CONFIG_START__ == __FLASH_CONFIG_END__)), Linker Flash Config Support Enabled, but no .FlashConfig section provided within application)
 *(SORT_BY_ALIGNMENT(.text*))
 .text.App_Init
                0x00000410      0x134 ./source/DMA2/DMA2.o
                0x00000410                App_Init
 *fill*         0x00000544        0x4 ff
 .text.cos      0x00000548       0x68 c:/nxp/mcuxpressoide_11.6.1_8255/ide/plugins/com.nxp.mcuxpresso.tools.win32_11.6.1.202207200623/tools/bin/../lib/gcc/arm-none-eabi/10.3.1/../../../../arm-none-eabi/lib/thumb/v7e-m+fp/hard\libcr_c.a(cos.o)
                0x00000548                cos
 .text._sincos  0x000005b0      0x20c c:/nxp/mcuxpressoide_11.6.1_8255/ide/plugins/com.nxp.mcuxpresso.tools.win32_11.6.1.202207200623/tools/bin/../lib/gcc/arm-none-eabi/10.3.1/../../../../arm-none-eabi/lib/thumb/v7e-m+fp/hard\libcr_c.a(_sincos.o)
                0x000005b0                _sincos
 .text.SysTick_Handler
                0x000007bc       0x24 ./source/timer/SysTick.o
                0x000007bc                SysTick_Handler
 .text.SPIBgetPckg
                0x000007e0       0x84 ./source/buffer/SPI_buffer.o
                0x000007e0                SPIBgetPckg
 .text.UART_Rx_Tx_IRQ
                0x00000864       0xd0 ./source/UART/uart.o
 .text.SPI0_IRQHandler
                0x00000934      0x14c ./source/SPI/SPI.o
                0x00000934                SPI0_IRQHandler
 .text.__NVIC_EnableIRQ
                0x00000a80       0x3c ./source/PIT/PIT.o
 .text.PITInit  0x00000abc       0x9c ./source/PIT/PIT.o
                0x00000abc                PITInit
 .text.PITStart
                0x00000b58       0x3c ./source/PIT/PIT.o
                0x00000b58                PITStart
 .text.PIT0_IRQHandler
                0x00000b94       0x40 ./source/PIT/PIT.o
                0x00000b94                PIT0_IRQHandler
 .text.PIT1_IRQHandler
                0x00000bd4       0x30 ./source/PIT/PIT.o
                0x00000bd4                PIT1_IRQHandler
 .text.PIT2_IRQHandler
                0x00000c04       0x30 ./source/PIT/PIT.o
                0x00000c04                PIT2_IRQHandler
 .text.PIT3_IRQHandler
                0x00000c34       0x30 ./source/PIT/PIT.o
                0x00000c34                PIT3_IRQHandler
 .text.gpioMode
                0x00000c64      0x174 ./source/MCAL/gpio.o
                0x00000c64                gpioMode
 .text.gpioWrite
                0x00000dd8       0x68 ./source/MCAL/gpio.o
                0x00000dd8                gpioWrite
 .text.PORTA_IRQHandler
                0x00000e40       0x64 ./source/MCAL/gpio.o
                0x00000e40                PORTA_IRQHandler
 .text.PORTB_IRQHandler
                0x00000ea4       0x64 ./source/MCAL/gpio.o
                0x00000ea4                PORTB_IRQHandler
 .text.PORTC_IRQHandler
                0x00000f08       0x64 ./source/MCAL/gpio.o
                0x00000f08                PORTC_IRQHandler
 .text.PORTD_IRQHandler
                0x00000f6c       0x64 ./source/MCAL/gpio.o
                0x00000f6c                PORTD_IRQHandler
 .text.PORTE_IRQHandler
                0x00000fd0       0x64 ./source/MCAL/gpio.o
                0x00000fd0                PORTE_IRQHandler
 .text.I2C0_IRQHandler
                0x00001034      0x2cc ./source/I2Cm/I2Cm.o
                0x00001034                I2C0_IRQHandler
 .text.FTM0_IRQHandler
                0x00001300       0x9c ./source/FTM/FTM.o
                0x00001300                FTM0_IRQHandler
 .text.FTM1_IRQHandler
                0x0000139c       0xa4 ./source/FTM/FTM.o
                0x0000139c                FTM1_IRQHandler
 .text.__NVIC_EnableIRQ
                0x00001440       0x3c ./source/DMA2/DMA2.o
 .text.__NVIC_ClearPendingIRQ
                0x0000147c       0x3c ./source/DMA2/DMA2.o
 .text.App_Run  0x000014b8       0x3c ./source/DMA2/DMA2.o
                0x000014b8                App_Run
 .text.DMA_initPingPong_Dac
                0x000014f4       0x9c ./source/DMA2/DMA2.o
                0x000014f4                DMA_initPingPong_Dac
 .text.DMA_pingPong_DAC
                0x00001590      0x158 ./source/DMA2/DMA2.o
                0x00001590                DMA_pingPong_DAC
 .text.DMA0_IRQHandler
                0x000016e8       0x24 ./source/DMA2/DMA2.o
                0x000016e8                DMA0_IRQHandler
 .text.DMA_Error_IRQHandler
                0x0000170c       0x34 ./source/DMA2/DMA2.o
                0x0000170c                DMA_Error_IRQHandler
 .text.DAC_Init
                0x00001740       0x80 ./source/DAC/DAC.o
                0x00001740                DAC_Init
 .text.hw_Init  0x000017c0      0x108 ./SDK/startup/hardware.o
                0x000017c0                hw_Init
 .text.hw_EnableInterrupts
                0x000018c8       0x30 ./SDK/startup/hardware.o
                0x000018c8                hw_EnableInterrupts
 .text.hw_DisableInterrupts
                0x000018f8       0x20 ./SDK/startup/hardware.o
                0x000018f8                hw_DisableInterrupts
 .text.SystemInit
                0x00001918       0x3c ./SDK/CMSIS/system_MK64F12.o
                0x00001918                SystemInit
 .text.__aeabi_dmul
                0x00001954       0xfc c:/nxp/mcuxpressoide_11.6.1_8255/ide/plugins/com.nxp.mcuxpresso.tools.win32_11.6.1.202207200623/tools/bin/../lib/gcc/arm-none-eabi/10.3.1/thumb/v7e-m+fp/hard\libcr_eabihelpers.a(double.o)
                0x00001954                __aeabi_dmul
 .text.__aeabi_ddiv
                0x00001a50      0x138 c:/nxp/mcuxpressoide_11.6.1_8255/ide/plugins/com.nxp.mcuxpresso.tools.win32_11.6.1.202207200623/tools/bin/../lib/gcc/arm-none-eabi/10.3.1/thumb/v7e-m+fp/hard\libcr_eabihelpers.a(double.o)
                0x00001a50                __aeabi_ddiv
 .text.__aeabi_dsub
                0x00001b88      0x1ac c:/nxp/mcuxpressoide_11.6.1_8255/ide/plugins/com.nxp.mcuxpresso.tools.win32_11.6.1.202207200623/tools/bin/../lib/gcc/arm-none-eabi/10.3.1/thumb/v7e-m+fp/hard\libcr_eabihelpers.a(double.o)
                0x00001b88                __aeabi_dsub
 .text.__aeabi_dadd
                0x00001d34      0x114 c:/nxp/mcuxpressoide_11.6.1_8255/ide/plugins/com.nxp.mcuxpresso.tools.win32_11.6.1.202207200623/tools/bin/../lib/gcc/arm-none-eabi/10.3.1/thumb/v7e-m+fp/hard\libcr_eabihelpers.a(double.o)
                0x00001d34                __aeabi_dadd
 .text.getCircularPointer
                0x00001e48       0x1e ./source/buffer/SPI_buffer.o
 .text.SPIBisEmpty
                0x00001e66       0x2a ./source/buffer/SPI_buffer.o
                0x00001e66                SPIBisEmpty
 .text.getCircularPointer
                0x00001e90       0x2c ./source/buffer/circular_buffer.o
 .text.CBisEmpty
                0x00001ebc       0x2a ./source/buffer/circular_buffer.o
                0x00001ebc                CBisEmpty
 .text.CBputByte
                0x00001ee6       0x8e ./source/buffer/circular_buffer.o
                0x00001ee6                CBputByte
 .text.CBgetByte
                0x00001f74       0x62 ./source/buffer/circular_buffer.o
                0x00001f74                CBgetByte
 .text.UART0_RX_TX_IRQHandler
                0x00001fd6       0x2e ./source/UART/uart.o
                0x00001fd6                UART0_RX_TX_IRQHandler
 .text.UART1_RX_TX_IRQHandler
                0x00002004       0x2e ./source/UART/uart.o
                0x00002004                UART1_RX_TX_IRQHandler
 .text.UART2_RX_TX_IRQHandler
                0x00002032       0x2e ./source/UART/uart.o
                0x00002032                UART2_RX_TX_IRQHandler
 .text.UART3_RX_TX_IRQHandler
                0x00002060       0x2e ./source/UART/uart.o
                0x00002060                UART3_RX_TX_IRQHandler
 .text.UART4_RX_TX_IRQHandler
                0x0000208e       0x2e ./source/UART/uart.o
                0x0000208e                UART4_RX_TX_IRQHandler
 .text.DACh_Init
                0x000020bc        0xe ./source/DAC/DAC_hal.o
                0x000020bc                DACh_Init
 .text.main     0x000020ca       0x1a ./SDK/startup/main.o
                0x000020ca                main
 .text.HardFault_Handler
                0x000020e4       0x2c ./SDK/startup/semihost_hardfault.o
                0x000020e4                HardFault_Handler
 .text.DMA1_IRQHandler
                0x00002110        0x8 ./SDK/startup/startup_mk64f12.o
                0x00002110                DMA1_IRQHandler
 .text.DMA2_IRQHandler
                0x00002118        0x8 ./SDK/startup/startup_mk64f12.o
                0x00002118                DMA2_IRQHandler
 .text.DMA3_IRQHandler
                0x00002120        0x8 ./SDK/startup/startup_mk64f12.o
                0x00002120                DMA3_IRQHandler
 .text.DMA4_IRQHandler
                0x00002128        0x8 ./SDK/startup/startup_mk64f12.o
                0x00002128                DMA4_IRQHandler
 .text.DMA5_IRQHandler
                0x00002130        0x8 ./SDK/startup/startup_mk64f12.o
                0x00002130                DMA5_IRQHandler
 .text.DMA6_IRQHandler
                0x00002138        0x8 ./SDK/startup/startup_mk64f12.o
                0x00002138                DMA6_IRQHandler
 .text.DMA7_IRQHandler
                0x00002140        0x8 ./SDK/startup/startup_mk64f12.o
                0x00002140                DMA7_IRQHandler
 .text.DMA8_IRQHandler
                0x00002148        0x8 ./SDK/startup/startup_mk64f12.o
                0x00002148                DMA8_IRQHandler
 .text.DMA9_IRQHandler
                0x00002150        0x8 ./SDK/startup/startup_mk64f12.o
                0x00002150                DMA9_IRQHandler
 .text.DMA10_IRQHandler
                0x00002158        0x8 ./SDK/startup/startup_mk64f12.o
                0x00002158                DMA10_IRQHandler
 .text.DMA11_IRQHandler
                0x00002160        0x8 ./SDK/startup/startup_mk64f12.o
                0x00002160                DMA11_IRQHandler
 .text.DMA12_IRQHandler
                0x00002168        0x8 ./SDK/startup/startup_mk64f12.o
                0x00002168                DMA12_IRQHandler
 .text.DMA13_IRQHandler
                0x00002170        0x8 ./SDK/startup/startup_mk64f12.o
                0x00002170                DMA13_IRQHandler
 .text.DMA14_IRQHandler
                0x00002178        0x8 ./SDK/startup/startup_mk64f12.o
                0x00002178                DMA14_IRQHandler
 .text.DMA15_IRQHandler
                0x00002180        0x8 ./SDK/startup/startup_mk64f12.o
                0x00002180                DMA15_IRQHandler
 .text.MCM_IRQHandler
                0x00002188        0x8 ./SDK/startup/startup_mk64f12.o
                0x00002188                MCM_IRQHandler
 .text.FTFE_IRQHandler
                0x00002190        0x8 ./SDK/startup/startup_mk64f12.o
                0x00002190                FTFE_IRQHandler
 .text.Read_Collision_IRQHandler
                0x00002198        0x8 ./SDK/startup/startup_mk64f12.o
                0x00002198                Read_Collision_IRQHandler
 .text.LVD_LVW_IRQHandler
                0x000021a0        0x8 ./SDK/startup/startup_mk64f12.o
                0x000021a0                LVD_LVW_IRQHandler
 .text.LLWU_IRQHandler
                0x000021a8        0x8 ./SDK/startup/startup_mk64f12.o
                0x000021a8                LLWU_IRQHandler
 .text.WDOG_EWM_IRQHandler
                0x000021b0        0x8 ./SDK/startup/startup_mk64f12.o
                0x000021b0                WDOG_EWM_IRQHandler
 .text.RNG_IRQHandler
                0x000021b8        0x8 ./SDK/startup/startup_mk64f12.o
                0x000021b8                RNG_IRQHandler
 .text.I2C1_IRQHandler
                0x000021c0        0x8 ./SDK/startup/startup_mk64f12.o
                0x000021c0                I2C1_IRQHandler
 .text.SPI1_IRQHandler
                0x000021c8        0x8 ./SDK/startup/startup_mk64f12.o
                0x000021c8                SPI1_IRQHandler
 .text.I2S0_Tx_IRQHandler
                0x000021d0        0x8 ./SDK/startup/startup_mk64f12.o
                0x000021d0                I2S0_Tx_IRQHandler
 .text.I2S0_Rx_IRQHandler
                0x000021d8        0x8 ./SDK/startup/startup_mk64f12.o
                0x000021d8                I2S0_Rx_IRQHandler
 .text.UART0_LON_IRQHandler
                0x000021e0        0x8 ./SDK/startup/startup_mk64f12.o
                0x000021e0                UART0_LON_IRQHandler
 .text.UART0_ERR_IRQHandler
                0x000021e8        0x8 ./SDK/startup/startup_mk64f12.o
                0x000021e8                UART0_ERR_IRQHandler
 .text.UART1_ERR_IRQHandler
                0x000021f0        0x8 ./SDK/startup/startup_mk64f12.o
                0x000021f0                UART1_ERR_IRQHandler
 .text.UART2_ERR_IRQHandler
                0x000021f8        0x8 ./SDK/startup/startup_mk64f12.o
                0x000021f8                UART2_ERR_IRQHandler
 .text.UART3_ERR_IRQHandler
                0x00002200        0x8 ./SDK/startup/startup_mk64f12.o
                0x00002200                UART3_ERR_IRQHandler
 .text.ADC0_IRQHandler
                0x00002208        0x8 ./SDK/startup/startup_mk64f12.o
                0x00002208                ADC0_IRQHandler
 .text.CMP0_IRQHandler
                0x00002210        0x8 ./SDK/startup/startup_mk64f12.o
                0x00002210                CMP0_IRQHandler
 .text.CMP1_IRQHandler
                0x00002218        0x8 ./SDK/startup/startup_mk64f12.o
                0x00002218                CMP1_IRQHandler
 .text.FTM2_IRQHandler
                0x00002220        0x8 ./SDK/startup/startup_mk64f12.o
                0x00002220                FTM2_IRQHandler
 .text.CMT_IRQHandler
                0x00002228        0x8 ./SDK/startup/startup_mk64f12.o
                0x00002228                CMT_IRQHandler
 .text.RTC_IRQHandler
                0x00002230        0x8 ./SDK/startup/startup_mk64f12.o
                0x00002230                RTC_IRQHandler
 .text.RTC_Seconds_IRQHandler
                0x00002238        0x8 ./SDK/startup/startup_mk64f12.o
                0x00002238                RTC_Seconds_IRQHandler
 .text.PDB0_IRQHandler
                0x00002240        0x8 ./SDK/startup/startup_mk64f12.o
                0x00002240                PDB0_IRQHandler
 .text.USB0_IRQHandler
                0x00002248        0x8 ./SDK/startup/startup_mk64f12.o
                0x00002248                USB0_IRQHandler
 .text.USBDCD_IRQHandler
                0x00002250        0x8 ./SDK/startup/startup_mk64f12.o
                0x00002250                USBDCD_IRQHandler
 .text.Reserved71_IRQHandler
                0x00002258        0x8 ./SDK/startup/startup_mk64f12.o
                0x00002258                Reserved71_IRQHandler
 .text.DAC0_IRQHandler
                0x00002260        0x8 ./SDK/startup/startup_mk64f12.o
                0x00002260                DAC0_IRQHandler
 .text.MCG_IRQHandler
                0x00002268        0x8 ./SDK/startup/startup_mk64f12.o
                0x00002268                MCG_IRQHandler
 .text.LPTMR0_IRQHandler
                0x00002270        0x8 ./SDK/startup/startup_mk64f12.o
                0x00002270                LPTMR0_IRQHandler
 .text.SWI_IRQHandler
                0x00002278        0x8 ./SDK/startup/startup_mk64f12.o
                0x00002278                SWI_IRQHandler
 .text.SPI2_IRQHandler
                0x00002280        0x8 ./SDK/startup/startup_mk64f12.o
                0x00002280                SPI2_IRQHandler
 .text.UART4_ERR_IRQHandler
                0x00002288        0x8 ./SDK/startup/startup_mk64f12.o
                0x00002288                UART4_ERR_IRQHandler
 .text.UART5_RX_TX_IRQHandler
                0x00002290        0x8 ./SDK/startup/startup_mk64f12.o
                0x00002290                UART5_RX_TX_IRQHandler
 .text.UART5_ERR_IRQHandler
                0x00002298        0x8 ./SDK/startup/startup_mk64f12.o
                0x00002298                UART5_ERR_IRQHandler
 .text.CMP2_IRQHandler
                0x000022a0        0x8 ./SDK/startup/startup_mk64f12.o
                0x000022a0                CMP2_IRQHandler
 .text.FTM3_IRQHandler
                0x000022a8        0x8 ./SDK/startup/startup_mk64f12.o
                0x000022a8                FTM3_IRQHandler
 .text.DAC1_IRQHandler
                0x000022b0        0x8 ./SDK/startup/startup_mk64f12.o
                0x000022b0                DAC1_IRQHandler
 .text.ADC1_IRQHandler
                0x000022b8        0x8 ./SDK/startup/startup_mk64f12.o
                0x000022b8                ADC1_IRQHandler
 .text.I2C2_IRQHandler
                0x000022c0        0x8 ./SDK/startup/startup_mk64f12.o
                0x000022c0                I2C2_IRQHandler
 .text.CAN0_ORed_Message_buffer_IRQHandler
                0x000022c8        0x8 ./SDK/startup/startup_mk64f12.o
                0x000022c8                CAN0_ORed_Message_buffer_IRQHandler
 .text.CAN0_Bus_Off_IRQHandler
                0x000022d0        0x8 ./SDK/startup/startup_mk64f12.o
                0x000022d0                CAN0_Bus_Off_IRQHandler
 .text.CAN0_Error_IRQHandler
                0x000022d8        0x8 ./SDK/startup/startup_mk64f12.o
                0x000022d8                CAN0_Error_IRQHandler
 .text.CAN0_Tx_Warning_IRQHandler
                0x000022e0        0x8 ./SDK/startup/startup_mk64f12.o
                0x000022e0                CAN0_Tx_Warning_IRQHandler
 .text.CAN0_Rx_Warning_IRQHandler
                0x000022e8        0x8 ./SDK/startup/startup_mk64f12.o
                0x000022e8                CAN0_Rx_Warning_IRQHandler
 .text.CAN0_Wake_Up_IRQHandler
                0x000022f0        0x8 ./SDK/startup/startup_mk64f12.o
                0x000022f0                CAN0_Wake_Up_IRQHandler
 .text.SDHC_IRQHandler
                0x000022f8        0x8 ./SDK/startup/startup_mk64f12.o
                0x000022f8                SDHC_IRQHandler
 .text.ENET_1588_Timer_IRQHandler
                0x00002300        0x8 ./SDK/startup/startup_mk64f12.o
                0x00002300                ENET_1588_Timer_IRQHandler
 .text.ENET_Transmit_IRQHandler
                0x00002308        0x8 ./SDK/startup/startup_mk64f12.o
                0x00002308                ENET_Transmit_IRQHandler
 .text.ENET_Receive_IRQHandler
                0x00002310        0x8 ./SDK/startup/startup_mk64f12.o
                0x00002310                ENET_Receive_IRQHandler
 .text.ENET_Error_IRQHandler
                0x00002318        0x8 ./SDK/startup/startup_mk64f12.o
                0x00002318                ENET_Error_IRQHandler
 .text.SystemInitHook
                0x00002320        0xe ./SDK/CMSIS/system_MK64F12.o
                0x00002320                SystemInitHook
 .text.memcpy   0x0000232e        0x4 c:/nxp/mcuxpressoide_11.6.1_8255/ide/plugins/com.nxp.mcuxpresso.tools.win32_11.6.1.202207200623/tools/bin/../lib/gcc/arm-none-eabi/10.3.1/../../../../arm-none-eabi/lib/thumb/v7e-m+fp/hard\libcr_c.a(memcpy.o)
                0x0000232e                memcpy
 .text.sin      0x00002332       0x40 c:/nxp/mcuxpressoide_11.6.1_8255/ide/plugins/com.nxp.mcuxpresso.tools.win32_11.6.1.202207200623/tools/bin/../lib/gcc/arm-none-eabi/10.3.1/../../../../arm-none-eabi/lib/thumb/v7e-m+fp/hard\libcr_c.a(sin.o)
                0x00002332                sin
 .text.fabs     0x00002372       0x22 c:/nxp/mcuxpressoide_11.6.1_8255/ide/plugins/com.nxp.mcuxpresso.tools.win32_11.6.1.202207200623/tools/bin/../lib/gcc/arm-none-eabi/10.3.1/../../../../arm-none-eabi/lib/thumb/v7e-m+fp/hard\libcr_c.a(fabs.o)
                0x00002372                fabs
 .text.__aeabi_division_uldivmod
                0x00002394      0x174 c:/nxp/mcuxpressoide_11.6.1_8255/ide/plugins/com.nxp.mcuxpresso.tools.win32_11.6.1.202207200623/tools/bin/../lib/gcc/arm-none-eabi/10.3.1/thumb/v7e-m+fp/hard\libcr_eabihelpers.a(division_64.o)
                0x00002394                __aeabi_uldivmod
                0x00002398                __bhs_ldivmod1
 .text.__aeabi_division_idiv0
                0x00002508        0x2 c:/nxp/mcuxpressoide_11.6.1_8255/ide/plugins/com.nxp.mcuxpresso.tools.win32_11.6.1.202207200623/tools/bin/../lib/gcc/arm-none-eabi/10.3.1/thumb/v7e-m+fp/hard\libcr_eabihelpers.a(division_idiv0.o)
                0x00002508                __aeabi_idiv0
 .text.__aeabi_d2iz
                0x0000250a       0x40 c:/nxp/mcuxpressoide_11.6.1_8255/ide/plugins/com.nxp.mcuxpresso.tools.win32_11.6.1.202207200623/tools/bin/../lib/gcc/arm-none-eabi/10.3.1/thumb/v7e-m+fp/hard\libcr_eabihelpers.a(double.o)
                0x0000250a                __aeabi_d2iz
 .text.__aeabi_d2uiz
                0x0000254a       0x30 c:/nxp/mcuxpressoide_11.6.1_8255/ide/plugins/com.nxp.mcuxpresso.tools.win32_11.6.1.202207200623/tools/bin/../lib/gcc/arm-none-eabi/10.3.1/thumb/v7e-m+fp/hard\libcr_eabihelpers.a(double.o)
                0x0000254a                __aeabi_d2uiz
 .text.__bhs_ui2d
                0x0000257a       0x46 c:/nxp/mcuxpressoide_11.6.1_8255/ide/plugins/com.nxp.mcuxpresso.tools.win32_11.6.1.202207200623/tools/bin/../lib/gcc/arm-none-eabi/10.3.1/thumb/v7e-m+fp/hard\libcr_eabihelpers.a(double.o)
                0x0000257a                __bhs_ui2d
 .text.__aeabi_i2d
                0x000025c0       0x12 c:/nxp/mcuxpressoide_11.6.1_8255/ide/plugins/com.nxp.mcuxpresso.tools.win32_11.6.1.202207200623/tools/bin/../lib/gcc/arm-none-eabi/10.3.1/thumb/v7e-m+fp/hard\libcr_eabihelpers.a(double.o)
                0x000025c0                __aeabi_i2d
 .text.__aeabi_ui2d
                0x000025d2        0x8 c:/nxp/mcuxpressoide_11.6.1_8255/ide/plugins/com.nxp.mcuxpresso.tools.win32_11.6.1.202207200623/tools/bin/../lib/gcc/arm-none-eabi/10.3.1/thumb/v7e-m+fp/hard\libcr_eabihelpers.a(double.o)
                0x000025d2                __aeabi_ui2d
 .text.__aeabi_dcmplt
                0x000025da       0x56 c:/nxp/mcuxpressoide_11.6.1_8255/ide/plugins/com.nxp.mcuxpresso.tools.win32_11.6.1.202207200623/tools/bin/../lib/gcc/arm-none-eabi/10.3.1/thumb/v7e-m+fp/hard\libcr_eabihelpers.a(double.o)
                0x000025da                __aeabi_dcmplt
 .text.__aeabi_dcmpge
                0x00002630       0x56 c:/nxp/mcuxpressoide_11.6.1_8255/ide/plugins/com.nxp.mcuxpresso.tools.win32_11.6.1.202207200623/tools/bin/../lib/gcc/arm-none-eabi/10.3.1/thumb/v7e-m+fp/hard\libcr_eabihelpers.a(double.o)
                0x00002630                __aeabi_dcmpge
 .text.__aeabi_memcpy
                0x00002686       0x34 c:/nxp/mcuxpressoide_11.6.1_8255/ide/plugins/com.nxp.mcuxpresso.tools.win32_11.6.1.202207200623/tools/bin/../lib/gcc/arm-none-eabi/10.3.1/thumb/v7e-m+fp/hard\libcr_eabihelpers.a(memcpy.o)
                0x00002686                __aeabi_memcpy
                0x00002690                __aeabi_memcpy8
                0x00002690                __aeabi_memcpy4
 *(SORT_BY_ALIGNMENT(.rodata) SORT_BY_ALIGNMENT(.rodata.*) SORT_BY_ALIGNMENT(.constdata) SORT_BY_ALIGNMENT(.constdata.*))
 *fill*         0x000026ba        0x2 ff
 .rodata.UARTPorts
                0x000026bc       0x18 ./source/UART/uart.o
 .rodata.PITIRQs
                0x000026d4        0x4 ./source/PIT/PIT.o
 .rodata.gpioPtr
                0x000026d8       0x14 ./source/MCAL/gpio.o
 .rodata.portPtr
                0x000026ec       0x14 ./source/MCAL/gpio.o
 .rodata.SIMPortMasks
                0x00002700       0x14 ./source/MCAL/gpio.o
                0x00002718                . = ALIGN (0x8)
 *fill*         0x00002714        0x4 ff
                0x00002718                _etext = .

.glue_7         0x00002718        0x0
 .glue_7        0x00002718        0x0 linker stubs

.glue_7t        0x00002718        0x0
 .glue_7t       0x00002718        0x0 linker stubs

.vfp11_veneer   0x00002718        0x0
 .vfp11_veneer  0x00002718        0x0 linker stubs

.v4_bx          0x00002718        0x0
 .v4_bx         0x00002718        0x0 linker stubs

.iplt           0x00002718        0x0
 .iplt          0x00002718        0x0 ./source/timer/SysTick.o

.rel.dyn        0x00002718        0x0
 .rel.iplt      0x00002718        0x0 ./source/timer/SysTick.o

.m_usb_data
 *(SORT_BY_ALIGNMENT(m_usb_bdt))

.data_RAM2      0x1fff0000        0x0 load address 0x00002718
 FILL mask 0xff
                [!provide]                PROVIDE (__start_data_RAM2 = .)
                [!provide]                PROVIDE (__start_data_SRAM_LOWER = .)
 *(SORT_BY_ALIGNMENT(.ramfunc.$RAM2))
 *(SORT_BY_ALIGNMENT(.ramfunc.$SRAM_LOWER))
 *(SORT_BY_ALIGNMENT(.data.$RAM2))
 *(SORT_BY_ALIGNMENT(.data.$SRAM_LOWER))
 *(SORT_BY_ALIGNMENT(.data.$RAM2.*))
 *(SORT_BY_ALIGNMENT(.data.$SRAM_LOWER.*))
                0x1fff0000                . = ALIGN (0x8)
                [!provide]                PROVIDE (__end_data_RAM2 = .)
                [!provide]                PROVIDE (__end_data_SRAM_LOWER = .)

.data_RAM3      0x14000000        0x0 load address 0x00002718
 FILL mask 0xff
                [!provide]                PROVIDE (__start_data_RAM3 = .)
                [!provide]                PROVIDE (__start_data_FLEX_RAM = .)
 *(SORT_BY_ALIGNMENT(.ramfunc.$RAM3))
 *(SORT_BY_ALIGNMENT(.ramfunc.$FLEX_RAM))
 *(SORT_BY_ALIGNMENT(.data.$RAM3))
 *(SORT_BY_ALIGNMENT(.data.$FLEX_RAM))
 *(SORT_BY_ALIGNMENT(.data.$RAM3.*))
 *(SORT_BY_ALIGNMENT(.data.$FLEX_RAM.*))
                0x14000000                . = ALIGN (0x8)
                [!provide]                PROVIDE (__end_data_RAM3 = .)
                [!provide]                PROVIDE (__end_data_FLEX_RAM = .)

.uninit_RESERVED
                0x20000000        0x0
                0x20000000                _start_uninit_RESERVED = .
 *(SORT_BY_ALIGNMENT(.bss.$RESERVED*))
                0x20000000                . = ALIGN (0x8)
                0x20000000                _end_uninit_RESERVED = .

.data           0x20000000      0x818 load address 0x00002718
 FILL mask 0xff
                0x20000000                _data = .
                [!provide]                PROVIDE (__start_data_RAM = .)
                [!provide]                PROVIDE (__start_data_SRAM_UPPER = .)
 *(SORT_BY_ALIGNMENT(vtable))
 *(SORT_BY_ALIGNMENT(.ramfunc*))
 *(SORT_BY_ALIGNMENT(CodeQuickAccess))
 *(SORT_BY_ALIGNMENT(DataQuickAccess))
 *(SORT_BY_ALIGNMENT(RamFunction))
 *(SORT_BY_ALIGNMENT(.data*))
 .data.SPIPtrs  0x20000000        0xc ./source/SPI/SPI.o
 .data.i2cStates
                0x2000000c        0x2 ./source/I2Cm/I2Cm.o
                0x2000000c                i2cStates
 *fill*         0x2000000e        0x2 ff
 .data.memDirTable1
                0x20000010      0x400 ./source/DMA2/DMA2.o
                0x20000010                memDirTable1
 .data.memDirTable2
                0x20000410      0x400 ./source/DMA2/DMA2.o
                0x20000410                memDirTable2
 .data.sim_ptr  0x20000810        0x4 ./source/DAC/DAC.o
                0x20000818                . = ALIGN (0x8)
 *fill*         0x20000814        0x4 ff
                0x20000818                _edata = .
                [!provide]                PROVIDE (__end_data_RAM = .)
                [!provide]                PROVIDE (__end_data_SRAM_UPPER = .)

.igot.plt       0x20000818        0x0 load address 0x00002f30
 .igot.plt      0x20000818        0x0 ./source/timer/SysTick.o

.bss_RAM2       0x1fff0000        0x0
                [!provide]                PROVIDE (__start_bss_RAM2 = .)
                [!provide]                PROVIDE (__start_bss_SRAM_LOWER = .)
 *(SORT_BY_ALIGNMENT(.bss.$RAM2))
 *(SORT_BY_ALIGNMENT(.bss.$SRAM_LOWER))
 *(SORT_BY_ALIGNMENT(.bss.$RAM2.*))
 *(SORT_BY_ALIGNMENT(.bss.$SRAM_LOWER.*))
                0x1fff0000                . = ALIGN ((. != 0x0)?0x8:0x1)
                [!provide]                PROVIDE (__end_bss_RAM2 = .)
                [!provide]                PROVIDE (__end_bss_SRAM_LOWER = .)

.bss_RAM3       0x14000000        0x0
                [!provide]                PROVIDE (__start_bss_RAM3 = .)
                [!provide]                PROVIDE (__start_bss_FLEX_RAM = .)
 *(SORT_BY_ALIGNMENT(.bss.$RAM3))
 *(SORT_BY_ALIGNMENT(.bss.$FLEX_RAM))
 *(SORT_BY_ALIGNMENT(.bss.$RAM3.*))
 *(SORT_BY_ALIGNMENT(.bss.$FLEX_RAM.*))
                0x14000000                . = ALIGN ((. != 0x0)?0x8:0x1)
                [!provide]                PROVIDE (__end_bss_RAM3 = .)
                [!provide]                PROVIDE (__end_bss_FLEX_RAM = .)

.bss            0x20000820      0xe78
                0x20000820                _bss = .
                [!provide]                PROVIDE (__start_bss_RAM = .)
                [!provide]                PROVIDE (__start_bss_SRAM_UPPER = .)
 *(SORT_BY_ALIGNMENT(.bss*))
 .bss.tcdA      0x20000820       0x20 ./source/DMA2/DMA2.o
 .bss.tcdB      0x20000840       0x20 ./source/DMA2/DMA2.o
 .bss.ICLastTicks
                0x20000860      0x100 ./source/FTM/FTM.o
 .bss.SysTickCallback
                0x20000960        0x4 ./source/timer/SysTick.o
 .bss.pckgNULL  0x20000964       0x10 ./source/buffer/SPI_buffer.o
                0x20000964                pckgNULL
 .bss.TxBuffer  0x20000974      0x267 ./source/UART/uart.o
 *fill*         0x20000bdb        0x1 
 .bss.RxBuffer  0x20000bdc      0x267 ./source/UART/uart.o
 *fill*         0x20000e43        0x1 
 .bss.TxBuffer  0x20000e44      0x408 ./source/SPI/SPI.o
 .bss.cont.1    0x2000124c        0x4 ./source/SPI/SPI.o
 .bss.pckgAux.0
                0x20001250       0x10 ./source/SPI/SPI.o
 .bss.PITCbs    0x20001260       0x10 ./source/PIT/PIT.o
 .bss.portIrqFunc
                0x20001270      0x280 ./source/MCAL/gpio.o
                0x20001270                portIrqFunc
 .bss.writeState
                0x200014f0       0x24 ./source/I2Cm/I2Cm.o
 .bss.readState
                0x20001514       0x18 ./source/I2Cm/I2Cm.o
 .bss.PWMPtrs   0x2000152c       0x80 ./source/FTM/FTM.o
 .bss.ICCbPtrs  0x200015ac       0x80 ./source/FTM/FTM.o
 .bss.ICChannelValue
                0x2000162c       0x40 ./source/FTM/FTM.o
 .bss.ICnewEdge
                0x2000166c       0x20 ./source/FTM/FTM.o
 .bss.__LDM_interruptDisableCount
                0x2000168c        0x4 ./SDK/startup/hardware.o
 .bss.errno     0x20001690        0x4 c:/nxp/mcuxpressoide_11.6.1_8255/ide/plugins/com.nxp.mcuxpresso.tools.win32_11.6.1.202207200623/tools/bin/../lib/gcc/arm-none-eabi/10.3.1/../../../../arm-none-eabi/lib/thumb/v7e-m+fp/hard\libcr_c.a(errno.o)
                0x20001690                errno
 .bss.inInterrupt
                0x20001694        0x1 ./source/SPI/SPI.o
 .bss.isBusBusy
                0x20001695        0x1 ./source/I2Cm/I2Cm.o
 *(SORT_BY_ALIGNMENT(COMMON))
                0x20001698                . = ALIGN (0x8)
 *fill*         0x20001696        0x2 
                0x20001698                _ebss = .
                [!provide]                PROVIDE (__end_bss_RAM = .)
                [!provide]                PROVIDE (__end_bss_SRAM_UPPER = .)
                [!provide]                PROVIDE (end = .)

.noinit_RAM2    0x1fff0000        0x0
                [!provide]                PROVIDE (__start_noinit_RAM2 = .)
                [!provide]                PROVIDE (__start_noinit_SRAM_LOWER = .)
 *(SORT_BY_ALIGNMENT(.noinit.$RAM2))
 *(SORT_BY_ALIGNMENT(.noinit.$SRAM_LOWER))
 *(SORT_BY_ALIGNMENT(.noinit.$RAM2.*))
 *(SORT_BY_ALIGNMENT(.noinit.$SRAM_LOWER.*))
                0x1fff0000                . = ALIGN (0x8)
                [!provide]                PROVIDE (__end_noinit_RAM2 = .)
                [!provide]                PROVIDE (__end_noinit_SRAM_LOWER = .)

.noinit_RAM3    0x14000000        0x0
                [!provide]                PROVIDE (__start_noinit_RAM3 = .)
                [!provide]                PROVIDE (__start_noinit_FLEX_RAM = .)
 *(SORT_BY_ALIGNMENT(.noinit.$RAM3))
 *(SORT_BY_ALIGNMENT(.noinit.$FLEX_RAM))
 *(SORT_BY_ALIGNMENT(.noinit.$RAM3.*))
 *(SORT_BY_ALIGNMENT(.noinit.$FLEX_RAM.*))
                0x14000000                . = ALIGN (0x8)
                [!provide]                PROVIDE (__end_noinit_RAM3 = .)
                [!provide]                PROVIDE (__end_noinit_FLEX_RAM = .)

.noinit         0x20001698        0x0
                0x20001698                _noinit = .
                [!provide]                PROVIDE (__start_noinit_RAM = .)
                [!provide]                PROVIDE (__start_noinit_SRAM_UPPER = .)
 *(SORT_BY_ALIGNMENT(.noinit*))
                0x20001698                . = ALIGN (0x8)
                0x20001698                _end_noinit = .
                [!provide]                PROVIDE (__end_noinit_RAM = .)
                [!provide]                PROVIDE (__end_noinit_SRAM_UPPER = .)

.ARM.extab
 *(SORT_BY_ALIGNMENT(.ARM.extab*) SORT_BY_ALIGNMENT(.gnu.linkonce.armextab.*))

.ARM.exidx      0x00002f30        0x0
                0x00002f30                __exidx_start = .
 *(SORT_BY_ALIGNMENT(.ARM.exidx*) SORT_BY_ALIGNMENT(.gnu.linkonce.armexidx.*))
                0x00002f30                __exidx_end = .
                0x00001000                _HeapSize = 0x1000

.heap           0x20001698     0x1000
                0x20001698                _pvHeapStart = .
                0x20002698                . = (. + _HeapSize)
 *fill*         0x20001698     0x1000 
                0x20002698                . = ALIGN (0x8)
                0x20002698                _pvHeapLimit = .
                0x00001000                _StackSize = 0x1000

.heap2stackfill
                0x20002698     0x1000
                0x20003698                . = (. + _StackSize)
 *fill*         0x20002698     0x1000 

.stack          0x2002f000        0x0
                0x2002f000                _vStackBase = .
                0x2002f000                . = ALIGN (0x8)
                0x20030000                _vStackTop = (. + _StackSize)
                0x00000000                _image_start = LOADADDR (.text)
                0x00002f30                _image_end = (LOADADDR (.data) + SIZEOF (.data))
                0x00002f30                _image_size = (_image_end - _image_start)
OUTPUT(TPF.axf elf32-littlearm)
LOAD linker stubs

.debug_info     0x00000000     0x84fe
 .debug_info    0x00000000      0x506 ./source/timer/SysTick.o
 .debug_info    0x00000506      0x31d ./source/buffer/SPI_buffer.o
 .debug_info    0x00000823      0x2e6 ./source/buffer/circular_buffer.o
 .debug_info    0x00000b09      0xde4 ./source/UART/uart.o
 .debug_info    0x000018ed      0xd5c ./source/SPI/SPI.o
 .debug_info    0x00002649      0x87a ./source/PIT/PIT.o
 .debug_info    0x00002ec3      0xc0f ./source/MCAL/gpio.o
 .debug_info    0x00003ad2      0xd3a ./source/I2Cm/I2Cm.o
 .debug_info    0x0000480c      0xfab ./source/FTM/FTM.o
 .debug_info    0x000057b7     0x11a0 ./source/DMA2/DMA2.o
 .debug_info    0x00006957      0x3d5 ./source/DAC/DAC.o
 .debug_info    0x00006d2c       0xe9 ./source/DAC/DAC_hal.o
 .debug_info    0x00006e15      0x6b2 ./SDK/startup/hardware.o
 .debug_info    0x000074c7       0x86 ./SDK/startup/main.o
 .debug_info    0x0000754d       0x3c ./SDK/startup/semihost_hardfault.o
 .debug_info    0x00007589      0x93a ./SDK/startup/startup_mk64f12.o
 .debug_info    0x00007ec3      0x63b ./SDK/CMSIS/system_MK64F12.o

.debug_abbrev   0x00000000     0x1c58
 .debug_abbrev  0x00000000      0x190 ./source/timer/SysTick.o
 .debug_abbrev  0x00000190      0x1b4 ./source/buffer/SPI_buffer.o
 .debug_abbrev  0x00000344      0x162 ./source/buffer/circular_buffer.o
 .debug_abbrev  0x000004a6      0x267 ./source/UART/uart.o
 .debug_abbrev  0x0000070d      0x2d8 ./source/SPI/SPI.o
 .debug_abbrev  0x000009e5      0x1d5 ./source/PIT/PIT.o
 .debug_abbrev  0x00000bba      0x253 ./source/MCAL/gpio.o
 .debug_abbrev  0x00000e0d      0x280 ./source/I2Cm/I2Cm.o
 .debug_abbrev  0x0000108d      0x297 ./source/FTM/FTM.o
 .debug_abbrev  0x00001324      0x2d5 ./source/DMA2/DMA2.o
 .debug_abbrev  0x000015f9      0x142 ./source/DAC/DAC.o
 .debug_abbrev  0x0000173b       0xa8 ./source/DAC/DAC_hal.o
 .debug_abbrev  0x000017e3      0x12e ./SDK/startup/hardware.o
 .debug_abbrev  0x00001911       0x49 ./SDK/startup/main.o
 .debug_abbrev  0x0000195a       0x31 ./SDK/startup/semihost_hardfault.o
 .debug_abbrev  0x0000198b      0x185 ./SDK/startup/startup_mk64f12.o
 .debug_abbrev  0x00001b10      0x148 ./SDK/CMSIS/system_MK64F12.o

.debug_aranges  0x00000000      0x7e8
 .debug_aranges
                0x00000000       0x30 ./source/timer/SysTick.o
 .debug_aranges
                0x00000030       0x58 ./source/buffer/SPI_buffer.o
 .debug_aranges
                0x00000088       0x58 ./source/buffer/circular_buffer.o
 .debug_aranges
                0x000000e0       0x80 ./source/UART/uart.o
 .debug_aranges
                0x00000160       0x58 ./source/SPI/SPI.o
 .debug_aranges
                0x000001b8       0x58 ./source/PIT/PIT.o
 .debug_aranges
                0x00000210       0x78 ./source/MCAL/gpio.o
 .debug_aranges
                0x00000288       0x50 ./source/I2Cm/I2Cm.o
 .debug_aranges
                0x000002d8       0x80 ./source/FTM/FTM.o
 .debug_aranges
                0x00000358       0x70 ./source/DMA2/DMA2.o
 .debug_aranges
                0x000003c8       0x28 ./source/DAC/DAC.o
 .debug_aranges
                0x000003f0       0x28 ./source/DAC/DAC_hal.o
 .debug_aranges
                0x00000418       0x30 ./SDK/startup/hardware.o
 .debug_aranges
                0x00000448       0x20 ./SDK/startup/main.o
 .debug_aranges
                0x00000468       0x20 ./SDK/startup/semihost_hardfault.o
 .debug_aranges
                0x00000488      0x330 ./SDK/startup/startup_mk64f12.o
 .debug_aranges
                0x000007b8       0x30 ./SDK/CMSIS/system_MK64F12.o

.debug_ranges   0x00000000      0x6d8
 .debug_ranges  0x00000000       0x20 ./source/timer/SysTick.o
 .debug_ranges  0x00000020       0x48 ./source/buffer/SPI_buffer.o
 .debug_ranges  0x00000068       0x48 ./source/buffer/circular_buffer.o
 .debug_ranges  0x000000b0       0x70 ./source/UART/uart.o
 .debug_ranges  0x00000120       0x48 ./source/SPI/SPI.o
 .debug_ranges  0x00000168       0x48 ./source/PIT/PIT.o
 .debug_ranges  0x000001b0       0x68 ./source/MCAL/gpio.o
 .debug_ranges  0x00000218       0x40 ./source/I2Cm/I2Cm.o
 .debug_ranges  0x00000258       0x70 ./source/FTM/FTM.o
 .debug_ranges  0x000002c8       0x60 ./source/DMA2/DMA2.o
 .debug_ranges  0x00000328       0x18 ./source/DAC/DAC.o
 .debug_ranges  0x00000340       0x18 ./source/DAC/DAC_hal.o
 .debug_ranges  0x00000358       0x20 ./SDK/startup/hardware.o
 .debug_ranges  0x00000378       0x10 ./SDK/startup/main.o
 .debug_ranges  0x00000388       0x10 ./SDK/startup/semihost_hardfault.o
 .debug_ranges  0x00000398      0x320 ./SDK/startup/startup_mk64f12.o
 .debug_ranges  0x000006b8       0x20 ./SDK/CMSIS/system_MK64F12.o

.debug_macro    0x00000000    0x12ca5
 .debug_macro   0x00000000       0xb6 ./source/timer/SysTick.o
 .debug_macro   0x000000b6      0xa7e ./source/timer/SysTick.o
 .debug_macro   0x00000b34       0x22 ./source/timer/SysTick.o
 .debug_macro   0x00000b56      0x34e ./source/timer/SysTick.o
 .debug_macro   0x00000ea4       0x10 ./source/timer/SysTick.o
 .debug_macro   0x00000eb4       0x5c ./source/timer/SysTick.o
 .debug_macro   0x00000f10       0x1c ./source/timer/SysTick.o
 .debug_macro   0x00000f2c       0x28 ./source/timer/SysTick.o
 .debug_macro   0x00000f54       0xd9 ./source/timer/SysTick.o
 .debug_macro   0x0000102d      0xecf ./source/timer/SysTick.o
 .debug_macro   0x00001efc       0x48 ./source/timer/SysTick.o
 .debug_macro   0x00001f44     0xe07b ./source/timer/SysTick.o
 .debug_macro   0x0000ffbf     0x122b ./source/timer/SysTick.o
 .debug_macro   0x000111ea       0x16 ./source/timer/SysTick.o
 .debug_macro   0x00011200      0x1e7 ./source/buffer/SPI_buffer.o
 .debug_macro   0x000113e7       0x16 ./source/buffer/SPI_buffer.o
 .debug_macro   0x000113fd       0x97 ./source/buffer/SPI_buffer.o
 .debug_macro   0x00011494       0xfd ./source/buffer/SPI_buffer.o
 .debug_macro   0x00011591       0x10 ./source/buffer/SPI_buffer.o
 .debug_macro   0x000115a1       0x10 ./source/buffer/SPI_buffer.o
 .debug_macro   0x000115b1       0x6a ./source/buffer/SPI_buffer.o
 .debug_macro   0x0001161b       0x1c ./source/buffer/SPI_buffer.o
 .debug_macro   0x00011637       0x52 ./source/buffer/SPI_buffer.o
 .debug_macro   0x00011689       0x22 ./source/buffer/SPI_buffer.o
 .debug_macro   0x000116ab       0x10 ./source/buffer/SPI_buffer.o
 .debug_macro   0x000116bb       0x52 ./source/buffer/SPI_buffer.o
 .debug_macro   0x0001170d       0xd5 ./source/buffer/SPI_buffer.o
 .debug_macro   0x000117e2       0x1c ./source/buffer/SPI_buffer.o
 .debug_macro   0x000117fe       0x3d ./source/buffer/SPI_buffer.o
 .debug_macro   0x0001183b       0x16 ./source/buffer/SPI_buffer.o
 .debug_macro   0x00011851      0x16f ./source/buffer/SPI_buffer.o
 .debug_macro   0x000119c0       0x16 ./source/buffer/SPI_buffer.o
 .debug_macro   0x000119d6       0x35 ./source/buffer/SPI_buffer.o
 .debug_macro   0x00011a0b       0xac ./source/buffer/circular_buffer.o
 .debug_macro   0x00011ab7       0xe8 ./source/UART/uart.o
 .debug_macro   0x00011b9f       0x10 ./source/UART/uart.o
 .debug_macro   0x00011baf      0x31f ./source/SPI/SPI.o
 .debug_macro   0x00011ece       0x10 ./source/SPI/SPI.o
 .debug_macro   0x00011ede       0x10 ./source/SPI/SPI.o
 .debug_macro   0x00011eee       0xd3 ./source/PIT/PIT.o
 .debug_macro   0x00011fc1       0x28 ./source/PIT/PIT.o
 .debug_macro   0x00011fe9       0xc4 ./source/MCAL/gpio.o
 .debug_macro   0x000120ad      0x1fd ./source/I2Cm/I2Cm.o
 .debug_macro   0x000122aa       0x10 ./source/I2Cm/I2Cm.o
 .debug_macro   0x000122ba      0x1c5 ./source/FTM/FTM.o
 .debug_macro   0x0001247f       0x22 ./source/FTM/FTM.o
 .debug_macro   0x000124a1      0x1d8 ./source/DMA2/DMA2.o
 .debug_macro   0x00012679       0x2e ./source/DMA2/DMA2.o
 .debug_macro   0x000126a7       0x46 ./source/DMA2/DMA2.o
 .debug_macro   0x000126ed       0x10 ./source/DMA2/DMA2.o
 .debug_macro   0x000126fd      0x273 ./source/DAC/DAC.o
 .debug_macro   0x00012970      0x143 ./source/DAC/DAC_hal.o
 .debug_macro   0x00012ab3       0x9c ./SDK/startup/hardware.o
 .debug_macro   0x00012b4f       0x9c ./SDK/startup/main.o
 .debug_macro   0x00012beb       0x11 ./SDK/startup/semihost_hardfault.o
 .debug_macro   0x00012bfc       0x29 ./SDK/startup/startup_mk64f12.o
 .debug_macro   0x00012c25       0x80 ./SDK/CMSIS/system_MK64F12.o

.debug_line     0x00000000     0x558d
 .debug_line    0x00000000      0x232 ./source/timer/SysTick.o
 .debug_line    0x00000232      0x5c3 ./source/buffer/SPI_buffer.o
 .debug_line    0x000007f5      0x37c ./source/buffer/circular_buffer.o
 .debug_line    0x00000b71      0x4fc ./source/UART/uart.o
 .debug_line    0x0000106d      0xb3d ./source/SPI/SPI.o
 .debug_line    0x00001baa      0x317 ./source/PIT/PIT.o
 .debug_line    0x00001ec1      0x4ed ./source/MCAL/gpio.o
 .debug_line    0x000023ae      0x790 ./source/I2Cm/I2Cm.o
 .debug_line    0x00002b3e      0x839 ./source/FTM/FTM.o
 .debug_line    0x00003377      0x803 ./source/DMA2/DMA2.o
 .debug_line    0x00003b7a      0x550 ./source/DAC/DAC.o
 .debug_line    0x000040ca      0x3cc ./source/DAC/DAC_hal.o
 .debug_line    0x00004496      0x2a7 ./SDK/startup/hardware.o
 .debug_line    0x0000473d      0x1b8 ./SDK/startup/main.o
 .debug_line    0x000048f5       0x5f ./SDK/startup/semihost_hardfault.o
 .debug_line    0x00004954      0x917 ./SDK/startup/startup_mk64f12.o
 .debug_line    0x0000526b      0x322 ./SDK/CMSIS/system_MK64F12.o

.debug_str      0x00000000    0x7e56d
 .debug_str     0x00000000    0x773f0 ./source/timer/SysTick.o
                              0x775bb (size before relaxing)
 .debug_str     0x000773f0     0x4069 ./source/buffer/SPI_buffer.o
                               0x7966 (size before relaxing)
 .debug_str     0x0007b459       0xa5 ./source/buffer/circular_buffer.o
                              0x77081 (size before relaxing)
 .debug_str     0x0007b4fe      0x4bd ./source/UART/uart.o
                              0x77a2a (size before relaxing)
 .debug_str     0x0007b9bb      0x77b ./source/SPI/SPI.o
                              0x7bebe (size before relaxing)
 .debug_str     0x0007c136      0x22f ./source/PIT/PIT.o
                              0x77bbc (size before relaxing)
 .debug_str     0x0007c365      0x1bb ./source/MCAL/gpio.o
                              0x77bf5 (size before relaxing)
 .debug_str     0x0007c520      0x4c0 ./source/I2Cm/I2Cm.o
                              0x7aa28 (size before relaxing)
 .debug_str     0x0007c9e0      0x4d2 ./source/FTM/FTM.o
                              0x7aae9 (size before relaxing)
 .debug_str     0x0007ceb2      0xd3a ./source/DMA2/DMA2.o
                              0x7b44d (size before relaxing)
 .debug_str     0x0007dbec       0x79 ./source/DAC/DAC.o
                              0x7b1d9 (size before relaxing)
 .debug_str     0x0007dc65       0x2d ./source/DAC/DAC_hal.o
                               0x68b3 (size before relaxing)
 .debug_str     0x0007dc92      0x16f ./SDK/startup/hardware.o
                              0x771da (size before relaxing)
 .debug_str     0x0007de01       0x1b ./SDK/startup/main.o
                              0x76fa5 (size before relaxing)
 .debug_str     0x0007de1c       0x36 ./SDK/startup/semihost_hardfault.o
                               0x2d4e (size before relaxing)
 .debug_str     0x0007de52      0x6a9 ./SDK/startup/startup_mk64f12.o
                               0x35a8 (size before relaxing)
 .debug_str     0x0007e4fb       0x72 ./SDK/CMSIS/system_MK64F12.o
                              0x770f9 (size before relaxing)

.comment        0x00000000       0x49
 .comment       0x00000000       0x49 ./source/timer/SysTick.o
                                 0x4a (size before relaxing)
 .comment       0x00000049       0x4a ./source/buffer/SPI_buffer.o
 .comment       0x00000049       0x4a ./source/buffer/circular_buffer.o
 .comment       0x00000049       0x4a ./source/UART/uart.o
 .comment       0x00000049       0x4a ./source/SPI/SPI.o
 .comment       0x00000049       0x4a ./source/PIT/PIT.o
 .comment       0x00000049       0x4a ./source/MCAL/gpio.o
 .comment       0x00000049       0x4a ./source/I2Cm/I2Cm.o
 .comment       0x00000049       0x4a ./source/FTM/FTM.o
 .comment       0x00000049       0x4a ./source/DMA2/DMA2.o
 .comment       0x00000049       0x4a ./source/DAC/DAC.o
 .comment       0x00000049       0x4a ./source/DAC/DAC_hal.o
 .comment       0x00000049       0x4a ./SDK/startup/hardware.o
 .comment       0x00000049       0x4a ./SDK/startup/main.o
 .comment       0x00000049       0x4a ./SDK/startup/semihost_hardfault.o
 .comment       0x00000049       0x4a ./SDK/startup/startup_mk64f12.o
 .comment       0x00000049       0x4a ./SDK/CMSIS/system_MK64F12.o
 .comment       0x00000049       0x4a c:/nxp/mcuxpressoide_11.6.1_8255/ide/plugins/com.nxp.mcuxpresso.tools.win32_11.6.1.202207200623/tools/bin/../lib/gcc/arm-none-eabi/10.3.1/../../../../arm-none-eabi/lib/thumb/v7e-m+fp/hard\libcr_c.a(memcpy.o)
 .comment       0x00000049       0x4a c:/nxp/mcuxpressoide_11.6.1_8255/ide/plugins/com.nxp.mcuxpresso.tools.win32_11.6.1.202207200623/tools/bin/../lib/gcc/arm-none-eabi/10.3.1/../../../../arm-none-eabi/lib/thumb/v7e-m+fp/hard\libcr_c.a(cos.o)
 .comment       0x00000049       0x4a c:/nxp/mcuxpressoide_11.6.1_8255/ide/plugins/com.nxp.mcuxpresso.tools.win32_11.6.1.202207200623/tools/bin/../lib/gcc/arm-none-eabi/10.3.1/../../../../arm-none-eabi/lib/thumb/v7e-m+fp/hard\libcr_c.a(sin.o)
 .comment       0x00000049       0x4a c:/nxp/mcuxpressoide_11.6.1_8255/ide/plugins/com.nxp.mcuxpresso.tools.win32_11.6.1.202207200623/tools/bin/../lib/gcc/arm-none-eabi/10.3.1/../../../../arm-none-eabi/lib/thumb/v7e-m+fp/hard\libcr_c.a(_sincos.o)
 .comment       0x00000049       0x4a c:/nxp/mcuxpressoide_11.6.1_8255/ide/plugins/com.nxp.mcuxpresso.tools.win32_11.6.1.202207200623/tools/bin/../lib/gcc/arm-none-eabi/10.3.1/../../../../arm-none-eabi/lib/thumb/v7e-m+fp/hard\libcr_c.a(errno.o)
 .comment       0x00000049       0x4a c:/nxp/mcuxpressoide_11.6.1_8255/ide/plugins/com.nxp.mcuxpresso.tools.win32_11.6.1.202207200623/tools/bin/../lib/gcc/arm-none-eabi/10.3.1/../../../../arm-none-eabi/lib/thumb/v7e-m+fp/hard\libcr_c.a(fabs.o)
 .comment       0x00000049       0x4a c:/nxp/mcuxpressoide_11.6.1_8255/ide/plugins/com.nxp.mcuxpresso.tools.win32_11.6.1.202207200623/tools/bin/../lib/gcc/arm-none-eabi/10.3.1/thumb/v7e-m+fp/hard\libcr_eabihelpers.a(double.o)

.ARM.attributes
                0x00000000       0x32
 .ARM.attributes
                0x00000000       0x34 ./source/timer/SysTick.o
 .ARM.attributes
                0x00000034       0x34 ./source/buffer/SPI_buffer.o
 .ARM.attributes
                0x00000068       0x34 ./source/buffer/circular_buffer.o
 .ARM.attributes
                0x0000009c       0x34 ./source/UART/uart.o
 .ARM.attributes
                0x000000d0       0x34 ./source/SPI/SPI.o
 .ARM.attributes
                0x00000104       0x34 ./source/PIT/PIT.o
 .ARM.attributes
                0x00000138       0x34 ./source/MCAL/gpio.o
 .ARM.attributes
                0x0000016c       0x34 ./source/I2Cm/I2Cm.o
 .ARM.attributes
                0x000001a0       0x34 ./source/FTM/FTM.o
 .ARM.attributes
                0x000001d4       0x34 ./source/DMA2/DMA2.o
 .ARM.attributes
                0x00000208       0x34 ./source/DAC/DAC.o
 .ARM.attributes
                0x0000023c       0x34 ./source/DAC/DAC_hal.o
 .ARM.attributes
                0x00000270       0x34 ./SDK/startup/hardware.o
 .ARM.attributes
                0x000002a4       0x34 ./SDK/startup/main.o
 .ARM.attributes
                0x000002d8       0x34 ./SDK/startup/semihost_hardfault.o
 .ARM.attributes
                0x0000030c       0x34 ./SDK/startup/startup_mk64f12.o
 .ARM.attributes
                0x00000340       0x34 ./SDK/CMSIS/system_MK64F12.o
 .ARM.attributes
                0x00000374       0x34 c:/nxp/mcuxpressoide_11.6.1_8255/ide/plugins/com.nxp.mcuxpresso.tools.win32_11.6.1.202207200623/tools/bin/../lib/gcc/arm-none-eabi/10.3.1/../../../../arm-none-eabi/lib/thumb/v7e-m+fp/hard\libcr_c.a(memcpy.o)
 .ARM.attributes
                0x000003a8       0x34 c:/nxp/mcuxpressoide_11.6.1_8255/ide/plugins/com.nxp.mcuxpresso.tools.win32_11.6.1.202207200623/tools/bin/../lib/gcc/arm-none-eabi/10.3.1/../../../../arm-none-eabi/lib/thumb/v7e-m+fp/hard\libcr_c.a(cos.o)
 .ARM.attributes
                0x000003dc       0x34 c:/nxp/mcuxpressoide_11.6.1_8255/ide/plugins/com.nxp.mcuxpresso.tools.win32_11.6.1.202207200623/tools/bin/../lib/gcc/arm-none-eabi/10.3.1/../../../../arm-none-eabi/lib/thumb/v7e-m+fp/hard\libcr_c.a(sin.o)
 .ARM.attributes
                0x00000410       0x34 c:/nxp/mcuxpressoide_11.6.1_8255/ide/plugins/com.nxp.mcuxpresso.tools.win32_11.6.1.202207200623/tools/bin/../lib/gcc/arm-none-eabi/10.3.1/../../../../arm-none-eabi/lib/thumb/v7e-m+fp/hard\libcr_c.a(_sincos.o)
 .ARM.attributes
                0x00000444       0x34 c:/nxp/mcuxpressoide_11.6.1_8255/ide/plugins/com.nxp.mcuxpresso.tools.win32_11.6.1.202207200623/tools/bin/../lib/gcc/arm-none-eabi/10.3.1/../../../../arm-none-eabi/lib/thumb/v7e-m+fp/hard\libcr_c.a(errno.o)
 .ARM.attributes
                0x00000478       0x34 c:/nxp/mcuxpressoide_11.6.1_8255/ide/plugins/com.nxp.mcuxpresso.tools.win32_11.6.1.202207200623/tools/bin/../lib/gcc/arm-none-eabi/10.3.1/../../../../arm-none-eabi/lib/thumb/v7e-m+fp/hard\libcr_c.a(fabs.o)
 .ARM.attributes
                0x000004ac       0x20 c:/nxp/mcuxpressoide_11.6.1_8255/ide/plugins/com.nxp.mcuxpresso.tools.win32_11.6.1.202207200623/tools/bin/../lib/gcc/arm-none-eabi/10.3.1/thumb/v7e-m+fp/hard\libcr_eabihelpers.a(division_64.o)
 .ARM.attributes
                0x000004cc       0x20 c:/nxp/mcuxpressoide_11.6.1_8255/ide/plugins/com.nxp.mcuxpresso.tools.win32_11.6.1.202207200623/tools/bin/../lib/gcc/arm-none-eabi/10.3.1/thumb/v7e-m+fp/hard\libcr_eabihelpers.a(division_idiv0.o)
 .ARM.attributes
                0x000004ec       0x34 c:/nxp/mcuxpressoide_11.6.1_8255/ide/plugins/com.nxp.mcuxpresso.tools.win32_11.6.1.202207200623/tools/bin/../lib/gcc/arm-none-eabi/10.3.1/thumb/v7e-m+fp/hard\libcr_eabihelpers.a(double.o)
 .ARM.attributes
                0x00000520       0x20 c:/nxp/mcuxpressoide_11.6.1_8255/ide/plugins/com.nxp.mcuxpresso.tools.win32_11.6.1.202207200623/tools/bin/../lib/gcc/arm-none-eabi/10.3.1/thumb/v7e-m+fp/hard\libcr_eabihelpers.a(memcpy.o)

.debug_frame    0x00000000     0x19d0
 .debug_frame   0x00000000       0x88 ./source/timer/SysTick.o
 .debug_frame   0x00000088      0x148 ./source/buffer/SPI_buffer.o
 .debug_frame   0x000001d0      0x140 ./source/buffer/circular_buffer.o
 .debug_frame   0x00000310      0x214 ./source/UART/uart.o
 .debug_frame   0x00000524      0x154 ./source/SPI/SPI.o
 .debug_frame   0x00000678      0x15c ./source/PIT/PIT.o
 .debug_frame   0x000007d4      0x214 ./source/MCAL/gpio.o
 .debug_frame   0x000009e8      0x128 ./source/I2Cm/I2Cm.o
 .debug_frame   0x00000b10      0x248 ./source/FTM/FTM.o
 .debug_frame   0x00000d58      0x194 ./source/DMA2/DMA2.o
 .debug_frame   0x00000eec       0x60 ./source/DAC/DAC.o
 .debug_frame   0x00000f4c       0x50 ./source/DAC/DAC_hal.o
 .debug_frame   0x00000f9c       0x70 ./SDK/startup/hardware.o
 .debug_frame   0x0000100c       0x2c ./SDK/startup/main.o
 .debug_frame   0x00001038       0x20 ./SDK/startup/semihost_hardfault.o
 .debug_frame   0x00001058      0x904 ./SDK/startup/startup_mk64f12.o
 .debug_frame   0x0000195c       0x74 ./SDK/CMSIS/system_MK64F12.o
