Archive member included to satisfy reference by file (symbol)

c:/nxp/mcuxpressoide_11.6.1_8255/ide/plugins/com.nxp.mcuxpresso.tools.win32_11.6.1.202207200623/tools/bin/../lib/gcc/arm-none-eabi/10.3.1/../../../../arm-none-eabi/lib/thumb/v7e-m+fp/hard\libcr_c.a(asinf.o)
                              ./source/Fusion/FusionAhrs.o (asinf)
c:/nxp/mcuxpressoide_11.6.1_8255/ide/plugins/com.nxp.mcuxpresso.tools.win32_11.6.1.202207200623/tools/bin/../lib/gcc/arm-none-eabi/10.3.1/../../../../arm-none-eabi/lib/thumb/v7e-m+fp/hard\libcr_c.a(atan2f.o)
                              ./source/Fusion/FusionAhrs.o (atan2f)
c:/nxp/mcuxpressoide_11.6.1_8255/ide/plugins/com.nxp.mcuxpresso.tools.win32_11.6.1.202207200623/tools/bin/../lib/gcc/arm-none-eabi/10.3.1/../../../../arm-none-eabi/lib/thumb/v7e-m+fp/hard\libcr_c.a(atanf.o)
                              c:/nxp/mcuxpressoide_11.6.1_8255/ide/plugins/com.nxp.mcuxpresso.tools.win32_11.6.1.202207200623/tools/bin/../lib/gcc/arm-none-eabi/10.3.1/../../../../arm-none-eabi/lib/thumb/v7e-m+fp/hard\libcr_c.a(atan2f.o) (atanf)
c:/nxp/mcuxpressoide_11.6.1_8255/ide/plugins/com.nxp.mcuxpresso.tools.win32_11.6.1.202207200623/tools/bin/../lib/gcc/arm-none-eabi/10.3.1/../../../../arm-none-eabi/lib/thumb/v7e-m+fp/hard\libcr_c.a(cosf.o)
                              ./source/Fusion/FusionAhrs.o (cosf)
c:/nxp/mcuxpressoide_11.6.1_8255/ide/plugins/com.nxp.mcuxpresso.tools.win32_11.6.1.202207200623/tools/bin/../lib/gcc/arm-none-eabi/10.3.1/../../../../arm-none-eabi/lib/thumb/v7e-m+fp/hard\libcr_c.a(fabsf.o)
                              c:/nxp/mcuxpressoide_11.6.1_8255/ide/plugins/com.nxp.mcuxpresso.tools.win32_11.6.1.202207200623/tools/bin/../lib/gcc/arm-none-eabi/10.3.1/../../../../arm-none-eabi/lib/thumb/v7e-m+fp/hard\libcr_c.a(atan2f.o) (fabsf)
c:/nxp/mcuxpressoide_11.6.1_8255/ide/plugins/com.nxp.mcuxpresso.tools.win32_11.6.1.202207200623/tools/bin/../lib/gcc/arm-none-eabi/10.3.1/../../../../arm-none-eabi/lib/thumb/v7e-m+fp/hard\libcr_c.a(powf.o)
                              ./source/Fusion/FusionAhrs.o (powf)
c:/nxp/mcuxpressoide_11.6.1_8255/ide/plugins/com.nxp.mcuxpresso.tools.win32_11.6.1.202207200623/tools/bin/../lib/gcc/arm-none-eabi/10.3.1/../../../../arm-none-eabi/lib/thumb/v7e-m+fp/hard\libcr_c.a(sinf.o)
                              ./source/Fusion/FusionAhrs.o (sinf)
c:/nxp/mcuxpressoide_11.6.1_8255/ide/plugins/com.nxp.mcuxpresso.tools.win32_11.6.1.202207200623/tools/bin/../lib/gcc/arm-none-eabi/10.3.1/../../../../arm-none-eabi/lib/thumb/v7e-m+fp/hard\libcr_c.a(sqrtf_m4_hardfp.o)
                              ./source/Fusion/FusionAhrs.o (sqrtf)
c:/nxp/mcuxpressoide_11.6.1_8255/ide/plugins/com.nxp.mcuxpresso.tools.win32_11.6.1.202207200623/tools/bin/../lib/gcc/arm-none-eabi/10.3.1/../../../../arm-none-eabi/lib/thumb/v7e-m+fp/hard\libcr_c.a(memcpy.o)
                              ./source/buffer/SPI_buffer.o (memcpy)
c:/nxp/mcuxpressoide_11.6.1_8255/ide/plugins/com.nxp.mcuxpresso.tools.win32_11.6.1.202207200623/tools/bin/../lib/gcc/arm-none-eabi/10.3.1/../../../../arm-none-eabi/lib/thumb/v7e-m+fp/hard\libcr_c.a(memset.o)
                              ./source/Sensores/MPU6050.o (memset)
c:/nxp/mcuxpressoide_11.6.1_8255/ide/plugins/com.nxp.mcuxpresso.tools.win32_11.6.1.202207200623/tools/bin/../lib/gcc/arm-none-eabi/10.3.1/../../../../arm-none-eabi/lib/thumb/v7e-m+fp/hard\libcr_c.a(errno.o)
                              c:/nxp/mcuxpressoide_11.6.1_8255/ide/plugins/com.nxp.mcuxpresso.tools.win32_11.6.1.202207200623/tools/bin/../lib/gcc/arm-none-eabi/10.3.1/../../../../arm-none-eabi/lib/thumb/v7e-m+fp/hard\libcr_c.a(atan2f.o) (errno)
c:/nxp/mcuxpressoide_11.6.1_8255/ide/plugins/com.nxp.mcuxpresso.tools.win32_11.6.1.202207200623/tools/bin/../lib/gcc/arm-none-eabi/10.3.1/../../../../arm-none-eabi/lib/thumb/v7e-m+fp/hard\libcr_c.a(fabs.o)
                              ./source/Fusion/FusionOffset.o (fabs)
c:/nxp/mcuxpressoide_11.6.1_8255/ide/plugins/com.nxp.mcuxpresso.tools.win32_11.6.1.202207200623/tools/bin/../lib/gcc/arm-none-eabi/10.3.1/../../../../arm-none-eabi/lib/thumb/v7e-m+fp/hard\libcr_c.a(fpprintf.o)
                              ./source/SBUS/SBUSTest.o (sprintf)
c:/nxp/mcuxpressoide_11.6.1_8255/ide/plugins/com.nxp.mcuxpresso.tools.win32_11.6.1.202207200623/tools/bin/../lib/gcc/arm-none-eabi/10.3.1/../../../../arm-none-eabi/lib/thumb/v7e-m+fp/hard\libcr_c.a(printf.o)
                              c:/nxp/mcuxpressoide_11.6.1_8255/ide/plugins/com.nxp.mcuxpresso.tools.win32_11.6.1.202207200623/tools/bin/../lib/gcc/arm-none-eabi/10.3.1/../../../../arm-none-eabi/lib/thumb/v7e-m+fp/hard\libcr_c.a(fpprintf.o) (__vfprintf)
c:/nxp/mcuxpressoide_11.6.1_8255/ide/plugins/com.nxp.mcuxpresso.tools.win32_11.6.1.202207200623/tools/bin/../lib/gcc/arm-none-eabi/10.3.1/../../../../arm-none-eabi/lib/thumb/v7e-m+fp/hard\libcr_c.a(strlen.o)
[...]
Memory Configuration

Name             Origin             Length             Attributes
PROGRAM_FLASH    0x00000000         0x00100000         xr
SRAM_UPPER       0x20000000         0x00030000         xrw
SRAM_LOWER       0x1fff0000         0x00010000         xrw
FLEX_RAM         0x14000000         0x00001000         xrw
*default*        0x00000000         0xffffffff

Linker script and memory map

LOAD ./source/timer/SysTick.o
LOAD ./source/timer/timer.o
LOAD ./source/event_queue/event_queue.o
LOAD ./source/buffer/SPI_buffer.o
LOAD ./source/buffer/circular_buffer.o
LOAD ./source/buffer/circular_buffer_16.o
LOAD ./source/buffer/generic_circular_buffer.o
LOAD ./source/UART/uart.o
LOAD ./source/Sistema de Control/MatrixOps.o
LOAD ./source/Sistema de Control/SistemaDeControl.o
LOAD ./source/Sensores/MPU6050.o
LOAD ./source/Sensores/MPU9250_SPI.o
LOAD ./source/SPI/SPI.o
LOAD ./source/SBUS/SBUS.o
LOAD ./source/SBUS/SBUSTest.o
LOAD ./source/PIT/PIT.o
LOAD ./source/MCAL/gpio.o
LOAD ./source/I2Cm/I2Cm.o
LOAD ./source/Fusion/FusionAhrs.o
LOAD ./source/Fusion/FusionCompass.o
LOAD ./source/Fusion/FusionOffset.o
LOAD ./source/FTM/FTM.o
LOAD ./source/ESCDriver/ESCDriver.o
LOAD ./source/CMP/CMP.o
LOAD ./source/CAN/CAN.o
LOAD ./source/ADC/ADC.o
LOAD ./source/ADC/ADC_hal.o
LOAD ./SDK/startup/hardware.o
LOAD ./SDK/startup/main.o
LOAD ./SDK/startup/semihost_hardfault.o
LOAD ./SDK/startup/startup_mk64f12.o
LOAD ./SDK/CMSIS/system_MK64F12.o
START GROUP
LOAD c:/nxp/mcuxpressoide_11.6.1_8255/ide/plugins/com.nxp.mcuxpresso.tools.win32_11.6.1.202207200623/tools/bin/../lib/gcc/arm-none-eabi/10.3.1/../../../../arm-none-eabi/lib/thumb/v7e-m+fp/hard\libcr_semihost_nf.a
LOAD c:/nxp/mcuxpressoide_11.6.1_8255/ide/plugins/com.nxp.mcuxpresso.tools.win32_11.6.1.202207200623/tools/bin/../lib/gcc/arm-none-eabi/10.3.1/../../../../arm-none-eabi/lib/thumb/v7e-m+fp/hard\libcr_c.a
LOAD c:/nxp/mcuxpressoide_11.6.1_8255/ide/plugins/com.nxp.mcuxpresso.tools.win32_11.6.1.202207200623/tools/bin/../lib/gcc/arm-none-eabi/10.3.1/thumb/v7e-m+fp/hard\libcr_eabihelpers.a
LOAD c:/nxp/mcuxpressoide_11.6.1_8255/ide/plugins/com.nxp.mcuxpresso.tools.win32_11.6.1.202207200623/tools/bin/../lib/gcc/arm-none-eabi/10.3.1/thumb/v7e-m+fp/hard\libgcc.a
END GROUP
                0x00000000                __base_PROGRAM_FLASH = 0x0
                0x00000000                __base_Flash = 0x0
                0x00100000                __top_PROGRAM_FLASH = 0x100000
                0x00100000                __top_Flash = 0x100000
                0x20000000                __base_SRAM_UPPER = 0x20000000
                0x20000000                __base_RAM = 0x20000000
                0x20030000                __top_SRAM_UPPER = 0x20030000
                0x20030000                __top_RAM = 0x20030000
                0x1fff0000                __base_SRAM_LOWER = 0x1fff0000
                0x1fff0000                __base_RAM2 = 0x1fff0000
                0x20000000                __top_SRAM_LOWER = 0x20000000
                0x20000000                __top_RAM2 = 0x20000000
                0x14000000                __base_FLEX_RAM = 0x14000000
                0x14000000                __base_RAM3 = 0x14000000
                0x14001000                __top_FLEX_RAM = 0x14001000
                0x14001000                __top_RAM3 = 0x14001000

.text           0x00000000     0x4678
 FILL mask 0xff
                0x00000000                __vectors_start__ = ABSOLUTE (.)
 *(SORT_BY_ALIGNMENT(.isr_vector))
 .isr_vector    0x00000000      0x198 ./SDK/startup/startup_mk64f12.o
                0x00000000                g_pfnVectors
                0x00000000                __Vectors
                0x00000198                . = ALIGN (0x4)
                0x00000198                __section_table_start = .
                0x00000198                __data_section_table = .
                0x00000198        0x4 LONG 0x4678 LOADADDR (.data)
                0x0000019c        0x4 LONG 0x20000000 ADDR (.data)
                0x000001a0        0x4 LONG 0x10 SIZEOF (.data)
                0x000001a4        0x4 LONG 0x4678 LOADADDR (.data_RAM2)
                0x000001a8        0x4 LONG 0x1fff0000 ADDR (.data_RAM2)
                0x000001ac        0x4 LONG 0x0 SIZEOF (.data_RAM2)
                0x000001b0        0x4 LONG 0x4678 LOADADDR (.data_RAM3)
                0x000001b4        0x4 LONG 0x14000000 ADDR (.data_RAM3)
                0x000001b8        0x4 LONG 0x0 SIZEOF (.data_RAM3)
                0x000001bc                __data_section_table_end = .
                0x000001bc                __bss_section_table = .
                0x000001bc        0x4 LONG 0x20000010 ADDR (.bss)
                0x000001c0        0x4 LONG 0x1170 SIZEOF (.bss)
                0x000001c4        0x4 LONG 0x1fff0000 ADDR (.bss_RAM2)
                0x000001c8        0x4 LONG 0x0 SIZEOF (.bss_RAM2)
                0x000001cc        0x4 LONG 0x14000000 ADDR (.bss_RAM3)
                0x000001d0        0x4 LONG 0x0 SIZEOF (.bss_RAM3)
                0x000001d4                __bss_section_table_end = .
                0x000001d4                __section_table_end = .
 *(SORT_BY_ALIGNMENT(.after_vectors*))
 .after_vectors.reset
                0x000001d4       0x4c ./SDK/startup/startup_mk64f12.o
                0x000001d4                ResetISR
 .after_vectors.init_data
                0x00000220       0x1e ./SDK/startup/startup_mk64f12.o
                0x00000220                data_init
 .after_vectors.init_bss
                0x0000023e       0x12 ./SDK/startup/startup_mk64f12.o
                0x0000023e                bss_init
 .after_vectors
                0x00000250       0x14 ./SDK/startup/startup_mk64f12.o
                0x00000250                NMI_Handler
                0x00000254                MemManage_Handler
                0x00000256                BusFault_Handler
                0x00000258                UsageFault_Handler
                0x0000025a                SVC_Handler
                0x0000025c                DebugMon_Handler
                0x0000025e                PendSV_Handler
                0x00000262                DMA_Error_DriverIRQHandler
                0x00000262                LPTMR0_DriverIRQHandler
                0x00000262                FTM1_DriverIRQHandler
                0x00000262                FTM2_DriverIRQHandler
                0x00000262                PIT2_DriverIRQHandler
                0x00000262                SDHC_DriverIRQHandler
                0x00000262                I2S0_Tx_DriverIRQHandler
                0x00000262                RTC_Seconds_DriverIRQHandler
                0x00000262                DMA6_DriverIRQHandler
                0x00000262                LLWU_DriverIRQHandler
                0x00000262                MCM_DriverIRQHandler
                0x00000262                MCG_DriverIRQHandler
                0x00000262                ENET_1588_Timer_DriverIRQHandler
                0x00000262                I2C2_DriverIRQHandler
                0x00000262                DAC1_DriverIRQHandler
                0x00000262                SPI1_DriverIRQHandler
                0x00000262                CMP1_DriverIRQHandler
                0x00000262                UART5_RX_TX_DriverIRQHandler
                0x00000262                FTM0_DriverIRQHandler
                0x00000262                IntDefaultHandler
                0x00000262                USB0_DriverIRQHandler
                0x00000262                UART5_ERR_DriverIRQHandler
                0x00000262                PORTC_DriverIRQHandler
                0x00000262                DMA11_DriverIRQHandler
                0x00000262                DAC0_DriverIRQHandler
                0x00000262                DMA10_DriverIRQHandler
                0x00000262                CMP2_DriverIRQHandler
                0x00000262                UART2_ERR_DriverIRQHandler
                0x00000262                SPI2_DriverIRQHandler
                0x00000262                LVD_LVW_DriverIRQHandler
                0x00000262                PIT0_DriverIRQHandler
                0x00000262                RNG_DriverIRQHandler
                0x00000262                DMA5_DriverIRQHandler
                0x00000262                DMA12_DriverIRQHandler
                0x00000262                UART2_RX_TX_DriverIRQHandler
                0x00000262                USBDCD_DriverIRQHandler
                0x00000262                UART3_ERR_DriverIRQHandler
                0x00000262                DMA3_DriverIRQHandler
                0x00000262                DMA8_DriverIRQHandler
                0x00000262                DMA9_DriverIRQHandler
                0x00000262                UART0_ERR_DriverIRQHandler
                0x00000262                CMT_DriverIRQHandler
                0x00000262                Reserved71_DriverIRQHandler
                0x00000262                ADC1_DriverIRQHandler
                0x00000262                PORTA_DriverIRQHandler
                0x00000262                DMA14_DriverIRQHandler
                0x00000262                PIT3_DriverIRQHandler
                0x00000262                PIT1_DriverIRQHandler
                0x00000262                WDOG_EWM_DriverIRQHandler
                0x00000262                PDB0_DriverIRQHandler
                0x00000262                RTC_DriverIRQHandler
                0x00000262                I2S0_Rx_DriverIRQHandler
                0x00000262                Read_Collision_DriverIRQHandler
                0x00000262                SWI_DriverIRQHandler
                0x00000262                UART4_RX_TX_DriverIRQHandler
                0x00000262                UART4_ERR_DriverIRQHandler
                0x00000262                PORTB_DriverIRQHandler
                0x00000262                UART0_LON_DriverIRQHandler
                0x00000262                DMA0_DriverIRQHandler
                0x00000262                DMA1_DriverIRQHandler
                0x00000262                I2C1_DriverIRQHandler
                0x00000262                UART3_RX_TX_DriverIRQHandler
                0x00000262                ENET_Receive_DriverIRQHandler
                0x00000262                DMA13_DriverIRQHandler
                0x00000262                ENET_Error_DriverIRQHandler
                0x00000262                DMA15_DriverIRQHandler
                0x00000262                UART0_RX_TX_DriverIRQHandler
                0x00000262                SPI0_DriverIRQHandler
                0x00000262                ADC0_DriverIRQHandler
                0x00000262                CMP0_DriverIRQHandler
                0x00000262                CAN0_DriverIRQHandler
                0x00000262                FTM3_DriverIRQHandler
                0x00000262                DMA4_DriverIRQHandler
                0x00000262                UART1_ERR_DriverIRQHandler
                0x00000262                DMA2_DriverIRQHandler
                0x00000262                ENET_Transmit_DriverIRQHandler
                0x00000262                PORTD_DriverIRQHandler
                0x00000262                PORTE_DriverIRQHandler
                0x00000262                FTFE_DriverIRQHandler
                0x00000262                I2C0_DriverIRQHandler
                0x00000262                DMA7_DriverIRQHandler
                0x00000262                UART1_RX_TX_DriverIRQHandler
                0x00000400                . = 0x400
 *fill*         0x00000264      0x19c ff
                0x00000400                PROVIDE (__FLASH_CONFIG_START__ = .)
 *(SORT_BY_ALIGNMENT(.FlashConfig))
 .FlashConfig   0x00000400       0x10 ./SDK/startup/startup_mk64f12.o
                0x00000400                Flash_Config
                0x00000410                PROVIDE (__FLASH_CONFIG_END__ = .)
                0x00000001                ASSERT (! ((__FLASH_CONFIG_START__ == __FLASH_CONFIG_END__)), Linker Flash Config Support Enabled, but no .FlashConfig section provided within application)
 *(SORT_BY_ALIGNMENT(.text*))
 .text.fp_display
                0x00000410      0x964 c:/nxp/mcuxpressoide_11.6.1_8255/ide/plugins/com.nxp.mcuxpresso.tools.win32_11.6.1.202207200623/tools/bin/../lib/gcc/arm-none-eabi/10.3.1/../../../../arm-none-eabi/lib/thumb/v7e-m+fp/hard\libcr_c.a(fpprintf.o)
 *fill*         0x00000d74        0x4 ff
 .text._frexpl  0x00000d78       0x68 c:/nxp/mcuxpressoide_11.6.1_8255/ide/plugins/com.nxp.mcuxpresso.tools.win32_11.6.1.202207200623/tools/bin/../lib/gcc/arm-none-eabi/10.3.1/../../../../arm-none-eabi/lib/thumb/v7e-m+fp/hard\libcr_c.a(_frexpl.o)
                0x00000d78                _frexpl
 .text._ldexpl  0x00000de0       0x5c c:/nxp/mcuxpressoide_11.6.1_8255/ide/plugins/com.nxp.mcuxpresso.tools.win32_11.6.1.202207200623/tools/bin/../lib/gcc/arm-none-eabi/10.3.1/../../../../arm-none-eabi/lib/thumb/v7e-m+fp/hard\libcr_c.a(_ldexpl.o)
                0x00000de0                _ldexpl
 .text.__NVIC_EnableIRQ
                0x00000e3c       0x3c ./source/timer/SysTick.o
 .text.SysTick_Init
                0x00000e78       0x48 ./source/timer/SysTick.o
                0x00000e78                SysTick_Init
 .text.SysTick_Handler
                0x00000ec0       0x24 ./source/timer/SysTick.o
                0x00000ec0                SysTick_Handler
 .text.timerInit
                0x00000ee4       0x28 ./source/timer/timer.o
                0x00000ee4                timerInit
 .text.timerStart
                0x00000f0c       0xb8 ./source/timer/timer.o
                0x00000f0c                timerStart
 .text.timerExpired
                0x00000fc4       0x54 ./source/timer/timer.o
                0x00000fc4                timerExpired
 .text.timer_isr
                0x00001018       0xe0 ./source/timer/timer.o
 .text.SPIBgetPckg
                0x000010f8       0x84 ./source/buffer/SPI_buffer.o
                0x000010f8                SPIBgetPckg
 .text.__NVIC_EnableIRQ
                0x0000117c       0x3c ./source/UART/uart.o
 .text.uartInit
                0x000011b8      0x1c8 ./source/UART/uart.o
                0x000011b8                uartInit
 .text.uartWriteMsg
                0x00001380       0x78 ./source/UART/uart.o
                0x00001380                uartWriteMsg
 .text.UART_Rx_Tx_IRQ
                0x000013f8       0xd0 ./source/UART/uart.o
 .text.SPI0_IRQHandler
                0x000014c8      0x14c ./source/SPI/SPI.o
                0x000014c8                SPI0_IRQHandler
 .text.__NVIC_EnableIRQ
                0x00001614       0x3c ./source/SBUS/SBUS.o
 .text.SBUSInit
                0x00001650       0xf0 ./source/SBUS/SBUS.o
                0x00001650                SBUSInit
 .text.UART_SBUS_IRQ
                0x00001740      0x178 ./source/SBUS/SBUS.o
 .text.App_Init
                0x000018b8       0x58 ./source/SBUS/SBUSTest.o
                0x000018b8                App_Init
 .text.App_Run  0x00001910       0x88 ./source/SBUS/SBUSTest.o
                0x00001910                App_Run
 .text.PIT0_IRQHandler
                0x00001998       0x40 ./source/PIT/PIT.o
                0x00001998                PIT0_IRQHandler
 .text.PIT1_IRQHandler
                0x000019d8       0x30 ./source/PIT/PIT.o
                0x000019d8                PIT1_IRQHandler
 .text.PIT2_IRQHandler
                0x00001a08       0x30 ./source/PIT/PIT.o
                0x00001a08                PIT2_IRQHandler
 .text.PIT3_IRQHandler
                0x00001a38       0x30 ./source/PIT/PIT.o
                0x00001a38                PIT3_IRQHandler
 .text.gpioMode
                0x00001a68      0x174 ./source/MCAL/gpio.o
                0x00001a68                gpioMode
 .text.gpioWrite
                0x00001bdc       0x68 ./source/MCAL/gpio.o
                0x00001bdc                gpioWrite
 .text.PORTA_IRQHandler
                0x00001c44       0x64 ./source/MCAL/gpio.o
                0x00001c44                PORTA_IRQHandler
 .text.PORTB_IRQHandler
                0x00001ca8       0x64 ./source/MCAL/gpio.o
                0x00001ca8                PORTB_IRQHandler
 .text.PORTC_IRQHandler
                0x00001d0c       0x64 ./source/MCAL/gpio.o
                0x00001d0c                PORTC_IRQHandler
 .text.PORTD_IRQHandler
                0x00001d70       0x64 ./source/MCAL/gpio.o
                0x00001d70                PORTD_IRQHandler
 .text.PORTE_IRQHandler
                0x00001dd4       0x64 ./source/MCAL/gpio.o
                0x00001dd4                PORTE_IRQHandler
 .text.I2C0_IRQHandler
                0x00001e38      0x2cc ./source/I2Cm/I2Cm.o
                0x00001e38                I2C0_IRQHandler
 .text.FTM0_IRQHandler
                0x00002104       0x9c ./source/FTM/FTM.o
                0x00002104                FTM0_IRQHandler
 .text.FTM1_IRQHandler
                0x000021a0       0xa4 ./source/FTM/FTM.o
                0x000021a0                FTM1_IRQHandler
 .text.hw_Init  0x00002244      0x108 ./SDK/startup/hardware.o
                0x00002244                hw_Init
 .text.hw_EnableInterrupts
                0x0000234c       0x30 ./SDK/startup/hardware.o
                0x0000234c                hw_EnableInterrupts
 .text.hw_DisableInterrupts
                0x0000237c       0x20 ./SDK/startup/hardware.o
                0x0000237c                hw_DisableInterrupts
 .text.SystemInit
                0x0000239c       0x3c ./SDK/CMSIS/system_MK64F12.o
                0x0000239c                SystemInit
 .text.sprintf  0x000023d8       0x6c c:/nxp/mcuxpressoide_11.6.1_8255/ide/plugins/com.nxp.mcuxpresso.tools.win32_11.6.1.202207200623/tools/bin/../lib/gcc/arm-none-eabi/10.3.1/../../../../arm-none-eabi/lib/thumb/v7e-m+fp/hard\libcr_c.a(fpprintf.o)
                0x000023d8                sprintf
 .text.__vfprintf
                0x00002444      0xbf8 c:/nxp/mcuxpressoide_11.6.1_8255/ide/plugins/com.nxp.mcuxpresso.tools.win32_11.6.1.202207200623/tools/bin/../lib/gcc/arm-none-eabi/10.3.1/../../../../arm-none-eabi/lib/thumb/v7e-m+fp/hard\libcr_c.a(printf.o)
                0x00002444                __vfprintf
 .text._Cwritebuf
                0x0000303c       0x6c c:/nxp/mcuxpressoide_11.6.1_8255/ide/plugins/com.nxp.mcuxpresso.tools.win32_11.6.1.202207200623/tools/bin/../lib/gcc/arm-none-eabi/10.3.1/../../../../arm-none-eabi/lib/thumb/v7e-m+fp/hard\libcr_c.a(_writebuf.o)
                0x0000303c                _Cwritebuf
 .text.malloc   0x000030a8       0xc8 c:/nxp/mcuxpressoide_11.6.1_8255/ide/plugins/com.nxp.mcuxpresso.tools.win32_11.6.1.202207200623/tools/bin/../lib/gcc/arm-none-eabi/10.3.1/../../../../arm-none-eabi/lib/thumb/v7e-m+fp/hard\libcr_c.a(alloc.o)
                0x000030a8                malloc
 .text._Csys_alloc
                0x00003170       0x20 c:/nxp/mcuxpressoide_11.6.1_8255/ide/plugins/com.nxp.mcuxpresso.tools.win32_11.6.1.202207200623/tools/bin/../lib/gcc/arm-none-eabi/10.3.1/../../../../arm-none-eabi/lib/thumb/v7e-m+fp/hard\libcr_c.a(alloc.o)
                0x00003170                _Csys_alloc
 .text.fseek    0x00003190       0xfc c:/nxp/mcuxpressoide_11.6.1_8255/ide/plugins/com.nxp.mcuxpresso.tools.win32_11.6.1.202207200623/tools/bin/../lib/gcc/arm-none-eabi/10.3.1/../../../../arm-none-eabi/lib/thumb/v7e-m+fp/hard\libcr_c.a(fseek.o)
                0x00003190                fseek
 .text.ftell    0x0000328c       0x44 c:/nxp/mcuxpressoide_11.6.1_8255/ide/plugins/com.nxp.mcuxpresso.tools.win32_11.6.1.202207200623/tools/bin/../lib/gcc/arm-none-eabi/10.3.1/../../../../arm-none-eabi/lib/thumb/v7e-m+fp/hard\libcr_c.a(ftell.o)
                0x0000328c                ftell
 .text._sbrk    0x000032d0       0x3c c:/nxp/mcuxpressoide_11.6.1_8255/ide/plugins/com.nxp.mcuxpresso.tools.win32_11.6.1.202207200623/tools/bin/../lib/gcc/arm-none-eabi/10.3.1/../../../../arm-none-eabi/lib/thumb/v7e-m+fp/hard\libcr_c.a(_cr_sbrk.o)
                0x000032d0                _sbrk
 .text.__check_heap_overflow
                0x0000330c       0x18 c:/nxp/mcuxpressoide_11.6.1_8255/ide/plugins/com.nxp.mcuxpresso.tools.win32_11.6.1.202207200623/tools/bin/../lib/gcc/arm-none-eabi/10.3.1/../../../../arm-none-eabi/lib/thumb/v7e-m+fp/hard\libcr_c.a(_cr_check_heap.o)
                0x0000330c                __check_heap_overflow
 .text.__aeabi_dmul
                0x00003324       0xfc c:/nxp/mcuxpressoide_11.6.1_8255/ide/plugins/com.nxp.mcuxpresso.tools.win32_11.6.1.202207200623/tools/bin/../lib/gcc/arm-none-eabi/10.3.1/thumb/v7e-m+fp/hard\libcr_eabihelpers.a(double.o)
                0x00003324                __aeabi_dmul
 .text.__aeabi_ddiv
                0x00003420      0x138 c:/nxp/mcuxpressoide_11.6.1_8255/ide/plugins/com.nxp.mcuxpresso.tools.win32_11.6.1.202207200623/tools/bin/../lib/gcc/arm-none-eabi/10.3.1/thumb/v7e-m+fp/hard\libcr_eabihelpers.a(double.o)
                0x00003420                __aeabi_ddiv
 .text.__aeabi_dsub
                0x00003558      0x1ac c:/nxp/mcuxpressoide_11.6.1_8255/ide/plugins/com.nxp.mcuxpresso.tools.win32_11.6.1.202207200623/tools/bin/../lib/gcc/arm-none-eabi/10.3.1/thumb/v7e-m+fp/hard\libcr_eabihelpers.a(double.o)
                0x00003558                __aeabi_dsub
 .text.__aeabi_dadd
                0x00003704      0x114 c:/nxp/mcuxpressoide_11.6.1_8255/ide/plugins/com.nxp.mcuxpresso.tools.win32_11.6.1.202207200623/tools/bin/../lib/gcc/arm-none-eabi/10.3.1/thumb/v7e-m+fp/hard\libcr_eabihelpers.a(double.o)
                0x00003704                __aeabi_dadd
 .text.__sys_appexit
                0x00003818        0xc c:/nxp/mcuxpressoide_11.6.1_8255/ide/plugins/com.nxp.mcuxpresso.tools.win32_11.6.1.202207200623/tools/bin/../lib/gcc/arm-none-eabi/10.3.1/../../../../arm-none-eabi/lib/thumb/v7e-m+fp/hard\libcr_semihost_nf.a(__sys_appexit.o)
                0x00003818                __sys_appexit
                0x00003818                __exit
 .text.timerDelay
                0x00003824       0x32 ./source/timer/timer.o
                0x00003824                timerDelay
 .text.getCircularPointer
                0x00003856       0x1e ./source/buffer/SPI_buffer.o
 .text.SPIBisEmpty
                0x00003874       0x2a ./source/buffer/SPI_buffer.o
                0x00003874                SPIBisEmpty
 .text.getCircularPointer
                0x0000389e       0x2c ./source/buffer/circular_buffer.o
 .text.CBinit   0x000038ca       0x30 ./source/buffer/circular_buffer.o
                0x000038ca                CBinit
 .text.CBisEmpty
                0x000038fa       0x2a ./source/buffer/circular_buffer.o
                0x000038fa                CBisEmpty
 .text.CBputChain
                0x00003924       0xaa ./source/buffer/circular_buffer.o
                0x00003924                CBputChain
 .text.CBputByte
                0x000039ce       0x8e ./source/buffer/circular_buffer.o
                0x000039ce                CBputByte
 .text.CBgetByte
                0x00003a5c       0x62 ./source/buffer/circular_buffer.o
                0x00003a5c                CBgetByte
 .text.CBgetBufferState
                0x00003abe       0x5c ./source/buffer/circular_buffer.o
                0x00003abe                CBgetBufferState
 .text.CBreset  0x00003b1a       0x3e ./source/buffer/circular_buffer.o
                0x00003b1a                CBreset
 .text.UART0_RX_TX_IRQHandler
                0x00003b58       0x2e ./source/UART/uart.o
                0x00003b58                UART0_RX_TX_IRQHandler
 .text.UART2_RX_TX_IRQHandler
                0x00003b86       0x2e ./source/UART/uart.o
                0x00003b86                UART2_RX_TX_IRQHandler
 .text.UART3_RX_TX_IRQHandler
                0x00003bb4       0x2e ./source/UART/uart.o
                0x00003bb4                UART3_RX_TX_IRQHandler
 .text.UART4_RX_TX_IRQHandler
                0x00003be2       0x2e ./source/UART/uart.o
                0x00003be2                UART4_RX_TX_IRQHandler
 .text.UART1_RX_TX_IRQHandler
                0x00003c10       0x1c ./source/SBUS/SBUS.o
                0x00003c10                UART1_RX_TX_IRQHandler
 .text.main     0x00003c2c       0x1a ./SDK/startup/main.o
                0x00003c2c                main
 .text.HardFault_Handler
                0x00003c46       0x2c ./SDK/startup/semihost_hardfault.o
                0x00003c46                HardFault_Handler
 .text.DMA0_IRQHandler
                0x00003c72        0x8 ./SDK/startup/startup_mk64f12.o
                0x00003c72                DMA0_IRQHandler
 .text.DMA1_IRQHandler
                0x00003c7a        0x8 ./SDK/startup/startup_mk64f12.o
                0x00003c7a                DMA1_IRQHandler
 .text.DMA2_IRQHandler
                0x00003c82        0x8 ./SDK/startup/startup_mk64f12.o
                0x00003c82                DMA2_IRQHandler
 .text.DMA3_IRQHandler
                0x00003c8a        0x8 ./SDK/startup/startup_mk64f12.o
                0x00003c8a                DMA3_IRQHandler
 .text.DMA4_IRQHandler
                0x00003c92        0x8 ./SDK/startup/startup_mk64f12.o
                0x00003c92                DMA4_IRQHandler
 .text.DMA5_IRQHandler
                0x00003c9a        0x8 ./SDK/startup/startup_mk64f12.o
                0x00003c9a                DMA5_IRQHandler
 .text.DMA6_IRQHandler
                0x00003ca2        0x8 ./SDK/startup/startup_mk64f12.o
                0x00003ca2                DMA6_IRQHandler
 .text.DMA7_IRQHandler
                0x00003caa        0x8 ./SDK/startup/startup_mk64f12.o
                0x00003caa                DMA7_IRQHandler
 .text.DMA8_IRQHandler
                0x00003cb2        0x8 ./SDK/startup/startup_mk64f12.o
                0x00003cb2                DMA8_IRQHandler
 .text.DMA9_IRQHandler
                0x00003cba        0x8 ./SDK/startup/startup_mk64f12.o
                0x00003cba                DMA9_IRQHandler
 .text.DMA10_IRQHandler
                0x00003cc2        0x8 ./SDK/startup/startup_mk64f12.o
                0x00003cc2                DMA10_IRQHandler
 .text.DMA11_IRQHandler
                0x00003cca        0x8 ./SDK/startup/startup_mk64f12.o
                0x00003cca                DMA11_IRQHandler
 .text.DMA12_IRQHandler
                0x00003cd2        0x8 ./SDK/startup/startup_mk64f12.o
                0x00003cd2                DMA12_IRQHandler
 .text.DMA13_IRQHandler
                0x00003cda        0x8 ./SDK/startup/startup_mk64f12.o
                0x00003cda                DMA13_IRQHandler
 .text.DMA14_IRQHandler
                0x00003ce2        0x8 ./SDK/startup/startup_mk64f12.o
                0x00003ce2                DMA14_IRQHandler
 .text.DMA15_IRQHandler
                0x00003cea        0x8 ./SDK/startup/startup_mk64f12.o
                0x00003cea                DMA15_IRQHandler
 .text.DMA_Error_IRQHandler
                0x00003cf2        0x8 ./SDK/startup/startup_mk64f12.o
                0x00003cf2                DMA_Error_IRQHandler
 .text.MCM_IRQHandler
                0x00003cfa        0x8 ./SDK/startup/startup_mk64f12.o
                0x00003cfa                MCM_IRQHandler
 .text.FTFE_IRQHandler
                0x00003d02        0x8 ./SDK/startup/startup_mk64f12.o
                0x00003d02                FTFE_IRQHandler
 .text.Read_Collision_IRQHandler
                0x00003d0a        0x8 ./SDK/startup/startup_mk64f12.o
                0x00003d0a                Read_Collision_IRQHandler
 .text.LVD_LVW_IRQHandler
                0x00003d12        0x8 ./SDK/startup/startup_mk64f12.o
                0x00003d12                LVD_LVW_IRQHandler
 .text.LLWU_IRQHandler
                0x00003d1a        0x8 ./SDK/startup/startup_mk64f12.o
                0x00003d1a                LLWU_IRQHandler
 .text.WDOG_EWM_IRQHandler
                0x00003d22        0x8 ./SDK/startup/startup_mk64f12.o
                0x00003d22                WDOG_EWM_IRQHandler
 .text.RNG_IRQHandler
                0x00003d2a        0x8 ./SDK/startup/startup_mk64f12.o
                0x00003d2a                RNG_IRQHandler
 .text.I2C1_IRQHandler
                0x00003d32        0x8 ./SDK/startup/startup_mk64f12.o
                0x00003d32                I2C1_IRQHandler
 .text.SPI1_IRQHandler
                0x00003d3a        0x8 ./SDK/startup/startup_mk64f12.o
                0x00003d3a                SPI1_IRQHandler
 .text.I2S0_Tx_IRQHandler
                0x00003d42        0x8 ./SDK/startup/startup_mk64f12.o
                0x00003d42                I2S0_Tx_IRQHandler
 .text.I2S0_Rx_IRQHandler
                0x00003d4a        0x8 ./SDK/startup/startup_mk64f12.o
                0x00003d4a                I2S0_Rx_IRQHandler
 .text.UART0_LON_IRQHandler
                0x00003d52        0x8 ./SDK/startup/startup_mk64f12.o
                0x00003d52                UART0_LON_IRQHandler
 .text.UART0_ERR_IRQHandler
                0x00003d5a        0x8 ./SDK/startup/startup_mk64f12.o
                0x00003d5a                UART0_ERR_IRQHandler
 .text.UART1_ERR_IRQHandler
                0x00003d62        0x8 ./SDK/startup/startup_mk64f12.o
                0x00003d62                UART1_ERR_IRQHandler
 .text.UART2_ERR_IRQHandler
                0x00003d6a        0x8 ./SDK/startup/startup_mk64f12.o
                0x00003d6a                UART2_ERR_IRQHandler
 .text.UART3_ERR_IRQHandler
                0x00003d72        0x8 ./SDK/startup/startup_mk64f12.o
                0x00003d72                UART3_ERR_IRQHandler
 .text.ADC0_IRQHandler
                0x00003d7a        0x8 ./SDK/startup/startup_mk64f12.o
                0x00003d7a                ADC0_IRQHandler
 .text.CMP0_IRQHandler
                0x00003d82        0x8 ./SDK/startup/startup_mk64f12.o
                0x00003d82                CMP0_IRQHandler
 .text.CMP1_IRQHandler
                0x00003d8a        0x8 ./SDK/startup/startup_mk64f12.o
                0x00003d8a                CMP1_IRQHandler
 .text.FTM2_IRQHandler
                0x00003d92        0x8 ./SDK/startup/startup_mk64f12.o
                0x00003d92                FTM2_IRQHandler
 .text.CMT_IRQHandler
                0x00003d9a        0x8 ./SDK/startup/startup_mk64f12.o
                0x00003d9a                CMT_IRQHandler
 .text.RTC_IRQHandler
                0x00003da2        0x8 ./SDK/startup/startup_mk64f12.o
                0x00003da2                RTC_IRQHandler
 .text.RTC_Seconds_IRQHandler
                0x00003daa        0x8 ./SDK/startup/startup_mk64f12.o
                0x00003daa                RTC_Seconds_IRQHandler
 .text.PDB0_IRQHandler
                0x00003db2        0x8 ./SDK/startup/startup_mk64f12.o
                0x00003db2                PDB0_IRQHandler
 .text.USB0_IRQHandler
                0x00003dba        0x8 ./SDK/startup/startup_mk64f12.o
                0x00003dba                USB0_IRQHandler
 .text.USBDCD_IRQHandler
                0x00003dc2        0x8 ./SDK/startup/startup_mk64f12.o
                0x00003dc2                USBDCD_IRQHandler
 .text.Reserved71_IRQHandler
                0x00003dca        0x8 ./SDK/startup/startup_mk64f12.o
                0x00003dca                Reserved71_IRQHandler
 .text.DAC0_IRQHandler
                0x00003dd2        0x8 ./SDK/startup/startup_mk64f12.o
                0x00003dd2                DAC0_IRQHandler
 .text.MCG_IRQHandler
                0x00003dda        0x8 ./SDK/startup/startup_mk64f12.o
                0x00003dda                MCG_IRQHandler
 .text.LPTMR0_IRQHandler
                0x00003de2        0x8 ./SDK/startup/startup_mk64f12.o
                0x00003de2                LPTMR0_IRQHandler
 .text.SWI_IRQHandler
                0x00003dea        0x8 ./SDK/startup/startup_mk64f12.o
                0x00003dea                SWI_IRQHandler
 .text.SPI2_IRQHandler
                0x00003df2        0x8 ./SDK/startup/startup_mk64f12.o
                0x00003df2                SPI2_IRQHandler
 .text.UART4_ERR_IRQHandler
                0x00003dfa        0x8 ./SDK/startup/startup_mk64f12.o
                0x00003dfa                UART4_ERR_IRQHandler
 .text.UART5_RX_TX_IRQHandler
                0x00003e02        0x8 ./SDK/startup/startup_mk64f12.o
                0x00003e02                UART5_RX_TX_IRQHandler
 .text.UART5_ERR_IRQHandler
                0x00003e0a        0x8 ./SDK/startup/startup_mk64f12.o
                0x00003e0a                UART5_ERR_IRQHandler
 .text.CMP2_IRQHandler
                0x00003e12        0x8 ./SDK/startup/startup_mk64f12.o
                0x00003e12                CMP2_IRQHandler
 .text.FTM3_IRQHandler
                0x00003e1a        0x8 ./SDK/startup/startup_mk64f12.o
                0x00003e1a                FTM3_IRQHandler
 .text.DAC1_IRQHandler
                0x00003e22        0x8 ./SDK/startup/startup_mk64f12.o
                0x00003e22                DAC1_IRQHandler
 .text.ADC1_IRQHandler
                0x00003e2a        0x8 ./SDK/startup/startup_mk64f12.o
                0x00003e2a                ADC1_IRQHandler
 .text.I2C2_IRQHandler
                0x00003e32        0x8 ./SDK/startup/startup_mk64f12.o
                0x00003e32                I2C2_IRQHandler
 .text.CAN0_ORed_Message_buffer_IRQHandler
                0x00003e3a        0x8 ./SDK/startup/startup_mk64f12.o
                0x00003e3a                CAN0_ORed_Message_buffer_IRQHandler
 .text.CAN0_Bus_Off_IRQHandler
                0x00003e42        0x8 ./SDK/startup/startup_mk64f12.o
                0x00003e42                CAN0_Bus_Off_IRQHandler
 .text.CAN0_Error_IRQHandler
                0x00003e4a        0x8 ./SDK/startup/startup_mk64f12.o
                0x00003e4a                CAN0_Error_IRQHandler
 .text.CAN0_Tx_Warning_IRQHandler
                0x00003e52        0x8 ./SDK/startup/startup_mk64f12.o
                0x00003e52                CAN0_Tx_Warning_IRQHandler
 .text.CAN0_Rx_Warning_IRQHandler
                0x00003e5a        0x8 ./SDK/startup/startup_mk64f12.o
                0x00003e5a                CAN0_Rx_Warning_IRQHandler
 .text.CAN0_Wake_Up_IRQHandler
                0x00003e62        0x8 ./SDK/startup/startup_mk64f12.o
                0x00003e62                CAN0_Wake_Up_IRQHandler
 .text.SDHC_IRQHandler
                0x00003e6a        0x8 ./SDK/startup/startup_mk64f12.o
                0x00003e6a                SDHC_IRQHandler
 .text.ENET_1588_Timer_IRQHandler
                0x00003e72        0x8 ./SDK/startup/startup_mk64f12.o
                0x00003e72                ENET_1588_Timer_IRQHandler
 .text.ENET_Transmit_IRQHandler
                0x00003e7a        0x8 ./SDK/startup/startup_mk64f12.o
                0x00003e7a                ENET_Transmit_IRQHandler
 .text.ENET_Receive_IRQHandler
                0x00003e82        0x8 ./SDK/startup/startup_mk64f12.o
                0x00003e82                ENET_Receive_IRQHandler
 .text.ENET_Error_IRQHandler
                0x00003e8a        0x8 ./SDK/startup/startup_mk64f12.o
                0x00003e8a                ENET_Error_IRQHandler
 .text.SystemInitHook
                0x00003e92        0xe ./SDK/CMSIS/system_MK64F12.o
                0x00003e92                SystemInitHook
 .text.memcpy   0x00003ea0        0x4 c:/nxp/mcuxpressoide_11.6.1_8255/ide/plugins/com.nxp.mcuxpresso.tools.win32_11.6.1.202207200623/tools/bin/../lib/gcc/arm-none-eabi/10.3.1/../../../../arm-none-eabi/lib/thumb/v7e-m+fp/hard\libcr_c.a(memcpy.o)
                0x00003ea0                memcpy
 .text.memset   0x00003ea4        0x4 c:/nxp/mcuxpressoide_11.6.1_8255/ide/plugins/com.nxp.mcuxpresso.tools.win32_11.6.1.202207200623/tools/bin/../lib/gcc/arm-none-eabi/10.3.1/../../../../arm-none-eabi/lib/thumb/v7e-m+fp/hard\libcr_c.a(memset.o)
                0x00003ea4                memset
 .text.fp_round
                0x00003ea8       0x4e c:/nxp/mcuxpressoide_11.6.1_8255/ide/plugins/com.nxp.mcuxpresso.tools.win32_11.6.1.202207200623/tools/bin/../lib/gcc/arm-none-eabi/10.3.1/../../../../arm-none-eabi/lib/thumb/v7e-m+fp/hard\libcr_c.a(fpprintf.o)
 .text.pr_dec.constprop.0
                0x00003ef6       0x26 c:/nxp/mcuxpressoide_11.6.1_8255/ide/plugins/com.nxp.mcuxpresso.tools.win32_11.6.1.202207200623/tools/bin/../lib/gcc/arm-none-eabi/10.3.1/../../../../arm-none-eabi/lib/thumb/v7e-m+fp/hard\libcr_c.a(fpprintf.o)
 .text.strlen   0x00003f1c       0x48 c:/nxp/mcuxpressoide_11.6.1_8255/ide/plugins/com.nxp.mcuxpresso.tools.win32_11.6.1.202207200623/tools/bin/../lib/gcc/arm-none-eabi/10.3.1/../../../../arm-none-eabi/lib/thumb/v7e-m+fp/hard\libcr_c.a(strlen.o)
                0x00003f1c                strlen
 .text._deferredlazyseek
                0x00003f64       0x40 c:/nxp/mcuxpressoide_11.6.1_8255/ide/plugins/com.nxp.mcuxpresso.tools.win32_11.6.1.202207200623/tools/bin/../lib/gcc/arm-none-eabi/10.3.1/../../../../arm-none-eabi/lib/thumb/v7e-m+fp/hard\libcr_c.a(_deferredlazyseek.o)
                0x00003f64                _deferredlazyseek
 .text.__flsbuf
                0x00003fa4      0x140 c:/nxp/mcuxpressoide_11.6.1_8255/ide/plugins/com.nxp.mcuxpresso.tools.win32_11.6.1.202207200623/tools/bin/../lib/gcc/arm-none-eabi/10.3.1/../../../../arm-none-eabi/lib/thumb/v7e-m+fp/hard\libcr_c.a(_deferredlazyseek.o)
                0x00003fa4                __flsbuf
 .text._fflush  0x000040e4       0x52 c:/nxp/mcuxpressoide_11.6.1_8255/ide/plugins/com.nxp.mcuxpresso.tools.win32_11.6.1.202207200623/tools/bin/../lib/gcc/arm-none-eabi/10.3.1/../../../../arm-none-eabi/lib/thumb/v7e-m+fp/hard\libcr_c.a(_fflush.o)
                0x000040e4                _fflush
 .text.__aeabi_division_uldivmod
                0x00004136      0x174 c:/nxp/mcuxpressoide_11.6.1_8255/ide/plugins/com.nxp.mcuxpresso.tools.win32_11.6.1.202207200623/tools/bin/../lib/gcc/arm-none-eabi/10.3.1/thumb/v7e-m+fp/hard\libcr_eabihelpers.a(division_64.o)
                0x00004136                __aeabi_uldivmod
                0x0000413a                __bhs_ldivmod1
 .text.__aeabi_division_idiv0
                0x000042aa        0x2 c:/nxp/mcuxpressoide_11.6.1_8255/ide/plugins/com.nxp.mcuxpresso.tools.win32_11.6.1.202207200623/tools/bin/../lib/gcc/arm-none-eabi/10.3.1/thumb/v7e-m+fp/hard\libcr_eabihelpers.a(division_idiv0.o)
                0x000042aa                __aeabi_idiv0
 .text.__aeabi_d2iz
                0x000042ac       0x40 c:/nxp/mcuxpressoide_11.6.1_8255/ide/plugins/com.nxp.mcuxpresso.tools.win32_11.6.1.202207200623/tools/bin/../lib/gcc/arm-none-eabi/10.3.1/thumb/v7e-m+fp/hard\libcr_eabihelpers.a(double.o)
                0x000042ac                __aeabi_d2iz
 .text.__bhs_ui2d
                0x000042ec       0x46 c:/nxp/mcuxpressoide_11.6.1_8255/ide/plugins/com.nxp.mcuxpresso.tools.win32_11.6.1.202207200623/tools/bin/../lib/gcc/arm-none-eabi/10.3.1/thumb/v7e-m+fp/hard\libcr_eabihelpers.a(double.o)
                0x000042ec                __bhs_ui2d
 .text.__aeabi_i2d
                0x00004332       0x12 c:/nxp/mcuxpressoide_11.6.1_8255/ide/plugins/com.nxp.mcuxpresso.tools.win32_11.6.1.202207200623/tools/bin/../lib/gcc/arm-none-eabi/10.3.1/thumb/v7e-m+fp/hard\libcr_eabihelpers.a(double.o)
                0x00004332                __aeabi_i2d
 .text.__aeabi_dcmpeq
                0x00004344       0x30 c:/nxp/mcuxpressoide_11.6.1_8255/ide/plugins/com.nxp.mcuxpresso.tools.win32_11.6.1.202207200623/tools/bin/../lib/gcc/arm-none-eabi/10.3.1/thumb/v7e-m+fp/hard\libcr_eabihelpers.a(double.o)
                0x00004344                __aeabi_dcmpeq
 .text.__aeabi_dcmplt
                0x00004374       0x56 c:/nxp/mcuxpressoide_11.6.1_8255/ide/plugins/com.nxp.mcuxpresso.tools.win32_11.6.1.202207200623/tools/bin/../lib/gcc/arm-none-eabi/10.3.1/thumb/v7e-m+fp/hard\libcr_eabihelpers.a(double.o)
                0x00004374                __aeabi_dcmplt
 .text.__aeabi_dcmple
                0x000043ca       0x56 c:/nxp/mcuxpressoide_11.6.1_8255/ide/plugins/com.nxp.mcuxpresso.tools.win32_11.6.1.202207200623/tools/bin/../lib/gcc/arm-none-eabi/10.3.1/thumb/v7e-m+fp/hard\libcr_eabihelpers.a(double.o)
                0x000043ca                __aeabi_dcmple
 .text.__aeabi_dcmpge
                0x00004420       0x56 c:/nxp/mcuxpressoide_11.6.1_8255/ide/plugins/com.nxp.mcuxpresso.tools.win32_11.6.1.202207200623/tools/bin/../lib/gcc/arm-none-eabi/10.3.1/thumb/v7e-m+fp/hard\libcr_eabihelpers.a(double.o)
                0x00004420                __aeabi_dcmpge
 .text.__aeabi_memcpy
                0x00004476       0x34 c:/nxp/mcuxpressoide_11.6.1_8255/ide/plugins/com.nxp.mcuxpresso.tools.win32_11.6.1.202207200623/tools/bin/../lib/gcc/arm-none-eabi/10.3.1/thumb/v7e-m+fp/hard\libcr_eabihelpers.a(memcpy.o)
                0x00004476                __aeabi_memcpy
                0x00004480                __aeabi_memcpy8
                0x00004480                __aeabi_memcpy4
 .text.__aeabi_memset_lowlevel
                0x000044aa       0x32 c:/nxp/mcuxpressoide_11.6.1_8255/ide/plugins/com.nxp.mcuxpresso.tools.win32_11.6.1.202207200623/tools/bin/../lib/gcc/arm-none-eabi/10.3.1/thumb/v7e-m+fp/hard\libcr_eabihelpers.a(memcpy.o)
                0x000044aa                __aeabi_lowlevel_memset
 .text.__sys_flen
                0x000044dc        0xc c:/nxp/mcuxpressoide_11.6.1_8255/ide/plugins/com.nxp.mcuxpresso.tools.win32_11.6.1.202207200623/tools/bin/../lib/gcc/arm-none-eabi/10.3.1/../../../../arm-none-eabi/lib/thumb/v7e-m+fp/hard\libcr_semihost_nf.a(__sys_flen.o)
                0x000044dc                __sys_flen
 .text.__sys_istty
                0x000044e8        0xc c:/nxp/mcuxpressoide_11.6.1_8255/ide/plugins/com.nxp.mcuxpresso.tools.win32_11.6.1.202207200623/tools/bin/../lib/gcc/arm-none-eabi/10.3.1/../../../../arm-none-eabi/lib/thumb/v7e-m+fp/hard\libcr_semihost_nf.a(__sys_istty.o)
                0x000044e8                __sys_istty
 .text.__sys_seek
                0x000044f4        0xc c:/nxp/mcuxpressoide_11.6.1_8255/ide/plugins/com.nxp.mcuxpresso.tools.win32_11.6.1.202207200623/tools/bin/../lib/gcc/arm-none-eabi/10.3.1/../../../../arm-none-eabi/lib/thumb/v7e-m+fp/hard\libcr_semihost_nf.a(__sys_seek.o)
                0x000044f4                __sys_seek
 .text.__sys_write
                0x00004500        0xc c:/nxp/mcuxpressoide_11.6.1_8255/ide/plugins/com.nxp.mcuxpresso.tools.win32_11.6.1.202207200623/tools/bin/../lib/gcc/arm-none-eabi/10.3.1/../../../../arm-none-eabi/lib/thumb/v7e-m+fp/hard\libcr_semihost_nf.a(__sys_write.o)
                0x00004500                __sys_write
 *(SORT_BY_ALIGNMENT(.rodata) SORT_BY_ALIGNMENT(.rodata.*) SORT_BY_ALIGNMENT(.constdata) SORT_BY_ALIGNMENT(.constdata.*))
 .rodata.UARTPorts
                0x0000450c       0x18 ./source/UART/uart.o
 .rodata.portPtr
                0x00004524       0x14 ./source/UART/uart.o
 .rodata.UARTClockSource
                0x00004538       0x18 ./source/UART/uart.o
 .rodata.UARTSIMR
                0x00004550       0x14 ./source/UART/uart.o
 .rodata.UARTSIMMask
                0x00004564       0x14 ./source/UART/uart.o
 .rodata.UART_RX_TX_Vectors
                0x00004578        0x6 ./source/UART/uart.o
 *fill*         0x0000457e        0x2 ff
 .rodata.UARTPinPort
                0x00004580        0x5 ./source/UART/uart.o
 *fill*         0x00004585        0x3 ff
 .rodata.UARTPinNumRX
                0x00004588        0x5 ./source/UART/uart.o
 *fill*         0x0000458d        0x3 ff
 .rodata.UARTPinNumTX
                0x00004590        0x5 ./source/UART/uart.o
 *fill*         0x00004595        0x3 ff
 .rodata.UARTPinMuxAlt
                0x00004598        0x5 ./source/UART/uart.o
 *fill*         0x0000459d        0x3 ff
 .rodata.portPtr
                0x000045a0       0x14 ./source/SBUS/SBUS.o
 .rodata.App_Run.str1.4
                0x000045b4        0x4 ./source/SBUS/SBUSTest.o
 .rodata.gpioPtr
                0x000045b8       0x14 ./source/MCAL/gpio.o
 .rodata.portPtr
                0x000045cc       0x14 ./source/MCAL/gpio.o
 .rodata.SIMPortMasks
                0x000045e0       0x14 ./source/MCAL/gpio.o
 .rodata.fp_display.str1.1
                0x000045f4       0x34 c:/nxp/mcuxpressoide_11.6.1_8255/ide/plugins/com.nxp.mcuxpresso.tools.win32_11.6.1.202207200623/tools/bin/../lib/gcc/arm-none-eabi/10.3.1/../../../../arm-none-eabi/lib/thumb/v7e-m+fp/hard\libcr_c.a(fpprintf.o)
                                 0x35 (size before relaxing)
 .rodata.__vfprintf.str1.1
                0x00004628       0x31 c:/nxp/mcuxpressoide_11.6.1_8255/ide/plugins/com.nxp.mcuxpresso.tools.win32_11.6.1.202207200623/tools/bin/../lib/gcc/arm-none-eabi/10.3.1/../../../../arm-none-eabi/lib/thumb/v7e-m+fp/hard\libcr_c.a(printf.o)
                                 0x38 (size before relaxing)
 .rodata._Csys_alloc.str1.1
                0x00004659       0x18 c:/nxp/mcuxpressoide_11.6.1_8255/ide/plugins/com.nxp.mcuxpresso.tools.win32_11.6.1.202207200623/tools/bin/../lib/gcc/arm-none-eabi/10.3.1/../../../../arm-none-eabi/lib/thumb/v7e-m+fp/hard\libcr_c.a(alloc.o)
                0x00004678                . = ALIGN (0x8)
 *fill*         0x00004671        0x7 ff
                0x00004678                _etext = .

.glue_7         0x00004678        0x0
 .glue_7        0x00004678        0x0 linker stubs

.glue_7t        0x00004678        0x0
 .glue_7t       0x00004678        0x0 linker stubs

.vfp11_veneer   0x00004678        0x0
 .vfp11_veneer  0x00004678        0x0 linker stubs

.v4_bx          0x00004678        0x0
 .v4_bx         0x00004678        0x0 linker stubs

.iplt           0x00004678        0x0
 .iplt          0x00004678        0x0 ./source/timer/SysTick.o

.rel.dyn        0x00004678        0x0
 .rel.iplt      0x00004678        0x0 ./source/timer/SysTick.o

.m_usb_data
 *(SORT_BY_ALIGNMENT(m_usb_bdt))

.data_RAM2      0x1fff0000        0x0 load address 0x00004678
 FILL mask 0xff
                [!provide]                PROVIDE (__start_data_RAM2 = .)
                [!provide]                PROVIDE (__start_data_SRAM_LOWER = .)
 *(SORT_BY_ALIGNMENT(.ramfunc.$RAM2))
 *(SORT_BY_ALIGNMENT(.ramfunc.$SRAM_LOWER))
 *(SORT_BY_ALIGNMENT(.data.$RAM2))
 *(SORT_BY_ALIGNMENT(.data.$SRAM_LOWER))
 *(SORT_BY_ALIGNMENT(.data.$RAM2.*))
 *(SORT_BY_ALIGNMENT(.data.$SRAM_LOWER.*))
                0x1fff0000                . = ALIGN (0x8)
                [!provide]                PROVIDE (__end_data_RAM2 = .)
                [!provide]                PROVIDE (__end_data_SRAM_LOWER = .)

.data_RAM3      0x14000000        0x0 load address 0x00004678
 FILL mask 0xff
                [!provide]                PROVIDE (__start_data_RAM3 = .)
                [!provide]                PROVIDE (__start_data_FLEX_RAM = .)
 *(SORT_BY_ALIGNMENT(.ramfunc.$RAM3))
 *(SORT_BY_ALIGNMENT(.ramfunc.$FLEX_RAM))
 *(SORT_BY_ALIGNMENT(.data.$RAM3))
 *(SORT_BY_ALIGNMENT(.data.$FLEX_RAM))
 *(SORT_BY_ALIGNMENT(.data.$RAM3.*))
 *(SORT_BY_ALIGNMENT(.data.$FLEX_RAM.*))
                0x14000000                . = ALIGN (0x8)
                [!provide]                PROVIDE (__end_data_RAM3 = .)
                [!provide]                PROVIDE (__end_data_FLEX_RAM = .)

.uninit_RESERVED
                0x20000000        0x0
                0x20000000                _start_uninit_RESERVED = .
 *(SORT_BY_ALIGNMENT(.bss.$RESERVED*))
                0x20000000                . = ALIGN (0x8)
                0x20000000                _end_uninit_RESERVED = .

.data           0x20000000       0x10 load address 0x00004678
 FILL mask 0xff
                0x20000000                _data = .
                [!provide]                PROVIDE (__start_data_RAM = .)
                [!provide]                PROVIDE (__start_data_SRAM_UPPER = .)
 *(SORT_BY_ALIGNMENT(vtable))
 *(SORT_BY_ALIGNMENT(.ramfunc*))
 *(SORT_BY_ALIGNMENT(CodeQuickAccess))
 *(SORT_BY_ALIGNMENT(DataQuickAccess))
 *(SORT_BY_ALIGNMENT(RamFunction))
 *(SORT_BY_ALIGNMENT(.data*))
 .data.SPIPtrs  0x20000000        0xc ./source/SPI/SPI.o
 .data.i2cStates
                0x2000000c        0x2 ./source/I2Cm/I2Cm.o
                0x2000000c                i2cStates
 .data.timers_cant
                0x2000000e        0x1 ./source/timer/timer.o
                0x20000010                . = ALIGN (0x8)
 *fill*         0x2000000f        0x1 ff
                0x20000010                _edata = .
                [!provide]                PROVIDE (__end_data_RAM = .)
                [!provide]                PROVIDE (__end_data_SRAM_UPPER = .)

.igot.plt       0x20000010        0x0 load address 0x00004688
 .igot.plt      0x20000010        0x0 ./source/timer/SysTick.o

.bss_RAM2       0x1fff0000        0x0
                [!provide]                PROVIDE (__start_bss_RAM2 = .)
                [!provide]                PROVIDE (__start_bss_SRAM_LOWER = .)
 *(SORT_BY_ALIGNMENT(.bss.$RAM2))
 *(SORT_BY_ALIGNMENT(.bss.$SRAM_LOWER))
 *(SORT_BY_ALIGNMENT(.bss.$RAM2.*))
 *(SORT_BY_ALIGNMENT(.bss.$SRAM_LOWER.*))
                0x1fff0000                . = ALIGN ((. != 0x0)?0x8:0x1)
                [!provide]                PROVIDE (__end_bss_RAM2 = .)
                [!provide]                PROVIDE (__end_bss_SRAM_LOWER = .)

.bss_RAM3       0x14000000        0x0
                [!provide]                PROVIDE (__start_bss_RAM3 = .)
                [!provide]                PROVIDE (__start_bss_FLEX_RAM = .)
 *(SORT_BY_ALIGNMENT(.bss.$RAM3))
 *(SORT_BY_ALIGNMENT(.bss.$FLEX_RAM))
 *(SORT_BY_ALIGNMENT(.bss.$RAM3.*))
 *(SORT_BY_ALIGNMENT(.bss.$FLEX_RAM.*))
                0x14000000                . = ALIGN ((. != 0x0)?0x8:0x1)
                [!provide]                PROVIDE (__end_bss_RAM3 = .)
                [!provide]                PROVIDE (__end_bss_FLEX_RAM = .)

.bss            0x20000010     0x1170
                0x20000010                _bss = .
                [!provide]                PROVIDE (__start_bss_RAM = .)
                [!provide]                PROVIDE (__start_bss_SRAM_UPPER = .)
 *(SORT_BY_ALIGNMENT(.bss*))
 .bss.ICLastTicks
                0x20000010      0x100 ./source/FTM/FTM.o
 .bss.SysTickCallback
                0x20000110        0x4 ./source/timer/SysTick.o
 .bss.timers    0x20000114       0xa0 ./source/timer/timer.o
 .bss.pckgNULL  0x200001b4       0x10 ./source/buffer/SPI_buffer.o
                0x200001b4                pckgNULL
 .bss.TxBuffer  0x200001c4      0x267 ./source/UART/uart.o
 *fill*         0x2000042b        0x1 
 .bss.RxBuffer  0x2000042c      0x267 ./source/UART/uart.o
 *fill*         0x20000693        0x1 
 .bss.TxBuffer  0x20000694      0x408 ./source/SPI/SPI.o
 .bss.cont.1    0x20000a9c        0x4 ./source/SPI/SPI.o
 .bss.pckgAux.0
                0x20000aa0       0x10 ./source/SPI/SPI.o
 .bss.pSBUSData
                0x20000ab0        0x4 ./source/SBUS/SBUS.o
 .bss.RxBuffer  0x20000ab4      0x267 ./source/SBUS/SBUS.o
 *fill*         0x20000d1b        0x1 
 .bss.sbus      0x20000d1c       0x22 ./source/SBUS/SBUSTest.o
                0x20000d1c                sbus
 *fill*         0x20000d3e        0x2 
 .bss.PITCbs    0x20000d40       0x10 ./source/PIT/PIT.o
 .bss.portIrqFunc
                0x20000d50      0x280 ./source/MCAL/gpio.o
                0x20000d50                portIrqFunc
 .bss.writeState
                0x20000fd0       0x24 ./source/I2Cm/I2Cm.o
 .bss.readState
                0x20000ff4       0x18 ./source/I2Cm/I2Cm.o
 .bss.PWMPtrs   0x2000100c       0x80 ./source/FTM/FTM.o
 .bss.ICCbPtrs  0x2000108c       0x80 ./source/FTM/FTM.o
 .bss.ICChannelValue
                0x2000110c       0x40 ./source/FTM/FTM.o
 .bss.ICnewEdge
                0x2000114c       0x20 ./source/FTM/FTM.o
 .bss.__LDM_interruptDisableCount
                0x2000116c        0x4 ./SDK/startup/hardware.o
 .bss.errno     0x20001170        0x4 c:/nxp/mcuxpressoide_11.6.1_8255/ide/plugins/com.nxp.mcuxpresso.tools.win32_11.6.1.202207200623/tools/bin/../lib/gcc/arm-none-eabi/10.3.1/../../../../arm-none-eabi/lib/thumb/v7e-m+fp/hard\libcr_c.a(errno.o)
                0x20001170                errno
 .bss.__end_of_heap
                0x20001174        0x4 c:/nxp/mcuxpressoide_11.6.1_8255/ide/plugins/com.nxp.mcuxpresso.tools.win32_11.6.1.202207200623/tools/bin/../lib/gcc/arm-none-eabi/10.3.1/../../../../arm-none-eabi/lib/thumb/v7e-m+fp/hard\libcr_c.a(__init_alloc.o)
                0x20001174                __end_of_heap
 .bss.__heaps   0x20001178        0x4 c:/nxp/mcuxpressoide_11.6.1_8255/ide/plugins/com.nxp.mcuxpresso.tools.win32_11.6.1.202207200623/tools/bin/../lib/gcc/arm-none-eabi/10.3.1/../../../../arm-none-eabi/lib/thumb/v7e-m+fp/hard\libcr_c.a(__init_alloc.o)
                0x20001178                __heaps
 .bss.yaInit.0  0x2000117c        0x1 ./source/timer/timer.o
 .bss.inInterrupt
                0x2000117d        0x1 ./source/SPI/SPI.o
 .bss.contBytes
                0x2000117e        0x1 ./source/SBUS/SBUS.o
 .bss.isBusBusy
                0x2000117f        0x1 ./source/I2Cm/I2Cm.o
 *(SORT_BY_ALIGNMENT(COMMON))
                0x20001180                . = ALIGN (0x8)
                0x20001180                _ebss = .
                [!provide]                PROVIDE (__end_bss_RAM = .)
                [!provide]                PROVIDE (__end_bss_SRAM_UPPER = .)
                [!provide]                PROVIDE (end = .)

.noinit_RAM2    0x1fff0000        0x0
                [!provide]                PROVIDE (__start_noinit_RAM2 = .)
                [!provide]                PROVIDE (__start_noinit_SRAM_LOWER = .)
 *(SORT_BY_ALIGNMENT(.noinit.$RAM2))
 *(SORT_BY_ALIGNMENT(.noinit.$SRAM_LOWER))
 *(SORT_BY_ALIGNMENT(.noinit.$RAM2.*))
 *(SORT_BY_ALIGNMENT(.noinit.$SRAM_LOWER.*))
                0x1fff0000                . = ALIGN (0x8)
                [!provide]                PROVIDE (__end_noinit_RAM2 = .)
                [!provide]                PROVIDE (__end_noinit_SRAM_LOWER = .)

.noinit_RAM3    0x14000000        0x0
                [!provide]                PROVIDE (__start_noinit_RAM3 = .)
                [!provide]                PROVIDE (__start_noinit_FLEX_RAM = .)
 *(SORT_BY_ALIGNMENT(.noinit.$RAM3))
 *(SORT_BY_ALIGNMENT(.noinit.$FLEX_RAM))
 *(SORT_BY_ALIGNMENT(.noinit.$RAM3.*))
 *(SORT_BY_ALIGNMENT(.noinit.$FLEX_RAM.*))
                0x14000000                . = ALIGN (0x8)
                [!provide]                PROVIDE (__end_noinit_RAM3 = .)
                [!provide]                PROVIDE (__end_noinit_FLEX_RAM = .)

.noinit         0x20001180        0x0
                0x20001180                _noinit = .
                [!provide]                PROVIDE (__start_noinit_RAM = .)
                [!provide]                PROVIDE (__start_noinit_SRAM_UPPER = .)
 *(SORT_BY_ALIGNMENT(.noinit*))
                0x20001180                . = ALIGN (0x8)
                0x20001180                _end_noinit = .
                [!provide]                PROVIDE (__end_noinit_RAM = .)
                [!provide]                PROVIDE (__end_noinit_SRAM_UPPER = .)

.ARM.extab
 *(SORT_BY_ALIGNMENT(.ARM.extab*) SORT_BY_ALIGNMENT(.gnu.linkonce.armextab.*))

.ARM.exidx      0x00004688        0x0
                0x00004688                __exidx_start = .
 *(SORT_BY_ALIGNMENT(.ARM.exidx*) SORT_BY_ALIGNMENT(.gnu.linkonce.armexidx.*))
                0x00004688                __exidx_end = .
                0x00001000                _HeapSize = 0x1000

.heap           0x20001180     0x1000
                0x20001180                _pvHeapStart = .
                0x20002180                . = (. + _HeapSize)
 *fill*         0x20001180     0x1000 
                0x20002180                . = ALIGN (0x8)
                0x20002180                _pvHeapLimit = .
                0x00001000                _StackSize = 0x1000

.heap2stackfill
                0x20002180     0x1000
                0x20003180                . = (. + _StackSize)
 *fill*         0x20002180     0x1000 

.stack          0x2002f000        0x0
                0x2002f000                _vStackBase = .
                0x2002f000                . = ALIGN (0x8)
                0x20030000                _vStackTop = (. + _StackSize)
                0x00000000                _image_start = LOADADDR (.text)
                0x00004688                _image_end = (LOADADDR (.data) + SIZEOF (.data))
                0x00004688                _image_size = (_image_end - _image_start)
OUTPUT(TPQUAD.axf elf32-littlearm)
LOAD linker stubs

.debug_info     0x00000000     0x80ca
 .debug_info    0x00000000      0x506 ./source/timer/SysTick.o
 .debug_info    0x00000506      0x2d9 ./source/timer/timer.o
 .debug_info    0x000007df      0x329 ./source/buffer/SPI_buffer.o
 .debug_info    0x00000b08      0x2e6 ./source/buffer/circular_buffer.o
 .debug_info    0x00000dee      0xdd1 ./source/UART/uart.o
 .debug_info    0x00001bbf      0xd5c ./source/SPI/SPI.o
 .debug_info    0x0000291b      0xcae ./source/SBUS/SBUS.o
 .debug_info    0x000035c9      0x2aa ./source/SBUS/SBUSTest.o
 .debug_info    0x00003873      0x87a ./source/PIT/PIT.o
 .debug_info    0x000040ed      0xc0f ./source/MCAL/gpio.o
 .debug_info    0x00004cfc      0xd3a ./source/I2Cm/I2Cm.o
 .debug_info    0x00005a36      0xfab ./source/FTM/FTM.o
 .debug_info    0x000069e1      0x6b2 ./SDK/startup/hardware.o
 .debug_info    0x00007093       0x86 ./SDK/startup/main.o
 .debug_info    0x00007119       0x3c ./SDK/startup/semihost_hardfault.o
 .debug_info    0x00007155      0x93a ./SDK/startup/startup_mk64f12.o
 .debug_info    0x00007a8f      0x63b ./SDK/CMSIS/system_MK64F12.o

.debug_abbrev   0x00000000     0x1ce1
 .debug_abbrev  0x00000000      0x190 ./source/timer/SysTick.o
 .debug_abbrev  0x00000190      0x1b5 ./source/timer/timer.o
 .debug_abbrev  0x00000345      0x1b4 ./source/buffer/SPI_buffer.o
 .debug_abbrev  0x000004f9      0x162 ./source/buffer/circular_buffer.o
 .debug_abbrev  0x0000065b      0x267 ./source/UART/uart.o
 .debug_abbrev  0x000008c2      0x2d8 ./source/SPI/SPI.o
 .debug_abbrev  0x00000b9a      0x258 ./source/SBUS/SBUS.o
 .debug_abbrev  0x00000df2      0x13b ./source/SBUS/SBUSTest.o
 .debug_abbrev  0x00000f2d      0x1d5 ./source/PIT/PIT.o
 .debug_abbrev  0x00001102      0x253 ./source/MCAL/gpio.o
 .debug_abbrev  0x00001355      0x280 ./source/I2Cm/I2Cm.o
 .debug_abbrev  0x000015d5      0x297 ./source/FTM/FTM.o
 .debug_abbrev  0x0000186c      0x12e ./SDK/startup/hardware.o
 .debug_abbrev  0x0000199a       0x49 ./SDK/startup/main.o
 .debug_abbrev  0x000019e3       0x31 ./SDK/startup/semihost_hardfault.o
 .debug_abbrev  0x00001a14      0x185 ./SDK/startup/startup_mk64f12.o
 .debug_abbrev  0x00001b99      0x148 ./SDK/CMSIS/system_MK64F12.o

.debug_aranges  0x00000000      0x7d0
 .debug_aranges
                0x00000000       0x30 ./source/timer/SysTick.o
 .debug_aranges
                0x00000030       0x50 ./source/timer/timer.o
 .debug_aranges
                0x00000080       0x58 ./source/buffer/SPI_buffer.o
 .debug_aranges
                0x000000d8       0x58 ./source/buffer/circular_buffer.o
 .debug_aranges
                0x00000130       0x78 ./source/UART/uart.o
 .debug_aranges
                0x000001a8       0x58 ./source/SPI/SPI.o
 .debug_aranges
                0x00000200       0x38 ./source/SBUS/SBUS.o
 .debug_aranges
                0x00000238       0x28 ./source/SBUS/SBUSTest.o
 .debug_aranges
                0x00000260       0x58 ./source/PIT/PIT.o
 .debug_aranges
                0x000002b8       0x78 ./source/MCAL/gpio.o
 .debug_aranges
                0x00000330       0x50 ./source/I2Cm/I2Cm.o
 .debug_aranges
                0x00000380       0x80 ./source/FTM/FTM.o
 .debug_aranges
                0x00000400       0x30 ./SDK/startup/hardware.o
 .debug_aranges
                0x00000430       0x20 ./SDK/startup/main.o
 .debug_aranges
                0x00000450       0x20 ./SDK/startup/semihost_hardfault.o
 .debug_aranges
                0x00000470      0x330 ./SDK/startup/startup_mk64f12.o
 .debug_aranges
                0x000007a0       0x30 ./SDK/CMSIS/system_MK64F12.o

.debug_ranges   0x00000000      0x6c0
 .debug_ranges  0x00000000       0x20 ./source/timer/SysTick.o
 .debug_ranges  0x00000020       0x40 ./source/timer/timer.o
 .debug_ranges  0x00000060       0x48 ./source/buffer/SPI_buffer.o
 .debug_ranges  0x000000a8       0x48 ./source/buffer/circular_buffer.o
 .debug_ranges  0x000000f0       0x68 ./source/UART/uart.o
 .debug_ranges  0x00000158       0x48 ./source/SPI/SPI.o
 .debug_ranges  0x000001a0       0x28 ./source/SBUS/SBUS.o
 .debug_ranges  0x000001c8       0x18 ./source/SBUS/SBUSTest.o
 .debug_ranges  0x000001e0       0x48 ./source/PIT/PIT.o
 .debug_ranges  0x00000228       0x68 ./source/MCAL/gpio.o
 .debug_ranges  0x00000290       0x40 ./source/I2Cm/I2Cm.o
 .debug_ranges  0x000002d0       0x70 ./source/FTM/FTM.o
 .debug_ranges  0x00000340       0x20 ./SDK/startup/hardware.o
 .debug_ranges  0x00000360       0x10 ./SDK/startup/main.o
 .debug_ranges  0x00000370       0x10 ./SDK/startup/semihost_hardfault.o
 .debug_ranges  0x00000380      0x320 ./SDK/startup/startup_mk64f12.o
 .debug_ranges  0x000006a0       0x20 ./SDK/CMSIS/system_MK64F12.o

.debug_macro    0x00000000    0x135ba
 .debug_macro   0x00000000       0xb6 ./source/timer/SysTick.o
 .debug_macro   0x000000b6      0xa7e ./source/timer/SysTick.o
 .debug_macro   0x00000b34       0x22 ./source/timer/SysTick.o
 .debug_macro   0x00000b56      0x34e ./source/timer/SysTick.o
 .debug_macro   0x00000ea4       0x10 ./source/timer/SysTick.o
 .debug_macro   0x00000eb4       0x5c ./source/timer/SysTick.o
 .debug_macro   0x00000f10       0x1c ./source/timer/SysTick.o
 .debug_macro   0x00000f2c       0x28 ./source/timer/SysTick.o
 .debug_macro   0x00000f54       0xd9 ./source/timer/SysTick.o
 .debug_macro   0x0000102d      0xecf ./source/timer/SysTick.o
 .debug_macro   0x00001efc       0x48 ./source/timer/SysTick.o
 .debug_macro   0x00001f44     0xe07b ./source/timer/SysTick.o
 .debug_macro   0x0000ffbf     0x122b ./source/timer/SysTick.o
 .debug_macro   0x000111ea       0x16 ./source/timer/SysTick.o
 .debug_macro   0x00011200      0x134 ./source/timer/timer.o
 .debug_macro   0x00011334       0x1e ./source/timer/timer.o
 .debug_macro   0x00011352       0x22 ./source/timer/timer.o
 .debug_macro   0x00011374       0x5e ./source/timer/timer.o
 .debug_macro   0x000113d2       0x94 ./source/timer/timer.o
 .debug_macro   0x00011466       0x35 ./source/timer/timer.o
 .debug_macro   0x0001149b       0x34 ./source/timer/timer.o
 .debug_macro   0x000114cf       0x16 ./source/timer/timer.o
 .debug_macro   0x000114e5      0x10e ./source/timer/timer.o
 .debug_macro   0x000115f3       0x8d ./source/timer/timer.o
 .debug_macro   0x00011680       0x16 ./source/timer/timer.o
 .debug_macro   0x00011696       0x43 ./source/timer/timer.o
 .debug_macro   0x000116d9       0x57 ./source/timer/timer.o
 .debug_macro   0x00011730       0x34 ./source/timer/timer.o
 .debug_macro   0x00011764       0x10 ./source/timer/timer.o
 .debug_macro   0x00011774       0x58 ./source/timer/timer.o
 .debug_macro   0x000117cc      0x182 ./source/timer/timer.o
 .debug_macro   0x0001194e      0x341 ./source/timer/timer.o
 .debug_macro   0x00011c8f       0x16 ./source/timer/timer.o
 .debug_macro   0x00011ca5       0x29 ./source/timer/timer.o
 .debug_macro   0x00011cce       0x28 ./source/timer/timer.o
 .debug_macro   0x00011cf6       0x10 ./source/timer/timer.o
 .debug_macro   0x00011d06      0x1e7 ./source/buffer/SPI_buffer.o
 .debug_macro   0x00011eed       0x16 ./source/buffer/SPI_buffer.o
 .debug_macro   0x00011f03       0x97 ./source/buffer/SPI_buffer.o
 .debug_macro   0x00011f9a       0xfd ./source/buffer/SPI_buffer.o
 .debug_macro   0x00012097       0x10 ./source/buffer/SPI_buffer.o
 .debug_macro   0x000120a7       0x10 ./source/buffer/SPI_buffer.o
 .debug_macro   0x000120b7       0x6a ./source/buffer/SPI_buffer.o
 .debug_macro   0x00012121       0x1c ./source/buffer/SPI_buffer.o
 .debug_macro   0x0001213d       0x52 ./source/buffer/SPI_buffer.o
 .debug_macro   0x0001218f       0x22 ./source/buffer/SPI_buffer.o
 .debug_macro   0x000121b1       0x10 ./source/buffer/SPI_buffer.o
 .debug_macro   0x000121c1       0x52 ./source/buffer/SPI_buffer.o
 .debug_macro   0x00012213       0xd5 ./source/buffer/SPI_buffer.o
 .debug_macro   0x000122e8       0x1c ./source/buffer/SPI_buffer.o
 .debug_macro   0x00012304       0x3d ./source/buffer/SPI_buffer.o
 .debug_macro   0x00012341       0x16 ./source/buffer/SPI_buffer.o
 .debug_macro   0x00012357      0x16f ./source/buffer/SPI_buffer.o
 .debug_macro   0x000124c6       0x16 ./source/buffer/SPI_buffer.o
 .debug_macro   0x000124dc       0x35 ./source/buffer/SPI_buffer.o
 .debug_macro   0x00012511       0xac ./source/buffer/circular_buffer.o
 .debug_macro   0x000125bd       0xe8 ./source/UART/uart.o
 .debug_macro   0x000126a5       0x10 ./source/UART/uart.o
 .debug_macro   0x000126b5       0x40 ./source/UART/uart.o
 .debug_macro   0x000126f5      0x31f ./source/SPI/SPI.o
 .debug_macro   0x00012a14       0x3a ./source/SPI/SPI.o
 .debug_macro   0x00012a4e       0x10 ./source/SPI/SPI.o
 .debug_macro   0x00012a5e       0x10 ./source/SPI/SPI.o
 .debug_macro   0x00012a6e       0xf2 ./source/SBUS/SBUS.o
 .debug_macro   0x00012b60      0x24f ./source/SBUS/SBUSTest.o
 .debug_macro   0x00012daf       0x3a ./source/SBUS/SBUSTest.o
 .debug_macro   0x00012de9       0x10 ./source/SBUS/SBUSTest.o
 .debug_macro   0x00012df9       0x1c ./source/SBUS/SBUSTest.o
 .debug_macro   0x00012e15       0xd3 ./source/PIT/PIT.o
 .debug_macro   0x00012ee8       0x28 ./source/PIT/PIT.o
 .debug_macro   0x00012f10       0xc4 ./source/MCAL/gpio.o
 .debug_macro   0x00012fd4      0x1fd ./source/I2Cm/I2Cm.o
 .debug_macro   0x000131d1       0x10 ./source/I2Cm/I2Cm.o
 .debug_macro   0x000131e1      0x1c5 ./source/FTM/FTM.o
 .debug_macro   0x000133a6       0x22 ./source/FTM/FTM.o
 .debug_macro   0x000133c8       0x9c ./SDK/startup/hardware.o
 .debug_macro   0x00013464       0x9c ./SDK/startup/main.o
 .debug_macro   0x00013500       0x11 ./SDK/startup/semihost_hardfault.o
 .debug_macro   0x00013511       0x29 ./SDK/startup/startup_mk64f12.o
 .debug_macro   0x0001353a       0x80 ./SDK/CMSIS/system_MK64F12.o

.debug_line     0x00000000     0x51c9
 .debug_line    0x00000000      0x232 ./source/timer/SysTick.o
 .debug_line    0x00000232      0x4e1 ./source/timer/timer.o
 .debug_line    0x00000713      0x5c3 ./source/buffer/SPI_buffer.o
 .debug_line    0x00000cd6      0x37c ./source/buffer/circular_buffer.o
 .debug_line    0x00001052      0x4e0 ./source/UART/uart.o
 .debug_line    0x00001532      0xb3d ./source/SPI/SPI.o
 .debug_line    0x0000206f      0x398 ./source/SBUS/SBUS.o
 .debug_line    0x00002407      0x506 ./source/SBUS/SBUSTest.o
 .debug_line    0x0000290d      0x317 ./source/PIT/PIT.o
 .debug_line    0x00002c24      0x4ed ./source/MCAL/gpio.o
 .debug_line    0x00003111      0x788 ./source/I2Cm/I2Cm.o
 .debug_line    0x00003899      0x839 ./source/FTM/FTM.o
 .debug_line    0x000040d2      0x2a7 ./SDK/startup/hardware.o
 .debug_line    0x00004379      0x1b8 ./SDK/startup/main.o
 .debug_line    0x00004531       0x5f ./SDK/startup/semihost_hardfault.o
 .debug_line    0x00004590      0x917 ./SDK/startup/startup_mk64f12.o
 .debug_line    0x00004ea7      0x322 ./SDK/CMSIS/system_MK64F12.o

.debug_str      0x00000000    0x7dac2
 .debug_str     0x00000000    0x773ec ./source/timer/SysTick.o
                              0x775b7 (size before relaxing)
 .debug_str     0x000773ec     0x30b5 ./source/timer/timer.o
                               0x699c (size before relaxing)
 .debug_str     0x0007a4a1     0x1277 ./source/buffer/SPI_buffer.o
                               0x796b (size before relaxing)
 .debug_str     0x0007b718       0xa5 ./source/buffer/circular_buffer.o
                              0x7707d (size before relaxing)
 .debug_str     0x0007b7bd      0x498 ./source/UART/uart.o
                              0x77a0f (size before relaxing)
 .debug_str     0x0007bc55      0x76f ./source/SPI/SPI.o
                              0x7beba (size before relaxing)
 .debug_str     0x0007c3c4      0x10d ./source/SBUS/SBUS.o
                              0x77987 (size before relaxing)
 .debug_str     0x0007c4d1      0x142 ./source/SBUS/SBUSTest.o
                               0x7c96 (size before relaxing)
 .debug_str     0x0007c613      0x229 ./source/PIT/PIT.o
                              0x77bb8 (size before relaxing)
 .debug_str     0x0007c83c      0x1bb ./source/MCAL/gpio.o
                              0x77bf1 (size before relaxing)
 .debug_str     0x0007c9f7      0x2f9 ./source/I2Cm/I2Cm.o
                              0x7aa24 (size before relaxing)
 .debug_str     0x0007ccf0      0x4d2 ./source/FTM/FTM.o
                              0x7aae5 (size before relaxing)
 .debug_str     0x0007d1c2      0x16f ./SDK/startup/hardware.o
                              0x771d6 (size before relaxing)
 .debug_str     0x0007d331       0x1b ./SDK/startup/main.o
                              0x76fa1 (size before relaxing)
 .debug_str     0x0007d34c       0x36 ./SDK/startup/semihost_hardfault.o
                               0x2d4a (size before relaxing)
 .debug_str     0x0007d382      0x6ce ./SDK/startup/startup_mk64f12.o
                               0x35a4 (size before relaxing)
 .debug_str     0x0007da50       0x72 ./SDK/CMSIS/system_MK64F12.o
                              0x770f5 (size before relaxing)

.comment        0x00000000       0x49
 .comment       0x00000000       0x49 ./source/timer/SysTick.o
                                 0x4a (size before relaxing)
 .comment       0x00000049       0x4a ./source/timer/timer.o
 .comment       0x00000049       0x4a ./source/buffer/SPI_buffer.o
 .comment       0x00000049       0x4a ./source/buffer/circular_buffer.o
 .comment       0x00000049       0x4a ./source/UART/uart.o
 .comment       0x00000049       0x4a ./source/SPI/SPI.o
 .comment       0x00000049       0x4a ./source/SBUS/SBUS.o
 .comment       0x00000049       0x4a ./source/SBUS/SBUSTest.o
 .comment       0x00000049       0x4a ./source/PIT/PIT.o
 .comment       0x00000049       0x4a ./source/MCAL/gpio.o
 .comment       0x00000049       0x4a ./source/I2Cm/I2Cm.o
 .comment       0x00000049       0x4a ./source/FTM/FTM.o
 .comment       0x00000049       0x4a ./SDK/startup/hardware.o
 .comment       0x00000049       0x4a ./SDK/startup/main.o
 .comment       0x00000049       0x4a ./SDK/startup/semihost_hardfault.o
 .comment       0x00000049       0x4a ./SDK/startup/startup_mk64f12.o
 .comment       0x00000049       0x4a ./SDK/CMSIS/system_MK64F12.o
 .comment       0x00000049       0x4a c:/nxp/mcuxpressoide_11.6.1_8255/ide/plugins/com.nxp.mcuxpresso.tools.win32_11.6.1.202207200623/tools/bin/../lib/gcc/arm-none-eabi/10.3.1/../../../../arm-none-eabi/lib/thumb/v7e-m+fp/hard\libcr_c.a(memcpy.o)
 .comment       0x00000049       0x4a c:/nxp/mcuxpressoide_11.6.1_8255/ide/plugins/com.nxp.mcuxpresso.tools.win32_11.6.1.202207200623/tools/bin/../lib/gcc/arm-none-eabi/10.3.1/../../../../arm-none-eabi/lib/thumb/v7e-m+fp/hard\libcr_c.a(memset.o)
 .comment       0x00000049       0x4a c:/nxp/mcuxpressoide_11.6.1_8255/ide/plugins/com.nxp.mcuxpresso.tools.win32_11.6.1.202207200623/tools/bin/../lib/gcc/arm-none-eabi/10.3.1/../../../../arm-none-eabi/lib/thumb/v7e-m+fp/hard\libcr_c.a(errno.o)
 .comment       0x00000049       0x4a c:/nxp/mcuxpressoide_11.6.1_8255/ide/plugins/com.nxp.mcuxpresso.tools.win32_11.6.1.202207200623/tools/bin/../lib/gcc/arm-none-eabi/10.3.1/../../../../arm-none-eabi/lib/thumb/v7e-m+fp/hard\libcr_c.a(fpprintf.o)
 .comment       0x00000049       0x4a c:/nxp/mcuxpressoide_11.6.1_8255/ide/plugins/com.nxp.mcuxpresso.tools.win32_11.6.1.202207200623/tools/bin/../lib/gcc/arm-none-eabi/10.3.1/../../../../arm-none-eabi/lib/thumb/v7e-m+fp/hard\libcr_c.a(printf.o)
 .comment       0x00000049       0x4a c:/nxp/mcuxpressoide_11.6.1_8255/ide/plugins/com.nxp.mcuxpresso.tools.win32_11.6.1.202207200623/tools/bin/../lib/gcc/arm-none-eabi/10.3.1/../../../../arm-none-eabi/lib/thumb/v7e-m+fp/hard\libcr_c.a(strlen.o)
 .comment       0x00000049       0x4a c:/nxp/mcuxpressoide_11.6.1_8255/ide/plugins/com.nxp.mcuxpresso.tools.win32_11.6.1.202207200623/tools/bin/../lib/gcc/arm-none-eabi/10.3.1/../../../../arm-none-eabi/lib/thumb/v7e-m+fp/hard\libcr_c.a(_deferredlazyseek.o)
 .comment       0x00000049       0x4a c:/nxp/mcuxpressoide_11.6.1_8255/ide/plugins/com.nxp.mcuxpresso.tools.win32_11.6.1.202207200623/tools/bin/../lib/gcc/arm-none-eabi/10.3.1/../../../../arm-none-eabi/lib/thumb/v7e-m+fp/hard\libcr_c.a(_fflush.o)
 .comment       0x00000049       0x4a c:/nxp/mcuxpressoide_11.6.1_8255/ide/plugins/com.nxp.mcuxpresso.tools.win32_11.6.1.202207200623/tools/bin/../lib/gcc/arm-none-eabi/10.3.1/../../../../arm-none-eabi/lib/thumb/v7e-m+fp/hard\libcr_c.a(_frexpl.o)
 .comment       0x00000049       0x4a c:/nxp/mcuxpressoide_11.6.1_8255/ide/plugins/com.nxp.mcuxpresso.tools.win32_11.6.1.202207200623/tools/bin/../lib/gcc/arm-none-eabi/10.3.1/../../../../arm-none-eabi/lib/thumb/v7e-m+fp/hard\libcr_c.a(_ldexpl.o)
 .comment       0x00000049       0x4a c:/nxp/mcuxpressoide_11.6.1_8255/ide/plugins/com.nxp.mcuxpresso.tools.win32_11.6.1.202207200623/tools/bin/../lib/gcc/arm-none-eabi/10.3.1/../../../../arm-none-eabi/lib/thumb/v7e-m+fp/hard\libcr_c.a(_writebuf.o)
 .comment       0x00000049       0x4a c:/nxp/mcuxpressoide_11.6.1_8255/ide/plugins/com.nxp.mcuxpresso.tools.win32_11.6.1.202207200623/tools/bin/../lib/gcc/arm-none-eabi/10.3.1/../../../../arm-none-eabi/lib/thumb/v7e-m+fp/hard\libcr_c.a(alloc.o)
 .comment       0x00000049       0x4a c:/nxp/mcuxpressoide_11.6.1_8255/ide/plugins/com.nxp.mcuxpresso.tools.win32_11.6.1.202207200623/tools/bin/../lib/gcc/arm-none-eabi/10.3.1/../../../../arm-none-eabi/lib/thumb/v7e-m+fp/hard\libcr_c.a(fseek.o)
 .comment       0x00000049       0x4a c:/nxp/mcuxpressoide_11.6.1_8255/ide/plugins/com.nxp.mcuxpresso.tools.win32_11.6.1.202207200623/tools/bin/../lib/gcc/arm-none-eabi/10.3.1/../../../../arm-none-eabi/lib/thumb/v7e-m+fp/hard\libcr_c.a(ftell.o)
 .comment       0x00000049       0x4a c:/nxp/mcuxpressoide_11.6.1_8255/ide/plugins/com.nxp.mcuxpresso.tools.win32_11.6.1.202207200623/tools/bin/../lib/gcc/arm-none-eabi/10.3.1/../../../../arm-none-eabi/lib/thumb/v7e-m+fp/hard\libcr_c.a(__init_alloc.o)
 .comment       0x00000049       0x4a c:/nxp/mcuxpressoide_11.6.1_8255/ide/plugins/com.nxp.mcuxpresso.tools.win32_11.6.1.202207200623/tools/bin/../lib/gcc/arm-none-eabi/10.3.1/../../../../arm-none-eabi/lib/thumb/v7e-m+fp/hard\libcr_c.a(_cr_sbrk.o)
 .comment       0x00000049       0x4a c:/nxp/mcuxpressoide_11.6.1_8255/ide/plugins/com.nxp.mcuxpresso.tools.win32_11.6.1.202207200623/tools/bin/../lib/gcc/arm-none-eabi/10.3.1/../../../../arm-none-eabi/lib/thumb/v7e-m+fp/hard\libcr_c.a(_cr_check_heap.o)
 .comment       0x00000049       0x4a c:/nxp/mcuxpressoide_11.6.1_8255/ide/plugins/com.nxp.mcuxpresso.tools.win32_11.6.1.202207200623/tools/bin/../lib/gcc/arm-none-eabi/10.3.1/thumb/v7e-m+fp/hard\libcr_eabihelpers.a(double.o)

.ARM.attributes
                0x00000000       0x32
 .ARM.attributes
                0x00000000       0x34 ./source/timer/SysTick.o
 .ARM.attributes
                0x00000034       0x34 ./source/timer/timer.o
 .ARM.attributes
                0x00000068       0x34 ./source/buffer/SPI_buffer.o
 .ARM.attributes
                0x0000009c       0x34 ./source/buffer/circular_buffer.o
 .ARM.attributes
                0x000000d0       0x34 ./source/UART/uart.o
 .ARM.attributes
                0x00000104       0x34 ./source/SPI/SPI.o
 .ARM.attributes
                0x00000138       0x34 ./source/SBUS/SBUS.o
 .ARM.attributes
                0x0000016c       0x34 ./source/SBUS/SBUSTest.o
 .ARM.attributes
                0x000001a0       0x34 ./source/PIT/PIT.o
 .ARM.attributes
                0x000001d4       0x34 ./source/MCAL/gpio.o
 .ARM.attributes
                0x00000208       0x34 ./source/I2Cm/I2Cm.o
 .ARM.attributes
                0x0000023c       0x34 ./source/FTM/FTM.o
 .ARM.attributes
                0x00000270       0x34 ./SDK/startup/hardware.o
 .ARM.attributes
                0x000002a4       0x34 ./SDK/startup/main.o
 .ARM.attributes
                0x000002d8       0x34 ./SDK/startup/semihost_hardfault.o
 .ARM.attributes
                0x0000030c       0x34 ./SDK/startup/startup_mk64f12.o
 .ARM.attributes
                0x00000340       0x34 ./SDK/CMSIS/system_MK64F12.o
 .ARM.attributes
                0x00000374       0x34 c:/nxp/mcuxpressoide_11.6.1_8255/ide/plugins/com.nxp.mcuxpresso.tools.win32_11.6.1.202207200623/tools/bin/../lib/gcc/arm-none-eabi/10.3.1/../../../../arm-none-eabi/lib/thumb/v7e-m+fp/hard\libcr_c.a(memcpy.o)
 .ARM.attributes
                0x000003a8       0x34 c:/nxp/mcuxpressoide_11.6.1_8255/ide/plugins/com.nxp.mcuxpresso.tools.win32_11.6.1.202207200623/tools/bin/../lib/gcc/arm-none-eabi/10.3.1/../../../../arm-none-eabi/lib/thumb/v7e-m+fp/hard\libcr_c.a(memset.o)
 .ARM.attributes
                0x000003dc       0x34 c:/nxp/mcuxpressoide_11.6.1_8255/ide/plugins/com.nxp.mcuxpresso.tools.win32_11.6.1.202207200623/tools/bin/../lib/gcc/arm-none-eabi/10.3.1/../../../../arm-none-eabi/lib/thumb/v7e-m+fp/hard\libcr_c.a(errno.o)
 .ARM.attributes
                0x00000410       0x34 c:/nxp/mcuxpressoide_11.6.1_8255/ide/plugins/com.nxp.mcuxpresso.tools.win32_11.6.1.202207200623/tools/bin/../lib/gcc/arm-none-eabi/10.3.1/../../../../arm-none-eabi/lib/thumb/v7e-m+fp/hard\libcr_c.a(fpprintf.o)
 .ARM.attributes
                0x00000444       0x34 c:/nxp/mcuxpressoide_11.6.1_8255/ide/plugins/com.nxp.mcuxpresso.tools.win32_11.6.1.202207200623/tools/bin/../lib/gcc/arm-none-eabi/10.3.1/../../../../arm-none-eabi/lib/thumb/v7e-m+fp/hard\libcr_c.a(printf.o)
 .ARM.attributes
                0x00000478       0x34 c:/nxp/mcuxpressoide_11.6.1_8255/ide/plugins/com.nxp.mcuxpresso.tools.win32_11.6.1.202207200623/tools/bin/../lib/gcc/arm-none-eabi/10.3.1/../../../../arm-none-eabi/lib/thumb/v7e-m+fp/hard\libcr_c.a(strlen.o)
 .ARM.attributes
                0x000004ac       0x34 c:/nxp/mcuxpressoide_11.6.1_8255/ide/plugins/com.nxp.mcuxpresso.tools.win32_11.6.1.202207200623/tools/bin/../lib/gcc/arm-none-eabi/10.3.1/../../../../arm-none-eabi/lib/thumb/v7e-m+fp/hard\libcr_c.a(_deferredlazyseek.o)
 .ARM.attributes
                0x000004e0       0x34 c:/nxp/mcuxpressoide_11.6.1_8255/ide/plugins/com.nxp.mcuxpresso.tools.win32_11.6.1.202207200623/tools/bin/../lib/gcc/arm-none-eabi/10.3.1/../../../../arm-none-eabi/lib/thumb/v7e-m+fp/hard\libcr_c.a(_fflush.o)
 .ARM.attributes
                0x00000514       0x34 c:/nxp/mcuxpressoide_11.6.1_8255/ide/plugins/com.nxp.mcuxpresso.tools.win32_11.6.1.202207200623/tools/bin/../lib/gcc/arm-none-eabi/10.3.1/../../../../arm-none-eabi/lib/thumb/v7e-m+fp/hard\libcr_c.a(_frexpl.o)
 .ARM.attributes
                0x00000548       0x34 c:/nxp/mcuxpressoide_11.6.1_8255/ide/plugins/com.nxp.mcuxpresso.tools.win32_11.6.1.202207200623/tools/bin/../lib/gcc/arm-none-eabi/10.3.1/../../../../arm-none-eabi/lib/thumb/v7e-m+fp/hard\libcr_c.a(_ldexpl.o)
 .ARM.attributes
                0x0000057c       0x34 c:/nxp/mcuxpressoide_11.6.1_8255/ide/plugins/com.nxp.mcuxpresso.tools.win32_11.6.1.202207200623/tools/bin/../lib/gcc/arm-none-eabi/10.3.1/../../../../arm-none-eabi/lib/thumb/v7e-m+fp/hard\libcr_c.a(_writebuf.o)
 .ARM.attributes
                0x000005b0       0x34 c:/nxp/mcuxpressoide_11.6.1_8255/ide/plugins/com.nxp.mcuxpresso.tools.win32_11.6.1.202207200623/tools/bin/../lib/gcc/arm-none-eabi/10.3.1/../../../../arm-none-eabi/lib/thumb/v7e-m+fp/hard\libcr_c.a(alloc.o)
 .ARM.attributes
                0x000005e4       0x34 c:/nxp/mcuxpressoide_11.6.1_8255/ide/plugins/com.nxp.mcuxpresso.tools.win32_11.6.1.202207200623/tools/bin/../lib/gcc/arm-none-eabi/10.3.1/../../../../arm-none-eabi/lib/thumb/v7e-m+fp/hard\libcr_c.a(fseek.o)
 .ARM.attributes
                0x00000618       0x34 c:/nxp/mcuxpressoide_11.6.1_8255/ide/plugins/com.nxp.mcuxpresso.tools.win32_11.6.1.202207200623/tools/bin/../lib/gcc/arm-none-eabi/10.3.1/../../../../arm-none-eabi/lib/thumb/v7e-m+fp/hard\libcr_c.a(ftell.o)
 .ARM.attributes
                0x0000064c       0x34 c:/nxp/mcuxpressoide_11.6.1_8255/ide/plugins/com.nxp.mcuxpresso.tools.win32_11.6.1.202207200623/tools/bin/../lib/gcc/arm-none-eabi/10.3.1/../../../../arm-none-eabi/lib/thumb/v7e-m+fp/hard\libcr_c.a(__init_alloc.o)
 .ARM.attributes
                0x00000680       0x34 c:/nxp/mcuxpressoide_11.6.1_8255/ide/plugins/com.nxp.mcuxpresso.tools.win32_11.6.1.202207200623/tools/bin/../lib/gcc/arm-none-eabi/10.3.1/../../../../arm-none-eabi/lib/thumb/v7e-m+fp/hard\libcr_c.a(_cr_sbrk.o)
 .ARM.attributes
                0x000006b4       0x34 c:/nxp/mcuxpressoide_11.6.1_8255/ide/plugins/com.nxp.mcuxpresso.tools.win32_11.6.1.202207200623/tools/bin/../lib/gcc/arm-none-eabi/10.3.1/../../../../arm-none-eabi/lib/thumb/v7e-m+fp/hard\libcr_c.a(_cr_check_heap.o)
 .ARM.attributes
                0x000006e8       0x20 c:/nxp/mcuxpressoide_11.6.1_8255/ide/plugins/com.nxp.mcuxpresso.tools.win32_11.6.1.202207200623/tools/bin/../lib/gcc/arm-none-eabi/10.3.1/thumb/v7e-m+fp/hard\libcr_eabihelpers.a(division_64.o)
 .ARM.attributes
                0x00000708       0x20 c:/nxp/mcuxpressoide_11.6.1_8255/ide/plugins/com.nxp.mcuxpresso.tools.win32_11.6.1.202207200623/tools/bin/../lib/gcc/arm-none-eabi/10.3.1/thumb/v7e-m+fp/hard\libcr_eabihelpers.a(division_idiv0.o)
 .ARM.attributes
                0x00000728       0x34 c:/nxp/mcuxpressoide_11.6.1_8255/ide/plugins/com.nxp.mcuxpresso.tools.win32_11.6.1.202207200623/tools/bin/../lib/gcc/arm-none-eabi/10.3.1/thumb/v7e-m+fp/hard\libcr_eabihelpers.a(double.o)
 .ARM.attributes
                0x0000075c       0x20 c:/nxp/mcuxpressoide_11.6.1_8255/ide/plugins/com.nxp.mcuxpresso.tools.win32_11.6.1.202207200623/tools/bin/../lib/gcc/arm-none-eabi/10.3.1/thumb/v7e-m+fp/hard\libcr_eabihelpers.a(memcpy.o)
 .ARM.attributes
                0x0000077c       0x20 c:/nxp/mcuxpressoide_11.6.1_8255/ide/plugins/com.nxp.mcuxpresso.tools.win32_11.6.1.202207200623/tools/bin/../lib/gcc/arm-none-eabi/10.3.1/../../../../arm-none-eabi/lib/thumb/v7e-m+fp/hard\libcr_semihost_nf.a(__sys_appexit.o)
 .ARM.attributes
                0x0000079c       0x20 c:/nxp/mcuxpressoide_11.6.1_8255/ide/plugins/com.nxp.mcuxpresso.tools.win32_11.6.1.202207200623/tools/bin/../lib/gcc/arm-none-eabi/10.3.1/../../../../arm-none-eabi/lib/thumb/v7e-m+fp/hard\libcr_semihost_nf.a(__sys_flen.o)
 .ARM.attributes
                0x000007bc       0x20 c:/nxp/mcuxpressoide_11.6.1_8255/ide/plugins/com.nxp.mcuxpresso.tools.win32_11.6.1.202207200623/tools/bin/../lib/gcc/arm-none-eabi/10.3.1/../../../../arm-none-eabi/lib/thumb/v7e-m+fp/hard\libcr_semihost_nf.a(__sys_istty.o)
 .ARM.attributes
                0x000007dc       0x20 c:/nxp/mcuxpressoide_11.6.1_8255/ide/plugins/com.nxp.mcuxpresso.tools.win32_11.6.1.202207200623/tools/bin/../lib/gcc/arm-none-eabi/10.3.1/../../../../arm-none-eabi/lib/thumb/v7e-m+fp/hard\libcr_semihost_nf.a(__sys_seek.o)
 .ARM.attributes
                0x000007fc       0x20 c:/nxp/mcuxpressoide_11.6.1_8255/ide/plugins/com.nxp.mcuxpresso.tools.win32_11.6.1.202207200623/tools/bin/../lib/gcc/arm-none-eabi/10.3.1/../../../../arm-none-eabi/lib/thumb/v7e-m+fp/hard\libcr_semihost_nf.a(__sys_write.o)

.debug_frame    0x00000000     0x1970
 .debug_frame   0x00000000       0x88 ./source/timer/SysTick.o
 .debug_frame   0x00000088      0x10c ./source/timer/timer.o
 .debug_frame   0x00000194      0x148 ./source/buffer/SPI_buffer.o
 .debug_frame   0x000002dc      0x140 ./source/buffer/circular_buffer.o
 .debug_frame   0x0000041c      0x1e8 ./source/UART/uart.o
 .debug_frame   0x00000604      0x154 ./source/SPI/SPI.o
 .debug_frame   0x00000758       0xac ./source/SBUS/SBUS.o
 .debug_frame   0x00000804       0x58 ./source/SBUS/SBUSTest.o
 .debug_frame   0x0000085c      0x15c ./source/PIT/PIT.o
 .debug_frame   0x000009b8      0x214 ./source/MCAL/gpio.o
 .debug_frame   0x00000bcc      0x128 ./source/I2Cm/I2Cm.o
 .debug_frame   0x00000cf4      0x248 ./source/FTM/FTM.o
 .debug_frame   0x00000f3c       0x70 ./SDK/startup/hardware.o
 .debug_frame   0x00000fac       0x2c ./SDK/startup/main.o
 .debug_frame   0x00000fd8       0x20 ./SDK/startup/semihost_hardfault.o
 .debug_frame   0x00000ff8      0x904 ./SDK/startup/startup_mk64f12.o
 .debug_frame   0x000018fc       0x74 ./SDK/CMSIS/system_MK64F12.o
