Archive member included to satisfy reference by file (symbol)

C:\Users\sch_b\OneDrive\Documentos\QUADCOPTER\Quadcopter\TPQUAD\SDK\CMSIS\DSP\libarm_cortexM4lf_math.a(arm_sin_f32.o)
                              ./source/App.o (arm_sin_f32)
C:\Users\sch_b\OneDrive\Documentos\QUADCOPTER\Quadcopter\TPQUAD\SDK\CMSIS\DSP\libarm_cortexM4lf_math.a(arm_cos_f32.o)
                              ./source/App.o (arm_cos_f32)
C:\Users\sch_b\OneDrive\Documentos\QUADCOPTER\Quadcopter\TPQUAD\SDK\CMSIS\DSP\libarm_cortexM4lf_math.a(arm_common_tables.o)
                              C:\Users\sch_b\OneDrive\Documentos\QUADCOPTER\Quadcopter\TPQUAD\SDK\CMSIS\DSP\libarm_cortexM4lf_math.a(arm_sin_f32.o) (sinTable_f32)
c:/nxp/mcuxpressoide_11.6.1_8255/ide/plugins/com.nxp.mcuxpresso.tools.win32_11.6.1.202207200623/tools/bin/../lib/gcc/arm-none-eabi/10.3.1/../../../../arm-none-eabi/lib/thumb/v7e-m+fp/hard\libcr_c.a(asinf.o)
                              ./source/Fusion/FusionAhrs.o (asinf)
c:/nxp/mcuxpressoide_11.6.1_8255/ide/plugins/com.nxp.mcuxpresso.tools.win32_11.6.1.202207200623/tools/bin/../lib/gcc/arm-none-eabi/10.3.1/../../../../arm-none-eabi/lib/thumb/v7e-m+fp/hard\libcr_c.a(atan2f.o)
                              ./source/Fusion/FusionAhrs.o (atan2f)
c:/nxp/mcuxpressoide_11.6.1_8255/ide/plugins/com.nxp.mcuxpresso.tools.win32_11.6.1.202207200623/tools/bin/../lib/gcc/arm-none-eabi/10.3.1/../../../../arm-none-eabi/lib/thumb/v7e-m+fp/hard\libcr_c.a(atanf.o)
                              c:/nxp/mcuxpressoide_11.6.1_8255/ide/plugins/com.nxp.mcuxpresso.tools.win32_11.6.1.202207200623/tools/bin/../lib/gcc/arm-none-eabi/10.3.1/../../../../arm-none-eabi/lib/thumb/v7e-m+fp/hard\libcr_c.a(atan2f.o) (atanf)
c:/nxp/mcuxpressoide_11.6.1_8255/ide/plugins/com.nxp.mcuxpresso.tools.win32_11.6.1.202207200623/tools/bin/../lib/gcc/arm-none-eabi/10.3.1/../../../../arm-none-eabi/lib/thumb/v7e-m+fp/hard\libcr_c.a(cosf.o)
                              ./source/Fusion/FusionAhrs.o (cosf)
c:/nxp/mcuxpressoide_11.6.1_8255/ide/plugins/com.nxp.mcuxpresso.tools.win32_11.6.1.202207200623/tools/bin/../lib/gcc/arm-none-eabi/10.3.1/../../../../arm-none-eabi/lib/thumb/v7e-m+fp/hard\libcr_c.a(fabsf.o)
                              c:/nxp/mcuxpressoide_11.6.1_8255/ide/plugins/com.nxp.mcuxpresso.tools.win32_11.6.1.202207200623/tools/bin/../lib/gcc/arm-none-eabi/10.3.1/../../../../arm-none-eabi/lib/thumb/v7e-m+fp/hard\libcr_c.a(atan2f.o) (fabsf)
c:/nxp/mcuxpressoide_11.6.1_8255/ide/plugins/com.nxp.mcuxpresso.tools.win32_11.6.1.202207200623/tools/bin/../lib/gcc/arm-none-eabi/10.3.1/../../../../arm-none-eabi/lib/thumb/v7e-m+fp/hard\libcr_c.a(powf.o)
                              ./source/Fusion/FusionAhrs.o (powf)
c:/nxp/mcuxpressoide_11.6.1_8255/ide/plugins/com.nxp.mcuxpresso.tools.win32_11.6.1.202207200623/tools/bin/../lib/gcc/arm-none-eabi/10.3.1/../../../../arm-none-eabi/lib/thumb/v7e-m+fp/hard\libcr_c.a(sinf.o)
                              ./source/Fusion/FusionAhrs.o (sinf)
c:/nxp/mcuxpressoide_11.6.1_8255/ide/plugins/com.nxp.mcuxpresso.tools.win32_11.6.1.202207200623/tools/bin/../lib/gcc/arm-none-eabi/10.3.1/../../../../arm-none-eabi/lib/thumb/v7e-m+fp/hard\libcr_c.a(sqrtf_m4_hardfp.o)
                              ./source/Fusion/FusionAhrs.o (sqrtf)
c:/nxp/mcuxpressoide_11.6.1_8255/ide/plugins/com.nxp.mcuxpresso.tools.win32_11.6.1.202207200623/tools/bin/../lib/gcc/arm-none-eabi/10.3.1/../../../../arm-none-eabi/lib/thumb/v7e-m+fp/hard\libcr_c.a(memcpy.o)
                              ./source/buffer/SPI_buffer.o (memcpy)
c:/nxp/mcuxpressoide_11.6.1_8255/ide/plugins/com.nxp.mcuxpresso.tools.win32_11.6.1.202207200623/tools/bin/../lib/gcc/arm-none-eabi/10.3.1/../../../../arm-none-eabi/lib/thumb/v7e-m+fp/hard\libcr_c.a(memset.o)
                              ./source/Sensores/MPU6050.o (memset)
c:/nxp/mcuxpressoide_11.6.1_8255/ide/plugins/com.nxp.mcuxpresso.tools.win32_11.6.1.202207200623/tools/bin/../lib/gcc/arm-none-eabi/10.3.1/../../../../arm-none-eabi/lib/thumb/v7e-m+fp/hard\libcr_c.a(cos.o)
                              ./source/App.o (cos)
c:/nxp/mcuxpressoide_11.6.1_8255/ide/plugins/com.nxp.mcuxpresso.tools.win32_11.6.1.202207200623/tools/bin/../lib/gcc/arm-none-eabi/10.3.1/../../../../arm-none-eabi/lib/thumb/v7e-m+fp/hard\libcr_c.a(errno.o)
                              c:/nxp/mcuxpressoide_11.6.1_8255/ide/plugins/com.nxp.mcuxpresso.tools.win32_11.6.1.202207200623/tools/bin/../lib/gcc/arm-none-eabi/10.3.1/../../../../arm-none-eabi/lib/thumb/v7e-m+fp/hard\libcr_c.a(atan2f.o) (errno)
c:/nxp/mcuxpressoide_11.6.1_8255/ide/plugins/com.nxp.mcuxpresso.tools.win32_11.6.1.202207200623/tools/bin/../lib/gcc/arm-none-eabi/10.3.1/../../../../arm-none-eabi/lib/thumb/v7e-m+fp/hard\libcr_c.a(fabs.o)
                              ./source/Fusion/FusionOffset.o (fabs)
[...]
Memory Configuration

Name             Origin             Length             Attributes
PROGRAM_FLASH    0x00000000         0x00100000         xr
SRAM_UPPER       0x20000000         0x00030000         xrw
SRAM_LOWER       0x1fff0000         0x00010000         xrw
FLEX_RAM         0x14000000         0x00001000         xrw
*default*        0x00000000         0xffffffff

Linker script and memory map

LOAD ./source/timer/SysTick.o
LOAD ./source/timer/timer.o
LOAD ./source/event_queue/event_queue.o
LOAD ./source/buffer/SPI_buffer.o
LOAD ./source/buffer/circular_buffer.o
LOAD ./source/buffer/circular_buffer_16.o
LOAD ./source/buffer/generic_circular_buffer.o
LOAD ./source/UART/uart.o
LOAD ./source/Sistema de Control/MatrixOps.o
LOAD ./source/Sistema de Control/SistemaDeControl.o
LOAD ./source/Sensores/MPU6050.o
LOAD ./source/Sensores/MPU9250_SPI.o
LOAD ./source/SPI/SPI.o
LOAD ./source/PIT/PIT.o
LOAD ./source/MCAL/gpio.o
LOAD ./source/I2Cm/I2Cm.o
LOAD ./source/Fusion/FusionAhrs.o
LOAD ./source/Fusion/FusionCompass.o
LOAD ./source/Fusion/FusionOffset.o
LOAD ./source/FTM/FTM.o
LOAD ./source/ESCDriver/ESCDriver.o
LOAD ./source/ControlPC/ControlPC.o
LOAD ./source/CMP/CMP.o
LOAD ./source/CAN/CAN.o
LOAD ./source/Biquad/Biquad.o
LOAD ./source/ADC/ADC.o
LOAD ./source/ADC/ADC_hal.o
LOAD ./source/App.o
LOAD ./SDK/startup/hardware.o
LOAD ./SDK/startup/main.o
LOAD ./SDK/startup/semihost_hardfault.o
LOAD ./SDK/startup/startup_mk64f12.o
LOAD ./SDK/CMSIS/system_MK64F12.o
LOAD C:\Users\sch_b\OneDrive\Documentos\QUADCOPTER\Quadcopter\TPQUAD\SDK\CMSIS\DSP\libarm_cortexM4lf_math.a
START GROUP
LOAD c:/nxp/mcuxpressoide_11.6.1_8255/ide/plugins/com.nxp.mcuxpresso.tools.win32_11.6.1.202207200623/tools/bin/../lib/gcc/arm-none-eabi/10.3.1/../../../../arm-none-eabi/lib/thumb/v7e-m+fp/hard\libcr_semihost_nf.a
LOAD c:/nxp/mcuxpressoide_11.6.1_8255/ide/plugins/com.nxp.mcuxpresso.tools.win32_11.6.1.202207200623/tools/bin/../lib/gcc/arm-none-eabi/10.3.1/../../../../arm-none-eabi/lib/thumb/v7e-m+fp/hard\libcr_c.a
LOAD c:/nxp/mcuxpressoide_11.6.1_8255/ide/plugins/com.nxp.mcuxpresso.tools.win32_11.6.1.202207200623/tools/bin/../lib/gcc/arm-none-eabi/10.3.1/thumb/v7e-m+fp/hard\libcr_eabihelpers.a
LOAD c:/nxp/mcuxpressoide_11.6.1_8255/ide/plugins/com.nxp.mcuxpresso.tools.win32_11.6.1.202207200623/tools/bin/../lib/gcc/arm-none-eabi/10.3.1/thumb/v7e-m+fp/hard\libgcc.a
END GROUP
                0x00000000                __base_PROGRAM_FLASH = 0x0
                0x00000000                __base_Flash = 0x0
                0x00100000                __top_PROGRAM_FLASH = 0x100000
                0x00100000                __top_Flash = 0x100000
                0x20000000                __base_SRAM_UPPER = 0x20000000
                0x20000000                __base_RAM = 0x20000000
                0x20030000                __top_SRAM_UPPER = 0x20030000
                0x20030000                __top_RAM = 0x20030000
                0x1fff0000                __base_SRAM_LOWER = 0x1fff0000
                0x1fff0000                __base_RAM2 = 0x1fff0000
                0x20000000                __top_SRAM_LOWER = 0x20000000
                0x20000000                __top_RAM2 = 0x20000000
                0x14000000                __base_FLEX_RAM = 0x14000000
                0x14000000                __base_RAM3 = 0x14000000
                0x14001000                __top_FLEX_RAM = 0x14001000
                0x14001000                __top_RAM3 = 0x14001000

.text           0x00000000     0x79c0
 FILL mask 0xff
                0x00000000                __vectors_start__ = ABSOLUTE (.)
 *(SORT_BY_ALIGNMENT(.isr_vector))
 .isr_vector    0x00000000      0x198 ./SDK/startup/startup_mk64f12.o
                0x00000000                g_pfnVectors
                0x00000000                __Vectors
                0x00000198                . = ALIGN (0x4)
                0x00000198                __section_table_start = .
                0x00000198                __data_section_table = .
                0x00000198        0x4 LONG 0x79c0 LOADADDR (.data)
                0x0000019c        0x4 LONG 0x20000000 ADDR (.data)
                0x000001a0        0x4 LONG 0x18 SIZEOF (.data)
                0x000001a4        0x4 LONG 0x79c0 LOADADDR (.data_RAM2)
                0x000001a8        0x4 LONG 0x1fff0000 ADDR (.data_RAM2)
                0x000001ac        0x4 LONG 0x0 SIZEOF (.data_RAM2)
                0x000001b0        0x4 LONG 0x79c0 LOADADDR (.data_RAM3)
                0x000001b4        0x4 LONG 0x14000000 ADDR (.data_RAM3)
                0x000001b8        0x4 LONG 0x0 SIZEOF (.data_RAM3)
                0x000001bc                __data_section_table_end = .
                0x000001bc                __bss_section_table = .
                0x000001bc        0x4 LONG 0x20000018 ADDR (.bss)
                0x000001c0        0x4 LONG 0x10d8 SIZEOF (.bss)
                0x000001c4        0x4 LONG 0x1fff0000 ADDR (.bss_RAM2)
                0x000001c8        0x4 LONG 0x0 SIZEOF (.bss_RAM2)
                0x000001cc        0x4 LONG 0x14000000 ADDR (.bss_RAM3)
                0x000001d0        0x4 LONG 0x0 SIZEOF (.bss_RAM3)
                0x000001d4                __bss_section_table_end = .
                0x000001d4                __section_table_end = .
 *(SORT_BY_ALIGNMENT(.after_vectors*))
 .after_vectors.reset
                0x000001d4       0x4c ./SDK/startup/startup_mk64f12.o
                0x000001d4                ResetISR
 .after_vectors.init_data
                0x00000220       0x1e ./SDK/startup/startup_mk64f12.o
                0x00000220                data_init
 .after_vectors.init_bss
                0x0000023e       0x12 ./SDK/startup/startup_mk64f12.o
                0x0000023e                bss_init
 .after_vectors
                0x00000250       0x14 ./SDK/startup/startup_mk64f12.o
                0x00000250                NMI_Handler
                0x00000254                MemManage_Handler
                0x00000256                BusFault_Handler
                0x00000258                UsageFault_Handler
                0x0000025a                SVC_Handler
                0x0000025c                DebugMon_Handler
                0x0000025e                PendSV_Handler
                0x00000262                DMA_Error_DriverIRQHandler
                0x00000262                LPTMR0_DriverIRQHandler
                0x00000262                FTM1_DriverIRQHandler
                0x00000262                FTM2_DriverIRQHandler
                0x00000262                PIT2_DriverIRQHandler
                0x00000262                SDHC_DriverIRQHandler
                0x00000262                I2S0_Tx_DriverIRQHandler
                0x00000262                RTC_Seconds_DriverIRQHandler
                0x00000262                DMA6_DriverIRQHandler
                0x00000262                LLWU_DriverIRQHandler
                0x00000262                MCM_DriverIRQHandler
                0x00000262                MCG_DriverIRQHandler
                0x00000262                ENET_1588_Timer_DriverIRQHandler
                0x00000262                I2C2_DriverIRQHandler
                0x00000262                DAC1_DriverIRQHandler
                0x00000262                SPI1_DriverIRQHandler
                0x00000262                CMP1_DriverIRQHandler
                0x00000262                UART5_RX_TX_DriverIRQHandler
                0x00000262                FTM0_DriverIRQHandler
                0x00000262                IntDefaultHandler
                0x00000262                USB0_DriverIRQHandler
                0x00000262                UART5_ERR_DriverIRQHandler
                0x00000262                PORTC_DriverIRQHandler
                0x00000262                DMA11_DriverIRQHandler
                0x00000262                DAC0_DriverIRQHandler
                0x00000262                DMA10_DriverIRQHandler
                0x00000262                CMP2_DriverIRQHandler
                0x00000262                UART2_ERR_DriverIRQHandler
                0x00000262                SPI2_DriverIRQHandler
                0x00000262                LVD_LVW_DriverIRQHandler
                0x00000262                PIT0_DriverIRQHandler
                0x00000262                RNG_DriverIRQHandler
                0x00000262                DMA5_DriverIRQHandler
                0x00000262                DMA12_DriverIRQHandler
                0x00000262                UART2_RX_TX_DriverIRQHandler
                0x00000262                USBDCD_DriverIRQHandler
                0x00000262                UART3_ERR_DriverIRQHandler
                0x00000262                DMA3_DriverIRQHandler
                0x00000262                DMA8_DriverIRQHandler
                0x00000262                DMA9_DriverIRQHandler
                0x00000262                UART0_ERR_DriverIRQHandler
                0x00000262                CMT_DriverIRQHandler
                0x00000262                Reserved71_DriverIRQHandler
                0x00000262                ADC1_DriverIRQHandler
                0x00000262                PORTA_DriverIRQHandler
                0x00000262                DMA14_DriverIRQHandler
                0x00000262                PIT3_DriverIRQHandler
                0x00000262                PIT1_DriverIRQHandler
                0x00000262                WDOG_EWM_DriverIRQHandler
                0x00000262                PDB0_DriverIRQHandler
                0x00000262                RTC_DriverIRQHandler
                0x00000262                I2S0_Rx_DriverIRQHandler
                0x00000262                Read_Collision_DriverIRQHandler
                0x00000262                SWI_DriverIRQHandler
                0x00000262                UART4_RX_TX_DriverIRQHandler
                0x00000262                UART4_ERR_DriverIRQHandler
                0x00000262                PORTB_DriverIRQHandler
                0x00000262                UART0_LON_DriverIRQHandler
                0x00000262                DMA0_DriverIRQHandler
                0x00000262                DMA1_DriverIRQHandler
                0x00000262                I2C1_DriverIRQHandler
                0x00000262                UART3_RX_TX_DriverIRQHandler
                0x00000262                ENET_Receive_DriverIRQHandler
                0x00000262                DMA13_DriverIRQHandler
                0x00000262                ENET_Error_DriverIRQHandler
                0x00000262                DMA15_DriverIRQHandler
                0x00000262                UART0_RX_TX_DriverIRQHandler
                0x00000262                SPI0_DriverIRQHandler
                0x00000262                ADC0_DriverIRQHandler
                0x00000262                CMP0_DriverIRQHandler
                0x00000262                CAN0_DriverIRQHandler
                0x00000262                FTM3_DriverIRQHandler
                0x00000262                DMA4_DriverIRQHandler
                0x00000262                UART1_ERR_DriverIRQHandler
                0x00000262                DMA2_DriverIRQHandler
                0x00000262                ENET_Transmit_DriverIRQHandler
                0x00000262                PORTD_DriverIRQHandler
                0x00000262                PORTE_DriverIRQHandler
                0x00000262                FTFE_DriverIRQHandler
                0x00000262                I2C0_DriverIRQHandler
                0x00000262                DMA7_DriverIRQHandler
                0x00000262                UART1_RX_TX_DriverIRQHandler
                0x00000400                . = 0x400
 *fill*         0x00000264      0x19c ff
                0x00000400                PROVIDE (__FLASH_CONFIG_START__ = .)
 *(SORT_BY_ALIGNMENT(.FlashConfig))
 .FlashConfig   0x00000400       0x10 ./SDK/startup/startup_mk64f12.o
                0x00000400                Flash_Config
                0x00000410                PROVIDE (__FLASH_CONFIG_END__ = .)
                0x00000001                ASSERT (! ((__FLASH_CONFIG_START__ == __FLASH_CONFIG_END__)), Linker Flash Config Support Enabled, but no .FlashConfig section provided within application)
 *(SORT_BY_ALIGNMENT(.text*))
 .text.calibrateMPU6050
                0x00000410      0x2b4 ./source/Sensores/MPU6050.o
                0x00000410                calibrateMPU6050
 *fill*         0x000006c4        0x4 ff
 .text.mpu6050_raw2trueGyro
                0x000006c8      0x12c ./source/Sensores/MPU6050.o
 *fill*         0x000007f4        0x4 ff
 .text.mpu6050_raw2trueAcc
                0x000007f8      0x15c ./source/Sensores/MPU6050.o
 *fill*         0x00000954        0x4 ff
 .text.ESCSetSpeed
                0x00000958       0xa8 ./source/ESCDriver/ESCDriver.o
                0x00000958                ESCSetSpeed
 .text.BiQuad_init
                0x00000a00      0x114 ./source/Biquad/Biquad.o
                0x00000a00                BiQuad_init
 *fill*         0x00000b14        0x4 ff
 .text.getEulerAnglesRatesFAST
                0x00000b18      0x350 ./source/App.o
 .text.fp_display
                0x00000e68      0x964 c:/nxp/mcuxpressoide_11.6.1_8255/ide/plugins/com.nxp.mcuxpresso.tools.win32_11.6.1.202207200623/tools/bin/../lib/gcc/arm-none-eabi/10.3.1/../../../../arm-none-eabi/lib/thumb/v7e-m+fp/hard\libcr_c.a(fpprintf.o)
 *fill*         0x000017cc        0x4 ff
 .text._sincosf
                0x000017d0      0x138 c:/nxp/mcuxpressoide_11.6.1_8255/ide/plugins/com.nxp.mcuxpresso.tools.win32_11.6.1.202207200623/tools/bin/../lib/gcc/arm-none-eabi/10.3.1/../../../../arm-none-eabi/lib/thumb/v7e-m+fp/hard\libcr_c.a(_sincosf.o)
                0x000017d0                _sincosf
 .text._frexpl  0x00001908       0x68 c:/nxp/mcuxpressoide_11.6.1_8255/ide/plugins/com.nxp.mcuxpresso.tools.win32_11.6.1.202207200623/tools/bin/../lib/gcc/arm-none-eabi/10.3.1/../../../../arm-none-eabi/lib/thumb/v7e-m+fp/hard\libcr_c.a(_frexpl.o)
                0x00001908                _frexpl
 .text._ldexpl  0x00001970       0x5c c:/nxp/mcuxpressoide_11.6.1_8255/ide/plugins/com.nxp.mcuxpresso.tools.win32_11.6.1.202207200623/tools/bin/../lib/gcc/arm-none-eabi/10.3.1/../../../../arm-none-eabi/lib/thumb/v7e-m+fp/hard\libcr_c.a(_ldexpl.o)
                0x00001970                _ldexpl
 .text.__NVIC_EnableIRQ
                0x000019cc       0x3c ./source/timer/SysTick.o
 .text.SysTick_Init
                0x00001a08       0x48 ./source/timer/SysTick.o
                0x00001a08                SysTick_Init
 .text.SysTick_Handler
                0x00001a50       0x24 ./source/timer/SysTick.o
                0x00001a50                SysTick_Handler
 .text.timerInit
                0x00001a74       0x28 ./source/timer/timer.o
                0x00001a74                timerInit
 .text.timerGetId
                0x00001a9c       0x2c ./source/timer/timer.o
                0x00001a9c                timerGetId
 .text.timerStart
                0x00001ac8       0xb8 ./source/timer/timer.o
                0x00001ac8                timerStart
 .text.timerStop
                0x00001b80       0x44 ./source/timer/timer.o
                0x00001b80                timerStop
 .text.timerExpired
                0x00001bc4       0x54 ./source/timer/timer.o
                0x00001bc4                timerExpired
 .text.timer_isr
                0x00001c18       0xe0 ./source/timer/timer.o
 .text.SPIBgetPckg
                0x00001cf8       0x84 ./source/buffer/SPI_buffer.o
                0x00001cf8                SPIBgetPckg
 .text.__NVIC_EnableIRQ
                0x00001d7c       0x3c ./source/UART/uart.o
 .text.uartInit
                0x00001db8      0x1c8 ./source/UART/uart.o
                0x00001db8                uartInit
 .text.uartWriteMsg
                0x00001f80       0x78 ./source/UART/uart.o
                0x00001f80                uartWriteMsg
 .text.UART_Rx_Tx_IRQ
                0x00001ff8       0xd0 ./source/UART/uart.o
 .text.initMPU6050
                0x000020c8      0x32c ./source/Sensores/MPU6050.o
                0x000020c8                initMPU6050
 .text.mpu6050_readAccelData
                0x000023f4       0xb4 ./source/Sensores/MPU6050.o
                0x000023f4                mpu6050_readAccelData
 .text.mpu6050_readGyroData
                0x000024a8       0xa8 ./source/Sensores/MPU6050.o
                0x000024a8                mpu6050_readGyroData
 .text.mpu6050_readGyroData_async
                0x00002550       0x48 ./source/Sensores/MPU6050.o
                0x00002550                mpu6050_readGyroData_async
 .text.mpu6050_readAccelData_async
                0x00002598       0x48 ./source/Sensores/MPU6050.o
                0x00002598                mpu6050_readAccelData_async
 .text.mpu6050_getLastGyroRead
                0x000025e0       0x5c ./source/Sensores/MPU6050.o
                0x000025e0                mpu6050_getLastGyroRead
 .text.mpu6050_getLastAccelRead
                0x0000263c       0x5c ./source/Sensores/MPU6050.o
                0x0000263c                mpu6050_getLastAccelRead
 .text.SPI0_IRQHandler
                0x00002698      0x14c ./source/SPI/SPI.o
                0x00002698                SPI0_IRQHandler
 .text.PIT0_IRQHandler
                0x000027e4       0x40 ./source/PIT/PIT.o
                0x000027e4                PIT0_IRQHandler
 .text.PIT1_IRQHandler
                0x00002824       0x30 ./source/PIT/PIT.o
                0x00002824                PIT1_IRQHandler
 .text.PIT2_IRQHandler
                0x00002854       0x30 ./source/PIT/PIT.o
                0x00002854                PIT2_IRQHandler
 .text.PIT3_IRQHandler
                0x00002884       0x30 ./source/PIT/PIT.o
                0x00002884                PIT3_IRQHandler
 .text.gpioMode
                0x000028b4      0x174 ./source/MCAL/gpio.o
                0x000028b4                gpioMode
 .text.gpioWrite
                0x00002a28       0x68 ./source/MCAL/gpio.o
                0x00002a28                gpioWrite
 .text.gpioToggle
                0x00002a90       0x40 ./source/MCAL/gpio.o
                0x00002a90                gpioToggle
 .text.gpioRead
                0x00002ad0       0x4c ./source/MCAL/gpio.o
                0x00002ad0                gpioRead
 .text.PORTA_IRQHandler
                0x00002b1c       0x64 ./source/MCAL/gpio.o
                0x00002b1c                PORTA_IRQHandler
 .text.PORTB_IRQHandler
                0x00002b80       0x64 ./source/MCAL/gpio.o
                0x00002b80                PORTB_IRQHandler
 .text.PORTC_IRQHandler
                0x00002be4       0x64 ./source/MCAL/gpio.o
                0x00002be4                PORTC_IRQHandler
 .text.PORTD_IRQHandler
                0x00002c48       0x64 ./source/MCAL/gpio.o
                0x00002c48                PORTD_IRQHandler
 .text.PORTE_IRQHandler
                0x00002cac       0x64 ./source/MCAL/gpio.o
                0x00002cac                PORTE_IRQHandler
 .text.__NVIC_EnableIRQ
                0x00002d10       0x3c ./source/I2Cm/I2Cm.o
 .text.I2CmInit
                0x00002d4c       0xf0 ./source/I2Cm/I2Cm.o
                0x00002d4c                I2CmInit
 .text.I2CmStartTransaction
                0x00002e3c      0x248 ./source/I2Cm/I2Cm.o
                0x00002e3c                I2CmStartTransaction
 .text.isI2CBusy
                0x00003084       0x68 ./source/I2Cm/I2Cm.o
                0x00003084                isI2CBusy
 .text.I2C0_IRQHandler
                0x000030ec      0x2cc ./source/I2Cm/I2Cm.o
                0x000030ec                I2C0_IRQHandler
 .text.FusionAhrsInitialise
                0x000033b8       0x68 ./source/Fusion/FusionAhrs.o
                0x000033b8                FusionAhrsInitialise
 .text.FusionAhrsGetQuaternion
                0x00003420       0x24 ./source/Fusion/FusionAhrs.o
                0x00003420                FusionAhrsGetQuaternion
 .text.FusionAhrsGetFlags
                0x00003444       0x40 ./source/Fusion/FusionAhrs.o
                0x00003444                FusionAhrsGetFlags
 .text.FusionAhrsSetHeading
                0x00003484       0xd8 ./source/Fusion/FusionAhrs.o
                0x00003484                FusionAhrsSetHeading
 .text.FusionAhrsUpdate
                0x0000355c      0x46c ./source/Fusion/FusionAhrs.o
                0x0000355c                FusionAhrsUpdate
 .text.FusionAhrsUpdateNoMagnetometer
                0x000039c8       0x50 ./source/Fusion/FusionAhrs.o
                0x000039c8                FusionAhrsUpdateNoMagnetometer
 .text.FusionCompassCalculateHeading
                0x00003a18       0xcc ./source/Fusion/FusionCompass.o
                0x00003a18                FusionCompassCalculateHeading
 .text.FTM0_IRQHandler
                0x00003ae4       0x9c ./source/FTM/FTM.o
                0x00003ae4                FTM0_IRQHandler
 .text.FTM1_IRQHandler
                0x00003b80       0xa4 ./source/FTM/FTM.o
                0x00003b80                FTM1_IRQHandler
 .text.ESCInit  0x00003c24       0xf0 ./source/ESCDriver/ESCDriver.o
                0x00003c24                ESCInit
 .text.ESCDisarm
                0x00003d14       0x4c ./source/ESCDriver/ESCDriver.o
                0x00003d14                ESCDisarm
 .text.ESCCalibrate
                0x00003d60       0xdc ./source/ESCDriver/ESCDriver.o
                0x00003d60                ESCCalibrate
 .text.FusionRadiansToDegrees
                0x00003e3c       0x28 ./source/App.o
 .text.FusionAsin
                0x00003e64       0x58 ./source/App.o
 .text.sendUartMessage3Channels
                0x00003ebc       0x54 ./source/App.o
 .text.App_Init
                0x00003f10       0xd0 ./source/App.o
                0x00003f10                App_Init
 .text.startI2CreadingCallBack
                0x00003fe0       0x24 ./source/App.o
 .text.startI2C_ACCELEROMETER_CallBack
                0x00004004       0x2c ./source/App.o
 .text.App_Run  0x00004030      0x4ac ./source/App.o
                0x00004030                App_Run
 .text.hw_Init  0x000044dc      0x108 ./SDK/startup/hardware.o
                0x000044dc                hw_Init
 .text.hw_EnableInterrupts
                0x000045e4       0x30 ./SDK/startup/hardware.o
                0x000045e4                hw_EnableInterrupts
 .text.hw_DisableInterrupts
                0x00004614       0x20 ./SDK/startup/hardware.o
                0x00004614                hw_DisableInterrupts
 .text.SystemInit
                0x00004634       0x3c ./SDK/CMSIS/system_MK64F12.o
                0x00004634                SystemInit
 .text.arm_sin_f32
                0x00004670       0x8c C:\Users\sch_b\OneDrive\Documentos\QUADCOPTER\Quadcopter\TPQUAD\SDK\CMSIS\DSP\libarm_cortexM4lf_math.a(arm_sin_f32.o)
                0x00004670                arm_sin_f32
 .text.arm_cos_f32
                0x000046fc       0x94 C:\Users\sch_b\OneDrive\Documentos\QUADCOPTER\Quadcopter\TPQUAD\SDK\CMSIS\DSP\libarm_cortexM4lf_math.a(arm_cos_f32.o)
                0x000046fc                arm_cos_f32
 .text.atan2f   0x00004790       0xc0 c:/nxp/mcuxpressoide_11.6.1_8255/ide/plugins/com.nxp.mcuxpresso.tools.win32_11.6.1.202207200623/tools/bin/../lib/gcc/arm-none-eabi/10.3.1/../../../../arm-none-eabi/lib/thumb/v7e-m+fp/hard\libcr_c.a(atan2f.o)
                0x00004790                atan2f
 .text.atanf    0x00004850       0xec c:/nxp/mcuxpressoide_11.6.1_8255/ide/plugins/com.nxp.mcuxpresso.tools.win32_11.6.1.202207200623/tools/bin/../lib/gcc/arm-none-eabi/10.3.1/../../../../arm-none-eabi/lib/thumb/v7e-m+fp/hard\libcr_c.a(atanf.o)
                0x00004850                atanf
 .text.cosf     0x0000493c       0x30 c:/nxp/mcuxpressoide_11.6.1_8255/ide/plugins/com.nxp.mcuxpresso.tools.win32_11.6.1.202207200623/tools/bin/../lib/gcc/arm-none-eabi/10.3.1/../../../../arm-none-eabi/lib/thumb/v7e-m+fp/hard\libcr_c.a(cosf.o)
                0x0000493c                cosf
 .text.sprintf  0x0000496c       0x6c c:/nxp/mcuxpressoide_11.6.1_8255/ide/plugins/com.nxp.mcuxpresso.tools.win32_11.6.1.202207200623/tools/bin/../lib/gcc/arm-none-eabi/10.3.1/../../../../arm-none-eabi/lib/thumb/v7e-m+fp/hard\libcr_c.a(fpprintf.o)
                0x0000496c                sprintf
 .text.__vfprintf
                0x000049d8      0xbf8 c:/nxp/mcuxpressoide_11.6.1_8255/ide/plugins/com.nxp.mcuxpresso.tools.win32_11.6.1.202207200623/tools/bin/../lib/gcc/arm-none-eabi/10.3.1/../../../../arm-none-eabi/lib/thumb/v7e-m+fp/hard\libcr_c.a(printf.o)
                0x000049d8                __vfprintf
 .text._asinacosf
                0x000055d0      0x158 c:/nxp/mcuxpressoide_11.6.1_8255/ide/plugins/com.nxp.mcuxpresso.tools.win32_11.6.1.202207200623/tools/bin/../lib/gcc/arm-none-eabi/10.3.1/../../../../arm-none-eabi/lib/thumb/v7e-m+fp/hard\libcr_c.a(_asinacosf.o)
                0x000055d0                _asinacosf
 .text._Cwritebuf
                0x00005728       0x6c c:/nxp/mcuxpressoide_11.6.1_8255/ide/plugins/com.nxp.mcuxpresso.tools.win32_11.6.1.202207200623/tools/bin/../lib/gcc/arm-none-eabi/10.3.1/../../../../arm-none-eabi/lib/thumb/v7e-m+fp/hard\libcr_c.a(_writebuf.o)
                0x00005728                _Cwritebuf
 .text.malloc   0x00005794       0xc8 c:/nxp/mcuxpressoide_11.6.1_8255/ide/plugins/com.nxp.mcuxpresso.tools.win32_11.6.1.202207200623/tools/bin/../lib/gcc/arm-none-eabi/10.3.1/../../../../arm-none-eabi/lib/thumb/v7e-m+fp/hard\libcr_c.a(alloc.o)
                0x00005794                malloc
 .text._Csys_alloc
                0x0000585c       0x20 c:/nxp/mcuxpressoide_11.6.1_8255/ide/plugins/com.nxp.mcuxpresso.tools.win32_11.6.1.202207200623/tools/bin/../lib/gcc/arm-none-eabi/10.3.1/../../../../arm-none-eabi/lib/thumb/v7e-m+fp/hard\libcr_c.a(alloc.o)
                0x0000585c                _Csys_alloc
 .text.fseek    0x0000587c       0xfc c:/nxp/mcuxpressoide_11.6.1_8255/ide/plugins/com.nxp.mcuxpresso.tools.win32_11.6.1.202207200623/tools/bin/../lib/gcc/arm-none-eabi/10.3.1/../../../../arm-none-eabi/lib/thumb/v7e-m+fp/hard\libcr_c.a(fseek.o)
                0x0000587c                fseek
 .text.ftell    0x00005978       0x44 c:/nxp/mcuxpressoide_11.6.1_8255/ide/plugins/com.nxp.mcuxpresso.tools.win32_11.6.1.202207200623/tools/bin/../lib/gcc/arm-none-eabi/10.3.1/../../../../arm-none-eabi/lib/thumb/v7e-m+fp/hard\libcr_c.a(ftell.o)
                0x00005978                ftell
 .text._sbrk    0x000059bc       0x3c c:/nxp/mcuxpressoide_11.6.1_8255/ide/plugins/com.nxp.mcuxpresso.tools.win32_11.6.1.202207200623/tools/bin/../lib/gcc/arm-none-eabi/10.3.1/../../../../arm-none-eabi/lib/thumb/v7e-m+fp/hard\libcr_c.a(_cr_sbrk.o)
                0x000059bc                _sbrk
 .text.__check_heap_overflow
                0x000059f8       0x18 c:/nxp/mcuxpressoide_11.6.1_8255/ide/plugins/com.nxp.mcuxpresso.tools.win32_11.6.1.202207200623/tools/bin/../lib/gcc/arm-none-eabi/10.3.1/../../../../arm-none-eabi/lib/thumb/v7e-m+fp/hard\libcr_c.a(_cr_check_heap.o)
                0x000059f8                __check_heap_overflow
 .text.__aeabi_dmul
                0x00005a10       0xfc c:/nxp/mcuxpressoide_11.6.1_8255/ide/plugins/com.nxp.mcuxpresso.tools.win32_11.6.1.202207200623/tools/bin/../lib/gcc/arm-none-eabi/10.3.1/thumb/v7e-m+fp/hard\libcr_eabihelpers.a(double.o)
                0x00005a10                __aeabi_dmul
 .text.__aeabi_ddiv
                0x00005b0c      0x138 c:/nxp/mcuxpressoide_11.6.1_8255/ide/plugins/com.nxp.mcuxpresso.tools.win32_11.6.1.202207200623/tools/bin/../lib/gcc/arm-none-eabi/10.3.1/thumb/v7e-m+fp/hard\libcr_eabihelpers.a(double.o)
                0x00005b0c                __aeabi_ddiv
 .text.__aeabi_dsub
                0x00005c44      0x1ac c:/nxp/mcuxpressoide_11.6.1_8255/ide/plugins/com.nxp.mcuxpresso.tools.win32_11.6.1.202207200623/tools/bin/../lib/gcc/arm-none-eabi/10.3.1/thumb/v7e-m+fp/hard\libcr_eabihelpers.a(double.o)
                0x00005c44                __aeabi_dsub
 .text.__aeabi_dadd
                0x00005df0      0x114 c:/nxp/mcuxpressoide_11.6.1_8255/ide/plugins/com.nxp.mcuxpresso.tools.win32_11.6.1.202207200623/tools/bin/../lib/gcc/arm-none-eabi/10.3.1/thumb/v7e-m+fp/hard\libcr_eabihelpers.a(double.o)
                0x00005df0                __aeabi_dadd
 .text.__aeabi_d2f
                0x00005f04       0x58 c:/nxp/mcuxpressoide_11.6.1_8255/ide/plugins/com.nxp.mcuxpresso.tools.win32_11.6.1.202207200623/tools/bin/../lib/gcc/arm-none-eabi/10.3.1/thumb/v7e-m+fp/hard\libcr_eabihelpers.a(double.o)
                0x00005f04                __aeabi_d2f
 .text.__aeabi_f2d
                0x00005f5c       0x38 c:/nxp/mcuxpressoide_11.6.1_8255/ide/plugins/com.nxp.mcuxpresso.tools.win32_11.6.1.202207200623/tools/bin/../lib/gcc/arm-none-eabi/10.3.1/thumb/v7e-m+fp/hard\libcr_eabihelpers.a(float.o)
                0x00005f5c                __aeabi_f2d
 .text.__sys_appexit
                0x00005f94        0xc c:/nxp/mcuxpressoide_11.6.1_8255/ide/plugins/com.nxp.mcuxpresso.tools.win32_11.6.1.202207200623/tools/bin/../lib/gcc/arm-none-eabi/10.3.1/../../../../arm-none-eabi/lib/thumb/v7e-m+fp/hard\libcr_semihost_nf.a(__sys_appexit.o)
                0x00005f94                __sys_appexit
                0x00005f94                __exit
 .text.timerDelay
                0x00005fa0       0x32 ./source/timer/timer.o
                0x00005fa0                timerDelay
 .text.getCircularPointer
                0x00005fd2       0x1e ./source/buffer/SPI_buffer.o
 .text.SPIBisEmpty
                0x00005ff0       0x2a ./source/buffer/SPI_buffer.o
                0x00005ff0                SPIBisEmpty
 .text.getCircularPointer
                0x0000601a       0x2c ./source/buffer/circular_buffer.o
 .text.CBinit   0x00006046       0x30 ./source/buffer/circular_buffer.o
                0x00006046                CBinit
 .text.CBisEmpty
                0x00006076       0x2a ./source/buffer/circular_buffer.o
                0x00006076                CBisEmpty
 .text.CBputChain
                0x000060a0       0xaa ./source/buffer/circular_buffer.o
                0x000060a0                CBputChain
 .text.CBputByte
                0x0000614a       0x8e ./source/buffer/circular_buffer.o
                0x0000614a                CBputByte
 .text.CBgetByte
                0x000061d8       0x62 ./source/buffer/circular_buffer.o
                0x000061d8                CBgetByte
 .text.CBgetBufferState
                0x0000623a       0x5c ./source/buffer/circular_buffer.o
                0x0000623a                CBgetBufferState
 .text.UART0_RX_TX_IRQHandler
                0x00006296       0x2e ./source/UART/uart.o
                0x00006296                UART0_RX_TX_IRQHandler
 .text.UART1_RX_TX_IRQHandler
                0x000062c4       0x2e ./source/UART/uart.o
                0x000062c4                UART1_RX_TX_IRQHandler
 .text.UART2_RX_TX_IRQHandler
                0x000062f2       0x2e ./source/UART/uart.o
                0x000062f2                UART2_RX_TX_IRQHandler
 .text.UART3_RX_TX_IRQHandler
                0x00006320       0x2e ./source/UART/uart.o
                0x00006320                UART3_RX_TX_IRQHandler
 .text.UART4_RX_TX_IRQHandler
                0x0000634e       0x2e ./source/UART/uart.o
                0x0000634e                UART4_RX_TX_IRQHandler
 .text.ESCArm   0x0000637c       0x4a ./source/ESCDriver/ESCDriver.o
                0x0000637c                ESCArm
 .text.BiQuad_filter
                0x000063c6       0xf4 ./source/Biquad/Biquad.o
                0x000063c6                BiQuad_filter
 .text.FusionQuaternionToEuler
                0x000064ba      0x14c ./source/App.o
 .text.main     0x00006606       0x1a ./SDK/startup/main.o
                0x00006606                main
 .text.HardFault_Handler
                0x00006620       0x2c ./SDK/startup/semihost_hardfault.o
                0x00006620                HardFault_Handler
 .text.DMA0_IRQHandler
                0x0000664c        0x8 ./SDK/startup/startup_mk64f12.o
                0x0000664c                DMA0_IRQHandler
 .text.DMA1_IRQHandler
                0x00006654        0x8 ./SDK/startup/startup_mk64f12.o
                0x00006654                DMA1_IRQHandler
 .text.DMA2_IRQHandler
                0x0000665c        0x8 ./SDK/startup/startup_mk64f12.o
                0x0000665c                DMA2_IRQHandler
 .text.DMA3_IRQHandler
                0x00006664        0x8 ./SDK/startup/startup_mk64f12.o
                0x00006664                DMA3_IRQHandler
 .text.DMA4_IRQHandler
                0x0000666c        0x8 ./SDK/startup/startup_mk64f12.o
                0x0000666c                DMA4_IRQHandler
 .text.DMA5_IRQHandler
                0x00006674        0x8 ./SDK/startup/startup_mk64f12.o
                0x00006674                DMA5_IRQHandler
 .text.DMA6_IRQHandler
                0x0000667c        0x8 ./SDK/startup/startup_mk64f12.o
                0x0000667c                DMA6_IRQHandler
 .text.DMA7_IRQHandler
                0x00006684        0x8 ./SDK/startup/startup_mk64f12.o
                0x00006684                DMA7_IRQHandler
 .text.DMA8_IRQHandler
                0x0000668c        0x8 ./SDK/startup/startup_mk64f12.o
                0x0000668c                DMA8_IRQHandler
 .text.DMA9_IRQHandler
                0x00006694        0x8 ./SDK/startup/startup_mk64f12.o
                0x00006694                DMA9_IRQHandler
 .text.DMA10_IRQHandler
                0x0000669c        0x8 ./SDK/startup/startup_mk64f12.o
                0x0000669c                DMA10_IRQHandler
 .text.DMA11_IRQHandler
                0x000066a4        0x8 ./SDK/startup/startup_mk64f12.o
                0x000066a4                DMA11_IRQHandler
 .text.DMA12_IRQHandler
                0x000066ac        0x8 ./SDK/startup/startup_mk64f12.o
                0x000066ac                DMA12_IRQHandler
 .text.DMA13_IRQHandler
                0x000066b4        0x8 ./SDK/startup/startup_mk64f12.o
                0x000066b4                DMA13_IRQHandler
 .text.DMA14_IRQHandler
                0x000066bc        0x8 ./SDK/startup/startup_mk64f12.o
                0x000066bc                DMA14_IRQHandler
 .text.DMA15_IRQHandler
                0x000066c4        0x8 ./SDK/startup/startup_mk64f12.o
                0x000066c4                DMA15_IRQHandler
 .text.DMA_Error_IRQHandler
                0x000066cc        0x8 ./SDK/startup/startup_mk64f12.o
                0x000066cc                DMA_Error_IRQHandler
 .text.MCM_IRQHandler
                0x000066d4        0x8 ./SDK/startup/startup_mk64f12.o
                0x000066d4                MCM_IRQHandler
 .text.FTFE_IRQHandler
                0x000066dc        0x8 ./SDK/startup/startup_mk64f12.o
                0x000066dc                FTFE_IRQHandler
 .text.Read_Collision_IRQHandler
                0x000066e4        0x8 ./SDK/startup/startup_mk64f12.o
                0x000066e4                Read_Collision_IRQHandler
 .text.LVD_LVW_IRQHandler
                0x000066ec        0x8 ./SDK/startup/startup_mk64f12.o
                0x000066ec                LVD_LVW_IRQHandler
 .text.LLWU_IRQHandler
                0x000066f4        0x8 ./SDK/startup/startup_mk64f12.o
                0x000066f4                LLWU_IRQHandler
 .text.WDOG_EWM_IRQHandler
                0x000066fc        0x8 ./SDK/startup/startup_mk64f12.o
                0x000066fc                WDOG_EWM_IRQHandler
 .text.RNG_IRQHandler
                0x00006704        0x8 ./SDK/startup/startup_mk64f12.o
                0x00006704                RNG_IRQHandler
 .text.I2C1_IRQHandler
                0x0000670c        0x8 ./SDK/startup/startup_mk64f12.o
                0x0000670c                I2C1_IRQHandler
 .text.SPI1_IRQHandler
                0x00006714        0x8 ./SDK/startup/startup_mk64f12.o
                0x00006714                SPI1_IRQHandler
 .text.I2S0_Tx_IRQHandler
                0x0000671c        0x8 ./SDK/startup/startup_mk64f12.o
                0x0000671c                I2S0_Tx_IRQHandler
 .text.I2S0_Rx_IRQHandler
                0x00006724        0x8 ./SDK/startup/startup_mk64f12.o
                0x00006724                I2S0_Rx_IRQHandler
 .text.UART0_LON_IRQHandler
                0x0000672c        0x8 ./SDK/startup/startup_mk64f12.o
                0x0000672c                UART0_LON_IRQHandler
 .text.UART0_ERR_IRQHandler
                0x00006734        0x8 ./SDK/startup/startup_mk64f12.o
                0x00006734                UART0_ERR_IRQHandler
 .text.UART1_ERR_IRQHandler
                0x0000673c        0x8 ./SDK/startup/startup_mk64f12.o
                0x0000673c                UART1_ERR_IRQHandler
 .text.UART2_ERR_IRQHandler
                0x00006744        0x8 ./SDK/startup/startup_mk64f12.o
                0x00006744                UART2_ERR_IRQHandler
 .text.UART3_ERR_IRQHandler
                0x0000674c        0x8 ./SDK/startup/startup_mk64f12.o
                0x0000674c                UART3_ERR_IRQHandler
 .text.ADC0_IRQHandler
                0x00006754        0x8 ./SDK/startup/startup_mk64f12.o
                0x00006754                ADC0_IRQHandler
 .text.CMP0_IRQHandler
                0x0000675c        0x8 ./SDK/startup/startup_mk64f12.o
                0x0000675c                CMP0_IRQHandler
 .text.CMP1_IRQHandler
                0x00006764        0x8 ./SDK/startup/startup_mk64f12.o
                0x00006764                CMP1_IRQHandler
 .text.FTM2_IRQHandler
                0x0000676c        0x8 ./SDK/startup/startup_mk64f12.o
                0x0000676c                FTM2_IRQHandler
 .text.CMT_IRQHandler
                0x00006774        0x8 ./SDK/startup/startup_mk64f12.o
                0x00006774                CMT_IRQHandler
 .text.RTC_IRQHandler
                0x0000677c        0x8 ./SDK/startup/startup_mk64f12.o
                0x0000677c                RTC_IRQHandler
 .text.RTC_Seconds_IRQHandler
                0x00006784        0x8 ./SDK/startup/startup_mk64f12.o
                0x00006784                RTC_Seconds_IRQHandler
 .text.PDB0_IRQHandler
                0x0000678c        0x8 ./SDK/startup/startup_mk64f12.o
                0x0000678c                PDB0_IRQHandler
 .text.USB0_IRQHandler
                0x00006794        0x8 ./SDK/startup/startup_mk64f12.o
                0x00006794                USB0_IRQHandler
 .text.USBDCD_IRQHandler
                0x0000679c        0x8 ./SDK/startup/startup_mk64f12.o
                0x0000679c                USBDCD_IRQHandler
 .text.Reserved71_IRQHandler
                0x000067a4        0x8 ./SDK/startup/startup_mk64f12.o
                0x000067a4                Reserved71_IRQHandler
 .text.DAC0_IRQHandler
                0x000067ac        0x8 ./SDK/startup/startup_mk64f12.o
                0x000067ac                DAC0_IRQHandler
 .text.MCG_IRQHandler
                0x000067b4        0x8 ./SDK/startup/startup_mk64f12.o
                0x000067b4                MCG_IRQHandler
 .text.LPTMR0_IRQHandler
                0x000067bc        0x8 ./SDK/startup/startup_mk64f12.o
                0x000067bc                LPTMR0_IRQHandler
 .text.SWI_IRQHandler
                0x000067c4        0x8 ./SDK/startup/startup_mk64f12.o
                0x000067c4                SWI_IRQHandler
 .text.SPI2_IRQHandler
                0x000067cc        0x8 ./SDK/startup/startup_mk64f12.o
                0x000067cc                SPI2_IRQHandler
 .text.UART4_ERR_IRQHandler
                0x000067d4        0x8 ./SDK/startup/startup_mk64f12.o
                0x000067d4                UART4_ERR_IRQHandler
 .text.UART5_RX_TX_IRQHandler
                0x000067dc        0x8 ./SDK/startup/startup_mk64f12.o
                0x000067dc                UART5_RX_TX_IRQHandler
 .text.UART5_ERR_IRQHandler
                0x000067e4        0x8 ./SDK/startup/startup_mk64f12.o
                0x000067e4                UART5_ERR_IRQHandler
 .text.CMP2_IRQHandler
                0x000067ec        0x8 ./SDK/startup/startup_mk64f12.o
                0x000067ec                CMP2_IRQHandler
 .text.FTM3_IRQHandler
                0x000067f4        0x8 ./SDK/startup/startup_mk64f12.o
                0x000067f4                FTM3_IRQHandler
 .text.DAC1_IRQHandler
                0x000067fc        0x8 ./SDK/startup/startup_mk64f12.o
                0x000067fc                DAC1_IRQHandler
 .text.ADC1_IRQHandler
                0x00006804        0x8 ./SDK/startup/startup_mk64f12.o
                0x00006804                ADC1_IRQHandler
 .text.I2C2_IRQHandler
                0x0000680c        0x8 ./SDK/startup/startup_mk64f12.o
                0x0000680c                I2C2_IRQHandler
 .text.CAN0_ORed_Message_buffer_IRQHandler
                0x00006814        0x8 ./SDK/startup/startup_mk64f12.o
                0x00006814                CAN0_ORed_Message_buffer_IRQHandler
 .text.CAN0_Bus_Off_IRQHandler
                0x0000681c        0x8 ./SDK/startup/startup_mk64f12.o
                0x0000681c                CAN0_Bus_Off_IRQHandler
 .text.CAN0_Error_IRQHandler
                0x00006824        0x8 ./SDK/startup/startup_mk64f12.o
                0x00006824                CAN0_Error_IRQHandler
 .text.CAN0_Tx_Warning_IRQHandler
                0x0000682c        0x8 ./SDK/startup/startup_mk64f12.o
                0x0000682c                CAN0_Tx_Warning_IRQHandler
 .text.CAN0_Rx_Warning_IRQHandler
                0x00006834        0x8 ./SDK/startup/startup_mk64f12.o
                0x00006834                CAN0_Rx_Warning_IRQHandler
 .text.CAN0_Wake_Up_IRQHandler
                0x0000683c        0x8 ./SDK/startup/startup_mk64f12.o
                0x0000683c                CAN0_Wake_Up_IRQHandler
 .text.SDHC_IRQHandler
                0x00006844        0x8 ./SDK/startup/startup_mk64f12.o
                0x00006844                SDHC_IRQHandler
 .text.ENET_1588_Timer_IRQHandler
                0x0000684c        0x8 ./SDK/startup/startup_mk64f12.o
                0x0000684c                ENET_1588_Timer_IRQHandler
 .text.ENET_Transmit_IRQHandler
                0x00006854        0x8 ./SDK/startup/startup_mk64f12.o
                0x00006854                ENET_Transmit_IRQHandler
 .text.ENET_Receive_IRQHandler
                0x0000685c        0x8 ./SDK/startup/startup_mk64f12.o
                0x0000685c                ENET_Receive_IRQHandler
 .text.ENET_Error_IRQHandler
                0x00006864        0x8 ./SDK/startup/startup_mk64f12.o
                0x00006864                ENET_Error_IRQHandler
 .text.SystemInitHook
                0x0000686c        0xe ./SDK/CMSIS/system_MK64F12.o
                0x0000686c                SystemInitHook
 .text.asinf    0x0000687a        0x6 c:/nxp/mcuxpressoide_11.6.1_8255/ide/plugins/com.nxp.mcuxpresso.tools.win32_11.6.1.202207200623/tools/bin/../lib/gcc/arm-none-eabi/10.3.1/../../../../arm-none-eabi/lib/thumb/v7e-m+fp/hard\libcr_c.a(asinf.o)
                0x0000687a                asinf
 .text.fabsf    0x00006880       0x10 c:/nxp/mcuxpressoide_11.6.1_8255/ide/plugins/com.nxp.mcuxpresso.tools.win32_11.6.1.202207200623/tools/bin/../lib/gcc/arm-none-eabi/10.3.1/../../../../arm-none-eabi/lib/thumb/v7e-m+fp/hard\libcr_c.a(fabsf.o)
                0x00006880                fabsf
 .text.sinf     0x00006890       0x26 c:/nxp/mcuxpressoide_11.6.1_8255/ide/plugins/com.nxp.mcuxpresso.tools.win32_11.6.1.202207200623/tools/bin/../lib/gcc/arm-none-eabi/10.3.1/../../../../arm-none-eabi/lib/thumb/v7e-m+fp/hard\libcr_c.a(sinf.o)
                0x00006890                sinf
 .text.sqrtf    0x000068b6        0x6 c:/nxp/mcuxpressoide_11.6.1_8255/ide/plugins/com.nxp.mcuxpresso.tools.win32_11.6.1.202207200623/tools/bin/../lib/gcc/arm-none-eabi/10.3.1/../../../../arm-none-eabi/lib/thumb/v7e-m+fp/hard\libcr_c.a(sqrtf_m4_hardfp.o)
                0x000068b6                sqrtf
 .text.memcpy   0x000068bc        0x4 c:/nxp/mcuxpressoide_11.6.1_8255/ide/plugins/com.nxp.mcuxpresso.tools.win32_11.6.1.202207200623/tools/bin/../lib/gcc/arm-none-eabi/10.3.1/../../../../arm-none-eabi/lib/thumb/v7e-m+fp/hard\libcr_c.a(memcpy.o)
                0x000068bc                memcpy
 .text.memset   0x000068c0        0x4 c:/nxp/mcuxpressoide_11.6.1_8255/ide/plugins/com.nxp.mcuxpresso.tools.win32_11.6.1.202207200623/tools/bin/../lib/gcc/arm-none-eabi/10.3.1/../../../../arm-none-eabi/lib/thumb/v7e-m+fp/hard\libcr_c.a(memset.o)
                0x000068c0                memset
 .text.fp_round
                0x000068c4       0x4e c:/nxp/mcuxpressoide_11.6.1_8255/ide/plugins/com.nxp.mcuxpresso.tools.win32_11.6.1.202207200623/tools/bin/../lib/gcc/arm-none-eabi/10.3.1/../../../../arm-none-eabi/lib/thumb/v7e-m+fp/hard\libcr_c.a(fpprintf.o)
 .text.pr_dec.constprop.0
                0x00006912       0x26 c:/nxp/mcuxpressoide_11.6.1_8255/ide/plugins/com.nxp.mcuxpresso.tools.win32_11.6.1.202207200623/tools/bin/../lib/gcc/arm-none-eabi/10.3.1/../../../../arm-none-eabi/lib/thumb/v7e-m+fp/hard\libcr_c.a(fpprintf.o)
 .text.strlen   0x00006938       0x48 c:/nxp/mcuxpressoide_11.6.1_8255/ide/plugins/com.nxp.mcuxpresso.tools.win32_11.6.1.202207200623/tools/bin/../lib/gcc/arm-none-eabi/10.3.1/../../../../arm-none-eabi/lib/thumb/v7e-m+fp/hard\libcr_c.a(strlen.o)
                0x00006938                strlen
 .text._deferredlazyseek
                0x00006980       0x40 c:/nxp/mcuxpressoide_11.6.1_8255/ide/plugins/com.nxp.mcuxpresso.tools.win32_11.6.1.202207200623/tools/bin/../lib/gcc/arm-none-eabi/10.3.1/../../../../arm-none-eabi/lib/thumb/v7e-m+fp/hard\libcr_c.a(_deferredlazyseek.o)
                0x00006980                _deferredlazyseek
 .text.__flsbuf
                0x000069c0      0x140 c:/nxp/mcuxpressoide_11.6.1_8255/ide/plugins/com.nxp.mcuxpresso.tools.win32_11.6.1.202207200623/tools/bin/../lib/gcc/arm-none-eabi/10.3.1/../../../../arm-none-eabi/lib/thumb/v7e-m+fp/hard\libcr_c.a(_deferredlazyseek.o)
                0x000069c0                __flsbuf
 .text._fflush  0x00006b00       0x52 c:/nxp/mcuxpressoide_11.6.1_8255/ide/plugins/com.nxp.mcuxpresso.tools.win32_11.6.1.202207200623/tools/bin/../lib/gcc/arm-none-eabi/10.3.1/../../../../arm-none-eabi/lib/thumb/v7e-m+fp/hard\libcr_c.a(_fflush.o)
                0x00006b00                _fflush
 .text.__aeabi_division_uldivmod
                0x00006b52      0x174 c:/nxp/mcuxpressoide_11.6.1_8255/ide/plugins/com.nxp.mcuxpresso.tools.win32_11.6.1.202207200623/tools/bin/../lib/gcc/arm-none-eabi/10.3.1/thumb/v7e-m+fp/hard\libcr_eabihelpers.a(division_64.o)
                0x00006b52                __aeabi_uldivmod
                0x00006b56                __bhs_ldivmod1
 .text.__aeabi_division_idiv0
                0x00006cc6        0x2 c:/nxp/mcuxpressoide_11.6.1_8255/ide/plugins/com.nxp.mcuxpresso.tools.win32_11.6.1.202207200623/tools/bin/../lib/gcc/arm-none-eabi/10.3.1/thumb/v7e-m+fp/hard\libcr_eabihelpers.a(division_idiv0.o)
                0x00006cc6                __aeabi_idiv0
 .text.__aeabi_d2iz
                0x00006cc8       0x40 c:/nxp/mcuxpressoide_11.6.1_8255/ide/plugins/com.nxp.mcuxpresso.tools.win32_11.6.1.202207200623/tools/bin/../lib/gcc/arm-none-eabi/10.3.1/thumb/v7e-m+fp/hard\libcr_eabihelpers.a(double.o)
                0x00006cc8                __aeabi_d2iz
 .text.__aeabi_d2uiz
                0x00006d08       0x30 c:/nxp/mcuxpressoide_11.6.1_8255/ide/plugins/com.nxp.mcuxpresso.tools.win32_11.6.1.202207200623/tools/bin/../lib/gcc/arm-none-eabi/10.3.1/thumb/v7e-m+fp/hard\libcr_eabihelpers.a(double.o)
                0x00006d08                __aeabi_d2uiz
 .text.__bhs_ui2d
                0x00006d38       0x46 c:/nxp/mcuxpressoide_11.6.1_8255/ide/plugins/com.nxp.mcuxpresso.tools.win32_11.6.1.202207200623/tools/bin/../lib/gcc/arm-none-eabi/10.3.1/thumb/v7e-m+fp/hard\libcr_eabihelpers.a(double.o)
                0x00006d38                __bhs_ui2d
 .text.__aeabi_i2d
                0x00006d7e       0x12 c:/nxp/mcuxpressoide_11.6.1_8255/ide/plugins/com.nxp.mcuxpresso.tools.win32_11.6.1.202207200623/tools/bin/../lib/gcc/arm-none-eabi/10.3.1/thumb/v7e-m+fp/hard\libcr_eabihelpers.a(double.o)
                0x00006d7e                __aeabi_i2d
 .text.__aeabi_dcmpeq
                0x00006d90       0x30 c:/nxp/mcuxpressoide_11.6.1_8255/ide/plugins/com.nxp.mcuxpresso.tools.win32_11.6.1.202207200623/tools/bin/../lib/gcc/arm-none-eabi/10.3.1/thumb/v7e-m+fp/hard\libcr_eabihelpers.a(double.o)
                0x00006d90                __aeabi_dcmpeq
 .text.__aeabi_dcmplt
                0x00006dc0       0x56 c:/nxp/mcuxpressoide_11.6.1_8255/ide/plugins/com.nxp.mcuxpresso.tools.win32_11.6.1.202207200623/tools/bin/../lib/gcc/arm-none-eabi/10.3.1/thumb/v7e-m+fp/hard\libcr_eabihelpers.a(double.o)
                0x00006dc0                __aeabi_dcmplt
 .text.__aeabi_dcmple
                0x00006e16       0x56 c:/nxp/mcuxpressoide_11.6.1_8255/ide/plugins/com.nxp.mcuxpresso.tools.win32_11.6.1.202207200623/tools/bin/../lib/gcc/arm-none-eabi/10.3.1/thumb/v7e-m+fp/hard\libcr_eabihelpers.a(double.o)
                0x00006e16                __aeabi_dcmple
 .text.__aeabi_dcmpge
                0x00006e6c       0x56 c:/nxp/mcuxpressoide_11.6.1_8255/ide/plugins/com.nxp.mcuxpresso.tools.win32_11.6.1.202207200623/tools/bin/../lib/gcc/arm-none-eabi/10.3.1/thumb/v7e-m+fp/hard\libcr_eabihelpers.a(double.o)
                0x00006e6c                __aeabi_dcmpge
 .text.__aeabi_memcpy
                0x00006ec2       0x34 c:/nxp/mcuxpressoide_11.6.1_8255/ide/plugins/com.nxp.mcuxpresso.tools.win32_11.6.1.202207200623/tools/bin/../lib/gcc/arm-none-eabi/10.3.1/thumb/v7e-m+fp/hard\libcr_eabihelpers.a(memcpy.o)
                0x00006ec2                __aeabi_memcpy
                0x00006ecc                __aeabi_memcpy8
                0x00006ecc                __aeabi_memcpy4
 .text.__aeabi_memset_lowlevel
                0x00006ef6       0x32 c:/nxp/mcuxpressoide_11.6.1_8255/ide/plugins/com.nxp.mcuxpresso.tools.win32_11.6.1.202207200623/tools/bin/../lib/gcc/arm-none-eabi/10.3.1/thumb/v7e-m+fp/hard\libcr_eabihelpers.a(memcpy.o)
                0x00006ef6                __aeabi_lowlevel_memset
 .text.__sys_flen
                0x00006f28        0xc c:/nxp/mcuxpressoide_11.6.1_8255/ide/plugins/com.nxp.mcuxpresso.tools.win32_11.6.1.202207200623/tools/bin/../lib/gcc/arm-none-eabi/10.3.1/../../../../arm-none-eabi/lib/thumb/v7e-m+fp/hard\libcr_semihost_nf.a(__sys_flen.o)
                0x00006f28                __sys_flen
 .text.__sys_istty
                0x00006f34        0xc c:/nxp/mcuxpressoide_11.6.1_8255/ide/plugins/com.nxp.mcuxpresso.tools.win32_11.6.1.202207200623/tools/bin/../lib/gcc/arm-none-eabi/10.3.1/../../../../arm-none-eabi/lib/thumb/v7e-m+fp/hard\libcr_semihost_nf.a(__sys_istty.o)
                0x00006f34                __sys_istty
 .text.__sys_seek
                0x00006f40        0xc c:/nxp/mcuxpressoide_11.6.1_8255/ide/plugins/com.nxp.mcuxpresso.tools.win32_11.6.1.202207200623/tools/bin/../lib/gcc/arm-none-eabi/10.3.1/../../../../arm-none-eabi/lib/thumb/v7e-m+fp/hard\libcr_semihost_nf.a(__sys_seek.o)
                0x00006f40                __sys_seek
 .text.__sys_write
                0x00006f4c        0xc c:/nxp/mcuxpressoide_11.6.1_8255/ide/plugins/com.nxp.mcuxpresso.tools.win32_11.6.1.202207200623/tools/bin/../lib/gcc/arm-none-eabi/10.3.1/../../../../arm-none-eabi/lib/thumb/v7e-m+fp/hard\libcr_semihost_nf.a(__sys_write.o)
                0x00006f4c                __sys_write
 *(SORT_BY_ALIGNMENT(.rodata) SORT_BY_ALIGNMENT(.rodata.*) SORT_BY_ALIGNMENT(.constdata) SORT_BY_ALIGNMENT(.constdata.*))
 .rodata.UARTPorts
                0x00006f58       0x18 ./source/UART/uart.o
 .rodata.portPtr
                0x00006f70       0x14 ./source/UART/uart.o
 .rodata.UARTClockSource
                0x00006f84       0x18 ./source/UART/uart.o
 .rodata.UARTSIMR
                0x00006f9c       0x14 ./source/UART/uart.o
 .rodata.UARTSIMMask
                0x00006fb0       0x14 ./source/UART/uart.o
 .rodata.UART_RX_TX_Vectors
                0x00006fc4        0x6 ./source/UART/uart.o
 *fill*         0x00006fca        0x2 ff
 .rodata.UARTPinPort
                0x00006fcc        0x5 ./source/UART/uart.o
 *fill*         0x00006fd1        0x3 ff
 .rodata.UARTPinNumRX
                0x00006fd4        0x5 ./source/UART/uart.o
 *fill*         0x00006fd9        0x3 ff
 .rodata.UARTPinNumTX
                0x00006fdc        0x5 ./source/UART/uart.o
 *fill*         0x00006fe1        0x3 ff
 .rodata.UARTPinMuxAlt
                0x00006fe4        0x5 ./source/UART/uart.o
 *fill*         0x00006fe9        0x3 ff
 .rodata.DPS_SCALE
                0x00006fec        0x8 ./source/Sensores/MPU6050.o
 .rodata.G_SCALE
                0x00006ff4        0x8 ./source/Sensores/MPU6050.o
 .rodata.gpioPtr
                0x00006ffc       0x14 ./source/MCAL/gpio.o
 .rodata.portPtr
                0x00007010       0x14 ./source/MCAL/gpio.o
 .rodata.SIMPortMasks
                0x00007024       0x14 ./source/MCAL/gpio.o
 .rodata.I2CPtrs
                0x00007038        0xc ./source/I2Cm/I2Cm.o
 .rodata.I2CIRQs
                0x00007044        0x3 ./source/I2Cm/I2Cm.o
 *fill*         0x00007047        0x1 ff
 .rodata.portPtr
                0x00007048       0x14 ./source/I2Cm/I2Cm.o
 .rodata.I2CPinPorts
                0x0000705c        0x4 ./source/I2Cm/I2Cm.o
 .rodata.I2CPinPinsSCL
                0x00007060        0x4 ./source/I2Cm/I2Cm.o
 .rodata.I2CPinPinsSDA
                0x00007064        0x4 ./source/I2Cm/I2Cm.o
 .rodata.I2CPinAlts
                0x00007068        0x4 ./source/I2Cm/I2Cm.o
 .rodata.I2CClkSimPtr
                0x0000706c       0x10 ./source/I2Cm/I2Cm.o
 .rodata.I2CClkSimMask
                0x0000707c       0x10 ./source/I2Cm/I2Cm.o
 .rodata.portPtr
                0x0000708c       0x14 ./source/ESCDriver/ESCDriver.o
 .rodata.FTMPinPort
                0x000070a0       0x20 ./source/ESCDriver/ESCDriver.o
 .rodata.FTMPinNum
                0x000070c0       0x20 ./source/ESCDriver/ESCDriver.o
 .rodata.FTMPinMuxAlt
                0x000070e0       0x20 ./source/ESCDriver/ESCDriver.o
 .rodata.motorChannel
                0x00007100        0x4 ./source/ESCDriver/ESCDriver.o
 .rodata.sendUartMessage3Channels.str1.4
                0x00007104       0x14 ./source/App.o
 .rodata.sinTable_f32
                0x00007118      0x804 C:\Users\sch_b\OneDrive\Documentos\QUADCOPTER\Quadcopter\TPQUAD\SDK\CMSIS\DSP\libarm_cortexM4lf_math.a(arm_common_tables.o)
                0x00007118                sinTable_f32
 .rodata.a.0    0x0000791c       0x10 c:/nxp/mcuxpressoide_11.6.1_8255/ide/plugins/com.nxp.mcuxpresso.tools.win32_11.6.1.202207200623/tools/bin/../lib/gcc/arm-none-eabi/10.3.1/../../../../arm-none-eabi/lib/thumb/v7e-m+fp/hard\libcr_c.a(atanf.o)
 .rodata.a.1    0x0000792c        0x8 c:/nxp/mcuxpressoide_11.6.1_8255/ide/plugins/com.nxp.mcuxpresso.tools.win32_11.6.1.202207200623/tools/bin/../lib/gcc/arm-none-eabi/10.3.1/../../../../arm-none-eabi/lib/thumb/v7e-m+fp/hard\libcr_c.a(_asinacosf.o)
 .rodata.b.0    0x00007934        0x8 c:/nxp/mcuxpressoide_11.6.1_8255/ide/plugins/com.nxp.mcuxpresso.tools.win32_11.6.1.202207200623/tools/bin/../lib/gcc/arm-none-eabi/10.3.1/../../../../arm-none-eabi/lib/thumb/v7e-m+fp/hard\libcr_c.a(_asinacosf.o)
 .rodata.fp_display.str1.1
                0x0000793c       0x34 c:/nxp/mcuxpressoide_11.6.1_8255/ide/plugins/com.nxp.mcuxpresso.tools.win32_11.6.1.202207200623/tools/bin/../lib/gcc/arm-none-eabi/10.3.1/../../../../arm-none-eabi/lib/thumb/v7e-m+fp/hard\libcr_c.a(fpprintf.o)
                                 0x35 (size before relaxing)
 .rodata.__vfprintf.str1.1
                0x00007970       0x31 c:/nxp/mcuxpressoide_11.6.1_8255/ide/plugins/com.nxp.mcuxpresso.tools.win32_11.6.1.202207200623/tools/bin/../lib/gcc/arm-none-eabi/10.3.1/../../../../arm-none-eabi/lib/thumb/v7e-m+fp/hard\libcr_c.a(printf.o)
                                 0x38 (size before relaxing)
 .rodata._Csys_alloc.str1.1
                0x000079a1       0x18 c:/nxp/mcuxpressoide_11.6.1_8255/ide/plugins/com.nxp.mcuxpresso.tools.win32_11.6.1.202207200623/tools/bin/../lib/gcc/arm-none-eabi/10.3.1/../../../../arm-none-eabi/lib/thumb/v7e-m+fp/hard\libcr_c.a(alloc.o)
                0x000079c0                . = ALIGN (0x8)
 *fill*         0x000079b9        0x7 ff
                0x000079c0                _etext = .

.glue_7         0x000079c0        0x0
 .glue_7        0x000079c0        0x0 linker stubs

.glue_7t        0x000079c0        0x0
 .glue_7t       0x000079c0        0x0 linker stubs

.vfp11_veneer   0x000079c0        0x0
 .vfp11_veneer  0x000079c0        0x0 linker stubs

.v4_bx          0x000079c0        0x0
 .v4_bx         0x000079c0        0x0 linker stubs

.iplt           0x000079c0        0x0
 .iplt          0x000079c0        0x0 ./source/timer/SysTick.o

.rel.dyn        0x000079c0        0x0
 .rel.iplt      0x000079c0        0x0 ./source/timer/SysTick.o

.m_usb_data
 *(SORT_BY_ALIGNMENT(m_usb_bdt))

.data_RAM2      0x1fff0000        0x0 load address 0x000079c0
 FILL mask 0xff
                [!provide]                PROVIDE (__start_data_RAM2 = .)
                [!provide]                PROVIDE (__start_data_SRAM_LOWER = .)
 *(SORT_BY_ALIGNMENT(.ramfunc.$RAM2))
 *(SORT_BY_ALIGNMENT(.ramfunc.$SRAM_LOWER))
 *(SORT_BY_ALIGNMENT(.data.$RAM2))
 *(SORT_BY_ALIGNMENT(.data.$SRAM_LOWER))
 *(SORT_BY_ALIGNMENT(.data.$RAM2.*))
 *(SORT_BY_ALIGNMENT(.data.$SRAM_LOWER.*))
                0x1fff0000                . = ALIGN (0x8)
                [!provide]                PROVIDE (__end_data_RAM2 = .)
                [!provide]                PROVIDE (__end_data_SRAM_LOWER = .)

.data_RAM3      0x14000000        0x0 load address 0x000079c0
 FILL mask 0xff
                [!provide]                PROVIDE (__start_data_RAM3 = .)
                [!provide]                PROVIDE (__start_data_FLEX_RAM = .)
 *(SORT_BY_ALIGNMENT(.ramfunc.$RAM3))
 *(SORT_BY_ALIGNMENT(.ramfunc.$FLEX_RAM))
 *(SORT_BY_ALIGNMENT(.data.$RAM3))
 *(SORT_BY_ALIGNMENT(.data.$FLEX_RAM))
 *(SORT_BY_ALIGNMENT(.data.$RAM3.*))
 *(SORT_BY_ALIGNMENT(.data.$FLEX_RAM.*))
                0x14000000                . = ALIGN (0x8)
                [!provide]                PROVIDE (__end_data_RAM3 = .)
                [!provide]                PROVIDE (__end_data_FLEX_RAM = .)

.uninit_RESERVED
                0x20000000        0x0
                0x20000000                _start_uninit_RESERVED = .
 *(SORT_BY_ALIGNMENT(.bss.$RESERVED*))
                0x20000000                . = ALIGN (0x8)
                0x20000000                _end_uninit_RESERVED = .

.data           0x20000000       0x18 load address 0x000079c0
 FILL mask 0xff
                0x20000000                _data = .
                [!provide]                PROVIDE (__start_data_RAM = .)
                [!provide]                PROVIDE (__start_data_SRAM_UPPER = .)
 *(SORT_BY_ALIGNMENT(vtable))
 *(SORT_BY_ALIGNMENT(.ramfunc*))
 *(SORT_BY_ALIGNMENT(CodeQuickAccess))
 *(SORT_BY_ALIGNMENT(DataQuickAccess))
 *(SORT_BY_ALIGNMENT(RamFunction))
 *(SORT_BY_ALIGNMENT(.data*))
 .data.SPIPtrs  0x20000000        0xc ./source/SPI/SPI.o
 .data.i2cStates
                0x2000000c        0x2 ./source/I2Cm/I2Cm.o
                0x2000000c                i2cStates
 .data.timers_cant
                0x2000000e        0x1 ./source/timer/timer.o
 .data.Gscale   0x2000000f        0x1 ./source/Sensores/MPU6050.o
 .data.initialising
                0x20000010        0x1 ./source/App.o
                0x20000010                initialising
                0x20000018                . = ALIGN (0x8)
 *fill*         0x20000011        0x7 ff
                0x20000018                _edata = .
                [!provide]                PROVIDE (__end_data_RAM = .)
                [!provide]                PROVIDE (__end_data_SRAM_UPPER = .)

.igot.plt       0x20000018        0x0 load address 0x000079d8
 .igot.plt      0x20000018        0x0 ./source/timer/SysTick.o

.bss_RAM2       0x1fff0000        0x0
                [!provide]                PROVIDE (__start_bss_RAM2 = .)
                [!provide]                PROVIDE (__start_bss_SRAM_LOWER = .)
 *(SORT_BY_ALIGNMENT(.bss.$RAM2))
 *(SORT_BY_ALIGNMENT(.bss.$SRAM_LOWER))
 *(SORT_BY_ALIGNMENT(.bss.$RAM2.*))
 *(SORT_BY_ALIGNMENT(.bss.$SRAM_LOWER.*))
                0x1fff0000                . = ALIGN ((. != 0x0)?0x8:0x1)
                [!provide]                PROVIDE (__end_bss_RAM2 = .)
                [!provide]                PROVIDE (__end_bss_SRAM_LOWER = .)

.bss_RAM3       0x14000000        0x0
                [!provide]                PROVIDE (__start_bss_RAM3 = .)
                [!provide]                PROVIDE (__start_bss_FLEX_RAM = .)
 *(SORT_BY_ALIGNMENT(.bss.$RAM3))
 *(SORT_BY_ALIGNMENT(.bss.$FLEX_RAM))
 *(SORT_BY_ALIGNMENT(.bss.$RAM3.*))
 *(SORT_BY_ALIGNMENT(.bss.$FLEX_RAM.*))
                0x14000000                . = ALIGN ((. != 0x0)?0x8:0x1)
                [!provide]                PROVIDE (__end_bss_RAM3 = .)
                [!provide]                PROVIDE (__end_bss_FLEX_RAM = .)

.bss            0x20000018     0x10d8
                0x20000018                _bss = .
                [!provide]                PROVIDE (__start_bss_RAM = .)
                [!provide]                PROVIDE (__start_bss_SRAM_UPPER = .)
 *(SORT_BY_ALIGNMENT(.bss*))
 .bss.gyroAverage
                0x20000018       0x18 ./source/Sensores/MPU6050.o
 .bss.accelAverage
                0x20000030       0x18 ./source/Sensores/MPU6050.o
 .bss.ICLastTicks
                0x20000048      0x100 ./source/FTM/FTM.o
 .bss.accelData
                0x20000148       0x20 ./source/App.o
                0x20000148                accelData
 .bss.gyroData  0x20000168       0x20 ./source/App.o
                0x20000168                gyroData
 .bss.speed     0x20000188       0x20 ./source/App.o
                0x20000188                speed
 .bss.filter_roll_dot
                0x200001a8       0x48 ./source/App.o
                0x200001a8                filter_roll_dot
 .bss.filter_pitch_dot
                0x200001f0       0x48 ./source/App.o
                0x200001f0                filter_pitch_dot
 .bss.filter_yaw_dot
                0x20000238       0x48 ./source/App.o
                0x20000238                filter_yaw_dot
 .bss.SysTickCallback
                0x20000280        0x4 ./source/timer/SysTick.o
 .bss.timers    0x20000284       0xa0 ./source/timer/timer.o
 .bss.pckgNULL  0x20000324       0x10 ./source/buffer/SPI_buffer.o
                0x20000324                pckgNULL
 .bss.TxBuffer  0x20000334      0x267 ./source/UART/uart.o
 *fill*         0x2000059b        0x1 
 .bss.RxBuffer  0x2000059c      0x267 ./source/UART/uart.o
 *fill*         0x20000803        0x1 
 .bss.writeBuffer
                0x20000804        0x4 ./source/Sensores/MPU6050.o
 .bss.readBuffer
                0x20000808        0xa ./source/Sensores/MPU6050.o
 *fill*         0x20000812        0x2 
 .bss.LastRawDataGyroRead
                0x20000814        0x6 ./source/Sensores/MPU6050.o
 *fill*         0x2000081a        0x2 
 .bss.LastRawDataAccRead
                0x2000081c        0x6 ./source/Sensores/MPU6050.o
 *fill*         0x20000822        0x2 
 .bss.TxBuffer  0x20000824      0x408 ./source/SPI/SPI.o
 .bss.cont.1    0x20000c2c        0x4 ./source/SPI/SPI.o
 .bss.pckgAux.0
                0x20000c30       0x10 ./source/SPI/SPI.o
 .bss.PITCbs    0x20000c40       0x10 ./source/PIT/PIT.o
 .bss.portIrqFunc
                0x20000c50      0x280 ./source/MCAL/gpio.o
                0x20000c50                portIrqFunc
 .bss.writeState
                0x20000ed0       0x24 ./source/I2Cm/I2Cm.o
 .bss.readState
                0x20000ef4       0x18 ./source/I2Cm/I2Cm.o
 .bss.PWMPtrs   0x20000f0c       0x80 ./source/FTM/FTM.o
 .bss.ICCbPtrs  0x20000f8c       0x80 ./source/FTM/FTM.o
 .bss.ICChannelValue
                0x2000100c       0x40 ./source/FTM/FTM.o
 .bss.ICnewEdge
                0x2000104c       0x20 ./source/FTM/FTM.o
 .bss.fusionFlags
                0x2000106c        0x5 ./source/App.o
                0x2000106c                fusionFlags
 *fill*         0x20001071        0x3 
 .bss.strChannels
                0x20001074       0x64 ./source/App.o
 .bss.__LDM_interruptDisableCount
                0x200010d8        0x4 ./SDK/startup/hardware.o
 .bss.errno     0x200010dc        0x4 c:/nxp/mcuxpressoide_11.6.1_8255/ide/plugins/com.nxp.mcuxpresso.tools.win32_11.6.1.202207200623/tools/bin/../lib/gcc/arm-none-eabi/10.3.1/../../../../arm-none-eabi/lib/thumb/v7e-m+fp/hard\libcr_c.a(errno.o)
                0x200010dc                errno
 .bss.__end_of_heap
                0x200010e0        0x4 c:/nxp/mcuxpressoide_11.6.1_8255/ide/plugins/com.nxp.mcuxpresso.tools.win32_11.6.1.202207200623/tools/bin/../lib/gcc/arm-none-eabi/10.3.1/../../../../arm-none-eabi/lib/thumb/v7e-m+fp/hard\libcr_c.a(__init_alloc.o)
                0x200010e0                __end_of_heap
 .bss.__heaps   0x200010e4        0x4 c:/nxp/mcuxpressoide_11.6.1_8255/ide/plugins/com.nxp.mcuxpresso.tools.win32_11.6.1.202207200623/tools/bin/../lib/gcc/arm-none-eabi/10.3.1/../../../../arm-none-eabi/lib/thumb/v7e-m+fp/hard\libcr_c.a(__init_alloc.o)
                0x200010e4                __heaps
 .bss.yaInit.0  0x200010e8        0x1 ./source/timer/timer.o
 .bss.Ascale    0x200010e9        0x1 ./source/Sensores/MPU6050.o
 .bss.writeSize
                0x200010ea        0x1 ./source/Sensores/MPU6050.o
 .bss.readSize  0x200010eb        0x1 ./source/Sensores/MPU6050.o
 .bss.inInterrupt
                0x200010ec        0x1 ./source/SPI/SPI.o
 .bss.isBusBusy
                0x200010ed        0x1 ./source/I2Cm/I2Cm.o
 .bss.I2CtriggerAcc
                0x200010ee        0x1 ./source/App.o
                0x200010ee                I2CtriggerAcc
 *(SORT_BY_ALIGNMENT(COMMON))
                0x200010f0                . = ALIGN (0x8)
 *fill*         0x200010ef        0x1 
                0x200010f0                _ebss = .
                [!provide]                PROVIDE (__end_bss_RAM = .)
                [!provide]                PROVIDE (__end_bss_SRAM_UPPER = .)
                [!provide]                PROVIDE (end = .)

.noinit_RAM2    0x1fff0000        0x0
                [!provide]                PROVIDE (__start_noinit_RAM2 = .)
                [!provide]                PROVIDE (__start_noinit_SRAM_LOWER = .)
 *(SORT_BY_ALIGNMENT(.noinit.$RAM2))
 *(SORT_BY_ALIGNMENT(.noinit.$SRAM_LOWER))
 *(SORT_BY_ALIGNMENT(.noinit.$RAM2.*))
 *(SORT_BY_ALIGNMENT(.noinit.$SRAM_LOWER.*))
                0x1fff0000                . = ALIGN (0x8)
                [!provide]                PROVIDE (__end_noinit_RAM2 = .)
                [!provide]                PROVIDE (__end_noinit_SRAM_LOWER = .)

.noinit_RAM3    0x14000000        0x0
                [!provide]                PROVIDE (__start_noinit_RAM3 = .)
                [!provide]                PROVIDE (__start_noinit_FLEX_RAM = .)
 *(SORT_BY_ALIGNMENT(.noinit.$RAM3))
 *(SORT_BY_ALIGNMENT(.noinit.$FLEX_RAM))
 *(SORT_BY_ALIGNMENT(.noinit.$RAM3.*))
 *(SORT_BY_ALIGNMENT(.noinit.$FLEX_RAM.*))
                0x14000000                . = ALIGN (0x8)
                [!provide]                PROVIDE (__end_noinit_RAM3 = .)
                [!provide]                PROVIDE (__end_noinit_FLEX_RAM = .)

.noinit         0x200010f0        0x0
                0x200010f0                _noinit = .
                [!provide]                PROVIDE (__start_noinit_RAM = .)
                [!provide]                PROVIDE (__start_noinit_SRAM_UPPER = .)
 *(SORT_BY_ALIGNMENT(.noinit*))
                0x200010f0                . = ALIGN (0x8)
                0x200010f0                _end_noinit = .
                [!provide]                PROVIDE (__end_noinit_RAM = .)
                [!provide]                PROVIDE (__end_noinit_SRAM_UPPER = .)

.ARM.extab
 *(SORT_BY_ALIGNMENT(.ARM.extab*) SORT_BY_ALIGNMENT(.gnu.linkonce.armextab.*))

.ARM.exidx      0x000079d8        0x0
                0x000079d8                __exidx_start = .
 *(SORT_BY_ALIGNMENT(.ARM.exidx*) SORT_BY_ALIGNMENT(.gnu.linkonce.armexidx.*))
                0x000079d8                __exidx_end = .
                0x00001000                _HeapSize = 0x1000

.heap           0x200010f0     0x1000
                0x200010f0                _pvHeapStart = .
                0x200020f0                . = (. + _HeapSize)
 *fill*         0x200010f0     0x1000 
                0x200020f0                . = ALIGN (0x8)
                0x200020f0                _pvHeapLimit = .
                0x00001000                _StackSize = 0x1000

.heap2stackfill
                0x200020f0     0x1000
                0x200030f0                . = (. + _StackSize)
 *fill*         0x200020f0     0x1000 

.stack          0x2002f000        0x0
                0x2002f000                _vStackBase = .
                0x2002f000                . = ALIGN (0x8)
                0x20030000                _vStackTop = (. + _StackSize)
                0x00000000                _image_start = LOADADDR (.text)
                0x000079d8                _image_end = (LOADADDR (.data) + SIZEOF (.data))
                0x000079d8                _image_size = (_image_end - _image_start)
OUTPUT(TPQUAD.axf elf32-littlearm)
LOAD linker stubs

.debug_info     0x00000000     0xf0a3
 .debug_info    0x00000000      0x506 ./source/timer/SysTick.o
 .debug_info    0x00000506      0x2d9 ./source/timer/timer.o
 .debug_info    0x000007df      0x329 ./source/buffer/SPI_buffer.o
 .debug_info    0x00000b08      0x2e6 ./source/buffer/circular_buffer.o
 .debug_info    0x00000dee      0xde4 ./source/UART/uart.o
 .debug_info    0x00001bd2      0x524 ./source/Sensores/MPU6050.o
 .debug_info    0x000020f6      0xd5c ./source/SPI/SPI.o
 .debug_info    0x00002e52      0x87a ./source/PIT/PIT.o
 .debug_info    0x000036cc      0xc0f ./source/MCAL/gpio.o
 .debug_info    0x000042db      0xd3a ./source/I2Cm/I2Cm.o
 .debug_info    0x00005015     0x168d ./source/Fusion/FusionAhrs.o
 .debug_info    0x000066a2      0x599 ./source/Fusion/FusionCompass.o
 .debug_info    0x00006c3b      0xfab ./source/FTM/FTM.o
 .debug_info    0x00007be6      0x866 ./source/ESCDriver/ESCDriver.o
 .debug_info    0x0000844c      0x175 ./source/Biquad/Biquad.o
 .debug_info    0x000085c1      0xd51 ./source/App.o
 .debug_info    0x00009312      0x6b2 ./SDK/startup/hardware.o
 .debug_info    0x000099c4       0x86 ./SDK/startup/main.o
 .debug_info    0x00009a4a       0x3c ./SDK/startup/semihost_hardfault.o
 .debug_info    0x00009a86      0x93a ./SDK/startup/startup_mk64f12.o
 .debug_info    0x0000a3c0      0x63b ./SDK/CMSIS/system_MK64F12.o
 .debug_info    0x0000a9fb     0x1612 C:\Users\sch_b\OneDrive\Documentos\QUADCOPTER\Quadcopter\TPQUAD\SDK\CMSIS\DSP\libarm_cortexM4lf_math.a(arm_sin_f32.o)
 .debug_info    0x0000c00d     0x1612 C:\Users\sch_b\OneDrive\Documentos\QUADCOPTER\Quadcopter\TPQUAD\SDK\CMSIS\DSP\libarm_cortexM4lf_math.a(arm_cos_f32.o)
 .debug_info    0x0000d61f     0x1a84 C:\Users\sch_b\OneDrive\Documentos\QUADCOPTER\Quadcopter\TPQUAD\SDK\CMSIS\DSP\libarm_cortexM4lf_math.a(arm_common_tables.o)

.debug_abbrev   0x00000000     0x2bbc
 .debug_abbrev  0x00000000      0x190 ./source/timer/SysTick.o
 .debug_abbrev  0x00000190      0x1b5 ./source/timer/timer.o
 .debug_abbrev  0x00000345      0x1b4 ./source/buffer/SPI_buffer.o
 .debug_abbrev  0x000004f9      0x162 ./source/buffer/circular_buffer.o
 .debug_abbrev  0x0000065b      0x267 ./source/UART/uart.o
 .debug_abbrev  0x000008c2      0x18f ./source/Sensores/MPU6050.o
 .debug_abbrev  0x00000a51      0x2d8 ./source/SPI/SPI.o
 .debug_abbrev  0x00000d29      0x1d5 ./source/PIT/PIT.o
 .debug_abbrev  0x00000efe      0x253 ./source/MCAL/gpio.o
 .debug_abbrev  0x00001151      0x280 ./source/I2Cm/I2Cm.o
 .debug_abbrev  0x000013d1      0x392 ./source/Fusion/FusionAhrs.o
 .debug_abbrev  0x00001763      0x213 ./source/Fusion/FusionCompass.o
 .debug_abbrev  0x00001976      0x297 ./source/FTM/FTM.o
 .debug_abbrev  0x00001c0d      0x188 ./source/ESCDriver/ESCDriver.o
 .debug_abbrev  0x00001d95       0xd6 ./source/Biquad/Biquad.o
 .debug_abbrev  0x00001e6b      0x2a7 ./source/App.o
 .debug_abbrev  0x00002112      0x12e ./SDK/startup/hardware.o
 .debug_abbrev  0x00002240       0x49 ./SDK/startup/main.o
 .debug_abbrev  0x00002289       0x31 ./SDK/startup/semihost_hardfault.o
 .debug_abbrev  0x000022ba      0x185 ./SDK/startup/startup_mk64f12.o
 .debug_abbrev  0x0000243f      0x148 ./SDK/CMSIS/system_MK64F12.o
 .debug_abbrev  0x00002587      0x22c C:\Users\sch_b\OneDrive\Documentos\QUADCOPTER\Quadcopter\TPQUAD\SDK\CMSIS\DSP\libarm_cortexM4lf_math.a(arm_sin_f32.o)
 .debug_abbrev  0x000027b3      0x22c C:\Users\sch_b\OneDrive\Documentos\QUADCOPTER\Quadcopter\TPQUAD\SDK\CMSIS\DSP\libarm_cortexM4lf_math.a(arm_cos_f32.o)
 .debug_abbrev  0x000029df      0x1dd C:\Users\sch_b\OneDrive\Documentos\QUADCOPTER\Quadcopter\TPQUAD\SDK\CMSIS\DSP\libarm_cortexM4lf_math.a(arm_common_tables.o)

.debug_aranges  0x00000000      0x9c8
 .debug_aranges
                0x00000000       0x30 ./source/timer/SysTick.o
 .debug_aranges
                0x00000030       0x50 ./source/timer/timer.o
 .debug_aranges
                0x00000080       0x58 ./source/buffer/SPI_buffer.o
 .debug_aranges
                0x000000d8       0x58 ./source/buffer/circular_buffer.o
 .debug_aranges
                0x00000130       0x80 ./source/UART/uart.o
 .debug_aranges
                0x000001b0       0x70 ./source/Sensores/MPU6050.o
 .debug_aranges
                0x00000220       0x58 ./source/SPI/SPI.o
 .debug_aranges
                0x00000278       0x58 ./source/PIT/PIT.o
 .debug_aranges
                0x000002d0       0x78 ./source/MCAL/gpio.o
 .debug_aranges
                0x00000348       0x50 ./source/I2Cm/I2Cm.o
 .debug_aranges
                0x00000398       0x78 ./source/Fusion/FusionAhrs.o
 .debug_aranges
                0x00000410       0x20 ./source/Fusion/FusionCompass.o
 .debug_aranges
                0x00000430       0x80 ./source/FTM/FTM.o
 .debug_aranges
                0x000004b0       0x40 ./source/ESCDriver/ESCDriver.o
 .debug_aranges
                0x000004f0       0x28 ./source/Biquad/Biquad.o
 .debug_aranges
                0x00000518       0x88 ./source/App.o
 .debug_aranges
                0x000005a0       0x30 ./SDK/startup/hardware.o
 .debug_aranges
                0x000005d0       0x20 ./SDK/startup/main.o
 .debug_aranges
                0x000005f0       0x20 ./SDK/startup/semihost_hardfault.o
 .debug_aranges
                0x00000610      0x330 ./SDK/startup/startup_mk64f12.o
 .debug_aranges
                0x00000940       0x30 ./SDK/CMSIS/system_MK64F12.o
 .debug_aranges
                0x00000970       0x20 C:\Users\sch_b\OneDrive\Documentos\QUADCOPTER\Quadcopter\TPQUAD\SDK\CMSIS\DSP\libarm_cortexM4lf_math.a(arm_sin_f32.o)
 .debug_aranges
                0x00000990       0x20 C:\Users\sch_b\OneDrive\Documentos\QUADCOPTER\Quadcopter\TPQUAD\SDK\CMSIS\DSP\libarm_cortexM4lf_math.a(arm_cos_f32.o)
 .debug_aranges
                0x000009b0       0x18 C:\Users\sch_b\OneDrive\Documentos\QUADCOPTER\Quadcopter\TPQUAD\SDK\CMSIS\DSP\libarm_cortexM4lf_math.a(arm_common_tables.o)

.debug_ranges   0x00000000     0x1050
 .debug_ranges  0x00000000       0x20 ./source/timer/SysTick.o
 .debug_ranges  0x00000020       0x40 ./source/timer/timer.o
 .debug_ranges  0x00000060       0x48 ./source/buffer/SPI_buffer.o
 .debug_ranges  0x000000a8       0x48 ./source/buffer/circular_buffer.o
 .debug_ranges  0x000000f0       0x70 ./source/UART/uart.o
 .debug_ranges  0x00000160       0x60 ./source/Sensores/MPU6050.o
 .debug_ranges  0x000001c0       0x48 ./source/SPI/SPI.o
 .debug_ranges  0x00000208       0x48 ./source/PIT/PIT.o
 .debug_ranges  0x00000250       0x68 ./source/MCAL/gpio.o
 .debug_ranges  0x000002b8       0x40 ./source/I2Cm/I2Cm.o
 .debug_ranges  0x000002f8      0x688 ./source/Fusion/FusionAhrs.o
 .debug_ranges  0x00000980      0x200 ./source/Fusion/FusionCompass.o
 .debug_ranges  0x00000b80       0x70 ./source/FTM/FTM.o
 .debug_ranges  0x00000bf0       0x30 ./source/ESCDriver/ESCDriver.o
 .debug_ranges  0x00000c20       0x18 ./source/Biquad/Biquad.o
 .debug_ranges  0x00000c38       0x78 ./source/App.o
 .debug_ranges  0x00000cb0       0x20 ./SDK/startup/hardware.o
 .debug_ranges  0x00000cd0       0x10 ./SDK/startup/main.o
 .debug_ranges  0x00000ce0       0x10 ./SDK/startup/semihost_hardfault.o
 .debug_ranges  0x00000cf0      0x320 ./SDK/startup/startup_mk64f12.o
 .debug_ranges  0x00001010       0x20 ./SDK/CMSIS/system_MK64F12.o
 .debug_ranges  0x00001030       0x10 C:\Users\sch_b\OneDrive\Documentos\QUADCOPTER\Quadcopter\TPQUAD\SDK\CMSIS\DSP\libarm_cortexM4lf_math.a(arm_sin_f32.o)
 .debug_ranges  0x00001040       0x10 C:\Users\sch_b\OneDrive\Documentos\QUADCOPTER\Quadcopter\TPQUAD\SDK\CMSIS\DSP\libarm_cortexM4lf_math.a(arm_cos_f32.o)

.debug_macro    0x00000000    0x1503c
 .debug_macro   0x00000000       0xb6 ./source/timer/SysTick.o
 .debug_macro   0x000000b6      0xa7e ./source/timer/SysTick.o
 .debug_macro   0x00000b34       0x22 ./source/timer/SysTick.o
 .debug_macro   0x00000b56      0x34e ./source/timer/SysTick.o
 .debug_macro   0x00000ea4       0x10 ./source/timer/SysTick.o
 .debug_macro   0x00000eb4       0x5c ./source/timer/SysTick.o
 .debug_macro   0x00000f10       0x1c ./source/timer/SysTick.o
 .debug_macro   0x00000f2c       0x28 ./source/timer/SysTick.o
 .debug_macro   0x00000f54       0xd9 ./source/timer/SysTick.o
 .debug_macro   0x0000102d      0xecf ./source/timer/SysTick.o
 .debug_macro   0x00001efc       0x48 ./source/timer/SysTick.o
 .debug_macro   0x00001f44     0xe07b ./source/timer/SysTick.o
 .debug_macro   0x0000ffbf     0x122b ./source/timer/SysTick.o
 .debug_macro   0x000111ea       0x16 ./source/timer/SysTick.o
 .debug_macro   0x00011200      0x134 ./source/timer/timer.o
 .debug_macro   0x00011334       0x1e ./source/timer/timer.o
 .debug_macro   0x00011352       0x22 ./source/timer/timer.o
 .debug_macro   0x00011374       0x5e ./source/timer/timer.o
 .debug_macro   0x000113d2       0x94 ./source/timer/timer.o
 .debug_macro   0x00011466       0x35 ./source/timer/timer.o
 .debug_macro   0x0001149b       0x34 ./source/timer/timer.o
 .debug_macro   0x000114cf       0x16 ./source/timer/timer.o
 .debug_macro   0x000114e5      0x10e ./source/timer/timer.o
 .debug_macro   0x000115f3       0x8d ./source/timer/timer.o
 .debug_macro   0x00011680       0x16 ./source/timer/timer.o
 .debug_macro   0x00011696       0x43 ./source/timer/timer.o
 .debug_macro   0x000116d9       0x57 ./source/timer/timer.o
 .debug_macro   0x00011730       0x34 ./source/timer/timer.o
 .debug_macro   0x00011764       0x10 ./source/timer/timer.o
 .debug_macro   0x00011774       0x58 ./source/timer/timer.o
 .debug_macro   0x000117cc      0x182 ./source/timer/timer.o
 .debug_macro   0x0001194e      0x341 ./source/timer/timer.o
 .debug_macro   0x00011c8f       0x16 ./source/timer/timer.o
 .debug_macro   0x00011ca5       0x29 ./source/timer/timer.o
 .debug_macro   0x00011cce       0x28 ./source/timer/timer.o
 .debug_macro   0x00011cf6       0x10 ./source/timer/timer.o
 .debug_macro   0x00011d06      0x1e7 ./source/buffer/SPI_buffer.o
 .debug_macro   0x00011eed       0x16 ./source/buffer/SPI_buffer.o
 .debug_macro   0x00011f03       0x97 ./source/buffer/SPI_buffer.o
 .debug_macro   0x00011f9a       0xfd ./source/buffer/SPI_buffer.o
 .debug_macro   0x00012097       0x10 ./source/buffer/SPI_buffer.o
 .debug_macro   0x000120a7       0x10 ./source/buffer/SPI_buffer.o
 .debug_macro   0x000120b7       0x6a ./source/buffer/SPI_buffer.o
 .debug_macro   0x00012121       0x1c ./source/buffer/SPI_buffer.o
 .debug_macro   0x0001213d       0x52 ./source/buffer/SPI_buffer.o
 .debug_macro   0x0001218f       0x22 ./source/buffer/SPI_buffer.o
 .debug_macro   0x000121b1       0x10 ./source/buffer/SPI_buffer.o
 .debug_macro   0x000121c1       0x52 ./source/buffer/SPI_buffer.o
 .debug_macro   0x00012213       0xd5 ./source/buffer/SPI_buffer.o
 .debug_macro   0x000122e8       0x1c ./source/buffer/SPI_buffer.o
 .debug_macro   0x00012304       0x3d ./source/buffer/SPI_buffer.o
 .debug_macro   0x00012341       0x16 ./source/buffer/SPI_buffer.o
 .debug_macro   0x00012357      0x16f ./source/buffer/SPI_buffer.o
 .debug_macro   0x000124c6       0x16 ./source/buffer/SPI_buffer.o
 .debug_macro   0x000124dc       0x35 ./source/buffer/SPI_buffer.o
 .debug_macro   0x00012511       0xac ./source/buffer/circular_buffer.o
 .debug_macro   0x000125bd       0xe8 ./source/UART/uart.o
 .debug_macro   0x000126a5       0x10 ./source/UART/uart.o
 .debug_macro   0x000126b5       0x40 ./source/UART/uart.o
 .debug_macro   0x000126f5      0x175 ./source/Sensores/MPU6050.o
 .debug_macro   0x0001286a      0x338 ./source/Sensores/MPU6050.o
 .debug_macro   0x00012ba2      0x31f ./source/SPI/SPI.o
 .debug_macro   0x00012ec1       0x3a ./source/SPI/SPI.o
 .debug_macro   0x00012efb       0x10 ./source/SPI/SPI.o
 .debug_macro   0x00012f0b       0x10 ./source/SPI/SPI.o
 .debug_macro   0x00012f1b       0xd3 ./source/PIT/PIT.o
 .debug_macro   0x00012fee       0x28 ./source/PIT/PIT.o
 .debug_macro   0x00013016       0xc4 ./source/MCAL/gpio.o
 .debug_macro   0x000130da      0x1fd ./source/I2Cm/I2Cm.o
 .debug_macro   0x000132d7       0x10 ./source/I2Cm/I2Cm.o
 .debug_macro   0x000132e7      0x16e ./source/Fusion/FusionAhrs.o
 .debug_macro   0x00013455      0xa7e ./source/Fusion/FusionAhrs.o
 .debug_macro   0x00013ed3      0x201 ./source/Fusion/FusionAhrs.o
 .debug_macro   0x000140d4      0x186 ./source/Fusion/FusionAhrs.o
 .debug_macro   0x0001425a       0x9a ./source/Fusion/FusionAhrs.o
 .debug_macro   0x000142f4      0x108 ./source/Fusion/FusionCompass.o
 .debug_macro   0x000143fc      0x19b ./source/Fusion/FusionCompass.o
 .debug_macro   0x00014597      0x1c5 ./source/FTM/FTM.o
 .debug_macro   0x0001475c       0x22 ./source/FTM/FTM.o
 .debug_macro   0x0001477e      0x1ec ./source/ESCDriver/ESCDriver.o
 .debug_macro   0x0001496a       0x1c ./source/ESCDriver/ESCDriver.o
 .debug_macro   0x00014986       0x1b ./source/Biquad/Biquad.o
 .debug_macro   0x000149a1      0x369 ./source/App.o
 .debug_macro   0x00014d0a       0x1c ./source/App.o
 .debug_macro   0x00014d26       0x22 ./source/App.o
 .debug_macro   0x00014d48       0x3a ./source/App.o
 .debug_macro   0x00014d82       0xc8 ./source/App.o
 .debug_macro   0x00014e4a       0x9c ./SDK/startup/hardware.o
 .debug_macro   0x00014ee6       0x9c ./SDK/startup/main.o
 .debug_macro   0x00014f82       0x11 ./SDK/startup/semihost_hardfault.o
 .debug_macro   0x00014f93       0x29 ./SDK/startup/startup_mk64f12.o
 .debug_macro   0x00014fbc       0x80 ./SDK/CMSIS/system_MK64F12.o

.debug_line     0x00000000     0x8403
 .debug_line    0x00000000      0x232 ./source/timer/SysTick.o
 .debug_line    0x00000232      0x4e1 ./source/timer/timer.o
 .debug_line    0x00000713      0x5c3 ./source/buffer/SPI_buffer.o
 .debug_line    0x00000cd6      0x37c ./source/buffer/circular_buffer.o
 .debug_line    0x00001052      0x4fc ./source/UART/uart.o
 .debug_line    0x0000154e      0x937 ./source/Sensores/MPU6050.o
 .debug_line    0x00001e85      0xb3d ./source/SPI/SPI.o
 .debug_line    0x000029c2      0x317 ./source/PIT/PIT.o
 .debug_line    0x00002cd9      0x4ed ./source/MCAL/gpio.o
 .debug_line    0x000031c6      0x788 ./source/I2Cm/I2Cm.o
 .debug_line    0x0000394e     0x10ae ./source/Fusion/FusionAhrs.o
 .debug_line    0x000049fc      0x4f0 ./source/Fusion/FusionCompass.o
 .debug_line    0x00004eec      0x839 ./source/FTM/FTM.o
 .debug_line    0x00005725      0x676 ./source/ESCDriver/ESCDriver.o
 .debug_line    0x00005d9b       0xeb ./source/Biquad/Biquad.o
 .debug_line    0x00005e86      0xca0 ./source/App.o
 .debug_line    0x00006b26      0x2a7 ./SDK/startup/hardware.o
 .debug_line    0x00006dcd      0x1b8 ./SDK/startup/main.o
 .debug_line    0x00006f85       0x5f ./SDK/startup/semihost_hardfault.o
 .debug_line    0x00006fe4      0x917 ./SDK/startup/startup_mk64f12.o
 .debug_line    0x000078fb      0x322 ./SDK/CMSIS/system_MK64F12.o
 .debug_line    0x00007c1d      0x2d0 C:\Users\sch_b\OneDrive\Documentos\QUADCOPTER\Quadcopter\TPQUAD\SDK\CMSIS\DSP\libarm_cortexM4lf_math.a(arm_sin_f32.o)
 .debug_line    0x00007eed      0x2d3 C:\Users\sch_b\OneDrive\Documentos\QUADCOPTER\Quadcopter\TPQUAD\SDK\CMSIS\DSP\libarm_cortexM4lf_math.a(arm_cos_f32.o)
 .debug_line    0x000081c0      0x243 C:\Users\sch_b\OneDrive\Documentos\QUADCOPTER\Quadcopter\TPQUAD\SDK\CMSIS\DSP\libarm_cortexM4lf_math.a(arm_common_tables.o)

.debug_str      0x00000000    0x81651
 .debug_str     0x00000000    0x773ec ./source/timer/SysTick.o
                              0x775b7 (size before relaxing)
 .debug_str     0x000773ec     0x30ae ./source/timer/timer.o
                               0x699c (size before relaxing)
 .debug_str     0x0007a49a     0x125e ./source/buffer/SPI_buffer.o
                               0x796b (size before relaxing)
 .debug_str     0x0007b6f8       0xa5 ./source/buffer/circular_buffer.o
                              0x7707d (size before relaxing)
 .debug_str     0x0007b79d      0x4af ./source/UART/uart.o
                              0x77a26 (size before relaxing)
 .debug_str     0x0007bc4c      0xc04 ./source/Sensores/MPU6050.o
                               0x7477 (size before relaxing)
 .debug_str     0x0007c850      0x76f ./source/SPI/SPI.o
                              0x7beba (size before relaxing)
 .debug_str     0x0007cfbf      0x229 ./source/PIT/PIT.o
                              0x77bb8 (size before relaxing)
 .debug_str     0x0007d1e8      0x1b5 ./source/MCAL/gpio.o
                              0x77bf1 (size before relaxing)
 .debug_str     0x0007d39d      0x2ab ./source/I2Cm/I2Cm.o
                              0x7aa24 (size before relaxing)
 .debug_str     0x0007d648     0x17de ./source/Fusion/FusionAhrs.o
                               0x7e4e (size before relaxing)
 .debug_str     0x0007ee26       0x53 ./source/Fusion/FusionCompass.o
                               0x727d (size before relaxing)
 .debug_str     0x0007ee79      0x4cc ./source/FTM/FTM.o
                              0x7aae5 (size before relaxing)
 .debug_str     0x0007f345      0x1ba ./source/ESCDriver/ESCDriver.o
                              0x7a4da (size before relaxing)
 .debug_str     0x0007f4ff       0x5a ./source/Biquad/Biquad.o
                               0x2d75 (size before relaxing)
 .debug_str     0x0007f559      0xb5f ./source/App.o
                               0xac16 (size before relaxing)
 .debug_str     0x000800b8      0x16f ./SDK/startup/hardware.o
                              0x771d6 (size before relaxing)
 .debug_str     0x00080227       0x1b ./SDK/startup/main.o
                              0x76fa1 (size before relaxing)
 .debug_str     0x00080242       0x36 ./SDK/startup/semihost_hardfault.o
                               0x2d4a (size before relaxing)
 .debug_str     0x00080278      0x6bf ./SDK/startup/startup_mk64f12.o
                               0x35a4 (size before relaxing)
 .debug_str     0x00080937       0x72 ./SDK/CMSIS/system_MK64F12.o
                              0x770f5 (size before relaxing)
 .debug_str     0x000809a9      0xc3a C:\Users\sch_b\OneDrive\Documentos\QUADCOPTER\Quadcopter\TPQUAD\SDK\CMSIS\DSP\libarm_cortexM4lf_math.a(arm_sin_f32.o)
                                0xd42 (size before relaxing)
 .debug_str     0x000815e3       0x40 C:\Users\sch_b\OneDrive\Documentos\QUADCOPTER\Quadcopter\TPQUAD\SDK\CMSIS\DSP\libarm_cortexM4lf_math.a(arm_cos_f32.o)
                                0xd42 (size before relaxing)
 .debug_str     0x00081623       0x2e C:\Users\sch_b\OneDrive\Documentos\QUADCOPTER\Quadcopter\TPQUAD\SDK\CMSIS\DSP\libarm_cortexM4lf_math.a(arm_common_tables.o)
                                0xd1d (size before relaxing)

.comment        0x00000000       0xbe
 .comment       0x00000000       0x49 ./source/timer/SysTick.o
                                 0x4a (size before relaxing)
 .comment       0x00000049       0x4a ./source/timer/timer.o
 .comment       0x00000049       0x4a ./source/buffer/SPI_buffer.o
 .comment       0x00000049       0x4a ./source/buffer/circular_buffer.o
 .comment       0x00000049       0x4a ./source/UART/uart.o
 .comment       0x00000049       0x4a ./source/Sensores/MPU6050.o
 .comment       0x00000049       0x4a ./source/SPI/SPI.o
 .comment       0x00000049       0x4a ./source/PIT/PIT.o
 .comment       0x00000049       0x4a ./source/MCAL/gpio.o
 .comment       0x00000049       0x4a ./source/I2Cm/I2Cm.o
 .comment       0x00000049       0x4a ./source/Fusion/FusionAhrs.o
 .comment       0x00000049       0x4a ./source/Fusion/FusionCompass.o
 .comment       0x00000049       0x4a ./source/FTM/FTM.o
 .comment       0x00000049       0x4a ./source/ESCDriver/ESCDriver.o
 .comment       0x00000049       0x4a ./source/Biquad/Biquad.o
 .comment       0x00000049       0x4a ./source/App.o
 .comment       0x00000049       0x4a ./SDK/startup/hardware.o
 .comment       0x00000049       0x4a ./SDK/startup/main.o
 .comment       0x00000049       0x4a ./SDK/startup/semihost_hardfault.o
 .comment       0x00000049       0x4a ./SDK/startup/startup_mk64f12.o
 .comment       0x00000049       0x4a ./SDK/CMSIS/system_MK64F12.o
 .comment       0x00000049       0x75 C:\Users\sch_b\OneDrive\Documentos\QUADCOPTER\Quadcopter\TPQUAD\SDK\CMSIS\DSP\libarm_cortexM4lf_math.a(arm_sin_f32.o)
                                 0x76 (size before relaxing)
 .comment       0x000000be       0x76 C:\Users\sch_b\OneDrive\Documentos\QUADCOPTER\Quadcopter\TPQUAD\SDK\CMSIS\DSP\libarm_cortexM4lf_math.a(arm_cos_f32.o)
 .comment       0x000000be       0x76 C:\Users\sch_b\OneDrive\Documentos\QUADCOPTER\Quadcopter\TPQUAD\SDK\CMSIS\DSP\libarm_cortexM4lf_math.a(arm_common_tables.o)
 .comment       0x000000be       0x4a c:/nxp/mcuxpressoide_11.6.1_8255/ide/plugins/com.nxp.mcuxpresso.tools.win32_11.6.1.202207200623/tools/bin/../lib/gcc/arm-none-eabi/10.3.1/../../../../arm-none-eabi/lib/thumb/v7e-m+fp/hard\libcr_c.a(asinf.o)
 .comment       0x000000be       0x4a c:/nxp/mcuxpressoide_11.6.1_8255/ide/plugins/com.nxp.mcuxpresso.tools.win32_11.6.1.202207200623/tools/bin/../lib/gcc/arm-none-eabi/10.3.1/../../../../arm-none-eabi/lib/thumb/v7e-m+fp/hard\libcr_c.a(atan2f.o)
 .comment       0x000000be       0x4a c:/nxp/mcuxpressoide_11.6.1_8255/ide/plugins/com.nxp.mcuxpresso.tools.win32_11.6.1.202207200623/tools/bin/../lib/gcc/arm-none-eabi/10.3.1/../../../../arm-none-eabi/lib/thumb/v7e-m+fp/hard\libcr_c.a(atanf.o)
 .comment       0x000000be       0x4a c:/nxp/mcuxpressoide_11.6.1_8255/ide/plugins/com.nxp.mcuxpresso.tools.win32_11.6.1.202207200623/tools/bin/../lib/gcc/arm-none-eabi/10.3.1/../../../../arm-none-eabi/lib/thumb/v7e-m+fp/hard\libcr_c.a(cosf.o)
 .comment       0x000000be       0x4a c:/nxp/mcuxpressoide_11.6.1_8255/ide/plugins/com.nxp.mcuxpresso.tools.win32_11.6.1.202207200623/tools/bin/../lib/gcc/arm-none-eabi/10.3.1/../../../../arm-none-eabi/lib/thumb/v7e-m+fp/hard\libcr_c.a(fabsf.o)
 .comment       0x000000be       0x4a c:/nxp/mcuxpressoide_11.6.1_8255/ide/plugins/com.nxp.mcuxpresso.tools.win32_11.6.1.202207200623/tools/bin/../lib/gcc/arm-none-eabi/10.3.1/../../../../arm-none-eabi/lib/thumb/v7e-m+fp/hard\libcr_c.a(sinf.o)
 .comment       0x000000be       0x4a c:/nxp/mcuxpressoide_11.6.1_8255/ide/plugins/com.nxp.mcuxpresso.tools.win32_11.6.1.202207200623/tools/bin/../lib/gcc/arm-none-eabi/10.3.1/../../../../arm-none-eabi/lib/thumb/v7e-m+fp/hard\libcr_c.a(memcpy.o)
 .comment       0x000000be       0x4a c:/nxp/mcuxpressoide_11.6.1_8255/ide/plugins/com.nxp.mcuxpresso.tools.win32_11.6.1.202207200623/tools/bin/../lib/gcc/arm-none-eabi/10.3.1/../../../../arm-none-eabi/lib/thumb/v7e-m+fp/hard\libcr_c.a(memset.o)
 .comment       0x000000be       0x4a c:/nxp/mcuxpressoide_11.6.1_8255/ide/plugins/com.nxp.mcuxpresso.tools.win32_11.6.1.202207200623/tools/bin/../lib/gcc/arm-none-eabi/10.3.1/../../../../arm-none-eabi/lib/thumb/v7e-m+fp/hard\libcr_c.a(errno.o)
 .comment       0x000000be       0x4a c:/nxp/mcuxpressoide_11.6.1_8255/ide/plugins/com.nxp.mcuxpresso.tools.win32_11.6.1.202207200623/tools/bin/../lib/gcc/arm-none-eabi/10.3.1/../../../../arm-none-eabi/lib/thumb/v7e-m+fp/hard\libcr_c.a(fpprintf.o)
 .comment       0x000000be       0x4a c:/nxp/mcuxpressoide_11.6.1_8255/ide/plugins/com.nxp.mcuxpresso.tools.win32_11.6.1.202207200623/tools/bin/../lib/gcc/arm-none-eabi/10.3.1/../../../../arm-none-eabi/lib/thumb/v7e-m+fp/hard\libcr_c.a(printf.o)
 .comment       0x000000be       0x4a c:/nxp/mcuxpressoide_11.6.1_8255/ide/plugins/com.nxp.mcuxpresso.tools.win32_11.6.1.202207200623/tools/bin/../lib/gcc/arm-none-eabi/10.3.1/../../../../arm-none-eabi/lib/thumb/v7e-m+fp/hard\libcr_c.a(strlen.o)
 .comment       0x000000be       0x4a c:/nxp/mcuxpressoide_11.6.1_8255/ide/plugins/com.nxp.mcuxpresso.tools.win32_11.6.1.202207200623/tools/bin/../lib/gcc/arm-none-eabi/10.3.1/../../../../arm-none-eabi/lib/thumb/v7e-m+fp/hard\libcr_c.a(_asinacosf.o)
 .comment       0x000000be       0x4a c:/nxp/mcuxpressoide_11.6.1_8255/ide/plugins/com.nxp.mcuxpresso.tools.win32_11.6.1.202207200623/tools/bin/../lib/gcc/arm-none-eabi/10.3.1/../../../../arm-none-eabi/lib/thumb/v7e-m+fp/hard\libcr_c.a(_sincosf.o)
 .comment       0x000000be       0x4a c:/nxp/mcuxpressoide_11.6.1_8255/ide/plugins/com.nxp.mcuxpresso.tools.win32_11.6.1.202207200623/tools/bin/../lib/gcc/arm-none-eabi/10.3.1/../../../../arm-none-eabi/lib/thumb/v7e-m+fp/hard\libcr_c.a(_deferredlazyseek.o)
 .comment       0x000000be       0x4a c:/nxp/mcuxpressoide_11.6.1_8255/ide/plugins/com.nxp.mcuxpresso.tools.win32_11.6.1.202207200623/tools/bin/../lib/gcc/arm-none-eabi/10.3.1/../../../../arm-none-eabi/lib/thumb/v7e-m+fp/hard\libcr_c.a(_fflush.o)
 .comment       0x000000be       0x4a c:/nxp/mcuxpressoide_11.6.1_8255/ide/plugins/com.nxp.mcuxpresso.tools.win32_11.6.1.202207200623/tools/bin/../lib/gcc/arm-none-eabi/10.3.1/../../../../arm-none-eabi/lib/thumb/v7e-m+fp/hard\libcr_c.a(_frexpl.o)
 .comment       0x000000be       0x4a c:/nxp/mcuxpressoide_11.6.1_8255/ide/plugins/com.nxp.mcuxpresso.tools.win32_11.6.1.202207200623/tools/bin/../lib/gcc/arm-none-eabi/10.3.1/../../../../arm-none-eabi/lib/thumb/v7e-m+fp/hard\libcr_c.a(_ldexpl.o)
 .comment       0x000000be       0x4a c:/nxp/mcuxpressoide_11.6.1_8255/ide/plugins/com.nxp.mcuxpresso.tools.win32_11.6.1.202207200623/tools/bin/../lib/gcc/arm-none-eabi/10.3.1/../../../../arm-none-eabi/lib/thumb/v7e-m+fp/hard\libcr_c.a(_writebuf.o)
 .comment       0x000000be       0x4a c:/nxp/mcuxpressoide_11.6.1_8255/ide/plugins/com.nxp.mcuxpresso.tools.win32_11.6.1.202207200623/tools/bin/../lib/gcc/arm-none-eabi/10.3.1/../../../../arm-none-eabi/lib/thumb/v7e-m+fp/hard\libcr_c.a(alloc.o)