Archive member included to satisfy reference by file (symbol)

C:\Users\sch_b\OneDrive\Documentos\QUADCOPTER\Quadcopter\TPQUAD\SDK\CMSIS\DSP\libarm_cortexM4lf_math.a(arm_sin_f32.o)
                              ./source/App.o (arm_sin_f32)
C:\Users\sch_b\OneDrive\Documentos\QUADCOPTER\Quadcopter\TPQUAD\SDK\CMSIS\DSP\libarm_cortexM4lf_math.a(arm_cos_f32.o)
                              ./source/App.o (arm_cos_f32)
C:\Users\sch_b\OneDrive\Documentos\QUADCOPTER\Quadcopter\TPQUAD\SDK\CMSIS\DSP\libarm_cortexM4lf_math.a(arm_common_tables.o)
                              C:\Users\sch_b\OneDrive\Documentos\QUADCOPTER\Quadcopter\TPQUAD\SDK\CMSIS\DSP\libarm_cortexM4lf_math.a(arm_sin_f32.o) (sinTable_f32)
c:/nxp/mcuxpressoide_11.6.1_8255/ide/plugins/com.nxp.mcuxpresso.tools.win32_11.6.1.202207200623/tools/bin/../lib/gcc/arm-none-eabi/10.3.1/../../../../arm-none-eabi/lib/thumb/v7e-m+fp/hard\libcr_c.a(asinf.o)
                              ./source/Fusion/FusionAhrs.o (asinf)
c:/nxp/mcuxpressoide_11.6.1_8255/ide/plugins/com.nxp.mcuxpresso.tools.win32_11.6.1.202207200623/tools/bin/../lib/gcc/arm-none-eabi/10.3.1/../../../../arm-none-eabi/lib/thumb/v7e-m+fp/hard\libcr_c.a(atan2f.o)
                              ./source/Fusion/FusionAhrs.o (atan2f)
c:/nxp/mcuxpressoide_11.6.1_8255/ide/plugins/com.nxp.mcuxpresso.tools.win32_11.6.1.202207200623/tools/bin/../lib/gcc/arm-none-eabi/10.3.1/../../../../arm-none-eabi/lib/thumb/v7e-m+fp/hard\libcr_c.a(atanf.o)
                              c:/nxp/mcuxpressoide_11.6.1_8255/ide/plugins/com.nxp.mcuxpresso.tools.win32_11.6.1.202207200623/tools/bin/../lib/gcc/arm-none-eabi/10.3.1/../../../../arm-none-eabi/lib/thumb/v7e-m+fp/hard\libcr_c.a(atan2f.o) (atanf)
c:/nxp/mcuxpressoide_11.6.1_8255/ide/plugins/com.nxp.mcuxpresso.tools.win32_11.6.1.202207200623/tools/bin/../lib/gcc/arm-none-eabi/10.3.1/../../../../arm-none-eabi/lib/thumb/v7e-m+fp/hard\libcr_c.a(cosf.o)
                              ./source/Fusion/FusionAhrs.o (cosf)
c:/nxp/mcuxpressoide_11.6.1_8255/ide/plugins/com.nxp.mcuxpresso.tools.win32_11.6.1.202207200623/tools/bin/../lib/gcc/arm-none-eabi/10.3.1/../../../../arm-none-eabi/lib/thumb/v7e-m+fp/hard\libcr_c.a(fabsf.o)
                              c:/nxp/mcuxpressoide_11.6.1_8255/ide/plugins/com.nxp.mcuxpresso.tools.win32_11.6.1.202207200623/tools/bin/../lib/gcc/arm-none-eabi/10.3.1/../../../../arm-none-eabi/lib/thumb/v7e-m+fp/hard\libcr_c.a(atan2f.o) (fabsf)
c:/nxp/mcuxpressoide_11.6.1_8255/ide/plugins/com.nxp.mcuxpresso.tools.win32_11.6.1.202207200623/tools/bin/../lib/gcc/arm-none-eabi/10.3.1/../../../../arm-none-eabi/lib/thumb/v7e-m+fp/hard\libcr_c.a(powf.o)
                              ./source/Fusion/FusionAhrs.o (powf)
c:/nxp/mcuxpressoide_11.6.1_8255/ide/plugins/com.nxp.mcuxpresso.tools.win32_11.6.1.202207200623/tools/bin/../lib/gcc/arm-none-eabi/10.3.1/../../../../arm-none-eabi/lib/thumb/v7e-m+fp/hard\libcr_c.a(sinf.o)
                              ./source/Fusion/FusionAhrs.o (sinf)
c:/nxp/mcuxpressoide_11.6.1_8255/ide/plugins/com.nxp.mcuxpresso.tools.win32_11.6.1.202207200623/tools/bin/../lib/gcc/arm-none-eabi/10.3.1/../../../../arm-none-eabi/lib/thumb/v7e-m+fp/hard\libcr_c.a(sqrtf_m4_hardfp.o)
                              ./source/Fusion/FusionAhrs.o (sqrtf)
c:/nxp/mcuxpressoide_11.6.1_8255/ide/plugins/com.nxp.mcuxpresso.tools.win32_11.6.1.202207200623/tools/bin/../lib/gcc/arm-none-eabi/10.3.1/../../../../arm-none-eabi/lib/thumb/v7e-m+fp/hard\libcr_c.a(memcpy.o)
                              ./source/buffer/SPI_buffer.o (memcpy)
c:/nxp/mcuxpressoide_11.6.1_8255/ide/plugins/com.nxp.mcuxpresso.tools.win32_11.6.1.202207200623/tools/bin/../lib/gcc/arm-none-eabi/10.3.1/../../../../arm-none-eabi/lib/thumb/v7e-m+fp/hard\libcr_c.a(memset.o)
                              ./source/Sensores/MPU6050.o (memset)
c:/nxp/mcuxpressoide_11.6.1_8255/ide/plugins/com.nxp.mcuxpresso.tools.win32_11.6.1.202207200623/tools/bin/../lib/gcc/arm-none-eabi/10.3.1/../../../../arm-none-eabi/lib/thumb/v7e-m+fp/hard\libcr_c.a(cos.o)
                              ./source/App.o (cos)
c:/nxp/mcuxpressoide_11.6.1_8255/ide/plugins/com.nxp.mcuxpresso.tools.win32_11.6.1.202207200623/tools/bin/../lib/gcc/arm-none-eabi/10.3.1/../../../../arm-none-eabi/lib/thumb/v7e-m+fp/hard\libcr_c.a(errno.o)
                              c:/nxp/mcuxpressoide_11.6.1_8255/ide/plugins/com.nxp.mcuxpresso.tools.win32_11.6.1.202207200623/tools/bin/../lib/gcc/arm-none-eabi/10.3.1/../../../../arm-none-eabi/lib/thumb/v7e-m+fp/hard\libcr_c.a(atan2f.o) (errno)
c:/nxp/mcuxpressoide_11.6.1_8255/ide/plugins/com.nxp.mcuxpresso.tools.win32_11.6.1.202207200623/tools/bin/../lib/gcc/arm-none-eabi/10.3.1/../../../../arm-none-eabi/lib/thumb/v7e-m+fp/hard\libcr_c.a(fabs.o)
                              ./source/Fusion/FusionOffset.o (fabs)
[...]
Memory Configuration

Name             Origin             Length             Attributes
PROGRAM_FLASH    0x00000000         0x00100000         xr
SRAM_UPPER       0x20000000         0x00030000         xrw
SRAM_LOWER       0x1fff0000         0x00010000         xrw
FLEX_RAM         0x14000000         0x00001000         xrw
*default*        0x00000000         0xffffffff

Linker script and memory map

LOAD ./source/timer/SysTick.o
LOAD ./source/timer/timer.o
LOAD ./source/event_queue/event_queue.o
LOAD ./source/buffer/SPI_buffer.o
LOAD ./source/buffer/circular_buffer.o
LOAD ./source/buffer/circular_buffer_16.o
LOAD ./source/buffer/generic_circular_buffer.o
LOAD ./source/UART/uart.o
LOAD ./source/Sistema de Control/MatrixOps.o
LOAD ./source/Sistema de Control/SistemaDeControl.o
LOAD ./source/Sensores/MPU6050.o
LOAD ./source/Sensores/MPU9250_SPI.o
LOAD ./source/SPI/SPI.o
LOAD ./source/PIT/PIT.o
LOAD ./source/MCAL/gpio.o
LOAD ./source/I2Cm/I2Cm.o
LOAD ./source/Fusion/FusionAhrs.o
LOAD ./source/Fusion/FusionCompass.o
LOAD ./source/Fusion/FusionOffset.o
LOAD ./source/FTM/FTM.o
LOAD ./source/ESCDriver/ESCDriver.o
LOAD ./source/ControlPC/ControlPC.o
LOAD ./source/CMP/CMP.o
LOAD ./source/CAN/CAN.o
LOAD ./source/Biquad/Biquad.o
LOAD ./source/ADC/ADC.o
LOAD ./source/ADC/ADC_hal.o
LOAD ./source/App.o
LOAD ./SDK/startup/hardware.o
LOAD ./SDK/startup/main.o
LOAD ./SDK/startup/semihost_hardfault.o
LOAD ./SDK/startup/startup_mk64f12.o
LOAD ./SDK/CMSIS/system_MK64F12.o
LOAD C:\Users\sch_b\OneDrive\Documentos\QUADCOPTER\Quadcopter\TPQUAD\SDK\CMSIS\DSP\libarm_cortexM4lf_math.a
START GROUP
LOAD c:/nxp/mcuxpressoide_11.6.1_8255/ide/plugins/com.nxp.mcuxpresso.tools.win32_11.6.1.202207200623/tools/bin/../lib/gcc/arm-none-eabi/10.3.1/../../../../arm-none-eabi/lib/thumb/v7e-m+fp/hard\libcr_semihost_nf.a
LOAD c:/nxp/mcuxpressoide_11.6.1_8255/ide/plugins/com.nxp.mcuxpresso.tools.win32_11.6.1.202207200623/tools/bin/../lib/gcc/arm-none-eabi/10.3.1/../../../../arm-none-eabi/lib/thumb/v7e-m+fp/hard\libcr_c.a
LOAD c:/nxp/mcuxpressoide_11.6.1_8255/ide/plugins/com.nxp.mcuxpresso.tools.win32_11.6.1.202207200623/tools/bin/../lib/gcc/arm-none-eabi/10.3.1/thumb/v7e-m+fp/hard\libcr_eabihelpers.a
LOAD c:/nxp/mcuxpressoide_11.6.1_8255/ide/plugins/com.nxp.mcuxpresso.tools.win32_11.6.1.202207200623/tools/bin/../lib/gcc/arm-none-eabi/10.3.1/thumb/v7e-m+fp/hard\libgcc.a
END GROUP
                0x00000000                __base_PROGRAM_FLASH = 0x0
                0x00000000                __base_Flash = 0x0
                0x00100000                __top_PROGRAM_FLASH = 0x100000
                0x00100000                __top_Flash = 0x100000
                0x20000000                __base_SRAM_UPPER = 0x20000000
                0x20000000                __base_RAM = 0x20000000
                0x20030000                __top_SRAM_UPPER = 0x20030000
                0x20030000                __top_RAM = 0x20030000
                0x1fff0000                __base_SRAM_LOWER = 0x1fff0000
                0x1fff0000                __base_RAM2 = 0x1fff0000
                0x20000000                __top_SRAM_LOWER = 0x20000000
                0x20000000                __top_RAM2 = 0x20000000
                0x14000000                __base_FLEX_RAM = 0x14000000
                0x14000000                __base_RAM3 = 0x14000000
                0x14001000                __top_FLEX_RAM = 0x14001000
                0x14001000                __top_RAM3 = 0x14001000

.text           0x00000000     0x6a18
 FILL mask 0xff
                0x00000000                __vectors_start__ = ABSOLUTE (.)
 *(SORT_BY_ALIGNMENT(.isr_vector))
 .isr_vector    0x00000000      0x198 ./SDK/startup/startup_mk64f12.o
                0x00000000                g_pfnVectors
                0x00000000                __Vectors
                0x00000198                . = ALIGN (0x4)
                0x00000198                __section_table_start = .
                0x00000198                __data_section_table = .
                0x00000198        0x4 LONG 0x6a18 LOADADDR (.data)
                0x0000019c        0x4 LONG 0x20000000 ADDR (.data)
                0x000001a0        0x4 LONG 0x118 SIZEOF (.data)
                0x000001a4        0x4 LONG 0x6a18 LOADADDR (.data_RAM2)
                0x000001a8        0x4 LONG 0x1fff0000 ADDR (.data_RAM2)
                0x000001ac        0x4 LONG 0x0 SIZEOF (.data_RAM2)
                0x000001b0        0x4 LONG 0x6a18 LOADADDR (.data_RAM3)
                0x000001b4        0x4 LONG 0x14000000 ADDR (.data_RAM3)
                0x000001b8        0x4 LONG 0x0 SIZEOF (.data_RAM3)
                0x000001bc                __data_section_table_end = .
                0x000001bc                __bss_section_table = .
                0x000001bc        0x4 LONG 0x20000118 ADDR (.bss)
                0x000001c0        0x4 LONG 0x1428 SIZEOF (.bss)
                0x000001c4        0x4 LONG 0x1fff0000 ADDR (.bss_RAM2)
                0x000001c8        0x4 LONG 0x0 SIZEOF (.bss_RAM2)
                0x000001cc        0x4 LONG 0x14000000 ADDR (.bss_RAM3)
                0x000001d0        0x4 LONG 0x0 SIZEOF (.bss_RAM3)
                0x000001d4                __bss_section_table_end = .
                0x000001d4                __section_table_end = .
 *(SORT_BY_ALIGNMENT(.after_vectors*))
 .after_vectors.reset
                0x000001d4       0x4c ./SDK/startup/startup_mk64f12.o
                0x000001d4                ResetISR
 .after_vectors.init_data
                0x00000220       0x1e ./SDK/startup/startup_mk64f12.o
                0x00000220                data_init
 .after_vectors.init_bss
                0x0000023e       0x12 ./SDK/startup/startup_mk64f12.o
                0x0000023e                bss_init
 .after_vectors
                0x00000250       0x14 ./SDK/startup/startup_mk64f12.o
                0x00000250                NMI_Handler
                0x00000254                MemManage_Handler
                0x00000256                BusFault_Handler
                0x00000258                UsageFault_Handler
                0x0000025a                SVC_Handler
                0x0000025c                DebugMon_Handler
                0x0000025e                PendSV_Handler
                0x00000262                DMA_Error_DriverIRQHandler
                0x00000262                LPTMR0_DriverIRQHandler
                0x00000262                FTM1_DriverIRQHandler
                0x00000262                FTM2_DriverIRQHandler
                0x00000262                PIT2_DriverIRQHandler
                0x00000262                SDHC_DriverIRQHandler
                0x00000262                I2S0_Tx_DriverIRQHandler
                0x00000262                RTC_Seconds_DriverIRQHandler
                0x00000262                DMA6_DriverIRQHandler
                0x00000262                LLWU_DriverIRQHandler
                0x00000262                MCM_DriverIRQHandler
                0x00000262                MCG_DriverIRQHandler
                0x00000262                ENET_1588_Timer_DriverIRQHandler
                0x00000262                I2C2_DriverIRQHandler
                0x00000262                DAC1_DriverIRQHandler
                0x00000262                SPI1_DriverIRQHandler
                0x00000262                CMP1_DriverIRQHandler
                0x00000262                UART5_RX_TX_DriverIRQHandler
                0x00000262                FTM0_DriverIRQHandler
                0x00000262                IntDefaultHandler
                0x00000262                USB0_DriverIRQHandler
                0x00000262                UART5_ERR_DriverIRQHandler
                0x00000262                PORTC_DriverIRQHandler
                0x00000262                DMA11_DriverIRQHandler
                0x00000262                DAC0_DriverIRQHandler
                0x00000262                DMA10_DriverIRQHandler
                0x00000262                CMP2_DriverIRQHandler
                0x00000262                UART2_ERR_DriverIRQHandler
                0x00000262                SPI2_DriverIRQHandler
                0x00000262                LVD_LVW_DriverIRQHandler
                0x00000262                PIT0_DriverIRQHandler
                0x00000262                RNG_DriverIRQHandler
                0x00000262                DMA5_DriverIRQHandler
                0x00000262                DMA12_DriverIRQHandler
                0x00000262                UART2_RX_TX_DriverIRQHandler
                0x00000262                USBDCD_DriverIRQHandler
                0x00000262                UART3_ERR_DriverIRQHandler
                0x00000262                DMA3_DriverIRQHandler
                0x00000262                DMA8_DriverIRQHandler
                0x00000262                DMA9_DriverIRQHandler
                0x00000262                UART0_ERR_DriverIRQHandler
                0x00000262                CMT_DriverIRQHandler
                0x00000262                Reserved71_DriverIRQHandler
                0x00000262                ADC1_DriverIRQHandler
                0x00000262                PORTA_DriverIRQHandler
                0x00000262                DMA14_DriverIRQHandler
                0x00000262                PIT3_DriverIRQHandler
                0x00000262                PIT1_DriverIRQHandler
                0x00000262                WDOG_EWM_DriverIRQHandler
                0x00000262                PDB0_DriverIRQHandler
                0x00000262                RTC_DriverIRQHandler
                0x00000262                I2S0_Rx_DriverIRQHandler
                0x00000262                Read_Collision_DriverIRQHandler
                0x00000262                SWI_DriverIRQHandler
                0x00000262                UART4_RX_TX_DriverIRQHandler
                0x00000262                UART4_ERR_DriverIRQHandler
                0x00000262                PORTB_DriverIRQHandler
                0x00000262                UART0_LON_DriverIRQHandler
                0x00000262                DMA0_DriverIRQHandler
                0x00000262                DMA1_DriverIRQHandler
                0x00000262                I2C1_DriverIRQHandler
                0x00000262                UART3_RX_TX_DriverIRQHandler
                0x00000262                ENET_Receive_DriverIRQHandler
                0x00000262                DMA13_DriverIRQHandler
                0x00000262                ENET_Error_DriverIRQHandler
                0x00000262                DMA15_DriverIRQHandler
                0x00000262                UART0_RX_TX_DriverIRQHandler
                0x00000262                SPI0_DriverIRQHandler
                0x00000262                ADC0_DriverIRQHandler
                0x00000262                CMP0_DriverIRQHandler
                0x00000262                CAN0_DriverIRQHandler
                0x00000262                FTM3_DriverIRQHandler
                0x00000262                DMA4_DriverIRQHandler
                0x00000262                UART1_ERR_DriverIRQHandler
                0x00000262                DMA2_DriverIRQHandler
                0x00000262                ENET_Transmit_DriverIRQHandler
                0x00000262                PORTD_DriverIRQHandler
                0x00000262                PORTE_DriverIRQHandler
                0x00000262                FTFE_DriverIRQHandler
                0x00000262                I2C0_DriverIRQHandler
                0x00000262                DMA7_DriverIRQHandler
                0x00000262                UART1_RX_TX_DriverIRQHandler
                0x00000400                . = 0x400
 *fill*         0x00000264      0x19c ff
                0x00000400                PROVIDE (__FLASH_CONFIG_START__ = .)
 *(SORT_BY_ALIGNMENT(.FlashConfig))
 .FlashConfig   0x00000400       0x10 ./SDK/startup/startup_mk64f12.o
                0x00000400                Flash_Config
                0x00000410                PROVIDE (__FLASH_CONFIG_END__ = .)
                0x00000001                ASSERT (! ((__FLASH_CONFIG_START__ == __FLASH_CONFIG_END__)), Linker Flash Config Support Enabled, but no .FlashConfig section provided within application)
 *(SORT_BY_ALIGNMENT(.text*))
 .text.denormalized_U_total
                0x00000410       0x40 ./source/Sistema de Control/SistemaDeControl.o
                0x00000410                denormalized_U_total
 .text.poly     0x00000450       0x90 ./source/Sistema de Control/SistemaDeControl.o
 .text.calibrateMPU6050
                0x000004e0      0x2b4 ./source/Sensores/MPU6050.o
                0x000004e0                calibrateMPU6050
 *fill*         0x00000794        0x4 ff
 .text.mpu6050_raw2trueGyro
                0x00000798      0x12c ./source/Sensores/MPU6050.o
 *fill*         0x000008c4        0x4 ff
 .text.mpu6050_raw2trueAcc
                0x000008c8      0x15c ./source/Sensores/MPU6050.o
 *fill*         0x00000a24        0x4 ff
 .text.ESCSetSpeed
                0x00000a28       0xa8 ./source/ESCDriver/ESCDriver.o
                0x00000a28                ESCSetSpeed
 .text.runControlStep
                0x00000ad0      0x1bc ./source/App.o
 *fill*         0x00000c8c        0x4 ff
 .text.getEulerAnglesRatesFAST
                0x00000c90      0x350 ./source/App.o
 .text._sincosf
                0x00000fe0      0x138 c:/nxp/mcuxpressoide_11.6.1_8255/ide/plugins/com.nxp.mcuxpresso.tools.win32_11.6.1.202207200623/tools/bin/../lib/gcc/arm-none-eabi/10.3.1/../../../../arm-none-eabi/lib/thumb/v7e-m+fp/hard\libcr_c.a(_sincosf.o)
                0x00000fe0                _sincosf
 .text.__NVIC_EnableIRQ
                0x00001118       0x3c ./source/timer/SysTick.o
 .text.SysTick_Init
                0x00001154       0x48 ./source/timer/SysTick.o
                0x00001154                SysTick_Init
 .text.SysTick_Handler
                0x0000119c       0x24 ./source/timer/SysTick.o
                0x0000119c                SysTick_Handler
 .text.timerInit
                0x000011c0       0x28 ./source/timer/timer.o
                0x000011c0                timerInit
 .text.timerGetId
                0x000011e8       0x2c ./source/timer/timer.o
                0x000011e8                timerGetId
 .text.timerStart
                0x00001214       0xb8 ./source/timer/timer.o
                0x00001214                timerStart
 .text.timerStop
                0x000012cc       0x44 ./source/timer/timer.o
                0x000012cc                timerStop
 .text.timerExpired
                0x00001310       0x54 ./source/timer/timer.o
                0x00001310                timerExpired
 .text.timer_isr
                0x00001364       0xe0 ./source/timer/timer.o
 .text.SPIBgetPckg
                0x00001444       0x84 ./source/buffer/SPI_buffer.o
                0x00001444                SPIBgetPckg
 .text.__NVIC_EnableIRQ
                0x000014c8       0x3c ./source/UART/uart.o
 .text.uartInit
                0x00001504      0x1c8 ./source/UART/uart.o
                0x00001504                uartInit
 .text.uartIsRxMsg
                0x000016cc       0x44 ./source/UART/uart.o
                0x000016cc                uartIsRxMsg
 .text.uartGetRxMsgLength
                0x00001710       0x30 ./source/UART/uart.o
                0x00001710                uartGetRxMsgLength
 .text.uartReadMsg
                0x00001740       0x78 ./source/UART/uart.o
                0x00001740                uartReadMsg
 .text.UART_Rx_Tx_IRQ
                0x000017b8       0xd0 ./source/UART/uart.o
 .text.integrateError
                0x00001888      0x1b0 ./source/Sistema de Control/SistemaDeControl.o
                0x00001888                integrateError
 .text.U2PWM    0x00001a38      0x398 ./source/Sistema de Control/SistemaDeControl.o
                0x00001a38                U2PWM
 .text.initMPU6050
                0x00001dd0      0x32c ./source/Sensores/MPU6050.o
                0x00001dd0                initMPU6050
 .text.mpu6050_readAccelData
                0x000020fc       0xb4 ./source/Sensores/MPU6050.o
                0x000020fc                mpu6050_readAccelData
 .text.mpu6050_readGyroData
                0x000021b0       0xa8 ./source/Sensores/MPU6050.o
                0x000021b0                mpu6050_readGyroData
 .text.mpu6050_readGyroData_async
                0x00002258       0x48 ./source/Sensores/MPU6050.o
                0x00002258                mpu6050_readGyroData_async
 .text.mpu6050_readAccelData_async
                0x000022a0       0x48 ./source/Sensores/MPU6050.o
                0x000022a0                mpu6050_readAccelData_async
 .text.mpu6050_getLastGyroRead
                0x000022e8       0x5c ./source/Sensores/MPU6050.o
                0x000022e8                mpu6050_getLastGyroRead
 .text.mpu6050_getLastAccelRead
                0x00002344       0x5c ./source/Sensores/MPU6050.o
                0x00002344                mpu6050_getLastAccelRead
 .text.SPI0_IRQHandler
                0x000023a0      0x14c ./source/SPI/SPI.o
                0x000023a0                SPI0_IRQHandler
 .text.PIT0_IRQHandler
                0x000024ec       0x40 ./source/PIT/PIT.o
                0x000024ec                PIT0_IRQHandler
 .text.PIT1_IRQHandler
                0x0000252c       0x30 ./source/PIT/PIT.o
                0x0000252c                PIT1_IRQHandler
 .text.PIT2_IRQHandler
                0x0000255c       0x30 ./source/PIT/PIT.o
                0x0000255c                PIT2_IRQHandler
 .text.PIT3_IRQHandler
                0x0000258c       0x30 ./source/PIT/PIT.o
                0x0000258c                PIT3_IRQHandler
 .text.gpioMode
                0x000025bc      0x174 ./source/MCAL/gpio.o
                0x000025bc                gpioMode
 .text.gpioWrite
                0x00002730       0x68 ./source/MCAL/gpio.o
                0x00002730                gpioWrite
 .text.gpioToggle
                0x00002798       0x40 ./source/MCAL/gpio.o
                0x00002798                gpioToggle
 .text.gpioRead
                0x000027d8       0x4c ./source/MCAL/gpio.o
                0x000027d8                gpioRead
 .text.PORTA_IRQHandler
                0x00002824       0x64 ./source/MCAL/gpio.o
                0x00002824                PORTA_IRQHandler
 .text.PORTB_IRQHandler
                0x00002888       0x64 ./source/MCAL/gpio.o
                0x00002888                PORTB_IRQHandler
 .text.PORTC_IRQHandler
                0x000028ec       0x64 ./source/MCAL/gpio.o
                0x000028ec                PORTC_IRQHandler
 .text.PORTD_IRQHandler
                0x00002950       0x64 ./source/MCAL/gpio.o
                0x00002950                PORTD_IRQHandler
 .text.PORTE_IRQHandler
                0x000029b4       0x64 ./source/MCAL/gpio.o
                0x000029b4                PORTE_IRQHandler
 .text.__NVIC_EnableIRQ
                0x00002a18       0x3c ./source/I2Cm/I2Cm.o
 .text.I2CmInit
                0x00002a54       0xf0 ./source/I2Cm/I2Cm.o
                0x00002a54                I2CmInit
 .text.I2CmStartTransaction
                0x00002b44      0x248 ./source/I2Cm/I2Cm.o
                0x00002b44                I2CmStartTransaction
 .text.isI2CBusy
                0x00002d8c       0x68 ./source/I2Cm/I2Cm.o
                0x00002d8c                isI2CBusy
 .text.I2C0_IRQHandler
                0x00002df4      0x2cc ./source/I2Cm/I2Cm.o
                0x00002df4                I2C0_IRQHandler
 .text.FusionAhrsInitialise
                0x000030c0       0x68 ./source/Fusion/FusionAhrs.o
                0x000030c0                FusionAhrsInitialise
 .text.FusionAhrsGetQuaternion
                0x00003128       0x24 ./source/Fusion/FusionAhrs.o
                0x00003128                FusionAhrsGetQuaternion
 .text.FusionAhrsGetFlags
                0x0000314c       0x40 ./source/Fusion/FusionAhrs.o
                0x0000314c                FusionAhrsGetFlags
 .text.FusionAhrsSetHeading
                0x0000318c       0xd8 ./source/Fusion/FusionAhrs.o
                0x0000318c                FusionAhrsSetHeading
 .text.FusionAhrsUpdate
                0x00003264      0x46c ./source/Fusion/FusionAhrs.o
                0x00003264                FusionAhrsUpdate
 .text.FusionAhrsUpdateNoMagnetometer
                0x000036d0       0x50 ./source/Fusion/FusionAhrs.o
                0x000036d0                FusionAhrsUpdateNoMagnetometer
 .text.FusionCompassCalculateHeading
                0x00003720       0xcc ./source/Fusion/FusionCompass.o
                0x00003720                FusionCompassCalculateHeading
 .text.FTM0_IRQHandler
                0x000037ec       0x9c ./source/FTM/FTM.o
                0x000037ec                FTM0_IRQHandler
 .text.FTM1_IRQHandler
                0x00003888       0xa4 ./source/FTM/FTM.o
                0x00003888                FTM1_IRQHandler
 .text.ESCInit  0x0000392c       0xf0 ./source/ESCDriver/ESCDriver.o
                0x0000392c                ESCInit
 .text.ESCDisarm
                0x00003a1c       0x4c ./source/ESCDriver/ESCDriver.o
                0x00003a1c                ESCDisarm
 .text.ESCCalibrate
                0x00003a68       0xdc ./source/ESCDriver/ESCDriver.o
                0x00003a68                ESCCalibrate
 .text.controlPCInit
                0x00003b44       0x78 ./source/ControlPC/ControlPC.o
                0x00003b44                controlPCInit
 .text.getDataFromPC
                0x00003bbc       0xf0 ./source/ControlPC/ControlPC.o
                0x00003bbc                getDataFromPC
 .text.FusionRadiansToDegrees
                0x00003cac       0x28 ./source/App.o
 .text.FusionAsin
                0x00003cd4       0x58 ./source/App.o
 .text.App_Init
                0x00003d2c      0x1cc ./source/App.o
                0x00003d2c                App_Init
 .text.startI2CreadingCallBack
                0x00003ef8       0x24 ./source/App.o
 .text.startI2C_ACCELEROMETER_CallBack
                0x00003f1c       0x2c ./source/App.o
 .text.App_Run  0x00003f48      0x464 ./source/App.o
                0x00003f48                App_Run
 .text.hw_Init  0x000043ac      0x108 ./SDK/startup/hardware.o
                0x000043ac                hw_Init
 .text.hw_EnableInterrupts
                0x000044b4       0x30 ./SDK/startup/hardware.o
                0x000044b4                hw_EnableInterrupts
 .text.hw_DisableInterrupts
                0x000044e4       0x20 ./SDK/startup/hardware.o
                0x000044e4                hw_DisableInterrupts
 .text.SystemInit
                0x00004504       0x3c ./SDK/CMSIS/system_MK64F12.o
                0x00004504                SystemInit
 .text.arm_sin_f32
                0x00004540       0x8c C:\Users\sch_b\OneDrive\Documentos\QUADCOPTER\Quadcopter\TPQUAD\SDK\CMSIS\DSP\libarm_cortexM4lf_math.a(arm_sin_f32.o)
                0x00004540                arm_sin_f32
 .text.arm_cos_f32
                0x000045cc       0x94 C:\Users\sch_b\OneDrive\Documentos\QUADCOPTER\Quadcopter\TPQUAD\SDK\CMSIS\DSP\libarm_cortexM4lf_math.a(arm_cos_f32.o)
                0x000045cc                arm_cos_f32
 .text.atan2f   0x00004660       0xc0 c:/nxp/mcuxpressoide_11.6.1_8255/ide/plugins/com.nxp.mcuxpresso.tools.win32_11.6.1.202207200623/tools/bin/../lib/gcc/arm-none-eabi/10.3.1/../../../../arm-none-eabi/lib/thumb/v7e-m+fp/hard\libcr_c.a(atan2f.o)
                0x00004660                atan2f
 .text.atanf    0x00004720       0xec c:/nxp/mcuxpressoide_11.6.1_8255/ide/plugins/com.nxp.mcuxpresso.tools.win32_11.6.1.202207200623/tools/bin/../lib/gcc/arm-none-eabi/10.3.1/../../../../arm-none-eabi/lib/thumb/v7e-m+fp/hard\libcr_c.a(atanf.o)
                0x00004720                atanf
 .text.cosf     0x0000480c       0x30 c:/nxp/mcuxpressoide_11.6.1_8255/ide/plugins/com.nxp.mcuxpresso.tools.win32_11.6.1.202207200623/tools/bin/../lib/gcc/arm-none-eabi/10.3.1/../../../../arm-none-eabi/lib/thumb/v7e-m+fp/hard\libcr_c.a(cosf.o)
                0x0000480c                cosf
 .text._asinacosf
                0x0000483c      0x158 c:/nxp/mcuxpressoide_11.6.1_8255/ide/plugins/com.nxp.mcuxpresso.tools.win32_11.6.1.202207200623/tools/bin/../lib/gcc/arm-none-eabi/10.3.1/../../../../arm-none-eabi/lib/thumb/v7e-m+fp/hard\libcr_c.a(_asinacosf.o)
                0x0000483c                _asinacosf
 .text.__aeabi_dmul
                0x00004994       0xfc c:/nxp/mcuxpressoide_11.6.1_8255/ide/plugins/com.nxp.mcuxpresso.tools.win32_11.6.1.202207200623/tools/bin/../lib/gcc/arm-none-eabi/10.3.1/thumb/v7e-m+fp/hard\libcr_eabihelpers.a(double.o)
                0x00004994                __aeabi_dmul
 .text.__aeabi_ddiv
                0x00004a90      0x138 c:/nxp/mcuxpressoide_11.6.1_8255/ide/plugins/com.nxp.mcuxpresso.tools.win32_11.6.1.202207200623/tools/bin/../lib/gcc/arm-none-eabi/10.3.1/thumb/v7e-m+fp/hard\libcr_eabihelpers.a(double.o)
                0x00004a90                __aeabi_ddiv
 .text.__aeabi_dsub
                0x00004bc8      0x1ac c:/nxp/mcuxpressoide_11.6.1_8255/ide/plugins/com.nxp.mcuxpresso.tools.win32_11.6.1.202207200623/tools/bin/../lib/gcc/arm-none-eabi/10.3.1/thumb/v7e-m+fp/hard\libcr_eabihelpers.a(double.o)
                0x00004bc8                __aeabi_dsub
 .text.__aeabi_dadd
                0x00004d74      0x114 c:/nxp/mcuxpressoide_11.6.1_8255/ide/plugins/com.nxp.mcuxpresso.tools.win32_11.6.1.202207200623/tools/bin/../lib/gcc/arm-none-eabi/10.3.1/thumb/v7e-m+fp/hard\libcr_eabihelpers.a(double.o)
                0x00004d74                __aeabi_dadd
 .text.__aeabi_d2f
                0x00004e88       0x58 c:/nxp/mcuxpressoide_11.6.1_8255/ide/plugins/com.nxp.mcuxpresso.tools.win32_11.6.1.202207200623/tools/bin/../lib/gcc/arm-none-eabi/10.3.1/thumb/v7e-m+fp/hard\libcr_eabihelpers.a(double.o)
                0x00004e88                __aeabi_d2f
 .text.__aeabi_f2d
                0x00004ee0       0x38 c:/nxp/mcuxpressoide_11.6.1_8255/ide/plugins/com.nxp.mcuxpresso.tools.win32_11.6.1.202207200623/tools/bin/../lib/gcc/arm-none-eabi/10.3.1/thumb/v7e-m+fp/hard\libcr_eabihelpers.a(float.o)
                0x00004ee0                __aeabi_f2d
 .text.timerDelay
                0x00004f18       0x32 ./source/timer/timer.o
                0x00004f18                timerDelay
 .text.getCircularPointer
                0x00004f4a       0x1e ./source/buffer/SPI_buffer.o
 .text.SPIBisEmpty
                0x00004f68       0x2a ./source/buffer/SPI_buffer.o
                0x00004f68                SPIBisEmpty
 .text.getCircularPointer
                0x00004f92       0x2c ./source/buffer/circular_buffer.o
 .text.CBinit   0x00004fbe       0x30 ./source/buffer/circular_buffer.o
                0x00004fbe                CBinit
 .text.CBisEmpty
                0x00004fee       0x2a ./source/buffer/circular_buffer.o
                0x00004fee                CBisEmpty
 .text.CBputByte
                0x00005018       0x8e ./source/buffer/circular_buffer.o
                0x00005018                CBputByte
 .text.CBgetByte
                0x000050a6       0x62 ./source/buffer/circular_buffer.o
                0x000050a6                CBgetByte
 .text.CBgetBufferState
                0x00005108       0x5c ./source/buffer/circular_buffer.o
                0x00005108                CBgetBufferState
 .text.UART0_RX_TX_IRQHandler
                0x00005164       0x2e ./source/UART/uart.o
                0x00005164                UART0_RX_TX_IRQHandler
 .text.UART1_RX_TX_IRQHandler
                0x00005192       0x2e ./source/UART/uart.o
                0x00005192                UART1_RX_TX_IRQHandler
 .text.UART2_RX_TX_IRQHandler
                0x000051c0       0x2e ./source/UART/uart.o
                0x000051c0                UART2_RX_TX_IRQHandler
 .text.UART3_RX_TX_IRQHandler
                0x000051ee       0x2e ./source/UART/uart.o
                0x000051ee                UART3_RX_TX_IRQHandler
 .text.UART4_RX_TX_IRQHandler
                0x0000521c       0x2e ./source/UART/uart.o
                0x0000521c                UART4_RX_TX_IRQHandler
 .text.matrix_mult
                0x0000524a      0x14a ./source/Sistema de Control/MatrixOps.o
                0x0000524a                matrix_mult
 .text.scalar_mult
                0x00005394       0xa2 ./source/Sistema de Control/MatrixOps.o
                0x00005394                scalar_mult
 .text.matrix_add_sub
                0x00005436      0x15c ./source/Sistema de Control/MatrixOps.o
                0x00005436                matrix_add_sub
 .text.proportionalError
                0x00005592       0x28 ./source/Sistema de Control/SistemaDeControl.o
                0x00005592                proportionalError
 .text.denormalized_Kx_U_Values
                0x000055ba       0x28 ./source/Sistema de Control/SistemaDeControl.o
                0x000055ba                denormalized_Kx_U_Values
 .text.denormalized_Ki_U_Values
                0x000055e2       0x28 ./source/Sistema de Control/SistemaDeControl.o
                0x000055e2                denormalized_Ki_U_Values
 .text.ESCArm   0x0000560a       0x4a ./source/ESCDriver/ESCDriver.o
                0x0000560a                ESCArm
 .text.BiQuad_init
                0x00005654       0xf2 ./source/Biquad/Biquad.o
                0x00005654                BiQuad_init
 .text.BiQuad_filter
                0x00005746       0xf4 ./source/Biquad/Biquad.o
                0x00005746                BiQuad_filter
 .text.FusionQuaternionToEuler
                0x0000583a      0x14c ./source/App.o
 .text.main     0x00005986       0x1a ./SDK/startup/main.o
                0x00005986                main
 .text.HardFault_Handler
                0x000059a0       0x2c ./SDK/startup/semihost_hardfault.o
                0x000059a0                HardFault_Handler
 .text.DMA0_IRQHandler
                0x000059cc        0x8 ./SDK/startup/startup_mk64f12.o
                0x000059cc                DMA0_IRQHandler
 .text.DMA1_IRQHandler
                0x000059d4        0x8 ./SDK/startup/startup_mk64f12.o
                0x000059d4                DMA1_IRQHandler
 .text.DMA2_IRQHandler
                0x000059dc        0x8 ./SDK/startup/startup_mk64f12.o
                0x000059dc                DMA2_IRQHandler
 .text.DMA3_IRQHandler
                0x000059e4        0x8 ./SDK/startup/startup_mk64f12.o
                0x000059e4                DMA3_IRQHandler
 .text.DMA4_IRQHandler
                0x000059ec        0x8 ./SDK/startup/startup_mk64f12.o
                0x000059ec                DMA4_IRQHandler
 .text.DMA5_IRQHandler
                0x000059f4        0x8 ./SDK/startup/startup_mk64f12.o
                0x000059f4                DMA5_IRQHandler
 .text.DMA6_IRQHandler
                0x000059fc        0x8 ./SDK/startup/startup_mk64f12.o
                0x000059fc                DMA6_IRQHandler
 .text.DMA7_IRQHandler
                0x00005a04        0x8 ./SDK/startup/startup_mk64f12.o
                0x00005a04                DMA7_IRQHandler
 .text.DMA8_IRQHandler
                0x00005a0c        0x8 ./SDK/startup/startup_mk64f12.o
                0x00005a0c                DMA8_IRQHandler
 .text.DMA9_IRQHandler
                0x00005a14        0x8 ./SDK/startup/startup_mk64f12.o
                0x00005a14                DMA9_IRQHandler
 .text.DMA10_IRQHandler
                0x00005a1c        0x8 ./SDK/startup/startup_mk64f12.o
                0x00005a1c                DMA10_IRQHandler
 .text.DMA11_IRQHandler
                0x00005a24        0x8 ./SDK/startup/startup_mk64f12.o
                0x00005a24                DMA11_IRQHandler
 .text.DMA12_IRQHandler
                0x00005a2c        0x8 ./SDK/startup/startup_mk64f12.o
                0x00005a2c                DMA12_IRQHandler
 .text.DMA13_IRQHandler
                0x00005a34        0x8 ./SDK/startup/startup_mk64f12.o
                0x00005a34                DMA13_IRQHandler
 .text.DMA14_IRQHandler
                0x00005a3c        0x8 ./SDK/startup/startup_mk64f12.o
                0x00005a3c                DMA14_IRQHandler
 .text.DMA15_IRQHandler
                0x00005a44        0x8 ./SDK/startup/startup_mk64f12.o
                0x00005a44                DMA15_IRQHandler
 .text.DMA_Error_IRQHandler
                0x00005a4c        0x8 ./SDK/startup/startup_mk64f12.o
                0x00005a4c                DMA_Error_IRQHandler
 .text.MCM_IRQHandler
                0x00005a54        0x8 ./SDK/startup/startup_mk64f12.o
                0x00005a54                MCM_IRQHandler
 .text.FTFE_IRQHandler
                0x00005a5c        0x8 ./SDK/startup/startup_mk64f12.o
                0x00005a5c                FTFE_IRQHandler
 .text.Read_Collision_IRQHandler
                0x00005a64        0x8 ./SDK/startup/startup_mk64f12.o
                0x00005a64                Read_Collision_IRQHandler
 .text.LVD_LVW_IRQHandler
                0x00005a6c        0x8 ./SDK/startup/startup_mk64f12.o
                0x00005a6c                LVD_LVW_IRQHandler
 .text.LLWU_IRQHandler
                0x00005a74        0x8 ./SDK/startup/startup_mk64f12.o
                0x00005a74                LLWU_IRQHandler
 .text.WDOG_EWM_IRQHandler
                0x00005a7c        0x8 ./SDK/startup/startup_mk64f12.o
                0x00005a7c                WDOG_EWM_IRQHandler
 .text.RNG_IRQHandler
                0x00005a84        0x8 ./SDK/startup/startup_mk64f12.o
                0x00005a84                RNG_IRQHandler
 .text.I2C1_IRQHandler
                0x00005a8c        0x8 ./SDK/startup/startup_mk64f12.o
                0x00005a8c                I2C1_IRQHandler
 .text.SPI1_IRQHandler
                0x00005a94        0x8 ./SDK/startup/startup_mk64f12.o
                0x00005a94                SPI1_IRQHandler
 .text.I2S0_Tx_IRQHandler
                0x00005a9c        0x8 ./SDK/startup/startup_mk64f12.o
                0x00005a9c                I2S0_Tx_IRQHandler
 .text.I2S0_Rx_IRQHandler
                0x00005aa4        0x8 ./SDK/startup/startup_mk64f12.o
                0x00005aa4                I2S0_Rx_IRQHandler
 .text.UART0_LON_IRQHandler
                0x00005aac        0x8 ./SDK/startup/startup_mk64f12.o
                0x00005aac                UART0_LON_IRQHandler
 .text.UART0_ERR_IRQHandler
                0x00005ab4        0x8 ./SDK/startup/startup_mk64f12.o
                0x00005ab4                UART0_ERR_IRQHandler
 .text.UART1_ERR_IRQHandler
                0x00005abc        0x8 ./SDK/startup/startup_mk64f12.o
                0x00005abc                UART1_ERR_IRQHandler
 .text.UART2_ERR_IRQHandler
                0x00005ac4        0x8 ./SDK/startup/startup_mk64f12.o
                0x00005ac4                UART2_ERR_IRQHandler
 .text.UART3_ERR_IRQHandler
                0x00005acc        0x8 ./SDK/startup/startup_mk64f12.o
                0x00005acc                UART3_ERR_IRQHandler
 .text.ADC0_IRQHandler
                0x00005ad4        0x8 ./SDK/startup/startup_mk64f12.o
                0x00005ad4                ADC0_IRQHandler
 .text.CMP0_IRQHandler
                0x00005adc        0x8 ./SDK/startup/startup_mk64f12.o
                0x00005adc                CMP0_IRQHandler
 .text.CMP1_IRQHandler
                0x00005ae4        0x8 ./SDK/startup/startup_mk64f12.o
                0x00005ae4                CMP1_IRQHandler
 .text.FTM2_IRQHandler
                0x00005aec        0x8 ./SDK/startup/startup_mk64f12.o
                0x00005aec                FTM2_IRQHandler
 .text.CMT_IRQHandler
                0x00005af4        0x8 ./SDK/startup/startup_mk64f12.o
                0x00005af4                CMT_IRQHandler
 .text.RTC_IRQHandler
                0x00005afc        0x8 ./SDK/startup/startup_mk64f12.o
                0x00005afc                RTC_IRQHandler
 .text.RTC_Seconds_IRQHandler
                0x00005b04        0x8 ./SDK/startup/startup_mk64f12.o
                0x00005b04                RTC_Seconds_IRQHandler
 .text.PDB0_IRQHandler
                0x00005b0c        0x8 ./SDK/startup/startup_mk64f12.o
                0x00005b0c                PDB0_IRQHandler
 .text.USB0_IRQHandler
                0x00005b14        0x8 ./SDK/startup/startup_mk64f12.o
                0x00005b14                USB0_IRQHandler
 .text.USBDCD_IRQHandler
                0x00005b1c        0x8 ./SDK/startup/startup_mk64f12.o
                0x00005b1c                USBDCD_IRQHandler
 .text.Reserved71_IRQHandler
                0x00005b24        0x8 ./SDK/startup/startup_mk64f12.o
                0x00005b24                Reserved71_IRQHandler
 .text.DAC0_IRQHandler
                0x00005b2c        0x8 ./SDK/startup/startup_mk64f12.o
                0x00005b2c                DAC0_IRQHandler
 .text.MCG_IRQHandler
                0x00005b34        0x8 ./SDK/startup/startup_mk64f12.o
                0x00005b34                MCG_IRQHandler
 .text.LPTMR0_IRQHandler
                0x00005b3c        0x8 ./SDK/startup/startup_mk64f12.o
                0x00005b3c                LPTMR0_IRQHandler
 .text.SWI_IRQHandler
                0x00005b44        0x8 ./SDK/startup/startup_mk64f12.o
                0x00005b44                SWI_IRQHandler
 .text.SPI2_IRQHandler
                0x00005b4c        0x8 ./SDK/startup/startup_mk64f12.o
                0x00005b4c                SPI2_IRQHandler
 .text.UART4_ERR_IRQHandler
                0x00005b54        0x8 ./SDK/startup/startup_mk64f12.o
                0x00005b54                UART4_ERR_IRQHandler
 .text.UART5_RX_TX_IRQHandler
                0x00005b5c        0x8 ./SDK/startup/startup_mk64f12.o
                0x00005b5c                UART5_RX_TX_IRQHandler
 .text.UART5_ERR_IRQHandler
                0x00005b64        0x8 ./SDK/startup/startup_mk64f12.o
                0x00005b64                UART5_ERR_IRQHandler
 .text.CMP2_IRQHandler
                0x00005b6c        0x8 ./SDK/startup/startup_mk64f12.o
                0x00005b6c                CMP2_IRQHandler
 .text.FTM3_IRQHandler
                0x00005b74        0x8 ./SDK/startup/startup_mk64f12.o
                0x00005b74                FTM3_IRQHandler
 .text.DAC1_IRQHandler
                0x00005b7c        0x8 ./SDK/startup/startup_mk64f12.o
                0x00005b7c                DAC1_IRQHandler
 .text.ADC1_IRQHandler
                0x00005b84        0x8 ./SDK/startup/startup_mk64f12.o
                0x00005b84                ADC1_IRQHandler
 .text.I2C2_IRQHandler
                0x00005b8c        0x8 ./SDK/startup/startup_mk64f12.o
                0x00005b8c                I2C2_IRQHandler
 .text.CAN0_ORed_Message_buffer_IRQHandler
                0x00005b94        0x8 ./SDK/startup/startup_mk64f12.o
                0x00005b94                CAN0_ORed_Message_buffer_IRQHandler
 .text.CAN0_Bus_Off_IRQHandler
                0x00005b9c        0x8 ./SDK/startup/startup_mk64f12.o
                0x00005b9c                CAN0_Bus_Off_IRQHandler
 .text.CAN0_Error_IRQHandler
                0x00005ba4        0x8 ./SDK/startup/startup_mk64f12.o
                0x00005ba4                CAN0_Error_IRQHandler
 .text.CAN0_Tx_Warning_IRQHandler
                0x00005bac        0x8 ./SDK/startup/startup_mk64f12.o
                0x00005bac                CAN0_Tx_Warning_IRQHandler
 .text.CAN0_Rx_Warning_IRQHandler
                0x00005bb4        0x8 ./SDK/startup/startup_mk64f12.o
                0x00005bb4                CAN0_Rx_Warning_IRQHandler
 .text.CAN0_Wake_Up_IRQHandler
                0x00005bbc        0x8 ./SDK/startup/startup_mk64f12.o
                0x00005bbc                CAN0_Wake_Up_IRQHandler
 .text.SDHC_IRQHandler
                0x00005bc4        0x8 ./SDK/startup/startup_mk64f12.o
                0x00005bc4                SDHC_IRQHandler
 .text.ENET_1588_Timer_IRQHandler
                0x00005bcc        0x8 ./SDK/startup/startup_mk64f12.o
                0x00005bcc                ENET_1588_Timer_IRQHandler
 .text.ENET_Transmit_IRQHandler
                0x00005bd4        0x8 ./SDK/startup/startup_mk64f12.o
                0x00005bd4                ENET_Transmit_IRQHandler
 .text.ENET_Receive_IRQHandler
                0x00005bdc        0x8 ./SDK/startup/startup_mk64f12.o
                0x00005bdc                ENET_Receive_IRQHandler
 .text.ENET_Error_IRQHandler
                0x00005be4        0x8 ./SDK/startup/startup_mk64f12.o
                0x00005be4                ENET_Error_IRQHandler
 .text.SystemInitHook
                0x00005bec        0xe ./SDK/CMSIS/system_MK64F12.o
                0x00005bec                SystemInitHook
 .text.asinf    0x00005bfa        0x6 c:/nxp/mcuxpressoide_11.6.1_8255/ide/plugins/com.nxp.mcuxpresso.tools.win32_11.6.1.202207200623/tools/bin/../lib/gcc/arm-none-eabi/10.3.1/../../../../arm-none-eabi/lib/thumb/v7e-m+fp/hard\libcr_c.a(asinf.o)
                0x00005bfa                asinf
 .text.fabsf    0x00005c00       0x10 c:/nxp/mcuxpressoide_11.6.1_8255/ide/plugins/com.nxp.mcuxpresso.tools.win32_11.6.1.202207200623/tools/bin/../lib/gcc/arm-none-eabi/10.3.1/../../../../arm-none-eabi/lib/thumb/v7e-m+fp/hard\libcr_c.a(fabsf.o)
                0x00005c00                fabsf
 .text.sinf     0x00005c10       0x26 c:/nxp/mcuxpressoide_11.6.1_8255/ide/plugins/com.nxp.mcuxpresso.tools.win32_11.6.1.202207200623/tools/bin/../lib/gcc/arm-none-eabi/10.3.1/../../../../arm-none-eabi/lib/thumb/v7e-m+fp/hard\libcr_c.a(sinf.o)
                0x00005c10                sinf
 .text.sqrtf    0x00005c36        0x6 c:/nxp/mcuxpressoide_11.6.1_8255/ide/plugins/com.nxp.mcuxpresso.tools.win32_11.6.1.202207200623/tools/bin/../lib/gcc/arm-none-eabi/10.3.1/../../../../arm-none-eabi/lib/thumb/v7e-m+fp/hard\libcr_c.a(sqrtf_m4_hardfp.o)
                0x00005c36                sqrtf
 .text.memcpy   0x00005c3c        0x4 c:/nxp/mcuxpressoide_11.6.1_8255/ide/plugins/com.nxp.mcuxpresso.tools.win32_11.6.1.202207200623/tools/bin/../lib/gcc/arm-none-eabi/10.3.1/../../../../arm-none-eabi/lib/thumb/v7e-m+fp/hard\libcr_c.a(memcpy.o)
                0x00005c3c                memcpy
 .text.memset   0x00005c40        0x4 c:/nxp/mcuxpressoide_11.6.1_8255/ide/plugins/com.nxp.mcuxpresso.tools.win32_11.6.1.202207200623/tools/bin/../lib/gcc/arm-none-eabi/10.3.1/../../../../arm-none-eabi/lib/thumb/v7e-m+fp/hard\libcr_c.a(memset.o)
                0x00005c40                memset
 .text.__aeabi_division_uldivmod
                0x00005c44      0x174 c:/nxp/mcuxpressoide_11.6.1_8255/ide/plugins/com.nxp.mcuxpresso.tools.win32_11.6.1.202207200623/tools/bin/../lib/gcc/arm-none-eabi/10.3.1/thumb/v7e-m+fp/hard\libcr_eabihelpers.a(division_64.o)
                0x00005c44                __aeabi_uldivmod
                0x00005c48                __bhs_ldivmod1
 .text.__aeabi_division_idiv0
                0x00005db8        0x2 c:/nxp/mcuxpressoide_11.6.1_8255/ide/plugins/com.nxp.mcuxpresso.tools.win32_11.6.1.202207200623/tools/bin/../lib/gcc/arm-none-eabi/10.3.1/thumb/v7e-m+fp/hard\libcr_eabihelpers.a(division_idiv0.o)
                0x00005db8                __aeabi_idiv0
 .text.__aeabi_d2uiz
                0x00005dba       0x30 c:/nxp/mcuxpressoide_11.6.1_8255/ide/plugins/com.nxp.mcuxpresso.tools.win32_11.6.1.202207200623/tools/bin/../lib/gcc/arm-none-eabi/10.3.1/thumb/v7e-m+fp/hard\libcr_eabihelpers.a(double.o)
                0x00005dba                __aeabi_d2uiz
 .text.__bhs_ui2d
                0x00005dea       0x46 c:/nxp/mcuxpressoide_11.6.1_8255/ide/plugins/com.nxp.mcuxpresso.tools.win32_11.6.1.202207200623/tools/bin/../lib/gcc/arm-none-eabi/10.3.1/thumb/v7e-m+fp/hard\libcr_eabihelpers.a(double.o)
                0x00005dea                __bhs_ui2d
 .text.__aeabi_i2d
                0x00005e30       0x12 c:/nxp/mcuxpressoide_11.6.1_8255/ide/plugins/com.nxp.mcuxpresso.tools.win32_11.6.1.202207200623/tools/bin/../lib/gcc/arm-none-eabi/10.3.1/thumb/v7e-m+fp/hard\libcr_eabihelpers.a(double.o)
                0x00005e30                __aeabi_i2d
 .text.__aeabi_dcmplt
                0x00005e42       0x56 c:/nxp/mcuxpressoide_11.6.1_8255/ide/plugins/com.nxp.mcuxpresso.tools.win32_11.6.1.202207200623/tools/bin/../lib/gcc/arm-none-eabi/10.3.1/thumb/v7e-m+fp/hard\libcr_eabihelpers.a(double.o)
                0x00005e42                __aeabi_dcmplt
 .text.__aeabi_dcmpgt
                0x00005e98       0x56 c:/nxp/mcuxpressoide_11.6.1_8255/ide/plugins/com.nxp.mcuxpresso.tools.win32_11.6.1.202207200623/tools/bin/../lib/gcc/arm-none-eabi/10.3.1/thumb/v7e-m+fp/hard\libcr_eabihelpers.a(double.o)
                0x00005e98                __aeabi_dcmpgt
 .text.__aeabi_memcpy
                0x00005eee       0x34 c:/nxp/mcuxpressoide_11.6.1_8255/ide/plugins/com.nxp.mcuxpresso.tools.win32_11.6.1.202207200623/tools/bin/../lib/gcc/arm-none-eabi/10.3.1/thumb/v7e-m+fp/hard\libcr_eabihelpers.a(memcpy.o)
                0x00005eee                __aeabi_memcpy
                0x00005ef8                __aeabi_memcpy8
                0x00005ef8                __aeabi_memcpy4
 .text.__aeabi_memset_lowlevel
                0x00005f22       0x32 c:/nxp/mcuxpressoide_11.6.1_8255/ide/plugins/com.nxp.mcuxpresso.tools.win32_11.6.1.202207200623/tools/bin/../lib/gcc/arm-none-eabi/10.3.1/thumb/v7e-m+fp/hard\libcr_eabihelpers.a(memcpy.o)
                0x00005f22                __aeabi_lowlevel_memset
 *(SORT_BY_ALIGNMENT(.rodata) SORT_BY_ALIGNMENT(.rodata.*) SORT_BY_ALIGNMENT(.constdata) SORT_BY_ALIGNMENT(.constdata.*))
 *fill*         0x00005f54        0x4 ff
 .rodata        0x00005f58       0xf0 ./source/App.o
 .rodata.UARTPorts
                0x00006048       0x18 ./source/UART/uart.o
 .rodata.portPtr
                0x00006060       0x14 ./source/UART/uart.o
 .rodata.UARTClockSource
                0x00006074       0x18 ./source/UART/uart.o
 .rodata.UARTSIMR
                0x0000608c       0x14 ./source/UART/uart.o
 .rodata.UARTSIMMask
                0x000060a0       0x14 ./source/UART/uart.o
 .rodata.UART_RX_TX_Vectors
                0x000060b4        0x6 ./source/UART/uart.o
 *fill*         0x000060ba        0x2 ff
 .rodata.UARTPinPort
                0x000060bc        0x5 ./source/UART/uart.o
 *fill*         0x000060c1        0x3 ff
 .rodata.UARTPinNumRX
                0x000060c4        0x5 ./source/UART/uart.o
 *fill*         0x000060c9        0x3 ff
 .rodata.UARTPinNumTX
                0x000060cc        0x5 ./source/UART/uart.o
 *fill*         0x000060d1        0x3 ff
 .rodata.UARTPinMuxAlt
                0x000060d4        0x5 ./source/UART/uart.o
 *fill*         0x000060d9        0x3 ff
 .rodata.DPS_SCALE
                0x000060dc        0x8 ./source/Sensores/MPU6050.o
 .rodata.G_SCALE
                0x000060e4        0x8 ./source/Sensores/MPU6050.o
 .rodata.gpioPtr
                0x000060ec       0x14 ./source/MCAL/gpio.o
 .rodata.portPtr
                0x00006100       0x14 ./source/MCAL/gpio.o
 .rodata.SIMPortMasks
                0x00006114       0x14 ./source/MCAL/gpio.o
 .rodata.I2CPtrs
                0x00006128        0xc ./source/I2Cm/I2Cm.o
 .rodata.I2CIRQs
                0x00006134        0x3 ./source/I2Cm/I2Cm.o
 *fill*         0x00006137        0x1 ff
 .rodata.portPtr
                0x00006138       0x14 ./source/I2Cm/I2Cm.o
 .rodata.I2CPinPorts
                0x0000614c        0x4 ./source/I2Cm/I2Cm.o
 .rodata.I2CPinPinsSCL
                0x00006150        0x4 ./source/I2Cm/I2Cm.o
 .rodata.I2CPinPinsSDA
                0x00006154        0x4 ./source/I2Cm/I2Cm.o
 .rodata.I2CPinAlts
                0x00006158        0x4 ./source/I2Cm/I2Cm.o
 .rodata.I2CClkSimPtr
                0x0000615c       0x10 ./source/I2Cm/I2Cm.o
 .rodata.I2CClkSimMask
                0x0000616c       0x10 ./source/I2Cm/I2Cm.o
 .rodata.portPtr
                0x0000617c       0x14 ./source/ESCDriver/ESCDriver.o
 .rodata.FTMPinPort
                0x00006190       0x20 ./source/ESCDriver/ESCDriver.o
 .rodata.FTMPinNum
                0x000061b0       0x20 ./source/ESCDriver/ESCDriver.o
 .rodata.FTMPinMuxAlt
                0x000061d0       0x20 ./source/ESCDriver/ESCDriver.o
 .rodata.motorChannel
                0x000061f0        0x4 ./source/ESCDriver/ESCDriver.o
 .rodata.sinTable_f32
                0x000061f4      0x804 C:\Users\sch_b\OneDrive\Documentos\QUADCOPTER\Quadcopter\TPQUAD\SDK\CMSIS\DSP\libarm_cortexM4lf_math.a(arm_common_tables.o)
                0x000061f4                sinTable_f32
 .rodata.a.0    0x000069f8       0x10 c:/nxp/mcuxpressoide_11.6.1_8255/ide/plugins/com.nxp.mcuxpresso.tools.win32_11.6.1.202207200623/tools/bin/../lib/gcc/arm-none-eabi/10.3.1/../../../../arm-none-eabi/lib/thumb/v7e-m+fp/hard\libcr_c.a(atanf.o)
 .rodata.a.1    0x00006a08        0x8 c:/nxp/mcuxpressoide_11.6.1_8255/ide/plugins/com.nxp.mcuxpresso.tools.win32_11.6.1.202207200623/tools/bin/../lib/gcc/arm-none-eabi/10.3.1/../../../../arm-none-eabi/lib/thumb/v7e-m+fp/hard\libcr_c.a(_asinacosf.o)
 .rodata.b.0    0x00006a10        0x8 c:/nxp/mcuxpressoide_11.6.1_8255/ide/plugins/com.nxp.mcuxpresso.tools.win32_11.6.1.202207200623/tools/bin/../lib/gcc/arm-none-eabi/10.3.1/../../../../arm-none-eabi/lib/thumb/v7e-m+fp/hard\libcr_c.a(_asinacosf.o)
                0x00006a18                . = ALIGN (0x8)
                0x00006a18                _etext = .

.glue_7         0x00006a18        0x0
 .glue_7        0x00006a18        0x0 linker stubs

.glue_7t        0x00006a18        0x0
 .glue_7t       0x00006a18        0x0 linker stubs

.vfp11_veneer   0x00006a18        0x0
 .vfp11_veneer  0x00006a18        0x0 linker stubs

.v4_bx          0x00006a18        0x0
 .v4_bx         0x00006a18        0x0 linker stubs

.iplt           0x00006a18        0x0
 .iplt          0x00006a18        0x0 ./source/timer/SysTick.o

.rel.dyn        0x00006a18        0x0
 .rel.iplt      0x00006a18        0x0 ./source/timer/SysTick.o

.m_usb_data
 *(SORT_BY_ALIGNMENT(m_usb_bdt))

.data_RAM2      0x1fff0000        0x0 load address 0x00006a18
 FILL mask 0xff
                [!provide]                PROVIDE (__start_data_RAM2 = .)
                [!provide]                PROVIDE (__start_data_SRAM_LOWER = .)
 *(SORT_BY_ALIGNMENT(.ramfunc.$RAM2))
 *(SORT_BY_ALIGNMENT(.ramfunc.$SRAM_LOWER))
 *(SORT_BY_ALIGNMENT(.data.$RAM2))
 *(SORT_BY_ALIGNMENT(.data.$SRAM_LOWER))
 *(SORT_BY_ALIGNMENT(.data.$RAM2.*))
 *(SORT_BY_ALIGNMENT(.data.$SRAM_LOWER.*))
                0x1fff0000                . = ALIGN (0x8)
                [!provide]                PROVIDE (__end_data_RAM2 = .)
                [!provide]                PROVIDE (__end_data_SRAM_LOWER = .)

.data_RAM3      0x14000000        0x0 load address 0x00006a18
 FILL mask 0xff
                [!provide]                PROVIDE (__start_data_RAM3 = .)
                [!provide]                PROVIDE (__start_data_FLEX_RAM = .)
 *(SORT_BY_ALIGNMENT(.ramfunc.$RAM3))
 *(SORT_BY_ALIGNMENT(.ramfunc.$FLEX_RAM))
 *(SORT_BY_ALIGNMENT(.data.$RAM3))
 *(SORT_BY_ALIGNMENT(.data.$FLEX_RAM))
 *(SORT_BY_ALIGNMENT(.data.$RAM3.*))
 *(SORT_BY_ALIGNMENT(.data.$FLEX_RAM.*))
                0x14000000                . = ALIGN (0x8)
                [!provide]                PROVIDE (__end_data_RAM3 = .)
                [!provide]                PROVIDE (__end_data_FLEX_RAM = .)

.uninit_RESERVED
                0x20000000        0x0
                0x20000000                _start_uninit_RESERVED = .
 *(SORT_BY_ALIGNMENT(.bss.$RESERVED*))
                0x20000000                . = ALIGN (0x8)
                0x20000000                _end_uninit_RESERVED = .

.data           0x20000000      0x118 load address 0x00006a18
 FILL mask 0xff
                0x20000000                _data = .
                [!provide]                PROVIDE (__start_data_RAM = .)
                [!provide]                PROVIDE (__start_data_SRAM_UPPER = .)
 *(SORT_BY_ALIGNMENT(vtable))
 *(SORT_BY_ALIGNMENT(.ramfunc*))
 *(SORT_BY_ALIGNMENT(CodeQuickAccess))
 *(SORT_BY_ALIGNMENT(DataQuickAccess))
 *(SORT_BY_ALIGNMENT(RamFunction))
 *(SORT_BY_ALIGNMENT(.data*))
 .data.Kx       0x20000000       0xc0 ./source/App.o
                0x20000000                Kx
 .data.Ki       0x200000c0       0x40 ./source/App.o
                0x200000c0                Ki
 .data.SPIPtrs  0x20000100        0xc ./source/SPI/SPI.o
 .data.i2cStates
                0x2000010c        0x2 ./source/I2Cm/I2Cm.o
                0x2000010c                i2cStates
 .data.timers_cant
                0x2000010e        0x1 ./source/timer/timer.o
 .data.Gscale   0x2000010f        0x1 ./source/Sensores/MPU6050.o
 .data.initialising
                0x20000110        0x1 ./source/App.o
                0x20000110                initialising
                0x20000118                . = ALIGN (0x8)
 *fill*         0x20000111        0x7 ff
                0x20000118                _edata = .
                [!provide]                PROVIDE (__end_data_RAM = .)
                [!provide]                PROVIDE (__end_data_SRAM_UPPER = .)

.igot.plt       0x20000118        0x0 load address 0x00006b30
 .igot.plt      0x20000118        0x0 ./source/timer/SysTick.o

.bss_RAM2       0x1fff0000        0x0
                [!provide]                PROVIDE (__start_bss_RAM2 = .)
                [!provide]                PROVIDE (__start_bss_SRAM_LOWER = .)
 *(SORT_BY_ALIGNMENT(.bss.$RAM2))
 *(SORT_BY_ALIGNMENT(.bss.$SRAM_LOWER))
 *(SORT_BY_ALIGNMENT(.bss.$RAM2.*))
 *(SORT_BY_ALIGNMENT(.bss.$SRAM_LOWER.*))
                0x1fff0000                . = ALIGN ((. != 0x0)?0x8:0x1)
                [!provide]                PROVIDE (__end_bss_RAM2 = .)
                [!provide]                PROVIDE (__end_bss_SRAM_LOWER = .)

.bss_RAM3       0x14000000        0x0
                [!provide]                PROVIDE (__start_bss_RAM3 = .)
                [!provide]                PROVIDE (__start_bss_FLEX_RAM = .)
 *(SORT_BY_ALIGNMENT(.bss.$RAM3))
 *(SORT_BY_ALIGNMENT(.bss.$FLEX_RAM))
 *(SORT_BY_ALIGNMENT(.bss.$RAM3.*))
 *(SORT_BY_ALIGNMENT(.bss.$FLEX_RAM.*))
                0x14000000                . = ALIGN ((. != 0x0)?0x8:0x1)
                [!provide]                PROVIDE (__end_bss_RAM3 = .)
                [!provide]                PROVIDE (__end_bss_FLEX_RAM = .)

.bss            0x20000118     0x1428
                0x20000118                _bss = .
                [!provide]                PROVIDE (__start_bss_RAM = .)
                [!provide]                PROVIDE (__start_bss_SRAM_UPPER = .)
 *(SORT_BY_ALIGNMENT(.bss*))
 .bss.lastIntegrateError
                0x20000118       0x10 ./source/Sistema de Control/SistemaDeControl.o
 .bss.gyroAverage
                0x20000128       0x18 ./source/Sensores/MPU6050.o
 .bss.accelAverage
                0x20000140       0x18 ./source/Sensores/MPU6050.o
 .bss.ICLastTicks
                0x20000158      0x100 ./source/FTM/FTM.o
 .bss.accelData
                0x20000258       0x20 ./source/App.o
                0x20000258                accelData
 .bss.gyroData  0x20000278       0x20 ./source/App.o
                0x20000278                gyroData
 .bss.speed     0x20000298       0x20 ./source/App.o
                0x20000298                speed
 .bss.filter_roll_dot_stgs
                0x200002b8      0x168 ./source/App.o
                0x200002b8                filter_roll_dot_stgs
 .bss.filter_pitch_dot_stgs
                0x20000420      0x168 ./source/App.o
                0x20000420                filter_pitch_dot_stgs
 .bss.filter_yaw_dot_stgs
                0x20000588      0x168 ./source/App.o
                0x20000588                filter_yaw_dot_stgs
 .bss.referenceIntegrator
                0x200006f0       0x10 ./source/App.o
                0x200006f0                referenceIntegrator
 .bss.referenceProportional
                0x20000700       0x30 ./source/App.o
                0x20000700                referenceProportional
 .bss.SysTickCallback
                0x20000730        0x4 ./source/timer/SysTick.o
 .bss.timers    0x20000734       0xa0 ./source/timer/timer.o
 .bss.pckgNULL  0x200007d4       0x10 ./source/buffer/SPI_buffer.o
                0x200007d4                pckgNULL
 .bss.TxBuffer  0x200007e4      0x267 ./source/UART/uart.o
 *fill*         0x20000a4b        0x1 
 .bss.RxBuffer  0x20000a4c      0x267 ./source/UART/uart.o
 *fill*         0x20000cb3        0x1 
 .bss.writeBuffer
                0x20000cb4        0x4 ./source/Sensores/MPU6050.o
 .bss.readBuffer
                0x20000cb8        0xa ./source/Sensores/MPU6050.o
 *fill*         0x20000cc2        0x2 
 .bss.LastRawDataGyroRead
                0x20000cc4        0x6 ./source/Sensores/MPU6050.o
 *fill*         0x20000cca        0x2 
 .bss.LastRawDataAccRead
                0x20000ccc        0x6 ./source/Sensores/MPU6050.o
 *fill*         0x20000cd2        0x2 
 .bss.TxBuffer  0x20000cd4      0x408 ./source/SPI/SPI.o
 .bss.cont.1    0x200010dc        0x4 ./source/SPI/SPI.o
 .bss.pckgAux.0
                0x200010e0       0x10 ./source/SPI/SPI.o
 .bss.PITCbs    0x200010f0       0x10 ./source/PIT/PIT.o
 .bss.portIrqFunc
                0x20001100      0x280 ./source/MCAL/gpio.o
                0x20001100                portIrqFunc
 .bss.writeState
                0x20001380       0x24 ./source/I2Cm/I2Cm.o
 .bss.readState
                0x200013a4       0x18 ./source/I2Cm/I2Cm.o
 .bss.PWMPtrs   0x200013bc       0x80 ./source/FTM/FTM.o
 .bss.ICCbPtrs  0x2000143c       0x80 ./source/FTM/FTM.o
 .bss.ICChannelValue
                0x200014bc       0x40 ./source/FTM/FTM.o
 .bss.ICnewEdge
                0x200014fc       0x20 ./source/FTM/FTM.o
 .bss.steps     0x2000151c        0x4 ./source/ControlPC/ControlPC.o
 .bss.fusionFlags
                0x20001520        0x5 ./source/App.o
                0x20001520                fusionFlags
 *fill*         0x20001525        0x3 
 .bss.__LDM_interruptDisableCount
                0x20001528        0x4 ./SDK/startup/hardware.o
 .bss.errno     0x2000152c        0x4 c:/nxp/mcuxpressoide_11.6.1_8255/ide/plugins/com.nxp.mcuxpresso.tools.win32_11.6.1.202207200623/tools/bin/../lib/gcc/arm-none-eabi/10.3.1/../../../../arm-none-eabi/lib/thumb/v7e-m+fp/hard\libcr_c.a(errno.o)
                0x2000152c                errno
 .bss.uartBaudrate
                0x20001530        0x2 ./source/ControlPC/ControlPC.o
 .bss.yaInit.0  0x20001532        0x1 ./source/timer/timer.o
 .bss.Ascale    0x20001533        0x1 ./source/Sensores/MPU6050.o
 .bss.writeSize
                0x20001534        0x1 ./source/Sensores/MPU6050.o
 .bss.readSize  0x20001535        0x1 ./source/Sensores/MPU6050.o
 .bss.inInterrupt
                0x20001536        0x1 ./source/SPI/SPI.o
 .bss.isBusBusy
                0x20001537        0x1 ./source/I2Cm/I2Cm.o
 .bss.init      0x20001538        0x1 ./source/ControlPC/ControlPC.o
 .bss.uartId    0x20001539        0x1 ./source/ControlPC/ControlPC.o
 .bss.sUp       0x2000153a        0x1 ./source/ControlPC/ControlPC.o
 .bss.sDown     0x2000153b        0x1 ./source/ControlPC/ControlPC.o
 .bss.I2CtriggerAcc
                0x2000153c        0x1 ./source/App.o
                0x2000153c                I2CtriggerAcc
 *(SORT_BY_ALIGNMENT(COMMON))
                0x20001540                . = ALIGN (0x8)
 *fill*         0x2000153d        0x3 
                0x20001540                _ebss = .
                [!provide]                PROVIDE (__end_bss_RAM = .)
                [!provide]                PROVIDE (__end_bss_SRAM_UPPER = .)
                [!provide]                PROVIDE (end = .)

.noinit_RAM2    0x1fff0000        0x0
                [!provide]                PROVIDE (__start_noinit_RAM2 = .)
                [!provide]                PROVIDE (__start_noinit_SRAM_LOWER = .)
 *(SORT_BY_ALIGNMENT(.noinit.$RAM2))
 *(SORT_BY_ALIGNMENT(.noinit.$SRAM_LOWER))
 *(SORT_BY_ALIGNMENT(.noinit.$RAM2.*))
 *(SORT_BY_ALIGNMENT(.noinit.$SRAM_LOWER.*))
                0x1fff0000                . = ALIGN (0x8)
                [!provide]                PROVIDE (__end_noinit_RAM2 = .)
                [!provide]                PROVIDE (__end_noinit_SRAM_LOWER = .)

.noinit_RAM3    0x14000000        0x0
                [!provide]                PROVIDE (__start_noinit_RAM3 = .)
                [!provide]                PROVIDE (__start_noinit_FLEX_RAM = .)
 *(SORT_BY_ALIGNMENT(.noinit.$RAM3))
 *(SORT_BY_ALIGNMENT(.noinit.$FLEX_RAM))
 *(SORT_BY_ALIGNMENT(.noinit.$RAM3.*))
 *(SORT_BY_ALIGNMENT(.noinit.$FLEX_RAM.*))
                0x14000000                . = ALIGN (0x8)
                [!provide]                PROVIDE (__end_noinit_RAM3 = .)
                [!provide]                PROVIDE (__end_noinit_FLEX_RAM = .)

.noinit         0x20001540        0x0
                0x20001540                _noinit = .
                [!provide]                PROVIDE (__start_noinit_RAM = .)
                [!provide]                PROVIDE (__start_noinit_SRAM_UPPER = .)
 *(SORT_BY_ALIGNMENT(.noinit*))
                0x20001540                . = ALIGN (0x8)
                0x20001540                _end_noinit = .
                [!provide]                PROVIDE (__end_noinit_RAM = .)
                [!provide]                PROVIDE (__end_noinit_SRAM_UPPER = .)

.ARM.extab
 *(SORT_BY_ALIGNMENT(.ARM.extab*) SORT_BY_ALIGNMENT(.gnu.linkonce.armextab.*))

.ARM.exidx      0x00006b30        0x0
                0x00006b30                __exidx_start = .
 *(SORT_BY_ALIGNMENT(.ARM.exidx*) SORT_BY_ALIGNMENT(.gnu.linkonce.armexidx.*))
                0x00006b30                __exidx_end = .
                0x00001000                _HeapSize = 0x1000

.heap           0x20001540     0x1000
                0x20001540                _pvHeapStart = .
                0x20002540                . = (. + _HeapSize)
 *fill*         0x20001540     0x1000 
                0x20002540                . = ALIGN (0x8)
                0x20002540                _pvHeapLimit = .
                0x00001000                _StackSize = 0x1000

.heap2stackfill
                0x20002540     0x1000
                0x20003540                . = (. + _StackSize)
 *fill*         0x20002540     0x1000 

.stack          0x2002f000        0x0
                0x2002f000                _vStackBase = .
                0x2002f000                . = ALIGN (0x8)
                0x20030000                _vStackTop = (. + _StackSize)
                0x00000000                _image_start = LOADADDR (.text)
                0x00006b30                _image_end = (LOADADDR (.data) + SIZEOF (.data))
                0x00006b30                _image_size = (_image_end - _image_start)
OUTPUT(TPQUAD.axf elf32-littlearm)
LOAD linker stubs

.debug_info     0x00000000     0xf9f9
 .debug_info    0x00000000      0x506 ./source/timer/SysTick.o
 .debug_info    0x00000506      0x2d9 ./source/timer/timer.o
 .debug_info    0x000007df      0x329 ./source/buffer/SPI_buffer.o
 .debug_info    0x00000b08      0x2e6 ./source/buffer/circular_buffer.o
 .debug_info    0x00000dee      0xde4 ./source/UART/uart.o
 .debug_info    0x00001bd2      0x337 ./source/Sistema de Control/MatrixOps.o
 .debug_info    0x00001f09      0x35e ./source/Sistema de Control/SistemaDeControl.o
 .debug_info    0x00002267      0x524 ./source/Sensores/MPU6050.o
 .debug_info    0x0000278b      0xd5c ./source/SPI/SPI.o
 .debug_info    0x000034e7      0x87a ./source/PIT/PIT.o
 .debug_info    0x00003d61      0xc0f ./source/MCAL/gpio.o
 .debug_info    0x00004970      0xd3a ./source/I2Cm/I2Cm.o
 .debug_info    0x000056aa     0x168d ./source/Fusion/FusionAhrs.o
 .debug_info    0x00006d37      0x599 ./source/Fusion/FusionCompass.o
 .debug_info    0x000072d0      0xfab ./source/FTM/FTM.o
 .debug_info    0x0000827b      0x866 ./source/ESCDriver/ESCDriver.o
 .debug_info    0x00008ae1      0x246 ./source/ControlPC/ControlPC.o
 .debug_info    0x00008d27      0x19a ./source/Biquad/Biquad.o
 .debug_info    0x00008ec1      0xda7 ./source/App.o
 .debug_info    0x00009c68      0x6b2 ./SDK/startup/hardware.o
 .debug_info    0x0000a31a       0x86 ./SDK/startup/main.o
 .debug_info    0x0000a3a0       0x3c ./SDK/startup/semihost_hardfault.o
 .debug_info    0x0000a3dc      0x93a ./SDK/startup/startup_mk64f12.o
 .debug_info    0x0000ad16      0x63b ./SDK/CMSIS/system_MK64F12.o
 .debug_info    0x0000b351     0x1612 C:\Users\sch_b\OneDrive\Documentos\QUADCOPTER\Quadcopter\TPQUAD\SDK\CMSIS\DSP\libarm_cortexM4lf_math.a(arm_sin_f32.o)
 .debug_info    0x0000c963     0x1612 C:\Users\sch_b\OneDrive\Documentos\QUADCOPTER\Quadcopter\TPQUAD\SDK\CMSIS\DSP\libarm_cortexM4lf_math.a(arm_cos_f32.o)
 .debug_info    0x0000df75     0x1a84 C:\Users\sch_b\OneDrive\Documentos\QUADCOPTER\Quadcopter\TPQUAD\SDK\CMSIS\DSP\libarm_cortexM4lf_math.a(arm_common_tables.o)

.debug_abbrev   0x00000000     0x2e7d
 .debug_abbrev  0x00000000      0x190 ./source/timer/SysTick.o
 .debug_abbrev  0x00000190      0x1b5 ./source/timer/timer.o
 .debug_abbrev  0x00000345      0x1b4 ./source/buffer/SPI_buffer.o
 .debug_abbrev  0x000004f9      0x162 ./source/buffer/circular_buffer.o
 .debug_abbrev  0x0000065b      0x267 ./source/UART/uart.o
 .debug_abbrev  0x000008c2       0xc7 ./source/Sistema de Control/MatrixOps.o
 .debug_abbrev  0x00000989       0xe9 ./source/Sistema de Control/SistemaDeControl.o
 .debug_abbrev  0x00000a72      0x18f ./source/Sensores/MPU6050.o
 .debug_abbrev  0x00000c01      0x2d8 ./source/SPI/SPI.o
 .debug_abbrev  0x00000ed9      0x1d5 ./source/PIT/PIT.o
 .debug_abbrev  0x000010ae      0x253 ./source/MCAL/gpio.o
 .debug_abbrev  0x00001301      0x280 ./source/I2Cm/I2Cm.o
 .debug_abbrev  0x00001581      0x392 ./source/Fusion/FusionAhrs.o
 .debug_abbrev  0x00001913      0x213 ./source/Fusion/FusionCompass.o
 .debug_abbrev  0x00001b26      0x297 ./source/FTM/FTM.o
 .debug_abbrev  0x00001dbd      0x188 ./source/ESCDriver/ESCDriver.o
 .debug_abbrev  0x00001f45      0x10f ./source/ControlPC/ControlPC.o
 .debug_abbrev  0x00002054       0xd8 ./source/Biquad/Biquad.o
 .debug_abbrev  0x0000212c      0x2a7 ./source/App.o
 .debug_abbrev  0x000023d3      0x12e ./SDK/startup/hardware.o
 .debug_abbrev  0x00002501       0x49 ./SDK/startup/main.o
 .debug_abbrev  0x0000254a       0x31 ./SDK/startup/semihost_hardfault.o
 .debug_abbrev  0x0000257b      0x185 ./SDK/startup/startup_mk64f12.o
 .debug_abbrev  0x00002700      0x148 ./SDK/CMSIS/system_MK64F12.o
 .debug_abbrev  0x00002848      0x22c C:\Users\sch_b\OneDrive\Documentos\QUADCOPTER\Quadcopter\TPQUAD\SDK\CMSIS\DSP\libarm_cortexM4lf_math.a(arm_sin_f32.o)
 .debug_abbrev  0x00002a74      0x22c C:\Users\sch_b\OneDrive\Documentos\QUADCOPTER\Quadcopter\TPQUAD\SDK\CMSIS\DSP\libarm_cortexM4lf_math.a(arm_cos_f32.o)
 .debug_abbrev  0x00002ca0      0x1dd C:\Users\sch_b\OneDrive\Documentos\QUADCOPTER\Quadcopter\TPQUAD\SDK\CMSIS\DSP\libarm_cortexM4lf_math.a(arm_common_tables.o)

.debug_aranges  0x00000000      0xa70
 .debug_aranges
                0x00000000       0x30 ./source/timer/SysTick.o
 .debug_aranges
                0x00000030       0x50 ./source/timer/timer.o
 .debug_aranges
                0x00000080       0x58 ./source/buffer/SPI_buffer.o
 .debug_aranges
                0x000000d8       0x58 ./source/buffer/circular_buffer.o
 .debug_aranges
                0x00000130       0x80 ./source/UART/uart.o
 .debug_aranges
                0x000001b0       0x30 ./source/Sistema de Control/MatrixOps.o
 .debug_aranges
                0x000001e0       0x50 ./source/Sistema de Control/SistemaDeControl.o
 .debug_aranges
                0x00000230       0x70 ./source/Sensores/MPU6050.o
 .debug_aranges
                0x000002a0       0x58 ./source/SPI/SPI.o
 .debug_aranges
                0x000002f8       0x58 ./source/PIT/PIT.o
 .debug_aranges
                0x00000350       0x78 ./source/MCAL/gpio.o
 .debug_aranges
                0x000003c8       0x50 ./source/I2Cm/I2Cm.o
 .debug_aranges
                0x00000418       0x78 ./source/Fusion/FusionAhrs.o
 .debug_aranges
                0x00000490       0x20 ./source/Fusion/FusionCompass.o
 .debug_aranges
                0x000004b0       0x80 ./source/FTM/FTM.o
 .debug_aranges
                0x00000530       0x40 ./source/ESCDriver/ESCDriver.o
 .debug_aranges
                0x00000570       0x28 ./source/ControlPC/ControlPC.o
 .debug_aranges
                0x00000598       0x28 ./source/Biquad/Biquad.o
 .debug_aranges
                0x000005c0       0x88 ./source/App.o
 .debug_aranges
                0x00000648       0x30 ./SDK/startup/hardware.o
 .debug_aranges
                0x00000678       0x20 ./SDK/startup/main.o
 .debug_aranges
                0x00000698       0x20 ./SDK/startup/semihost_hardfault.o
 .debug_aranges
                0x000006b8      0x330 ./SDK/startup/startup_mk64f12.o
 .debug_aranges
                0x000009e8       0x30 ./SDK/CMSIS/system_MK64F12.o
 .debug_aranges
                0x00000a18       0x20 C:\Users\sch_b\OneDrive\Documentos\QUADCOPTER\Quadcopter\TPQUAD\SDK\CMSIS\DSP\libarm_cortexM4lf_math.a(arm_sin_f32.o)
 .debug_aranges
                0x00000a38       0x20 C:\Users\sch_b\OneDrive\Documentos\QUADCOPTER\Quadcopter\TPQUAD\SDK\CMSIS\DSP\libarm_cortexM4lf_math.a(arm_cos_f32.o)
 .debug_aranges
                0x00000a58       0x18 C:\Users\sch_b\OneDrive\Documentos\QUADCOPTER\Quadcopter\TPQUAD\SDK\CMSIS\DSP\libarm_cortexM4lf_math.a(arm_common_tables.o)

.debug_ranges   0x00000000     0x10c8
 .debug_ranges  0x00000000       0x20 ./source/timer/SysTick.o
 .debug_ranges  0x00000020       0x40 ./source/timer/timer.o
 .debug_ranges  0x00000060       0x48 ./source/buffer/SPI_buffer.o
 .debug_ranges  0x000000a8       0x48 ./source/buffer/circular_buffer.o
 .debug_ranges  0x000000f0       0x70 ./source/UART/uart.o
 .debug_ranges  0x00000160       0x20 ./source/Sistema de Control/MatrixOps.o
 .debug_ranges  0x00000180       0x40 ./source/Sistema de Control/SistemaDeControl.o
 .debug_ranges  0x000001c0       0x60 ./source/Sensores/MPU6050.o
 .debug_ranges  0x00000220       0x48 ./source/SPI/SPI.o
 .debug_ranges  0x00000268       0x48 ./source/PIT/PIT.o
 .debug_ranges  0x000002b0       0x68 ./source/MCAL/gpio.o
 .debug_ranges  0x00000318       0x40 ./source/I2Cm/I2Cm.o
 .debug_ranges  0x00000358      0x688 ./source/Fusion/FusionAhrs.o
 .debug_ranges  0x000009e0      0x200 ./source/Fusion/FusionCompass.o
 .debug_ranges  0x00000be0       0x70 ./source/FTM/FTM.o
 .debug_ranges  0x00000c50       0x30 ./source/ESCDriver/ESCDriver.o
 .debug_ranges  0x00000c80       0x18 ./source/ControlPC/ControlPC.o
 .debug_ranges  0x00000c98       0x18 ./source/Biquad/Biquad.o
 .debug_ranges  0x00000cb0       0x78 ./source/App.o
 .debug_ranges  0x00000d28       0x20 ./SDK/startup/hardware.o
 .debug_ranges  0x00000d48       0x10 ./SDK/startup/main.o
 .debug_ranges  0x00000d58       0x10 ./SDK/startup/semihost_hardfault.o
 .debug_ranges  0x00000d68      0x320 ./SDK/startup/startup_mk64f12.o
 .debug_ranges  0x00001088       0x20 ./SDK/CMSIS/system_MK64F12.o
 .debug_ranges  0x000010a8       0x10 C:\Users\sch_b\OneDrive\Documentos\QUADCOPTER\Quadcopter\TPQUAD\SDK\CMSIS\DSP\libarm_cortexM4lf_math.a(arm_sin_f32.o)
 .debug_ranges  0x000010b8       0x10 C:\Users\sch_b\OneDrive\Documentos\QUADCOPTER\Quadcopter\TPQUAD\SDK\CMSIS\DSP\libarm_cortexM4lf_math.a(arm_cos_f32.o)

.debug_macro    0x00000000    0x153d2
 .debug_macro   0x00000000       0xb6 ./source/timer/SysTick.o
 .debug_macro   0x000000b6      0xa7e ./source/timer/SysTick.o
 .debug_macro   0x00000b34       0x22 ./source/timer/SysTick.o
 .debug_macro   0x00000b56      0x34e ./source/timer/SysTick.o
 .debug_macro   0x00000ea4       0x10 ./source/timer/SysTick.o
 .debug_macro   0x00000eb4       0x5c ./source/timer/SysTick.o
 .debug_macro   0x00000f10       0x1c ./source/timer/SysTick.o
 .debug_macro   0x00000f2c       0x28 ./source/timer/SysTick.o
 .debug_macro   0x00000f54       0xd9 ./source/timer/SysTick.o
 .debug_macro   0x0000102d      0xecf ./source/timer/SysTick.o
 .debug_macro   0x00001efc       0x48 ./source/timer/SysTick.o
 .debug_macro   0x00001f44     0xe07b ./source/timer/SysTick.o
 .debug_macro   0x0000ffbf     0x122b ./source/timer/SysTick.o
 .debug_macro   0x000111ea       0x16 ./source/timer/SysTick.o
 .debug_macro   0x00011200      0x134 ./source/timer/timer.o
 .debug_macro   0x00011334       0x1e ./source/timer/timer.o
 .debug_macro   0x00011352       0x22 ./source/timer/timer.o
 .debug_macro   0x00011374       0x5e ./source/timer/timer.o
 .debug_macro   0x000113d2       0x94 ./source/timer/timer.o
 .debug_macro   0x00011466       0x35 ./source/timer/timer.o
 .debug_macro   0x0001149b       0x34 ./source/timer/timer.o
 .debug_macro   0x000114cf       0x16 ./source/timer/timer.o
 .debug_macro   0x000114e5      0x10e ./source/timer/timer.o
 .debug_macro   0x000115f3       0x8d ./source/timer/timer.o
 .debug_macro   0x00011680       0x16 ./source/timer/timer.o
 .debug_macro   0x00011696       0x43 ./source/timer/timer.o
 .debug_macro   0x000116d9       0x57 ./source/timer/timer.o
 .debug_macro   0x00011730       0x34 ./source/timer/timer.o
 .debug_macro   0x00011764       0x10 ./source/timer/timer.o
 .debug_macro   0x00011774       0x58 ./source/timer/timer.o
 .debug_macro   0x000117cc      0x182 ./source/timer/timer.o
 .debug_macro   0x0001194e      0x341 ./source/timer/timer.o
 .debug_macro   0x00011c8f       0x16 ./source/timer/timer.o
 .debug_macro   0x00011ca5       0x29 ./source/timer/timer.o
 .debug_macro   0x00011cce       0x28 ./source/timer/timer.o
 .debug_macro   0x00011cf6       0x10 ./source/timer/timer.o
 .debug_macro   0x00011d06      0x1e7 ./source/buffer/SPI_buffer.o
 .debug_macro   0x00011eed       0x16 ./source/buffer/SPI_buffer.o
 .debug_macro   0x00011f03       0x97 ./source/buffer/SPI_buffer.o
 .debug_macro   0x00011f9a       0xfd ./source/buffer/SPI_buffer.o
 .debug_macro   0x00012097       0x10 ./source/buffer/SPI_buffer.o
 .debug_macro   0x000120a7       0x10 ./source/buffer/SPI_buffer.o
 .debug_macro   0x000120b7       0x6a ./source/buffer/SPI_buffer.o
 .debug_macro   0x00012121       0x1c ./source/buffer/SPI_buffer.o
 .debug_macro   0x0001213d       0x52 ./source/buffer/SPI_buffer.o
 .debug_macro   0x0001218f       0x22 ./source/buffer/SPI_buffer.o
 .debug_macro   0x000121b1       0x10 ./source/buffer/SPI_buffer.o
 .debug_macro   0x000121c1       0x52 ./source/buffer/SPI_buffer.o
 .debug_macro   0x00012213       0xd5 ./source/buffer/SPI_buffer.o
 .debug_macro   0x000122e8       0x1c ./source/buffer/SPI_buffer.o
 .debug_macro   0x00012304       0x3d ./source/buffer/SPI_buffer.o
 .debug_macro   0x00012341       0x16 ./source/buffer/SPI_buffer.o
 .debug_macro   0x00012357      0x16f ./source/buffer/SPI_buffer.o
 .debug_macro   0x000124c6       0x16 ./source/buffer/SPI_buffer.o
 .debug_macro   0x000124dc       0x35 ./source/buffer/SPI_buffer.o
 .debug_macro   0x00012511       0xac ./source/buffer/circular_buffer.o
 .debug_macro   0x000125bd       0xe8 ./source/UART/uart.o
 .debug_macro   0x000126a5       0x10 ./source/UART/uart.o
 .debug_macro   0x000126b5       0x40 ./source/UART/uart.o
 .debug_macro   0x000126f5       0x2e ./source/Sistema de Control/MatrixOps.o
 .debug_macro   0x00012723      0x132 ./source/Sistema de Control/SistemaDeControl.o
 .debug_macro   0x00012855       0x28 ./source/Sistema de Control/SistemaDeControl.o
 .debug_macro   0x0001287d      0x174 ./source/Sistema de Control/SistemaDeControl.o
 .debug_macro   0x000129f1       0x10 ./source/Sistema de Control/SistemaDeControl.o
 .debug_macro   0x00012a01      0x175 ./source/Sensores/MPU6050.o
 .debug_macro   0x00012b76      0x338 ./source/Sensores/MPU6050.o
 .debug_macro   0x00012eae      0x31f ./source/SPI/SPI.o
 .debug_macro   0x000131cd       0x3a ./source/SPI/SPI.o
 .debug_macro   0x00013207       0x10 ./source/SPI/SPI.o
 .debug_macro   0x00013217       0x10 ./source/SPI/SPI.o
 .debug_macro   0x00013227       0xd3 ./source/PIT/PIT.o
 .debug_macro   0x000132fa       0x28 ./source/PIT/PIT.o
 .debug_macro   0x00013322       0xc4 ./source/MCAL/gpio.o
 .debug_macro   0x000133e6      0x1fd ./source/I2Cm/I2Cm.o
 .debug_macro   0x000135e3       0x10 ./source/I2Cm/I2Cm.o
 .debug_macro   0x000135f3      0x16e ./source/Fusion/FusionAhrs.o
 .debug_macro   0x00013761      0xa7e ./source/Fusion/FusionAhrs.o
 .debug_macro   0x000141df      0x201 ./source/Fusion/FusionAhrs.o
 .debug_macro   0x000143e0      0x186 ./source/Fusion/FusionAhrs.o
 .debug_macro   0x00014566       0x9a ./source/Fusion/FusionAhrs.o
 .debug_macro   0x00014600      0x108 ./source/Fusion/FusionCompass.o
 .debug_macro   0x00014708      0x19b ./source/Fusion/FusionCompass.o
 .debug_macro   0x000148a3      0x1c5 ./source/FTM/FTM.o
 .debug_macro   0x00014a68       0x22 ./source/FTM/FTM.o
 .debug_macro   0x00014a8a      0x1ec ./source/ESCDriver/ESCDriver.o
 .debug_macro   0x00014c76       0x1c ./source/ESCDriver/ESCDriver.o
 .debug_macro   0x00014c92       0x4c ./source/ControlPC/ControlPC.o
 .debug_macro   0x00014cde       0x10 ./source/ControlPC/ControlPC.o
 .debug_macro   0x00014cee       0x1b ./source/Biquad/Biquad.o
 .debug_macro   0x00014d09      0x369 ./source/App.o
 .debug_macro   0x00015072       0x1c ./source/App.o
 .debug_macro   0x0001508e       0x22 ./source/App.o
 .debug_macro   0x000150b0       0x3a ./source/App.o
 .debug_macro   0x000150ea       0x2e ./source/App.o
 .debug_macro   0x00015118       0xc8 ./source/App.o
 .debug_macro   0x000151e0       0x9c ./SDK/startup/hardware.o
 .debug_macro   0x0001527c       0x9c ./SDK/startup/main.o
 .debug_macro   0x00015318       0x11 ./SDK/startup/semihost_hardfault.o
 .debug_macro   0x00015329       0x29 ./SDK/startup/startup_mk64f12.o
 .debug_macro   0x00015352       0x80 ./SDK/CMSIS/system_MK64F12.o

.debug_line     0x00000000     0x8f73
 .debug_line    0x00000000      0x232 ./source/timer/SysTick.o
 .debug_line    0x00000232      0x4e1 ./source/timer/timer.o
 .debug_line    0x00000713      0x5c3 ./source/buffer/SPI_buffer.o
 .debug_line    0x00000cd6      0x37c ./source/buffer/circular_buffer.o
 .debug_line    0x00001052      0x4fc ./source/UART/uart.o
 .debug_line    0x0000154e      0x2c1 ./source/Sistema de Control/MatrixOps.o
 .debug_line    0x0000180f      0x644 ./source/Sistema de Control/SistemaDeControl.o
 .debug_line    0x00001e53      0x937 ./source/Sensores/MPU6050.o
 .debug_line    0x0000278a      0xb3d ./source/SPI/SPI.o
 .debug_line    0x000032c7      0x317 ./source/PIT/PIT.o
 .debug_line    0x000035de      0x4ed ./source/MCAL/gpio.o
 .debug_line    0x00003acb      0x788 ./source/I2Cm/I2Cm.o
 .debug_line    0x00004253     0x10ae ./source/Fusion/FusionAhrs.o
 .debug_line    0x00005301      0x4f0 ./source/Fusion/FusionCompass.o
 .debug_line    0x000057f1      0x839 ./source/FTM/FTM.o
 .debug_line    0x0000602a      0x676 ./source/ESCDriver/ESCDriver.o
 .debug_line    0x000066a0      0x1b7 ./source/ControlPC/ControlPC.o
 .debug_line    0x00006857       0xeb ./source/Biquad/Biquad.o
 .debug_line    0x00006942      0xd54 ./source/App.o
 .debug_line    0x00007696      0x2a7 ./SDK/startup/hardware.o
 .debug_line    0x0000793d      0x1b8 ./SDK/startup/main.o
 .debug_line    0x00007af5       0x5f ./SDK/startup/semihost_hardfault.o
 .debug_line    0x00007b54      0x917 ./SDK/startup/startup_mk64f12.o
 .debug_line    0x0000846b      0x322 ./SDK/CMSIS/system_MK64F12.o
 .debug_line    0x0000878d      0x2d0 C:\Users\sch_b\OneDrive\Documentos\QUADCOPTER\Quadcopter\TPQUAD\SDK\CMSIS\DSP\libarm_cortexM4lf_math.a(arm_sin_f32.o)
 .debug_line    0x00008a5d      0x2d3 C:\Users\sch_b\OneDrive\Documentos\QUADCOPTER\Quadcopter\TPQUAD\SDK\CMSIS\DSP\libarm_cortexM4lf_math.a(arm_cos_f32.o)
 .debug_line    0x00008d30      0x243 C:\Users\sch_b\OneDrive\Documentos\QUADCOPTER\Quadcopter\TPQUAD\SDK\CMSIS\DSP\libarm_cortexM4lf_math.a(arm_common_tables.o)

.debug_str      0x00000000    0x818b2
 .debug_str     0x00000000    0x773ec ./source/timer/SysTick.o
                              0x775b7 (size before relaxing)
 .debug_str     0x000773ec     0x30ae ./source/timer/timer.o
                               0x699c (size before relaxing)
 .debug_str     0x0007a49a     0x125e ./source/buffer/SPI_buffer.o
                               0x796b (size before relaxing)
 .debug_str     0x0007b6f8       0xa5 ./source/buffer/circular_buffer.o
                              0x7707d (size before relaxing)
 .debug_str     0x0007b79d      0x4af ./source/UART/uart.o
                              0x77a26 (size before relaxing)
 .debug_str     0x0007bc4c       0x75 ./source/Sistema de Control/MatrixOps.o
                               0x3860 (size before relaxing)
 .debug_str     0x0007bcc1      0x1d5 ./source/Sistema de Control/SistemaDeControl.o
                               0x68b2 (size before relaxing)
 .debug_str     0x0007be96      0xc04 ./source/Sensores/MPU6050.o
                               0x7477 (size before relaxing)
 .debug_str     0x0007ca9a      0x76f ./source/SPI/SPI.o
                              0x7beba (size before relaxing)
 .debug_str     0x0007d209      0x229 ./source/PIT/PIT.o
                              0x77bb8 (size before relaxing)
 .debug_str     0x0007d432      0x1b5 ./source/MCAL/gpio.o
                              0x77bf1 (size before relaxing)
 .debug_str     0x0007d5e7      0x2ab ./source/I2Cm/I2Cm.o
                              0x7aa24 (size before relaxing)
 .debug_str     0x0007d892     0x17d7 ./source/Fusion/FusionAhrs.o
                               0x7e4e (size before relaxing)
 .debug_str     0x0007f069       0x53 ./source/Fusion/FusionCompass.o
                               0x727d (size before relaxing)
 .debug_str     0x0007f0bc      0x4cc ./source/FTM/FTM.o
                              0x7aae5 (size before relaxing)
 .debug_str     0x0007f588      0x1ba ./source/ESCDriver/ESCDriver.o
                              0x7a4da (size before relaxing)
 .debug_str     0x0007f742       0xa5 ./source/ControlPC/ControlPC.o
                               0x3959 (size before relaxing)
 .debug_str     0x0007f7e7       0x4d ./source/Biquad/Biquad.o
                               0x2d75 (size before relaxing)
 .debug_str     0x0007f834      0xaeb ./source/App.o
                               0xac30 (size before relaxing)
 .debug_str     0x0008031f      0x16f ./SDK/startup/hardware.o
                              0x771d6 (size before relaxing)
 .debug_str     0x0008048e       0x1b ./SDK/startup/main.o
                              0x76fa1 (size before relaxing)
 .debug_str     0x000804a9       0x36 ./SDK/startup/semihost_hardfault.o
                               0x2d4a (size before relaxing)
 .debug_str     0x000804df      0x6bf ./SDK/startup/startup_mk64f12.o
                               0x35a4 (size before relaxing)
 .debug_str     0x00080b9e       0x72 ./SDK/CMSIS/system_MK64F12.o
                              0x770f5 (size before relaxing)
 .debug_str     0x00080c10      0xc34 C:\Users\sch_b\OneDrive\Documentos\QUADCOPTER\Quadcopter\TPQUAD\SDK\CMSIS\DSP\libarm_cortexM4lf_math.a(arm_sin_f32.o)
                                0xd42 (size before relaxing)
 .debug_str     0x00081844       0x40 C:\Users\sch_b\OneDrive\Documentos\QUADCOPTER\Quadcopter\TPQUAD\SDK\CMSIS\DSP\libarm_cortexM4lf_math.a(arm_cos_f32.o)
                                0xd42 (size before relaxing)
 .debug_str     0x00081884       0x2e C:\Users\sch_b\OneDrive\Documentos\QUADCOPTER\Quadcopter\TPQUAD\SDK\CMSIS\DSP\libarm_cortexM4lf_math.a(arm_common_tables.o)
                                0xd1d (size before relaxing)

.comment        0x00000000       0xbe
 .comment       0x00000000       0x49 ./source/timer/SysTick.o
                                 0x4a (size before relaxing)
 .comment       0x00000049       0x4a ./source/timer/timer.o
 .comment       0x00000049       0x4a ./source/buffer/SPI_buffer.o
 .comment       0x00000049       0x4a ./source/buffer/circular_buffer.o
 .comment       0x00000049       0x4a ./source/UART/uart.o
 .comment       0x00000049       0x4a ./source/Sistema de Control/MatrixOps.o
 .comment       0x00000049       0x4a ./source/Sistema de Control/SistemaDeControl.o
 .comment       0x00000049       0x4a ./source/Sensores/MPU6050.o
 .comment       0x00000049       0x4a ./source/SPI/SPI.o
 .comment       0x00000049       0x4a ./source/PIT/PIT.o
 .comment       0x00000049       0x4a ./source/MCAL/gpio.o
 .comment       0x00000049       0x4a ./source/I2Cm/I2Cm.o
 .comment       0x00000049       0x4a ./source/Fusion/FusionAhrs.o
 .comment       0x00000049       0x4a ./source/Fusion/FusionCompass.o
 .comment       0x00000049       0x4a ./source/FTM/FTM.o
 .comment       0x00000049       0x4a ./source/ESCDriver/ESCDriver.o
 .comment       0x00000049       0x4a ./source/ControlPC/ControlPC.o
 .comment       0x00000049       0x4a ./source/Biquad/Biquad.o
 .comment       0x00000049       0x4a ./source/App.o
 .comment       0x00000049       0x4a ./SDK/startup/hardware.o
 .comment       0x00000049       0x4a ./SDK/startup/main.o
 .comment       0x00000049       0x4a ./SDK/startup/semihost_hardfault.o
 .comment       0x00000049       0x4a ./SDK/startup/startup_mk64f12.o
 .comment       0x00000049       0x4a ./SDK/CMSIS/system_MK64F12.o
 .comment       0x00000049       0x75 C:\Users\sch_b\OneDrive\Documentos\QUADCOPTER\Quadcopter\TPQUAD\SDK\CMSIS\DSP\libarm_cortexM4lf_math.a(arm_sin_f32.o)
                                 0x76 (size before relaxing)
 .comment       0x000000be       0x76 C:\Users\sch_b\OneDrive\Documentos\QUADCOPTER\Quadcopter\TPQUAD\SDK\CMSIS\DSP\libarm_cortexM4lf_math.a(arm_cos_f32.o)
 .comment       0x000000be       0x76 C:\Users\sch_b\OneDrive\Documentos\QUADCOPTER\Quadcopter\TPQUAD\SDK\CMSIS\DSP\libarm_cortexM4lf_math.a(arm_common_tables.o)
 .comment       0x000000be       0x4a c:/nxp/mcuxpressoide_11.6.1_8255/ide/plugins/com.nxp.mcuxpresso.tools.win32_11.6.1.202207200623/tools/bin/../lib/gcc/arm-none-eabi/10.3.1/../../../../arm-none-eabi/lib/thumb/v7e-m+fp/hard\libcr_c.a(asinf.o)
 .comment       0x000000be       0x4a c:/nxp/mcuxpressoide_11.6.1_8255/ide/plugins/com.nxp.mcuxpresso.tools.win32_11.6.1.202207200623/tools/bin/../lib/gcc/arm-none-eabi/10.3.1/../../../../arm-none-eabi/lib/thumb/v7e-m+fp/hard\libcr_c.a(atan2f.o)
 .comment       0x000000be       0x4a c:/nxp/mcuxpressoide_11.6.1_8255/ide/plugins/com.nxp.mcuxpresso.tools.win32_11.6.1.202207200623/tools/bin/../lib/gcc/arm-none-eabi/10.3.1/../../../../arm-none-eabi/lib/thumb/v7e-m+fp/hard\libcr_c.a(atanf.o)
 .comment       0x000000be       0x4a c:/nxp/mcuxpressoide_11.6.1_8255/ide/plugins/com.nxp.mcuxpresso.tools.win32_11.6.1.202207200623/tools/bin/../lib/gcc/arm-none-eabi/10.3.1/../../../../arm-none-eabi/lib/thumb/v7e-m+fp/hard\libcr_c.a(cosf.o)
 .comment       0x000000be       0x4a c:/nxp/mcuxpressoide_11.6.1_8255/ide/plugins/com.nxp.mcuxpresso.tools.win32_11.6.1.202207200623/tools/bin/../lib/gcc/arm-none-eabi/10.3.1/../../../../arm-none-eabi/lib/thumb/v7e-m+fp/hard\libcr_c.a(fabsf.o)
 .comment       0x000000be       0x4a c:/nxp/mcuxpressoide_11.6.1_8255/ide/plugins/com.nxp.mcuxpresso.tools.win32_11.6.1.202207200623/tools/bin/../lib/gcc/arm-none-eabi/10.3.1/../../../../arm-none-eabi/lib/thumb/v7e-m+fp/hard\libcr_c.a(sinf.o)
 .comment       0x000000be       0x4a c:/nxp/mcuxpressoide_11.6.1_8255/ide/plugins/com.nxp.mcuxpresso.tools.win32_11.6.1.202207200623/tools/bin/../lib/gcc/arm-none-eabi/10.3.1/../../../../arm-none-eabi/lib/thumb/v7e-m+fp/hard\libcr_c.a(memcpy.o)
 .comment       0x000000be       0x4a c:/nxp/mcuxpressoide_11.6.1_8255/ide/plugins/com.nxp.mcuxpresso.tools.win32_11.6.1.202207200623/tools/bin/../lib/gcc/arm-none-eabi/10.3.1/../../../../arm-none-eabi/lib/thumb/v7e-m+fp/hard\libcr_c.a(memset.o)
 .comment       0x000000be       0x4a c:/nxp/mcuxpressoide_11.6.1_8255/ide/plugins/com.nxp.mcuxpresso.tools.win32_11.6.1.202207200623/tools/bin/../lib/gcc/arm-none-eabi/10.3.1/../../../../arm-none-eabi/lib/thumb/v7e-m+fp/hard\libcr_c.a(errno.o)
 .comment       0x000000be       0x4a c:/nxp/mcuxpressoide_11.6.1_8255/ide/plugins/com.nxp.mcuxpresso.tools.win32_11.6.1.202207200623/tools/bin/../lib/gcc/arm-none-eabi/10.3.1/../../../../arm-none-eabi/lib/thumb/v7e-m+fp/hard\libcr_c.a(_asinacosf.o)
 .comment       0x000000be       0x4a c:/nxp/mcuxpressoide_11.6.1_8255/ide/plugins/com.nxp.mcuxpresso.tools.win32_11.6.1.202207200623/tools/bin/../lib/gcc/arm-none-eabi/10.3.1/../../../../arm-none-eabi/lib/thumb/v7e-m+fp/hard\libcr_c.a(_sincosf.o)
 .comment       0x000000be       0x4a c:/nxp/mcuxpressoide_11.6.1_8255/ide/plugins/com.nxp.mcuxpresso.tools.win32_11.6.1.202207200623/tools/bin/../lib/gcc/arm-none-eabi/10.3.1/thumb/v7e-m+fp/hard\libcr_eabihelpers.a(double.o)
 .comment       0x000000be       0x4a c:/nxp/mcuxpressoide_11.6.1_8255/ide/plugins/com.nxp.mcuxpresso.tools.win32_11.6.1.202207200623/tools/bin/../lib/gcc/arm-none-eabi/10.3.1/thumb/v7e-m+fp/hard\libcr_eabihelpers.a(float.o)

.ARM.attributes
                0x00000000       0x32
 .ARM.attributes
                0x00000000       0x34 ./source/timer/SysTick.o
 .ARM.attributes
                0x00000034       0x34 ./source/timer/timer.o
 .ARM.attributes
                0x00000068       0x34 ./source/buffer/SPI_buffer.o
 .ARM.attributes
                0x0000009c       0x34 ./source/buffer/circular_buffer.o
 .ARM.attributes
                0x000000d0       0x34 ./source/UART/uart.o
 .ARM.attributes
                0x00000104       0x34 ./source/Sistema de Control/MatrixOps.o
 .ARM.attributes
                0x00000138       0x34 ./source/Sistema de Control/SistemaDeControl.o
 .ARM.attributes
                0x0000016c       0x34 ./source/Sensores/MPU6050.o
 .ARM.attributes
                0x000001a0       0x34 ./source/SPI/SPI.o
 .ARM.attributes
                0x000001d4       0x34 ./source/PIT/PIT.o
 .ARM.attributes
                0x00000208       0x34 ./source/MCAL/gpio.o
 .ARM.attributes
                0x0000023c       0x34 ./source/I2Cm/I2Cm.o
 .ARM.attributes
                0x00000270       0x34 ./source/Fusion/FusionAhrs.o
 .ARM.attributes
                0x000002a4       0x34 ./source/Fusion/FusionCompass.o
 .ARM.attributes
                0x000002d8       0x34 ./source/FTM/FTM.o
 .ARM.attributes
                0x0000030c       0x34 ./source/ESCDriver/ESCDriver.o
 .ARM.attributes
                0x00000340       0x34 ./source/ControlPC/ControlPC.o
 .ARM.attributes
                0x00000374       0x34 ./source/Biquad/Biquad.o
 .ARM.attributes
                0x000003a8       0x34 ./source/App.o
 .ARM.attributes
                0x000003dc       0x34 ./SDK/startup/hardware.o
 .ARM.attributes
                0x00000410       0x34 ./SDK/startup/main.o
 .ARM.attributes
                0x00000444       0x34 ./SDK/startup/semihost_hardfault.o
 .ARM.attributes
                0x00000478       0x34 ./SDK/startup/startup_mk64f12.o
 .ARM.attributes
                0x000004ac       0x34 ./SDK/CMSIS/system_MK64F12.o
 .ARM.attributes
                0x000004e0       0x34 C:\Users\sch_b\OneDrive\Documentos\QUADCOPTER\Quadcopter\TPQUAD\SDK\CMSIS\DSP\libarm_cortexM4lf_math.a(arm_sin_f32.o)
 .ARM.attributes
                0x00000514       0x34 C:\Users\sch_b\OneDrive\Documentos\QUADCOPTER\Quadcopter\TPQUAD\SDK\CMSIS\DSP\libarm_cortexM4lf_math.a(arm_cos_f32.o)
 .ARM.attributes
                0x00000548       0x39 C:\Users\sch_b\OneDrive\Documentos\QUADCOPTER\Quadcopter\TPQUAD\SDK\CMSIS\DSP\libarm_cortexM4lf_math.a(arm_common_tables.o)
 .ARM.attributes
                0x00000581       0x34 c:/nxp/mcuxpressoide_11.6.1_8255/ide/plugins/com.nxp.mcuxpresso.tools.win32_11.6.1.202207200623/tools/bin/../lib/gcc/arm-none-eabi/10.3.1/../../../../arm-none-eabi/lib/thumb/v7e-m+fp/hard\libcr_c.a(asinf.o)
 .ARM.attributes
                0x000005b5       0x34 c:/nxp/mcuxpressoide_11.6.1_8255/ide/plugins/com.nxp.mcuxpresso.tools.win32_11.6.1.202207200623/tools/bin/../lib/gcc/arm-none-eabi/10.3.1/../../../../arm-none-eabi/lib/thumb/v7e-m+fp/hard\libcr_c.a(atan2f.o)
 .ARM.attributes
                0x000005e9       0x34 c:/nxp/mcuxpressoide_11.6.1_8255/ide/plugins/com.nxp.mcuxpresso.tools.win32_11.6.1.202207200623/tools/bin/../lib/gcc/arm-none-eabi/10.3.1/../../../../arm-none-eabi/lib/thumb/v7e-m+fp/hard\libcr_c.a(atanf.o)
 .ARM.attributes
                0x0000061d       0x34 c:/nxp/mcuxpressoide_11.6.1_8255/ide/plugins/com.nxp.mcuxpresso.tools.win32_11.6.1.202207200623/tools/bin/../lib/gcc/arm-none-eabi/10.3.1/../../../../arm-none-eabi/lib/thumb/v7e-m+fp/hard\libcr_c.a(cosf.o)
 .ARM.attributes
                0x00000651       0x34 c:/nxp/mcuxpressoide_11.6.1_8255/ide/plugins/com.nxp.mcuxpresso.tools.win32_11.6.1.202207200623/tools/bin/../lib/gcc/arm-none-eabi/10.3.1/../../../../arm-none-eabi/lib/thumb/v7e-m+fp/hard\libcr_c.a(fabsf.o)
 .ARM.attributes
                0x00000685       0x34 c:/nxp/mcuxpressoide_11.6.1_8255/ide/plugins/com.nxp.mcuxpresso.tools.win32_11.6.1.202207200623/tools/bin/../lib/gcc/arm-none-eabi/10.3.1/../../../../arm-none-eabi/lib/thumb/v7e-m+fp/hard\libcr_c.a(sinf.o)
 .ARM.attributes
                0x000006b9       0x20 c:/nxp/mcuxpressoide_11.6.1_8255/ide/plugins/com.nxp.mcuxpresso.tools.win32_11.6.1.202207200623/tools/bin/../lib/gcc/arm-none-eabi/10.3.1/../../../../arm-none-eabi/lib/thumb/v7e-m+fp/hard\libcr_c.a(sqrtf_m4_hardfp.o)
 .ARM.attributes
                0x000006d9       0x34 c:/nxp/mcuxpressoide_11.6.1_8255/ide/plugins/com.nxp.mcuxpresso.tools.win32_11.6.1.202207200623/tools/bin/../lib/gcc/arm-none-eabi/10.3.1/../../../../arm-none-eabi/lib/thumb/v7e-m+fp/hard\libcr_c.a(memcpy.o)
 .ARM.attributes
                0x0000070d       0x34 c:/nxp/mcuxpressoide_11.6.1_8255/ide/plugins/com.nxp.mcuxpresso.tools.win32_11.6.1.202207200623/tools/bin/../lib/gcc/arm-none-eabi/10.3.1/../../../../arm-none-eabi/lib/thumb/v7e-m+fp/hard\libcr_c.a(memset.o)
 .ARM.attributes
                0x00000741       0x34 c:/nxp/mcuxpressoide_11.6.1_8255/ide/plugins/com.nxp.mcuxpresso.tools.win32_11.6.1.202207200623/tools/bin/../lib/gcc/arm-none-eabi/10.3.1/../../../../arm-none-eabi/lib/thumb/v7e-m+fp/hard\libcr_c.a(errno.o)
 .ARM.attributes
                0x00000775       0x34 c:/nxp/mcuxpressoide_11.6.1_8255/ide/plugins/com.nxp.mcuxpresso.tools.win32_11.6.1.202207200623/tools/bin/../lib/gcc/arm-none-eabi/10.3.1/../../../../arm-none-eabi/lib/thumb/v7e-m+fp/hard\libcr_c.a(_asinacosf.o)
 .ARM.attributes
                0x000007a9       0x34 c:/nxp/mcuxpressoide_11.6.1_8255/ide/plugins/com.nxp.mcuxpresso.tools.win32_11.6.1.202207200623/tools/bin/../lib/gcc/arm-none-eabi/10.3.1/../../../../arm-none-eabi/lib/thumb/v7e-m+fp/hard\libcr_c.a(_sincosf.o)
 .ARM.attributes
                0x000007dd       0x20 c:/nxp/mcuxpressoide_11.6.1_8255/ide/plugins/com.nxp.mcuxpresso.tools.win32_11.6.1.202207200623/tools/bin/../lib/gcc/arm-none-eabi/10.3.1/thumb/v7e-m+fp/hard\libcr_eabihelpers.a(division_64.o)
 .ARM.attributes