Archive member included to satisfy reference by file (symbol)

c:/nxp/mcuxpressoide_11.6.1_8255/ide/plugins/com.nxp.mcuxpresso.tools.win32_11.6.1.202207200623/tools/bin/../lib/gcc/arm-none-eabi/10.3.1/../../../../arm-none-eabi/lib/thumb/v7e-m+fp/hard\libcr_c.a(memcpy.o)
                              ./source/matrixOperations.h/matrixOperations.o (memcpy)
c:/nxp/mcuxpressoide_11.6.1_8255/ide/plugins/com.nxp.mcuxpresso.tools.win32_11.6.1.202207200623/tools/bin/../lib/gcc/arm-none-eabi/10.3.1/../../../../arm-none-eabi/lib/thumb/v7e-m+fp/hard\libcr_c.a(cos.o)
                              ./source/Kalman/Kalman.o (cos)
c:/nxp/mcuxpressoide_11.6.1_8255/ide/plugins/com.nxp.mcuxpresso.tools.win32_11.6.1.202207200623/tools/bin/../lib/gcc/arm-none-eabi/10.3.1/../../../../arm-none-eabi/lib/thumb/v7e-m+fp/hard\libcr_c.a(fabs.o)
                              ./source/matrixOperations.h/matrixOperations.o (fabs)
c:/nxp/mcuxpressoide_11.6.1_8255/ide/plugins/com.nxp.mcuxpresso.tools.win32_11.6.1.202207200623/tools/bin/../lib/gcc/arm-none-eabi/10.3.1/../../../../arm-none-eabi/lib/thumb/v7e-m+fp/hard\libcr_c.a(sin.o)
                              ./source/Kalman/Kalman.o (sin)
c:/nxp/mcuxpressoide_11.6.1_8255/ide/plugins/com.nxp.mcuxpresso.tools.win32_11.6.1.202207200623/tools/bin/../lib/gcc/arm-none-eabi/10.3.1/../../../../arm-none-eabi/lib/thumb/v7e-m+fp/hard\libcr_c.a(tan.o)
                              ./source/Kalman/Kalman.o (tan)
c:/nxp/mcuxpressoide_11.6.1_8255/ide/plugins/com.nxp.mcuxpresso.tools.win32_11.6.1.202207200623/tools/bin/../lib/gcc/arm-none-eabi/10.3.1/../../../../arm-none-eabi/lib/thumb/v7e-m+fp/hard\libcr_c.a(_sincos.o)
                              c:/nxp/mcuxpressoide_11.6.1_8255/ide/plugins/com.nxp.mcuxpresso.tools.win32_11.6.1.202207200623/tools/bin/../lib/gcc/arm-none-eabi/10.3.1/../../../../arm-none-eabi/lib/thumb/v7e-m+fp/hard\libcr_c.a(cos.o) (_sincos)
c:/nxp/mcuxpressoide_11.6.1_8255/ide/plugins/com.nxp.mcuxpresso.tools.win32_11.6.1.202207200623/tools/bin/../lib/gcc/arm-none-eabi/10.3.1/../../../../arm-none-eabi/lib/thumb/v7e-m+fp/hard\libcr_c.a(_tancot.o)
                              c:/nxp/mcuxpressoide_11.6.1_8255/ide/plugins/com.nxp.mcuxpresso.tools.win32_11.6.1.202207200623/tools/bin/../lib/gcc/arm-none-eabi/10.3.1/../../../../arm-none-eabi/lib/thumb/v7e-m+fp/hard\libcr_c.a(tan.o) (_tancot)
c:/nxp/mcuxpressoide_11.6.1_8255/ide/plugins/com.nxp.mcuxpresso.tools.win32_11.6.1.202207200623/tools/bin/../lib/gcc/arm-none-eabi/10.3.1/../../../../arm-none-eabi/lib/thumb/v7e-m+fp/hard\libcr_c.a(errno.o)
                              c:/nxp/mcuxpressoide_11.6.1_8255/ide/plugins/com.nxp.mcuxpresso.tools.win32_11.6.1.202207200623/tools/bin/../lib/gcc/arm-none-eabi/10.3.1/../../../../arm-none-eabi/lib/thumb/v7e-m+fp/hard\libcr_c.a(_sincos.o) (errno)
c:/nxp/mcuxpressoide_11.6.1_8255/ide/plugins/com.nxp.mcuxpresso.tools.win32_11.6.1.202207200623/tools/bin/../lib/gcc/arm-none-eabi/10.3.1/thumb/v7e-m+fp/hard\libcr_eabihelpers.a(division_64.o)
                              ./source/FTM/FTM.o (__aeabi_uldivmod)
c:/nxp/mcuxpressoide_11.6.1_8255/ide/plugins/com.nxp.mcuxpresso.tools.win32_11.6.1.202207200623/tools/bin/../lib/gcc/arm-none-eabi/10.3.1/thumb/v7e-m+fp/hard\libcr_eabihelpers.a(division_idiv0.o)
                              c:/nxp/mcuxpressoide_11.6.1_8255/ide/plugins/com.nxp.mcuxpresso.tools.win32_11.6.1.202207200623/tools/bin/../lib/gcc/arm-none-eabi/10.3.1/thumb/v7e-m+fp/hard\libcr_eabihelpers.a(division_64.o) (__aeabi_idiv0)
c:/nxp/mcuxpressoide_11.6.1_8255/ide/plugins/com.nxp.mcuxpresso.tools.win32_11.6.1.202207200623/tools/bin/../lib/gcc/arm-none-eabi/10.3.1/thumb/v7e-m+fp/hard\libcr_eabihelpers.a(double.o)
                              ./source/matrixOperations.h/matrixOperations.o (__aeabi_dmul)
c:/nxp/mcuxpressoide_11.6.1_8255/ide/plugins/com.nxp.mcuxpresso.tools.win32_11.6.1.202207200623/tools/bin/../lib/gcc/arm-none-eabi/10.3.1/thumb/v7e-m+fp/hard\libcr_eabihelpers.a(memcpy.o)
                              c:/nxp/mcuxpressoide_11.6.1_8255/ide/plugins/com.nxp.mcuxpresso.tools.win32_11.6.1.202207200623/tools/bin/../lib/gcc/arm-none-eabi/10.3.1/../../../../arm-none-eabi/lib/thumb/v7e-m+fp/hard\libcr_c.a(memcpy.o) (__aeabi_memcpy)

Discarded input sections

 .group         0x00000000        0xc ./source/timer/SysTick.o
 .group         0x00000000        0xc ./source/timer/SysTick.o
 .group         0x00000000        0xc ./source/timer/SysTick.o
 .group         0x00000000        0xc ./source/timer/SysTick.o
 .group         0x00000000        0xc ./source/timer/SysTick.o
 .group         0x00000000        0xc ./source/timer/SysTick.o
 .group         0x00000000        0xc ./source/timer/SysTick.o
 .group         0x00000000        0xc ./source/timer/SysTick.o
 .group         0x00000000        0xc ./source/timer/SysTick.o
 .group         0x00000000        0xc ./source/timer/SysTick.o
 .group         0x00000000        0xc ./source/timer/SysTick.o
[...]
Memory Configuration

Name             Origin             Length             Attributes
PROGRAM_FLASH    0x00000000         0x00100000         xr
SRAM_UPPER       0x20000000         0x00030000         xrw
SRAM_LOWER       0x1fff0000         0x00010000         xrw
FLEX_RAM         0x14000000         0x00001000         xrw
*default*        0x00000000         0xffffffff

Linker script and memory map

LOAD ./source/timer/SysTick.o
LOAD ./source/timer/timer.o
LOAD ./source/matrixOperations.h/matrixOperations.o
LOAD ./source/event_queue/event_queue.o
LOAD ./source/buffer/SPI_buffer.o
LOAD ./source/buffer/circular_buffer.o
LOAD ./source/buffer/circular_buffer_16.o
LOAD ./source/buffer/generic_circular_buffer.o
LOAD ./source/UART/uart.o
LOAD ./source/SPI/SPI.o
LOAD ./source/SBUS/SBUS.o
LOAD ./source/PIT/PIT.o
LOAD ./source/MPU9250/MPU9250.o
LOAD ./source/MPU9250/MPU9250_SPI.o
LOAD ./source/MCAL/gpio.o
LOAD ./source/Kalman/Kalman.o
LOAD ./source/I2Cm/I2Cm.o
LOAD ./source/FastGyro/FastGyroTest.o
LOAD ./source/FTM/FTM.o
LOAD ./source/CMP/CMP.o
LOAD ./source/CAN/CAN.o
LOAD ./source/ADC/ADC.o
LOAD ./source/ADC/ADC_hal.o
LOAD ./SDK/startup/hardware.o
LOAD ./SDK/startup/main.o
LOAD ./SDK/startup/semihost_hardfault.o
LOAD ./SDK/startup/startup_mk64f12.o
LOAD ./SDK/CMSIS/system_MK64F12.o
START GROUP
LOAD c:/nxp/mcuxpressoide_11.6.1_8255/ide/plugins/com.nxp.mcuxpresso.tools.win32_11.6.1.202207200623/tools/bin/../lib/gcc/arm-none-eabi/10.3.1/../../../../arm-none-eabi/lib/thumb/v7e-m+fp/hard\libcr_semihost_nf.a
LOAD c:/nxp/mcuxpressoide_11.6.1_8255/ide/plugins/com.nxp.mcuxpresso.tools.win32_11.6.1.202207200623/tools/bin/../lib/gcc/arm-none-eabi/10.3.1/../../../../arm-none-eabi/lib/thumb/v7e-m+fp/hard\libcr_c.a
LOAD c:/nxp/mcuxpressoide_11.6.1_8255/ide/plugins/com.nxp.mcuxpresso.tools.win32_11.6.1.202207200623/tools/bin/../lib/gcc/arm-none-eabi/10.3.1/thumb/v7e-m+fp/hard\libcr_eabihelpers.a
LOAD c:/nxp/mcuxpressoide_11.6.1_8255/ide/plugins/com.nxp.mcuxpresso.tools.win32_11.6.1.202207200623/tools/bin/../lib/gcc/arm-none-eabi/10.3.1/thumb/v7e-m+fp/hard\libgcc.a
END GROUP
                0x00000000                __base_PROGRAM_FLASH = 0x0
                0x00000000                __base_Flash = 0x0
                0x00100000                __top_PROGRAM_FLASH = 0x100000
                0x00100000                __top_Flash = 0x100000
                0x20000000                __base_SRAM_UPPER = 0x20000000
                0x20000000                __base_RAM = 0x20000000
                0x20030000                __top_SRAM_UPPER = 0x20030000
                0x20030000                __top_RAM = 0x20030000
                0x1fff0000                __base_SRAM_LOWER = 0x1fff0000
                0x1fff0000                __base_RAM2 = 0x1fff0000
                0x20000000                __top_SRAM_LOWER = 0x20000000
                0x20000000                __top_RAM2 = 0x20000000
                0x14000000                __base_FLEX_RAM = 0x14000000
                0x14000000                __base_RAM3 = 0x14000000
                0x14001000                __top_FLEX_RAM = 0x14001000
                0x14001000                __top_RAM3 = 0x14001000

.text           0x00000000     0x2338
 FILL mask 0xff
                0x00000000                __vectors_start__ = ABSOLUTE (.)
 *(SORT_BY_ALIGNMENT(.isr_vector))
 .isr_vector    0x00000000      0x198 ./SDK/startup/startup_mk64f12.o
                0x00000000                g_pfnVectors
                0x00000000                __Vectors
                0x00000198                . = ALIGN (0x4)
                0x00000198                __section_table_start = .
                0x00000198                __data_section_table = .
                0x00000198        0x4 LONG 0x2338 LOADADDR (.data)
                0x0000019c        0x4 LONG 0x20000000 ADDR (.data)
                0x000001a0        0x4 LONG 0x10 SIZEOF (.data)
                0x000001a4        0x4 LONG 0x2338 LOADADDR (.data_RAM2)
                0x000001a8        0x4 LONG 0x1fff0000 ADDR (.data_RAM2)
                0x000001ac        0x4 LONG 0x0 SIZEOF (.data_RAM2)
                0x000001b0        0x4 LONG 0x2338 LOADADDR (.data_RAM3)
                0x000001b4        0x4 LONG 0x14000000 ADDR (.data_RAM3)
                0x000001b8        0x4 LONG 0x0 SIZEOF (.data_RAM3)
                0x000001bc                __data_section_table_end = .
                0x000001bc                __bss_section_table = .
                0x000001bc        0x4 LONG 0x20000010 ADDR (.bss)
                0x000001c0        0x4 LONG 0x1158 SIZEOF (.bss)
                0x000001c4        0x4 LONG 0x1fff0000 ADDR (.bss_RAM2)
                0x000001c8        0x4 LONG 0x0 SIZEOF (.bss_RAM2)
                0x000001cc        0x4 LONG 0x14000000 ADDR (.bss_RAM3)
                0x000001d0        0x4 LONG 0x0 SIZEOF (.bss_RAM3)
                0x000001d4                __bss_section_table_end = .
                0x000001d4                __section_table_end = .
 *(SORT_BY_ALIGNMENT(.after_vectors*))
 .after_vectors.reset
                0x000001d4       0x4c ./SDK/startup/startup_mk64f12.o
                0x000001d4                ResetISR
 .after_vectors.init_data
                0x00000220       0x1e ./SDK/startup/startup_mk64f12.o
                0x00000220                data_init
 .after_vectors.init_bss
                0x0000023e       0x12 ./SDK/startup/startup_mk64f12.o
                0x0000023e                bss_init
 .after_vectors
                0x00000250       0x14 ./SDK/startup/startup_mk64f12.o
                0x00000250                NMI_Handler
                0x00000254                MemManage_Handler
                0x00000256                BusFault_Handler
                0x00000258                UsageFault_Handler
                0x0000025a                SVC_Handler
                0x0000025c                DebugMon_Handler
                0x0000025e                PendSV_Handler
                0x00000262                DMA_Error_DriverIRQHandler
                0x00000262                LPTMR0_DriverIRQHandler
                0x00000262                FTM1_DriverIRQHandler
                0x00000262                FTM2_DriverIRQHandler
                0x00000262                PIT2_DriverIRQHandler
                0x00000262                SDHC_DriverIRQHandler
                0x00000262                I2S0_Tx_DriverIRQHandler
                0x00000262                RTC_Seconds_DriverIRQHandler
                0x00000262                DMA6_DriverIRQHandler
                0x00000262                LLWU_DriverIRQHandler
                0x00000262                MCM_DriverIRQHandler
                0x00000262                MCG_DriverIRQHandler
                0x00000262                ENET_1588_Timer_DriverIRQHandler
                0x00000262                I2C2_DriverIRQHandler
                0x00000262                DAC1_DriverIRQHandler
                0x00000262                SPI1_DriverIRQHandler
                0x00000262                CMP1_DriverIRQHandler
                0x00000262                UART5_RX_TX_DriverIRQHandler
                0x00000262                FTM0_DriverIRQHandler
                0x00000262                IntDefaultHandler
                0x00000262                USB0_DriverIRQHandler
                0x00000262                UART5_ERR_DriverIRQHandler
                0x00000262                PORTC_DriverIRQHandler
                0x00000262                DMA11_DriverIRQHandler
                0x00000262                DAC0_DriverIRQHandler
                0x00000262                DMA10_DriverIRQHandler
                0x00000262                CMP2_DriverIRQHandler
                0x00000262                UART2_ERR_DriverIRQHandler
                0x00000262                SPI2_DriverIRQHandler
                0x00000262                LVD_LVW_DriverIRQHandler
                0x00000262                PIT0_DriverIRQHandler
                0x00000262                RNG_DriverIRQHandler
                0x00000262                DMA5_DriverIRQHandler
                0x00000262                DMA12_DriverIRQHandler
                0x00000262                UART2_RX_TX_DriverIRQHandler
                0x00000262                USBDCD_DriverIRQHandler
                0x00000262                UART3_ERR_DriverIRQHandler
                0x00000262                DMA3_DriverIRQHandler
                0x00000262                DMA8_DriverIRQHandler
                0x00000262                DMA9_DriverIRQHandler
                0x00000262                UART0_ERR_DriverIRQHandler
                0x00000262                CMT_DriverIRQHandler
                0x00000262                Reserved71_DriverIRQHandler
                0x00000262                ADC1_DriverIRQHandler
                0x00000262                PORTA_DriverIRQHandler
                0x00000262                DMA14_DriverIRQHandler
                0x00000262                PIT3_DriverIRQHandler
                0x00000262                PIT1_DriverIRQHandler
                0x00000262                WDOG_EWM_DriverIRQHandler
                0x00000262                PDB0_DriverIRQHandler
                0x00000262                RTC_DriverIRQHandler
                0x00000262                I2S0_Rx_DriverIRQHandler
                0x00000262                Read_Collision_DriverIRQHandler
                0x00000262                SWI_DriverIRQHandler
                0x00000262                UART4_RX_TX_DriverIRQHandler
                0x00000262                UART4_ERR_DriverIRQHandler
                0x00000262                PORTB_DriverIRQHandler
                0x00000262                UART0_LON_DriverIRQHandler
                0x00000262                DMA0_DriverIRQHandler
                0x00000262                DMA1_DriverIRQHandler
                0x00000262                I2C1_DriverIRQHandler
                0x00000262                UART3_RX_TX_DriverIRQHandler
                0x00000262                ENET_Receive_DriverIRQHandler
                0x00000262                DMA13_DriverIRQHandler
                0x00000262                ENET_Error_DriverIRQHandler
                0x00000262                DMA15_DriverIRQHandler
                0x00000262                UART0_RX_TX_DriverIRQHandler
                0x00000262                SPI0_DriverIRQHandler
                0x00000262                ADC0_DriverIRQHandler
                0x00000262                CMP0_DriverIRQHandler
                0x00000262                CAN0_DriverIRQHandler
                0x00000262                FTM3_DriverIRQHandler
                0x00000262                DMA4_DriverIRQHandler
                0x00000262                UART1_ERR_DriverIRQHandler
                0x00000262                DMA2_DriverIRQHandler
                0x00000262                ENET_Transmit_DriverIRQHandler
                0x00000262                PORTD_DriverIRQHandler
                0x00000262                PORTE_DriverIRQHandler
                0x00000262                FTFE_DriverIRQHandler
                0x00000262                I2C0_DriverIRQHandler
                0x00000262                DMA7_DriverIRQHandler
                0x00000262                UART1_RX_TX_DriverIRQHandler
                0x00000400                . = 0x400
 *fill*         0x00000264      0x19c ff
                0x00000400                PROVIDE (__FLASH_CONFIG_START__ = .)
 *(SORT_BY_ALIGNMENT(.FlashConfig))
 .FlashConfig   0x00000400       0x10 ./SDK/startup/startup_mk64f12.o
                0x00000400                Flash_Config
                0x00000410                PROVIDE (__FLASH_CONFIG_END__ = .)
                0x00000001                ASSERT (! ((__FLASH_CONFIG_START__ == __FLASH_CONFIG_END__)), Linker Flash Config Support Enabled, but no .FlashConfig section provided within application)
 *(SORT_BY_ALIGNMENT(.text*))
 .text.SysTick_Handler
                0x00000410       0x24 ./source/timer/SysTick.o
                0x00000410                SysTick_Handler
 .text.timerStart
                0x00000434       0xb8 ./source/timer/timer.o
                0x00000434                timerStart
 .text.timerExpired
                0x000004ec       0x54 ./source/timer/timer.o
                0x000004ec                timerExpired
 .text.SPIBgetPckg
                0x00000540       0x84 ./source/buffer/SPI_buffer.o
                0x00000540                SPIBgetPckg
 .text.UART_Rx_Tx_IRQ
                0x000005c4       0xd0 ./source/UART/uart.o
 .text.SPI0_IRQHandler
                0x00000694      0x14c ./source/SPI/SPI.o
                0x00000694                SPI0_IRQHandler
 .text.UART_SBUS_IRQ
                0x000007e0      0x178 ./source/SBUS/SBUS.o
 .text.PIT0_IRQHandler
                0x00000958       0x40 ./source/PIT/PIT.o
                0x00000958                PIT0_IRQHandler
 .text.PIT1_IRQHandler
                0x00000998       0x30 ./source/PIT/PIT.o
                0x00000998                PIT1_IRQHandler
 .text.PIT2_IRQHandler
                0x000009c8       0x30 ./source/PIT/PIT.o
                0x000009c8                PIT2_IRQHandler
 .text.PIT3_IRQHandler
                0x000009f8       0x30 ./source/PIT/PIT.o
                0x000009f8                PIT3_IRQHandler
 .text.initMPU9250
                0x00000a28      0x3a4 ./source/MPU9250/MPU9250.o
                0x00000a28                initMPU9250
 .text.whoAmI   0x00000dcc       0x58 ./source/MPU9250/MPU9250.o
                0x00000dcc                whoAmI
 .text.gpioMode
                0x00000e24      0x174 ./source/MCAL/gpio.o
                0x00000e24                gpioMode
 .text.gpioWrite
                0x00000f98       0x68 ./source/MCAL/gpio.o
                0x00000f98                gpioWrite
 .text.PORTA_IRQHandler
                0x00001000       0x64 ./source/MCAL/gpio.o
                0x00001000                PORTA_IRQHandler
 .text.PORTB_IRQHandler
                0x00001064       0x64 ./source/MCAL/gpio.o
                0x00001064                PORTB_IRQHandler
 .text.PORTC_IRQHandler
                0x000010c8       0x64 ./source/MCAL/gpio.o
                0x000010c8                PORTC_IRQHandler
 .text.PORTD_IRQHandler
                0x0000112c       0x64 ./source/MCAL/gpio.o
                0x0000112c                PORTD_IRQHandler
 .text.PORTE_IRQHandler
                0x00001190       0x64 ./source/MCAL/gpio.o
                0x00001190                PORTE_IRQHandler
 .text.__NVIC_EnableIRQ
                0x000011f4       0x3c ./source/I2Cm/I2Cm.o
 .text.I2CmInit
                0x00001230       0xf0 ./source/I2Cm/I2Cm.o
                0x00001230                I2CmInit
 .text.I2CmStartTransaction
                0x00001320      0x248 ./source/I2Cm/I2Cm.o
                0x00001320                I2CmStartTransaction
 .text.isI2CBusy
                0x00001568       0x68 ./source/I2Cm/I2Cm.o
                0x00001568                isI2CBusy
 .text.I2C0_IRQHandler
                0x000015d0      0x2cc ./source/I2Cm/I2Cm.o
                0x000015d0                I2C0_IRQHandler
 .text.FTM0_IRQHandler
                0x0000189c       0x9c ./source/FTM/FTM.o
                0x0000189c                FTM0_IRQHandler
 .text.FTM1_IRQHandler
                0x00001938       0xa4 ./source/FTM/FTM.o
                0x00001938                FTM1_IRQHandler
 .text.hw_Init  0x000019dc      0x108 ./SDK/startup/hardware.o
                0x000019dc                hw_Init
 .text.hw_EnableInterrupts
                0x00001ae4       0x30 ./SDK/startup/hardware.o
                0x00001ae4                hw_EnableInterrupts
 .text.hw_DisableInterrupts
                0x00001b14       0x20 ./SDK/startup/hardware.o
                0x00001b14                hw_DisableInterrupts
 .text.SystemInit
                0x00001b34       0x3c ./SDK/CMSIS/system_MK64F12.o
                0x00001b34                SystemInit
 .text.timerDelay
                0x00001b70       0x32 ./source/timer/timer.o
                0x00001b70                timerDelay
 .text.getCircularPointer
                0x00001ba2       0x1e ./source/buffer/SPI_buffer.o
 .text.SPIBisEmpty
                0x00001bc0       0x2a ./source/buffer/SPI_buffer.o
                0x00001bc0                SPIBisEmpty
 .text.getCircularPointer
                0x00001bea       0x2c ./source/buffer/circular_buffer.o
 .text.CBisEmpty
                0x00001c16       0x2a ./source/buffer/circular_buffer.o
                0x00001c16                CBisEmpty
 .text.CBputByte
                0x00001c40       0x8e ./source/buffer/circular_buffer.o
                0x00001c40                CBputByte
 .text.CBgetByte
                0x00001cce       0x62 ./source/buffer/circular_buffer.o
                0x00001cce                CBgetByte
 .text.CBreset  0x00001d30       0x3e ./source/buffer/circular_buffer.o
                0x00001d30                CBreset
 .text.UART0_RX_TX_IRQHandler
                0x00001d6e       0x2e ./source/UART/uart.o
                0x00001d6e                UART0_RX_TX_IRQHandler
 .text.UART2_RX_TX_IRQHandler
                0x00001d9c       0x2e ./source/UART/uart.o
                0x00001d9c                UART2_RX_TX_IRQHandler
 .text.UART3_RX_TX_IRQHandler
                0x00001dca       0x2e ./source/UART/uart.o
                0x00001dca                UART3_RX_TX_IRQHandler
 .text.UART4_RX_TX_IRQHandler
                0x00001df8       0x2e ./source/UART/uart.o
                0x00001df8                UART4_RX_TX_IRQHandler
 .text.UART1_RX_TX_IRQHandler
                0x00001e26       0x1c ./source/SBUS/SBUS.o
                0x00001e26                UART1_RX_TX_IRQHandler
 .text.App_Init
                0x00001e42        0xe ./source/FastGyro/FastGyroTest.o
                0x00001e42                App_Init
 .text.App_Run  0x00001e50       0x1a ./source/FastGyro/FastGyroTest.o
                0x00001e50                App_Run
 .text.main     0x00001e6a       0x1a ./SDK/startup/main.o
                0x00001e6a                main
 .text.HardFault_Handler
                0x00001e84       0x2c ./SDK/startup/semihost_hardfault.o
                0x00001e84                HardFault_Handler
 .text.DMA0_IRQHandler
                0x00001eb0        0x8 ./SDK/startup/startup_mk64f12.o
                0x00001eb0                DMA0_IRQHandler
 .text.DMA1_IRQHandler
                0x00001eb8        0x8 ./SDK/startup/startup_mk64f12.o
                0x00001eb8                DMA1_IRQHandler
 .text.DMA2_IRQHandler
                0x00001ec0        0x8 ./SDK/startup/startup_mk64f12.o
                0x00001ec0                DMA2_IRQHandler
 .text.DMA3_IRQHandler
                0x00001ec8        0x8 ./SDK/startup/startup_mk64f12.o
                0x00001ec8                DMA3_IRQHandler
 .text.DMA4_IRQHandler
                0x00001ed0        0x8 ./SDK/startup/startup_mk64f12.o
                0x00001ed0                DMA4_IRQHandler
 .text.DMA5_IRQHandler
                0x00001ed8        0x8 ./SDK/startup/startup_mk64f12.o
                0x00001ed8                DMA5_IRQHandler
 .text.DMA6_IRQHandler
                0x00001ee0        0x8 ./SDK/startup/startup_mk64f12.o
                0x00001ee0                DMA6_IRQHandler
 .text.DMA7_IRQHandler
                0x00001ee8        0x8 ./SDK/startup/startup_mk64f12.o
                0x00001ee8                DMA7_IRQHandler
 .text.DMA8_IRQHandler
                0x00001ef0        0x8 ./SDK/startup/startup_mk64f12.o
                0x00001ef0                DMA8_IRQHandler
 .text.DMA9_IRQHandler
                0x00001ef8        0x8 ./SDK/startup/startup_mk64f12.o
                0x00001ef8                DMA9_IRQHandler
 .text.DMA10_IRQHandler
                0x00001f00        0x8 ./SDK/startup/startup_mk64f12.o
                0x00001f00                DMA10_IRQHandler
 .text.DMA11_IRQHandler
                0x00001f08        0x8 ./SDK/startup/startup_mk64f12.o
                0x00001f08                DMA11_IRQHandler
 .text.DMA12_IRQHandler
                0x00001f10        0x8 ./SDK/startup/startup_mk64f12.o
                0x00001f10                DMA12_IRQHandler
 .text.DMA13_IRQHandler
                0x00001f18        0x8 ./SDK/startup/startup_mk64f12.o
                0x00001f18                DMA13_IRQHandler
 .text.DMA14_IRQHandler
                0x00001f20        0x8 ./SDK/startup/startup_mk64f12.o
                0x00001f20                DMA14_IRQHandler
 .text.DMA15_IRQHandler
                0x00001f28        0x8 ./SDK/startup/startup_mk64f12.o
                0x00001f28                DMA15_IRQHandler
 .text.DMA_Error_IRQHandler
                0x00001f30        0x8 ./SDK/startup/startup_mk64f12.o
                0x00001f30                DMA_Error_IRQHandler
 .text.MCM_IRQHandler
                0x00001f38        0x8 ./SDK/startup/startup_mk64f12.o
                0x00001f38                MCM_IRQHandler
 .text.FTFE_IRQHandler
                0x00001f40        0x8 ./SDK/startup/startup_mk64f12.o
                0x00001f40                FTFE_IRQHandler
 .text.Read_Collision_IRQHandler
                0x00001f48        0x8 ./SDK/startup/startup_mk64f12.o
                0x00001f48                Read_Collision_IRQHandler
 .text.LVD_LVW_IRQHandler
                0x00001f50        0x8 ./SDK/startup/startup_mk64f12.o
                0x00001f50                LVD_LVW_IRQHandler
 .text.LLWU_IRQHandler
                0x00001f58        0x8 ./SDK/startup/startup_mk64f12.o
                0x00001f58                LLWU_IRQHandler
 .text.WDOG_EWM_IRQHandler
                0x00001f60        0x8 ./SDK/startup/startup_mk64f12.o
                0x00001f60                WDOG_EWM_IRQHandler
 .text.RNG_IRQHandler
                0x00001f68        0x8 ./SDK/startup/startup_mk64f12.o
                0x00001f68                RNG_IRQHandler
 .text.I2C1_IRQHandler
                0x00001f70        0x8 ./SDK/startup/startup_mk64f12.o
                0x00001f70                I2C1_IRQHandler
 .text.SPI1_IRQHandler
                0x00001f78        0x8 ./SDK/startup/startup_mk64f12.o
                0x00001f78                SPI1_IRQHandler
 .text.I2S0_Tx_IRQHandler
                0x00001f80        0x8 ./SDK/startup/startup_mk64f12.o
                0x00001f80                I2S0_Tx_IRQHandler
 .text.I2S0_Rx_IRQHandler
                0x00001f88        0x8 ./SDK/startup/startup_mk64f12.o
                0x00001f88                I2S0_Rx_IRQHandler
 .text.UART0_LON_IRQHandler
                0x00001f90        0x8 ./SDK/startup/startup_mk64f12.o
                0x00001f90                UART0_LON_IRQHandler
 .text.UART0_ERR_IRQHandler
                0x00001f98        0x8 ./SDK/startup/startup_mk64f12.o
                0x00001f98                UART0_ERR_IRQHandler
 .text.UART1_ERR_IRQHandler
                0x00001fa0        0x8 ./SDK/startup/startup_mk64f12.o
                0x00001fa0                UART1_ERR_IRQHandler
 .text.UART2_ERR_IRQHandler
                0x00001fa8        0x8 ./SDK/startup/startup_mk64f12.o
                0x00001fa8                UART2_ERR_IRQHandler
 .text.UART3_ERR_IRQHandler
                0x00001fb0        0x8 ./SDK/startup/startup_mk64f12.o
                0x00001fb0                UART3_ERR_IRQHandler
 .text.ADC0_IRQHandler
                0x00001fb8        0x8 ./SDK/startup/startup_mk64f12.o
                0x00001fb8                ADC0_IRQHandler
 .text.CMP0_IRQHandler
                0x00001fc0        0x8 ./SDK/startup/startup_mk64f12.o
                0x00001fc0                CMP0_IRQHandler
 .text.CMP1_IRQHandler
                0x00001fc8        0x8 ./SDK/startup/startup_mk64f12.o
                0x00001fc8                CMP1_IRQHandler
 .text.FTM2_IRQHandler
                0x00001fd0        0x8 ./SDK/startup/startup_mk64f12.o
                0x00001fd0                FTM2_IRQHandler
 .text.CMT_IRQHandler
                0x00001fd8        0x8 ./SDK/startup/startup_mk64f12.o
                0x00001fd8                CMT_IRQHandler
 .text.RTC_IRQHandler
                0x00001fe0        0x8 ./SDK/startup/startup_mk64f12.o
                0x00001fe0                RTC_IRQHandler
 .text.RTC_Seconds_IRQHandler
                0x00001fe8        0x8 ./SDK/startup/startup_mk64f12.o
                0x00001fe8                RTC_Seconds_IRQHandler
 .text.PDB0_IRQHandler
                0x00001ff0        0x8 ./SDK/startup/startup_mk64f12.o
                0x00001ff0                PDB0_IRQHandler
 .text.USB0_IRQHandler
                0x00001ff8        0x8 ./SDK/startup/startup_mk64f12.o
                0x00001ff8                USB0_IRQHandler
 .text.USBDCD_IRQHandler
                0x00002000        0x8 ./SDK/startup/startup_mk64f12.o
                0x00002000                USBDCD_IRQHandler
 .text.Reserved71_IRQHandler
                0x00002008        0x8 ./SDK/startup/startup_mk64f12.o
                0x00002008                Reserved71_IRQHandler
 .text.DAC0_IRQHandler
                0x00002010        0x8 ./SDK/startup/startup_mk64f12.o
                0x00002010                DAC0_IRQHandler
 .text.MCG_IRQHandler
                0x00002018        0x8 ./SDK/startup/startup_mk64f12.o
                0x00002018                MCG_IRQHandler
 .text.LPTMR0_IRQHandler
                0x00002020        0x8 ./SDK/startup/startup_mk64f12.o
                0x00002020                LPTMR0_IRQHandler
 .text.SWI_IRQHandler
                0x00002028        0x8 ./SDK/startup/startup_mk64f12.o
                0x00002028                SWI_IRQHandler
 .text.SPI2_IRQHandler
                0x00002030        0x8 ./SDK/startup/startup_mk64f12.o
                0x00002030                SPI2_IRQHandler
 .text.UART4_ERR_IRQHandler
                0x00002038        0x8 ./SDK/startup/startup_mk64f12.o
                0x00002038                UART4_ERR_IRQHandler
 .text.UART5_RX_TX_IRQHandler
                0x00002040        0x8 ./SDK/startup/startup_mk64f12.o
                0x00002040                UART5_RX_TX_IRQHandler
 .text.UART5_ERR_IRQHandler
                0x00002048        0x8 ./SDK/startup/startup_mk64f12.o
                0x00002048                UART5_ERR_IRQHandler
 .text.CMP2_IRQHandler
                0x00002050        0x8 ./SDK/startup/startup_mk64f12.o
                0x00002050                CMP2_IRQHandler
 .text.FTM3_IRQHandler
                0x00002058        0x8 ./SDK/startup/startup_mk64f12.o
                0x00002058                FTM3_IRQHandler
 .text.DAC1_IRQHandler
                0x00002060        0x8 ./SDK/startup/startup_mk64f12.o
                0x00002060                DAC1_IRQHandler
 .text.ADC1_IRQHandler
                0x00002068        0x8 ./SDK/startup/startup_mk64f12.o
                0x00002068                ADC1_IRQHandler
 .text.I2C2_IRQHandler
                0x00002070        0x8 ./SDK/startup/startup_mk64f12.o
                0x00002070                I2C2_IRQHandler
 .text.CAN0_ORed_Message_buffer_IRQHandler
                0x00002078        0x8 ./SDK/startup/startup_mk64f12.o
                0x00002078                CAN0_ORed_Message_buffer_IRQHandler
 .text.CAN0_Bus_Off_IRQHandler
                0x00002080        0x8 ./SDK/startup/startup_mk64f12.o
                0x00002080                CAN0_Bus_Off_IRQHandler
 .text.CAN0_Error_IRQHandler
                0x00002088        0x8 ./SDK/startup/startup_mk64f12.o
                0x00002088                CAN0_Error_IRQHandler
 .text.CAN0_Tx_Warning_IRQHandler
                0x00002090        0x8 ./SDK/startup/startup_mk64f12.o
                0x00002090                CAN0_Tx_Warning_IRQHandler
 .text.CAN0_Rx_Warning_IRQHandler
                0x00002098        0x8 ./SDK/startup/startup_mk64f12.o
                0x00002098                CAN0_Rx_Warning_IRQHandler
 .text.CAN0_Wake_Up_IRQHandler
                0x000020a0        0x8 ./SDK/startup/startup_mk64f12.o
                0x000020a0                CAN0_Wake_Up_IRQHandler
 .text.SDHC_IRQHandler
                0x000020a8        0x8 ./SDK/startup/startup_mk64f12.o
                0x000020a8                SDHC_IRQHandler
 .text.ENET_1588_Timer_IRQHandler
                0x000020b0        0x8 ./SDK/startup/startup_mk64f12.o
                0x000020b0                ENET_1588_Timer_IRQHandler
 .text.ENET_Transmit_IRQHandler
                0x000020b8        0x8 ./SDK/startup/startup_mk64f12.o
                0x000020b8                ENET_Transmit_IRQHandler
 .text.ENET_Receive_IRQHandler
                0x000020c0        0x8 ./SDK/startup/startup_mk64f12.o
                0x000020c0                ENET_Receive_IRQHandler
 .text.ENET_Error_IRQHandler
                0x000020c8        0x8 ./SDK/startup/startup_mk64f12.o
                0x000020c8                ENET_Error_IRQHandler
 .text.SystemInitHook
                0x000020d0        0xe ./SDK/CMSIS/system_MK64F12.o
                0x000020d0                SystemInitHook
 .text.memcpy   0x000020de        0x4 c:/nxp/mcuxpressoide_11.6.1_8255/ide/plugins/com.nxp.mcuxpresso.tools.win32_11.6.1.202207200623/tools/bin/../lib/gcc/arm-none-eabi/10.3.1/../../../../arm-none-eabi/lib/thumb/v7e-m+fp/hard\libcr_c.a(memcpy.o)
                0x000020de                memcpy
 .text.__aeabi_division_uldivmod
                0x000020e2      0x174 c:/nxp/mcuxpressoide_11.6.1_8255/ide/plugins/com.nxp.mcuxpresso.tools.win32_11.6.1.202207200623/tools/bin/../lib/gcc/arm-none-eabi/10.3.1/thumb/v7e-m+fp/hard\libcr_eabihelpers.a(division_64.o)
                0x000020e2                __aeabi_uldivmod
                0x000020e6                __bhs_ldivmod1
 .text.__aeabi_division_idiv0
                0x00002256        0x2 c:/nxp/mcuxpressoide_11.6.1_8255/ide/plugins/com.nxp.mcuxpresso.tools.win32_11.6.1.202207200623/tools/bin/../lib/gcc/arm-none-eabi/10.3.1/thumb/v7e-m+fp/hard\libcr_eabihelpers.a(division_idiv0.o)
                0x00002256                __aeabi_idiv0
 .text.__aeabi_memcpy
                0x00002258       0x34 c:/nxp/mcuxpressoide_11.6.1_8255/ide/plugins/com.nxp.mcuxpresso.tools.win32_11.6.1.202207200623/tools/bin/../lib/gcc/arm-none-eabi/10.3.1/thumb/v7e-m+fp/hard\libcr_eabihelpers.a(memcpy.o)
                0x00002258                __aeabi_memcpy
                0x00002262                __aeabi_memcpy8
                0x00002262                __aeabi_memcpy4
 *(SORT_BY_ALIGNMENT(.rodata) SORT_BY_ALIGNMENT(.rodata.*) SORT_BY_ALIGNMENT(.constdata) SORT_BY_ALIGNMENT(.constdata.*))
 .rodata.UARTPorts
                0x0000228c       0x18 ./source/UART/uart.o
 .rodata.gpioPtr
                0x000022a4       0x14 ./source/MCAL/gpio.o
 .rodata.portPtr
                0x000022b8       0x14 ./source/MCAL/gpio.o
 .rodata.SIMPortMasks
                0x000022cc       0x14 ./source/MCAL/gpio.o
 .rodata.I2CPtrs
                0x000022e0        0xc ./source/I2Cm/I2Cm.o
 .rodata.I2CIRQs
                0x000022ec        0x3 ./source/I2Cm/I2Cm.o
 *fill*         0x000022ef        0x1 ff
 .rodata.portPtr
                0x000022f0       0x14 ./source/I2Cm/I2Cm.o
 .rodata.I2CPinPorts
                0x00002304        0x4 ./source/I2Cm/I2Cm.o
 .rodata.I2CPinPinsSCL
                0x00002308        0x4 ./source/I2Cm/I2Cm.o
 .rodata.I2CPinPinsSDA
                0x0000230c        0x4 ./source/I2Cm/I2Cm.o
 .rodata.I2CPinAlts
                0x00002310        0x4 ./source/I2Cm/I2Cm.o
 .rodata.I2CClkSimPtr
                0x00002314       0x10 ./source/I2Cm/I2Cm.o
 .rodata.I2CClkSimMask
                0x00002324       0x10 ./source/I2Cm/I2Cm.o
                0x00002338                . = ALIGN (0x8)
 *fill*         0x00002334        0x4 ff
                0x00002338                _etext = .

.glue_7         0x00002338        0x0
 .glue_7        0x00002338        0x0 linker stubs

.glue_7t        0x00002338        0x0
 .glue_7t       0x00002338        0x0 linker stubs

.vfp11_veneer   0x00002338        0x0
 .vfp11_veneer  0x00002338        0x0 linker stubs

.v4_bx          0x00002338        0x0
 .v4_bx         0x00002338        0x0 linker stubs

.iplt           0x00002338        0x0
 .iplt          0x00002338        0x0 ./source/timer/SysTick.o

.rel.dyn        0x00002338        0x0
 .rel.iplt      0x00002338        0x0 ./source/timer/SysTick.o

.m_usb_data
 *(SORT_BY_ALIGNMENT(m_usb_bdt))

.data_RAM2      0x1fff0000        0x0 load address 0x00002338
 FILL mask 0xff
                [!provide]                PROVIDE (__start_data_RAM2 = .)
                [!provide]                PROVIDE (__start_data_SRAM_LOWER = .)
 *(SORT_BY_ALIGNMENT(.ramfunc.$RAM2))
 *(SORT_BY_ALIGNMENT(.ramfunc.$SRAM_LOWER))
 *(SORT_BY_ALIGNMENT(.data.$RAM2))
 *(SORT_BY_ALIGNMENT(.data.$SRAM_LOWER))
 *(SORT_BY_ALIGNMENT(.data.$RAM2.*))
 *(SORT_BY_ALIGNMENT(.data.$SRAM_LOWER.*))
                0x1fff0000                . = ALIGN (0x8)
                [!provide]                PROVIDE (__end_data_RAM2 = .)
                [!provide]                PROVIDE (__end_data_SRAM_LOWER = .)

.data_RAM3      0x14000000        0x0 load address 0x00002338
 FILL mask 0xff
                [!provide]                PROVIDE (__start_data_RAM3 = .)
                [!provide]                PROVIDE (__start_data_FLEX_RAM = .)
 *(SORT_BY_ALIGNMENT(.ramfunc.$RAM3))
 *(SORT_BY_ALIGNMENT(.ramfunc.$FLEX_RAM))
 *(SORT_BY_ALIGNMENT(.data.$RAM3))
 *(SORT_BY_ALIGNMENT(.data.$FLEX_RAM))
 *(SORT_BY_ALIGNMENT(.data.$RAM3.*))
 *(SORT_BY_ALIGNMENT(.data.$FLEX_RAM.*))
                0x14000000                . = ALIGN (0x8)
                [!provide]                PROVIDE (__end_data_RAM3 = .)
                [!provide]                PROVIDE (__end_data_FLEX_RAM = .)

.uninit_RESERVED
                0x20000000        0x0
                0x20000000                _start_uninit_RESERVED = .
 *(SORT_BY_ALIGNMENT(.bss.$RESERVED*))
                0x20000000                . = ALIGN (0x8)
                0x20000000                _end_uninit_RESERVED = .

.data           0x20000000       0x10 load address 0x00002338
 FILL mask 0xff
                0x20000000                _data = .
                [!provide]                PROVIDE (__start_data_RAM = .)
                [!provide]                PROVIDE (__start_data_SRAM_UPPER = .)
 *(SORT_BY_ALIGNMENT(vtable))
 *(SORT_BY_ALIGNMENT(.ramfunc*))
 *(SORT_BY_ALIGNMENT(CodeQuickAccess))
 *(SORT_BY_ALIGNMENT(DataQuickAccess))
 *(SORT_BY_ALIGNMENT(RamFunction))
 *(SORT_BY_ALIGNMENT(.data*))
 .data.SPIPtrs  0x20000000        0xc ./source/SPI/SPI.o
 .data.i2cStates
                0x2000000c        0x2 ./source/I2Cm/I2Cm.o
                0x2000000c                i2cStates
 .data.timers_cant
                0x2000000e        0x1 ./source/timer/timer.o
                0x20000010                . = ALIGN (0x8)
 *fill*         0x2000000f        0x1 ff
                0x20000010                _edata = .
                [!provide]                PROVIDE (__end_data_RAM = .)
                [!provide]                PROVIDE (__end_data_SRAM_UPPER = .)

.igot.plt       0x20000010        0x0 load address 0x00002348
 .igot.plt      0x20000010        0x0 ./source/timer/SysTick.o

.bss_RAM2       0x1fff0000        0x0
                [!provide]                PROVIDE (__start_bss_RAM2 = .)
                [!provide]                PROVIDE (__start_bss_SRAM_LOWER = .)
 *(SORT_BY_ALIGNMENT(.bss.$RAM2))
 *(SORT_BY_ALIGNMENT(.bss.$SRAM_LOWER))
 *(SORT_BY_ALIGNMENT(.bss.$RAM2.*))
 *(SORT_BY_ALIGNMENT(.bss.$SRAM_LOWER.*))
                0x1fff0000                . = ALIGN ((. != 0x0)?0x8:0x1)
                [!provide]                PROVIDE (__end_bss_RAM2 = .)
                [!provide]                PROVIDE (__end_bss_SRAM_LOWER = .)

.bss_RAM3       0x14000000        0x0
                [!provide]                PROVIDE (__start_bss_RAM3 = .)
                [!provide]                PROVIDE (__start_bss_FLEX_RAM = .)
 *(SORT_BY_ALIGNMENT(.bss.$RAM3))
 *(SORT_BY_ALIGNMENT(.bss.$FLEX_RAM))
 *(SORT_BY_ALIGNMENT(.bss.$RAM3.*))
 *(SORT_BY_ALIGNMENT(.bss.$FLEX_RAM.*))
                0x14000000                . = ALIGN ((. != 0x0)?0x8:0x1)
                [!provide]                PROVIDE (__end_bss_RAM3 = .)
                [!provide]                PROVIDE (__end_bss_FLEX_RAM = .)

.bss            0x20000010     0x1158
                0x20000010                _bss = .
                [!provide]                PROVIDE (__start_bss_RAM = .)
                [!provide]                PROVIDE (__start_bss_SRAM_UPPER = .)
 *(SORT_BY_ALIGNMENT(.bss*))
 .bss.ICLastTicks
                0x20000010      0x100 ./source/FTM/FTM.o
 .bss.SysTickCallback
                0x20000110        0x4 ./source/timer/SysTick.o
 .bss.timers    0x20000114       0xa0 ./source/timer/timer.o
 .bss.pckgNULL  0x200001b4       0x10 ./source/buffer/SPI_buffer.o
                0x200001b4                pckgNULL
 .bss.TxBuffer  0x200001c4      0x267 ./source/UART/uart.o
 *fill*         0x2000042b        0x1 
 .bss.RxBuffer  0x2000042c      0x267 ./source/UART/uart.o
 *fill*         0x20000693        0x1 
 .bss.TxBuffer  0x20000694      0x408 ./source/SPI/SPI.o
 .bss.cont.1    0x20000a9c        0x4 ./source/SPI/SPI.o
 .bss.pckgAux.0
                0x20000aa0       0x10 ./source/SPI/SPI.o
 .bss.pSBUSData
                0x20000ab0        0x4 ./source/SBUS/SBUS.o
 .bss.RxBuffer  0x20000ab4      0x267 ./source/SBUS/SBUS.o
 *fill*         0x20000d1b        0x1 
 .bss.PITCbs    0x20000d1c       0x10 ./source/PIT/PIT.o
 .bss.writeBuffer
                0x20000d2c        0x4 ./source/MPU9250/MPU9250.o
                0x20000d2c                writeBuffer
 .bss.readBuffer
                0x20000d30        0xa ./source/MPU9250/MPU9250.o
                0x20000d30                readBuffer
 *fill*         0x20000d3a        0x2 
 .bss.portIrqFunc
                0x20000d3c      0x280 ./source/MCAL/gpio.o
                0x20000d3c                portIrqFunc
 .bss.writeState
                0x20000fbc       0x24 ./source/I2Cm/I2Cm.o
 .bss.readState
                0x20000fe0       0x18 ./source/I2Cm/I2Cm.o
 .bss.PWMPtrs   0x20000ff8       0x80 ./source/FTM/FTM.o
 .bss.ICCbPtrs  0x20001078       0x80 ./source/FTM/FTM.o
 .bss.ICChannelValue
                0x200010f8       0x40 ./source/FTM/FTM.o
 .bss.ICnewEdge
                0x20001138       0x20 ./source/FTM/FTM.o
 .bss.__LDM_interruptDisableCount
                0x20001158        0x4 ./SDK/startup/hardware.o
 .bss.inInterrupt
                0x2000115c        0x1 ./source/SPI/SPI.o
 .bss.contBytes
                0x2000115d        0x1 ./source/SBUS/SBUS.o
 .bss.Ascale    0x2000115e        0x1 ./source/MPU9250/MPU9250.o
                0x2000115e                Ascale
 .bss.Gscale    0x2000115f        0x1 ./source/MPU9250/MPU9250.o
                0x2000115f                Gscale
 .bss.writeSize
                0x20001160        0x1 ./source/MPU9250/MPU9250.o
                0x20001160                writeSize
 .bss.readSize  0x20001161        0x1 ./source/MPU9250/MPU9250.o
                0x20001161                readSize
 .bss.isBusBusy
                0x20001162        0x1 ./source/I2Cm/I2Cm.o
 *(SORT_BY_ALIGNMENT(COMMON))
                0x20001168                . = ALIGN (0x8)
 *fill*         0x20001163        0x5 
                0x20001168                _ebss = .
                [!provide]                PROVIDE (__end_bss_RAM = .)
                [!provide]                PROVIDE (__end_bss_SRAM_UPPER = .)
                [!provide]                PROVIDE (end = .)

.noinit_RAM2    0x1fff0000        0x0
                [!provide]                PROVIDE (__start_noinit_RAM2 = .)
                [!provide]                PROVIDE (__start_noinit_SRAM_LOWER = .)
 *(SORT_BY_ALIGNMENT(.noinit.$RAM2))
 *(SORT_BY_ALIGNMENT(.noinit.$SRAM_LOWER))
 *(SORT_BY_ALIGNMENT(.noinit.$RAM2.*))
 *(SORT_BY_ALIGNMENT(.noinit.$SRAM_LOWER.*))
                0x1fff0000                . = ALIGN (0x8)
                [!provide]                PROVIDE (__end_noinit_RAM2 = .)
                [!provide]                PROVIDE (__end_noinit_SRAM_LOWER = .)

.noinit_RAM3    0x14000000        0x0
                [!provide]                PROVIDE (__start_noinit_RAM3 = .)
                [!provide]                PROVIDE (__start_noinit_FLEX_RAM = .)
 *(SORT_BY_ALIGNMENT(.noinit.$RAM3))
 *(SORT_BY_ALIGNMENT(.noinit.$FLEX_RAM))
 *(SORT_BY_ALIGNMENT(.noinit.$RAM3.*))
 *(SORT_BY_ALIGNMENT(.noinit.$FLEX_RAM.*))
                0x14000000                . = ALIGN (0x8)
                [!provide]                PROVIDE (__end_noinit_RAM3 = .)
                [!provide]                PROVIDE (__end_noinit_FLEX_RAM = .)

.noinit         0x20001168        0x0
                0x20001168                _noinit = .
                [!provide]                PROVIDE (__start_noinit_RAM = .)
                [!provide]                PROVIDE (__start_noinit_SRAM_UPPER = .)
 *(SORT_BY_ALIGNMENT(.noinit*))
                0x20001168                . = ALIGN (0x8)
                0x20001168                _end_noinit = .
                [!provide]                PROVIDE (__end_noinit_RAM = .)
                [!provide]                PROVIDE (__end_noinit_SRAM_UPPER = .)

.ARM.extab
 *(SORT_BY_ALIGNMENT(.ARM.extab*) SORT_BY_ALIGNMENT(.gnu.linkonce.armextab.*))

.ARM.exidx      0x00002348        0x0
                0x00002348                __exidx_start = .
 *(SORT_BY_ALIGNMENT(.ARM.exidx*) SORT_BY_ALIGNMENT(.gnu.linkonce.armexidx.*))
                0x00002348                __exidx_end = .
                0x00001000                _HeapSize = 0x1000

.heap           0x20001168     0x1000
                0x20001168                _pvHeapStart = .
                0x20002168                . = (. + _HeapSize)
 *fill*         0x20001168     0x1000 
                0x20002168                . = ALIGN (0x8)
                0x20002168                _pvHeapLimit = .
                0x00001000                _StackSize = 0x1000

.heap2stackfill
                0x20002168     0x1000
                0x20003168                . = (. + _StackSize)
 *fill*         0x20002168     0x1000 

.stack          0x2002f000        0x0
                0x2002f000                _vStackBase = .
                0x2002f000                . = ALIGN (0x8)
                0x20030000                _vStackTop = (. + _StackSize)
                0x00000000                _image_start = LOADADDR (.text)
                0x00002348                _image_end = (LOADADDR (.data) + SIZEOF (.data))
                0x00002348                _image_size = (_image_end - _image_start)
OUTPUT(TPQUAD.axf elf32-littlearm)
LOAD linker stubs

.debug_info     0x00000000     0x842b
 .debug_info    0x00000000      0x506 ./source/timer/SysTick.o
 .debug_info    0x00000506      0x2d9 ./source/timer/timer.o
 .debug_info    0x000007df      0x329 ./source/buffer/SPI_buffer.o
 .debug_info    0x00000b08      0x2e6 ./source/buffer/circular_buffer.o
 .debug_info    0x00000dee      0xdd1 ./source/UART/uart.o
 .debug_info    0x00001bbf      0xd5c ./source/SPI/SPI.o
 .debug_info    0x0000291b      0xcae ./source/SBUS/SBUS.o
 .debug_info    0x000035c9      0x87a ./source/PIT/PIT.o
 .debug_info    0x00003e43      0x50d ./source/MPU9250/MPU9250.o
 .debug_info    0x00004350      0xc0f ./source/MCAL/gpio.o
 .debug_info    0x00004f5f      0xd3a ./source/I2Cm/I2Cm.o
 .debug_info    0x00005c99       0xfe ./source/FastGyro/FastGyroTest.o
 .debug_info    0x00005d97      0xfab ./source/FTM/FTM.o
 .debug_info    0x00006d42      0x6b2 ./SDK/startup/hardware.o
 .debug_info    0x000073f4       0x86 ./SDK/startup/main.o
 .debug_info    0x0000747a       0x3c ./SDK/startup/semihost_hardfault.o
 .debug_info    0x000074b6      0x93a ./SDK/startup/startup_mk64f12.o
 .debug_info    0x00007df0      0x63b ./SDK/CMSIS/system_MK64F12.o

.debug_abbrev   0x00000000     0x1dad
 .debug_abbrev  0x00000000      0x190 ./source/timer/SysTick.o
 .debug_abbrev  0x00000190      0x1b5 ./source/timer/timer.o
 .debug_abbrev  0x00000345      0x1b4 ./source/buffer/SPI_buffer.o
 .debug_abbrev  0x000004f9      0x162 ./source/buffer/circular_buffer.o
 .debug_abbrev  0x0000065b      0x267 ./source/UART/uart.o
 .debug_abbrev  0x000008c2      0x2d8 ./source/SPI/SPI.o
 .debug_abbrev  0x00000b9a      0x258 ./source/SBUS/SBUS.o
 .debug_abbrev  0x00000df2      0x1d5 ./source/PIT/PIT.o
 .debug_abbrev  0x00000fc7      0x168 ./source/MPU9250/MPU9250.o
 .debug_abbrev  0x0000112f      0x253 ./source/MCAL/gpio.o
 .debug_abbrev  0x00001382      0x280 ./source/I2Cm/I2Cm.o
 .debug_abbrev  0x00001602       0x9f ./source/FastGyro/FastGyroTest.o
 .debug_abbrev  0x000016a1      0x297 ./source/FTM/FTM.o
 .debug_abbrev  0x00001938      0x12e ./SDK/startup/hardware.o
 .debug_abbrev  0x00001a66       0x49 ./SDK/startup/main.o
 .debug_abbrev  0x00001aaf       0x31 ./SDK/startup/semihost_hardfault.o
 .debug_abbrev  0x00001ae0      0x185 ./SDK/startup/startup_mk64f12.o
 .debug_abbrev  0x00001c65      0x148 ./SDK/CMSIS/system_MK64F12.o

.debug_aranges  0x00000000      0x838
 .debug_aranges
                0x00000000       0x30 ./source/timer/SysTick.o
 .debug_aranges
                0x00000030       0x50 ./source/timer/timer.o
 .debug_aranges
                0x00000080       0x58 ./source/buffer/SPI_buffer.o
 .debug_aranges
                0x000000d8       0x58 ./source/buffer/circular_buffer.o
 .debug_aranges
                0x00000130       0x78 ./source/UART/uart.o
 .debug_aranges
                0x000001a8       0x58 ./source/SPI/SPI.o
 .debug_aranges
                0x00000200       0x38 ./source/SBUS/SBUS.o
 .debug_aranges
                0x00000238       0x58 ./source/PIT/PIT.o
 .debug_aranges
                0x00000290       0x68 ./source/MPU9250/MPU9250.o
 .debug_aranges
                0x000002f8       0x78 ./source/MCAL/gpio.o
 .debug_aranges
                0x00000370       0x50 ./source/I2Cm/I2Cm.o
 .debug_aranges
                0x000003c0       0x28 ./source/FastGyro/FastGyroTest.o
 .debug_aranges
                0x000003e8       0x80 ./source/FTM/FTM.o
 .debug_aranges
                0x00000468       0x30 ./SDK/startup/hardware.o
 .debug_aranges
                0x00000498       0x20 ./SDK/startup/main.o
 .debug_aranges
                0x000004b8       0x20 ./SDK/startup/semihost_hardfault.o
 .debug_aranges
                0x000004d8      0x330 ./SDK/startup/startup_mk64f12.o
 .debug_aranges
                0x00000808       0x30 ./SDK/CMSIS/system_MK64F12.o

.debug_ranges   0x00000000      0x718
 .debug_ranges  0x00000000       0x20 ./source/timer/SysTick.o
 .debug_ranges  0x00000020       0x40 ./source/timer/timer.o
 .debug_ranges  0x00000060       0x48 ./source/buffer/SPI_buffer.o
 .debug_ranges  0x000000a8       0x48 ./source/buffer/circular_buffer.o
 .debug_ranges  0x000000f0       0x68 ./source/UART/uart.o
 .debug_ranges  0x00000158       0x48 ./source/SPI/SPI.o
 .debug_ranges  0x000001a0       0x28 ./source/SBUS/SBUS.o
 .debug_ranges  0x000001c8       0x48 ./source/PIT/PIT.o
 .debug_ranges  0x00000210       0x58 ./source/MPU9250/MPU9250.o
 .debug_ranges  0x00000268       0x68 ./source/MCAL/gpio.o
 .debug_ranges  0x000002d0       0x40 ./source/I2Cm/I2Cm.o
 .debug_ranges  0x00000310       0x18 ./source/FastGyro/FastGyroTest.o
 .debug_ranges  0x00000328       0x70 ./source/FTM/FTM.o
 .debug_ranges  0x00000398       0x20 ./SDK/startup/hardware.o
 .debug_ranges  0x000003b8       0x10 ./SDK/startup/main.o
 .debug_ranges  0x000003c8       0x10 ./SDK/startup/semihost_hardfault.o
 .debug_ranges  0x000003d8      0x320 ./SDK/startup/startup_mk64f12.o
 .debug_ranges  0x000006f8       0x20 ./SDK/CMSIS/system_MK64F12.o

.debug_macro    0x00000000    0x1395d
 .debug_macro   0x00000000       0xb6 ./source/timer/SysTick.o
 .debug_macro   0x000000b6      0xa7e ./source/timer/SysTick.o
 .debug_macro   0x00000b34       0x22 ./source/timer/SysTick.o
 .debug_macro   0x00000b56      0x34e ./source/timer/SysTick.o
 .debug_macro   0x00000ea4       0x10 ./source/timer/SysTick.o
 .debug_macro   0x00000eb4       0x5c ./source/timer/SysTick.o
 .debug_macro   0x00000f10       0x1c ./source/timer/SysTick.o
 .debug_macro   0x00000f2c       0x28 ./source/timer/SysTick.o
 .debug_macro   0x00000f54       0xd9 ./source/timer/SysTick.o
 .debug_macro   0x0000102d      0xecf ./source/timer/SysTick.o
 .debug_macro   0x00001efc       0x48 ./source/timer/SysTick.o
 .debug_macro   0x00001f44     0xe07b ./source/timer/SysTick.o
 .debug_macro   0x0000ffbf     0x122b ./source/timer/SysTick.o
 .debug_macro   0x000111ea       0x16 ./source/timer/SysTick.o
 .debug_macro   0x00011200      0x134 ./source/timer/timer.o
 .debug_macro   0x00011334       0x1e ./source/timer/timer.o
 .debug_macro   0x00011352       0x22 ./source/timer/timer.o
 .debug_macro   0x00011374       0x5e ./source/timer/timer.o
 .debug_macro   0x000113d2       0x94 ./source/timer/timer.o
 .debug_macro   0x00011466       0x35 ./source/timer/timer.o
 .debug_macro   0x0001149b       0x34 ./source/timer/timer.o
 .debug_macro   0x000114cf       0x16 ./source/timer/timer.o
 .debug_macro   0x000114e5      0x10e ./source/timer/timer.o
 .debug_macro   0x000115f3       0x8d ./source/timer/timer.o
 .debug_macro   0x00011680       0x16 ./source/timer/timer.o
 .debug_macro   0x00011696       0x43 ./source/timer/timer.o
 .debug_macro   0x000116d9       0x57 ./source/timer/timer.o
 .debug_macro   0x00011730       0x34 ./source/timer/timer.o
 .debug_macro   0x00011764       0x10 ./source/timer/timer.o
 .debug_macro   0x00011774       0x58 ./source/timer/timer.o
 .debug_macro   0x000117cc      0x182 ./source/timer/timer.o
 .debug_macro   0x0001194e      0x341 ./source/timer/timer.o
 .debug_macro   0x00011c8f       0x16 ./source/timer/timer.o
 .debug_macro   0x00011ca5       0x29 ./source/timer/timer.o
 .debug_macro   0x00011cce       0x28 ./source/timer/timer.o
 .debug_macro   0x00011cf6       0x10 ./source/timer/timer.o
 .debug_macro   0x00011d06      0x1e7 ./source/buffer/SPI_buffer.o
 .debug_macro   0x00011eed       0x16 ./source/buffer/SPI_buffer.o
 .debug_macro   0x00011f03       0x97 ./source/buffer/SPI_buffer.o
 .debug_macro   0x00011f9a       0xfd ./source/buffer/SPI_buffer.o
 .debug_macro   0x00012097       0x10 ./source/buffer/SPI_buffer.o
 .debug_macro   0x000120a7       0x10 ./source/buffer/SPI_buffer.o
 .debug_macro   0x000120b7       0x6a ./source/buffer/SPI_buffer.o
 .debug_macro   0x00012121       0x1c ./source/buffer/SPI_buffer.o
 .debug_macro   0x0001213d       0x52 ./source/buffer/SPI_buffer.o
 .debug_macro   0x0001218f       0x22 ./source/buffer/SPI_buffer.o
 .debug_macro   0x000121b1       0x10 ./source/buffer/SPI_buffer.o
 .debug_macro   0x000121c1       0x52 ./source/buffer/SPI_buffer.o
 .debug_macro   0x00012213       0xd5 ./source/buffer/SPI_buffer.o
 .debug_macro   0x000122e8       0x1c ./source/buffer/SPI_buffer.o
 .debug_macro   0x00012304       0x3d ./source/buffer/SPI_buffer.o
 .debug_macro   0x00012341       0x16 ./source/buffer/SPI_buffer.o
 .debug_macro   0x00012357      0x16f ./source/buffer/SPI_buffer.o
 .debug_macro   0x000124c6       0xac ./source/buffer/circular_buffer.o
 .debug_macro   0x00012572       0xe8 ./source/UART/uart.o
 .debug_macro   0x0001265a       0x10 ./source/UART/uart.o
 .debug_macro   0x0001266a       0x40 ./source/UART/uart.o
 .debug_macro   0x000126aa      0x31f ./source/SPI/SPI.o
 .debug_macro   0x000129c9       0x3a ./source/SPI/SPI.o
 .debug_macro   0x00012a03       0x10 ./source/SPI/SPI.o
 .debug_macro   0x00012a13       0x10 ./source/SPI/SPI.o
 .debug_macro   0x00012a23       0xf2 ./source/SBUS/SBUS.o
 .debug_macro   0x00012b15       0xd3 ./source/PIT/PIT.o
 .debug_macro   0x00012be8       0x28 ./source/PIT/PIT.o
 .debug_macro   0x00012c10      0x46e ./source/MPU9250/MPU9250.o
 .debug_macro   0x0001307e       0xc4 ./source/MCAL/gpio.o
 .debug_macro   0x00013142      0x1fd ./source/I2Cm/I2Cm.o
 .debug_macro   0x0001333f       0x10 ./source/I2Cm/I2Cm.o
 .debug_macro   0x0001334f      0x235 ./source/FastGyro/FastGyroTest.o
 .debug_macro   0x00013584      0x1c5 ./source/FTM/FTM.o
 .debug_macro   0x00013749       0x22 ./source/FTM/FTM.o
 .debug_macro   0x0001376b       0x9c ./SDK/startup/hardware.o
 .debug_macro   0x00013807       0x9c ./SDK/startup/main.o
 .debug_macro   0x000138a3       0x11 ./SDK/startup/semihost_hardfault.o
 .debug_macro   0x000138b4       0x29 ./SDK/startup/startup_mk64f12.o
 .debug_macro   0x000138dd       0x80 ./SDK/CMSIS/system_MK64F12.o

.debug_line     0x00000000     0x5af8
 .debug_line    0x00000000      0x232 ./source/timer/SysTick.o
 .debug_line    0x00000232      0x4e1 ./source/timer/timer.o
 .debug_line    0x00000713      0x5c3 ./source/buffer/SPI_buffer.o
 .debug_line    0x00000cd6      0x37c ./source/buffer/circular_buffer.o
 .debug_line    0x00001052      0x4e0 ./source/UART/uart.o
 .debug_line    0x00001532      0xb3d ./source/SPI/SPI.o
 .debug_line    0x0000206f      0x398 ./source/SBUS/SBUS.o
 .debug_line    0x00002407      0x317 ./source/PIT/PIT.o
 .debug_line    0x0000271e      0x973 ./source/MPU9250/MPU9250.o
 .debug_line    0x00003091      0x4ed ./source/MCAL/gpio.o
 .debug_line    0x0000357e      0x788 ./source/I2Cm/I2Cm.o
 .debug_line    0x00003d06      0x4c2 ./source/FastGyro/FastGyroTest.o
 .debug_line    0x000041c8      0x839 ./source/FTM/FTM.o
 .debug_line    0x00004a01      0x2a7 ./SDK/startup/hardware.o
 .debug_line    0x00004ca8      0x1b8 ./SDK/startup/main.o
 .debug_line    0x00004e60       0x5f ./SDK/startup/semihost_hardfault.o
 .debug_line    0x00004ebf      0x917 ./SDK/startup/startup_mk64f12.o
 .debug_line    0x000057d6      0x322 ./SDK/CMSIS/system_MK64F12.o

.debug_str      0x00000000    0x7ecbf
 .debug_str     0x00000000    0x773ec ./source/timer/SysTick.o
                              0x775b7 (size before relaxing)
 .debug_str     0x000773ec     0x30b0 ./source/timer/timer.o
                               0x699c (size before relaxing)
 .debug_str     0x0007a49c     0x1277 ./source/buffer/SPI_buffer.o
                               0x796b (size before relaxing)
 .debug_str     0x0007b713       0xa5 ./source/buffer/circular_buffer.o
                              0x7707d (size before relaxing)
 .debug_str     0x0007b7b8      0x498 ./source/UART/uart.o
                              0x77a0f (size before relaxing)
 .debug_str     0x0007bc50      0x76f ./source/SPI/SPI.o
                              0x7beba (size before relaxing)
 .debug_str     0x0007c3bf      0x10d ./source/SBUS/SBUS.o
                              0x77987 (size before relaxing)
 .debug_str     0x0007c4cc      0x229 ./source/PIT/PIT.o
                              0x77bb8 (size before relaxing)
 .debug_str     0x0007c6f5     0x135f ./source/MPU9250/MPU9250.o
                               0x7bac (size before relaxing)
 .debug_str     0x0007da54      0x1bb ./source/MCAL/gpio.o
                              0x77bf1 (size before relaxing)
 .debug_str     0x0007dc0f      0x2ab ./source/I2Cm/I2Cm.o
                              0x7aa24 (size before relaxing)
 .debug_str     0x0007deba       0x33 ./source/FastGyro/FastGyroTest.o
                               0x8310 (size before relaxing)
 .debug_str     0x0007deed      0x4d2 ./source/FTM/FTM.o
                              0x7aae5 (size before relaxing)
 .debug_str     0x0007e3bf      0x16f ./SDK/startup/hardware.o
                              0x771d6 (size before relaxing)
 .debug_str     0x0007e52e       0x1b ./SDK/startup/main.o
                              0x76fa1 (size before relaxing)
 .debug_str     0x0007e549       0x36 ./SDK/startup/semihost_hardfault.o
                               0x2d4a (size before relaxing)
 .debug_str     0x0007e57f      0x6ce ./SDK/startup/startup_mk64f12.o
                               0x35a4 (size before relaxing)
 .debug_str     0x0007ec4d       0x72 ./SDK/CMSIS/system_MK64F12.o
                              0x770f5 (size before relaxing)

.comment        0x00000000       0x49
 .comment       0x00000000       0x49 ./source/timer/SysTick.o
                                 0x4a (size before relaxing)
 .comment       0x00000049       0x4a ./source/timer/timer.o
 .comment       0x00000049       0x4a ./source/buffer/SPI_buffer.o
 .comment       0x00000049       0x4a ./source/buffer/circular_buffer.o
 .comment       0x00000049       0x4a ./source/UART/uart.o
 .comment       0x00000049       0x4a ./source/SPI/SPI.o
 .comment       0x00000049       0x4a ./source/SBUS/SBUS.o
 .comment       0x00000049       0x4a ./source/PIT/PIT.o
 .comment       0x00000049       0x4a ./source/MPU9250/MPU9250.o
 .comment       0x00000049       0x4a ./source/MCAL/gpio.o
 .comment       0x00000049       0x4a ./source/I2Cm/I2Cm.o
 .comment       0x00000049       0x4a ./source/FastGyro/FastGyroTest.o
 .comment       0x00000049       0x4a ./source/FTM/FTM.o
 .comment       0x00000049       0x4a ./SDK/startup/hardware.o
 .comment       0x00000049       0x4a ./SDK/startup/main.o
 .comment       0x00000049       0x4a ./SDK/startup/semihost_hardfault.o
 .comment       0x00000049       0x4a ./SDK/startup/startup_mk64f12.o
 .comment       0x00000049       0x4a ./SDK/CMSIS/system_MK64F12.o
 .comment       0x00000049       0x4a c:/nxp/mcuxpressoide_11.6.1_8255/ide/plugins/com.nxp.mcuxpresso.tools.win32_11.6.1.202207200623/tools/bin/../lib/gcc/arm-none-eabi/10.3.1/../../../../arm-none-eabi/lib/thumb/v7e-m+fp/hard\libcr_c.a(memcpy.o)

.ARM.attributes
                0x00000000       0x32
 .ARM.attributes
                0x00000000       0x34 ./source/timer/SysTick.o
 .ARM.attributes
                0x00000034       0x34 ./source/timer/timer.o
 .ARM.attributes
                0x00000068       0x34 ./source/buffer/SPI_buffer.o
 .ARM.attributes
                0x0000009c       0x34 ./source/buffer/circular_buffer.o
 .ARM.attributes
                0x000000d0       0x34 ./source/UART/uart.o
 .ARM.attributes
                0x00000104       0x34 ./source/SPI/SPI.o
 .ARM.attributes
                0x00000138       0x34 ./source/SBUS/SBUS.o
 .ARM.attributes
                0x0000016c       0x34 ./source/PIT/PIT.o
 .ARM.attributes
                0x000001a0       0x34 ./source/MPU9250/MPU9250.o
 .ARM.attributes
                0x000001d4       0x34 ./source/MCAL/gpio.o
 .ARM.attributes
                0x00000208       0x34 ./source/I2Cm/I2Cm.o
 .ARM.attributes
                0x0000023c       0x34 ./source/FastGyro/FastGyroTest.o
 .ARM.attributes
                0x00000270       0x34 ./source/FTM/FTM.o
 .ARM.attributes
                0x000002a4       0x34 ./SDK/startup/hardware.o
 .ARM.attributes
                0x000002d8       0x34 ./SDK/startup/main.o
 .ARM.attributes
                0x0000030c       0x34 ./SDK/startup/semihost_hardfault.o
 .ARM.attributes
                0x00000340       0x34 ./SDK/startup/startup_mk64f12.o
 .ARM.attributes
                0x00000374       0x34 ./SDK/CMSIS/system_MK64F12.o
 .ARM.attributes
                0x000003a8       0x34 c:/nxp/mcuxpressoide_11.6.1_8255/ide/plugins/com.nxp.mcuxpresso.tools.win32_11.6.1.202207200623/tools/bin/../lib/gcc/arm-none-eabi/10.3.1/../../../../arm-none-eabi/lib/thumb/v7e-m+fp/hard\libcr_c.a(memcpy.o)
 .ARM.attributes
                0x000003dc       0x20 c:/nxp/mcuxpressoide_11.6.1_8255/ide/plugins/com.nxp.mcuxpresso.tools.win32_11.6.1.202207200623/tools/bin/../lib/gcc/arm-none-eabi/10.3.1/thumb/v7e-m+fp/hard\libcr_eabihelpers.a(division_64.o)
 .ARM.attributes
                0x000003fc       0x20 c:/nxp/mcuxpressoide_11.6.1_8255/ide/plugins/com.nxp.mcuxpresso.tools.win32_11.6.1.202207200623/tools/bin/../lib/gcc/arm-none-eabi/10.3.1/thumb/v7e-m+fp/hard\libcr_eabihelpers.a(division_idiv0.o)
 .ARM.attributes
                0x0000041c       0x20 c:/nxp/mcuxpressoide_11.6.1_8255/ide/plugins/com.nxp.mcuxpresso.tools.win32_11.6.1.202207200623/tools/bin/../lib/gcc/arm-none-eabi/10.3.1/thumb/v7e-m+fp/hard\libcr_eabihelpers.a(memcpy.o)

.debug_frame    0x00000000     0x1aec
 .debug_frame   0x00000000       0x88 ./source/timer/SysTick.o
 .debug_frame   0x00000088      0x10c ./source/timer/timer.o
 .debug_frame   0x00000194      0x148 ./source/buffer/SPI_buffer.o
 .debug_frame   0x000002dc      0x140 ./source/buffer/circular_buffer.o
 .debug_frame   0x0000041c      0x1e8 ./source/UART/uart.o
 .debug_frame   0x00000604      0x154 ./source/SPI/SPI.o
 .debug_frame   0x00000758       0xac ./source/SBUS/SBUS.o
 .debug_frame   0x00000804      0x15c ./source/PIT/PIT.o
 .debug_frame   0x00000960      0x184 ./source/MPU9250/MPU9250.o
 .debug_frame   0x00000ae4      0x214 ./source/MCAL/gpio.o
 .debug_frame   0x00000cf8      0x128 ./source/I2Cm/I2Cm.o
 .debug_frame   0x00000e20       0x50 ./source/FastGyro/FastGyroTest.o
 .debug_frame   0x00000e70      0x248 ./source/FTM/FTM.o
 .debug_frame   0x000010b8       0x70 ./SDK/startup/hardware.o
 .debug_frame   0x00001128       0x2c ./SDK/startup/main.o
 .debug_frame   0x00001154       0x20 ./SDK/startup/semihost_hardfault.o
 .debug_frame   0x00001174      0x904 ./SDK/startup/startup_mk64f12.o
 .debug_frame   0x00001a78       0x74 ./SDK/CMSIS/system_MK64F12.o
