Archive member included to satisfy reference by file (symbol)

C:\Users\sch_b\OneDrive\Documentos\QUADCOPTER\Quadcopter\TPQUAD\SDK\CMSIS\DSP\libarm_cortexM4lf_math.a(arm_sin_f32.o)
                              ./source/App.o (arm_sin_f32)
C:\Users\sch_b\OneDrive\Documentos\QUADCOPTER\Quadcopter\TPQUAD\SDK\CMSIS\DSP\libarm_cortexM4lf_math.a(arm_cos_f32.o)
                              ./source/App.o (arm_cos_f32)
C:\Users\sch_b\OneDrive\Documentos\QUADCOPTER\Quadcopter\TPQUAD\SDK\CMSIS\DSP\libarm_cortexM4lf_math.a(arm_common_tables.o)
                              C:\Users\sch_b\OneDrive\Documentos\QUADCOPTER\Quadcopter\TPQUAD\SDK\CMSIS\DSP\libarm_cortexM4lf_math.a(arm_sin_f32.o) (sinTable_f32)
c:/nxp/mcuxpressoide_11.6.1_8255/ide/plugins/com.nxp.mcuxpresso.tools.win32_11.6.1.202207200623/tools/bin/../lib/gcc/arm-none-eabi/10.3.1/../../../../arm-none-eabi/lib/thumb/v7e-m+fp/hard\libcr_c.a(asinf.o)
                              ./source/Fusion/FusionAhrs.o (asinf)
c:/nxp/mcuxpressoide_11.6.1_8255/ide/plugins/com.nxp.mcuxpresso.tools.win32_11.6.1.202207200623/tools/bin/../lib/gcc/arm-none-eabi/10.3.1/../../../../arm-none-eabi/lib/thumb/v7e-m+fp/hard\libcr_c.a(atan2f.o)
                              ./source/Fusion/FusionAhrs.o (atan2f)
c:/nxp/mcuxpressoide_11.6.1_8255/ide/plugins/com.nxp.mcuxpresso.tools.win32_11.6.1.202207200623/tools/bin/../lib/gcc/arm-none-eabi/10.3.1/../../../../arm-none-eabi/lib/thumb/v7e-m+fp/hard\libcr_c.a(atanf.o)
                              c:/nxp/mcuxpressoide_11.6.1_8255/ide/plugins/com.nxp.mcuxpresso.tools.win32_11.6.1.202207200623/tools/bin/../lib/gcc/arm-none-eabi/10.3.1/../../../../arm-none-eabi/lib/thumb/v7e-m+fp/hard\libcr_c.a(atan2f.o) (atanf)
c:/nxp/mcuxpressoide_11.6.1_8255/ide/plugins/com.nxp.mcuxpresso.tools.win32_11.6.1.202207200623/tools/bin/../lib/gcc/arm-none-eabi/10.3.1/../../../../arm-none-eabi/lib/thumb/v7e-m+fp/hard\libcr_c.a(cosf.o)
                              ./source/Fusion/FusionAhrs.o (cosf)
c:/nxp/mcuxpressoide_11.6.1_8255/ide/plugins/com.nxp.mcuxpresso.tools.win32_11.6.1.202207200623/tools/bin/../lib/gcc/arm-none-eabi/10.3.1/../../../../arm-none-eabi/lib/thumb/v7e-m+fp/hard\libcr_c.a(fabsf.o)
                              c:/nxp/mcuxpressoide_11.6.1_8255/ide/plugins/com.nxp.mcuxpresso.tools.win32_11.6.1.202207200623/tools/bin/../lib/gcc/arm-none-eabi/10.3.1/../../../../arm-none-eabi/lib/thumb/v7e-m+fp/hard\libcr_c.a(atan2f.o) (fabsf)
c:/nxp/mcuxpressoide_11.6.1_8255/ide/plugins/com.nxp.mcuxpresso.tools.win32_11.6.1.202207200623/tools/bin/../lib/gcc/arm-none-eabi/10.3.1/../../../../arm-none-eabi/lib/thumb/v7e-m+fp/hard\libcr_c.a(powf.o)
                              ./source/Fusion/FusionAhrs.o (powf)
c:/nxp/mcuxpressoide_11.6.1_8255/ide/plugins/com.nxp.mcuxpresso.tools.win32_11.6.1.202207200623/tools/bin/../lib/gcc/arm-none-eabi/10.3.1/../../../../arm-none-eabi/lib/thumb/v7e-m+fp/hard\libcr_c.a(sinf.o)
                              ./source/Fusion/FusionAhrs.o (sinf)
c:/nxp/mcuxpressoide_11.6.1_8255/ide/plugins/com.nxp.mcuxpresso.tools.win32_11.6.1.202207200623/tools/bin/../lib/gcc/arm-none-eabi/10.3.1/../../../../arm-none-eabi/lib/thumb/v7e-m+fp/hard\libcr_c.a(sqrtf_m4_hardfp.o)
                              ./source/Fusion/FusionAhrs.o (sqrtf)
c:/nxp/mcuxpressoide_11.6.1_8255/ide/plugins/com.nxp.mcuxpresso.tools.win32_11.6.1.202207200623/tools/bin/../lib/gcc/arm-none-eabi/10.3.1/../../../../arm-none-eabi/lib/thumb/v7e-m+fp/hard\libcr_c.a(memcpy.o)
                              ./source/buffer/SPI_buffer.o (memcpy)
c:/nxp/mcuxpressoide_11.6.1_8255/ide/plugins/com.nxp.mcuxpresso.tools.win32_11.6.1.202207200623/tools/bin/../lib/gcc/arm-none-eabi/10.3.1/../../../../arm-none-eabi/lib/thumb/v7e-m+fp/hard\libcr_c.a(memset.o)
                              ./source/Sensores/MPU6050.o (memset)
c:/nxp/mcuxpressoide_11.6.1_8255/ide/plugins/com.nxp.mcuxpresso.tools.win32_11.6.1.202207200623/tools/bin/../lib/gcc/arm-none-eabi/10.3.1/../../../../arm-none-eabi/lib/thumb/v7e-m+fp/hard\libcr_c.a(cos.o)
                              ./source/App.o (cos)
c:/nxp/mcuxpressoide_11.6.1_8255/ide/plugins/com.nxp.mcuxpresso.tools.win32_11.6.1.202207200623/tools/bin/../lib/gcc/arm-none-eabi/10.3.1/../../../../arm-none-eabi/lib/thumb/v7e-m+fp/hard\libcr_c.a(errno.o)
                              c:/nxp/mcuxpressoide_11.6.1_8255/ide/plugins/com.nxp.mcuxpresso.tools.win32_11.6.1.202207200623/tools/bin/../lib/gcc/arm-none-eabi/10.3.1/../../../../arm-none-eabi/lib/thumb/v7e-m+fp/hard\libcr_c.a(atan2f.o) (errno)
c:/nxp/mcuxpressoide_11.6.1_8255/ide/plugins/com.nxp.mcuxpresso.tools.win32_11.6.1.202207200623/tools/bin/../lib/gcc/arm-none-eabi/10.3.1/../../../../arm-none-eabi/lib/thumb/v7e-m+fp/hard\libcr_c.a(fabs.o)
                              ./source/Fusion/FusionOffset.o (fabs)
[...]
Memory Configuration

Name             Origin             Length             Attributes
PROGRAM_FLASH    0x00000000         0x00100000         xr
SRAM_UPPER       0x20000000         0x00030000         xrw
SRAM_LOWER       0x1fff0000         0x00010000         xrw
FLEX_RAM         0x14000000         0x00001000         xrw
*default*        0x00000000         0xffffffff

Linker script and memory map

LOAD ./source/timer/SysTick.o
LOAD ./source/timer/timer.o
LOAD ./source/event_queue/event_queue.o
LOAD ./source/buffer/SPI_buffer.o
LOAD ./source/buffer/circular_buffer.o
LOAD ./source/buffer/circular_buffer_16.o
LOAD ./source/buffer/generic_circular_buffer.o
LOAD ./source/UART/uart.o
LOAD ./source/Sistema de Control/MatrixOps.o
LOAD ./source/Sistema de Control/SistemaDeControl.o
LOAD ./source/Sensores/MPU6050.o
LOAD ./source/Sensores/MPU9250_SPI.o
LOAD ./source/SPI/SPI.o
LOAD ./source/PIT/PIT.o
LOAD ./source/NRF/NRF.o
LOAD ./source/NRF/RF.o
LOAD ./source/MCAL/gpio.o
LOAD ./source/I2Cm/I2Cm.o
LOAD ./source/Fusion/FusionAhrs.o
LOAD ./source/Fusion/FusionCompass.o
LOAD ./source/Fusion/FusionOffset.o
LOAD ./source/FTM/FTM.o
LOAD ./source/ESCDriver/ESCDriver.o
LOAD ./source/ControlPC/ControlPC.o
LOAD ./source/CMP/CMP.o
LOAD ./source/CAN/CAN.o
LOAD ./source/Biquad/Biquad.o
LOAD ./source/ADC/ADC.o
LOAD ./source/ADC/ADC_hal.o
LOAD ./source/App.o
LOAD ./SDK/startup/hardware.o
LOAD ./SDK/startup/main.o
LOAD ./SDK/startup/semihost_hardfault.o
LOAD ./SDK/startup/startup_mk64f12.o
LOAD ./SDK/CMSIS/system_MK64F12.o
LOAD C:\Users\sch_b\OneDrive\Documentos\QUADCOPTER\Quadcopter\TPQUAD\SDK\CMSIS\DSP\libarm_cortexM4lf_math.a
START GROUP
LOAD c:/nxp/mcuxpressoide_11.6.1_8255/ide/plugins/com.nxp.mcuxpresso.tools.win32_11.6.1.202207200623/tools/bin/../lib/gcc/arm-none-eabi/10.3.1/../../../../arm-none-eabi/lib/thumb/v7e-m+fp/hard\libcr_semihost_nf.a
LOAD c:/nxp/mcuxpressoide_11.6.1_8255/ide/plugins/com.nxp.mcuxpresso.tools.win32_11.6.1.202207200623/tools/bin/../lib/gcc/arm-none-eabi/10.3.1/../../../../arm-none-eabi/lib/thumb/v7e-m+fp/hard\libcr_c.a
LOAD c:/nxp/mcuxpressoide_11.6.1_8255/ide/plugins/com.nxp.mcuxpresso.tools.win32_11.6.1.202207200623/tools/bin/../lib/gcc/arm-none-eabi/10.3.1/thumb/v7e-m+fp/hard\libcr_eabihelpers.a
LOAD c:/nxp/mcuxpressoide_11.6.1_8255/ide/plugins/com.nxp.mcuxpresso.tools.win32_11.6.1.202207200623/tools/bin/../lib/gcc/arm-none-eabi/10.3.1/thumb/v7e-m+fp/hard\libgcc.a
END GROUP
                0x00000000                __base_PROGRAM_FLASH = 0x0
                0x00000000                __base_Flash = 0x0
                0x00100000                __top_PROGRAM_FLASH = 0x100000
                0x00100000                __top_Flash = 0x100000
                0x20000000                __base_SRAM_UPPER = 0x20000000
                0x20000000                __base_RAM = 0x20000000
                0x20030000                __top_SRAM_UPPER = 0x20030000
                0x20030000                __top_RAM = 0x20030000
                0x1fff0000                __base_SRAM_LOWER = 0x1fff0000
                0x1fff0000                __base_RAM2 = 0x1fff0000
                0x20000000                __top_SRAM_LOWER = 0x20000000
                0x20000000                __top_RAM2 = 0x20000000
                0x14000000                __base_FLEX_RAM = 0x14000000
                0x14000000                __base_RAM3 = 0x14000000
                0x14001000                __top_FLEX_RAM = 0x14001000
                0x14001000                __top_RAM3 = 0x14001000

.text           0x00000000     0x7ed0
 FILL mask 0xff
                0x00000000                __vectors_start__ = ABSOLUTE (.)
 *(SORT_BY_ALIGNMENT(.isr_vector))
 .isr_vector    0x00000000      0x198 ./SDK/startup/startup_mk64f12.o
                0x00000000                g_pfnVectors
                0x00000000                __Vectors
                0x00000198                . = ALIGN (0x4)
                0x00000198                __section_table_start = .
                0x00000198                __data_section_table = .
                0x00000198        0x4 LONG 0x7ed0 LOADADDR (.data)
                0x0000019c        0x4 LONG 0x20000000 ADDR (.data)
                0x000001a0        0x4 LONG 0x168 SIZEOF (.data)
                0x000001a4        0x4 LONG 0x7ed0 LOADADDR (.data_RAM2)
                0x000001a8        0x4 LONG 0x1fff0000 ADDR (.data_RAM2)
                0x000001ac        0x4 LONG 0x0 SIZEOF (.data_RAM2)
                0x000001b0        0x4 LONG 0x7ed0 LOADADDR (.data_RAM3)
                0x000001b4        0x4 LONG 0x14000000 ADDR (.data_RAM3)
                0x000001b8        0x4 LONG 0x0 SIZEOF (.data_RAM3)
                0x000001bc                __data_section_table_end = .
                0x000001bc                __bss_section_table = .
                0x000001bc        0x4 LONG 0x20000168 ADDR (.bss)
                0x000001c0        0x4 LONG 0x1598 SIZEOF (.bss)
                0x000001c4        0x4 LONG 0x1fff0000 ADDR (.bss_RAM2)
                0x000001c8        0x4 LONG 0x0 SIZEOF (.bss_RAM2)
                0x000001cc        0x4 LONG 0x14000000 ADDR (.bss_RAM3)
                0x000001d0        0x4 LONG 0x0 SIZEOF (.bss_RAM3)
                0x000001d4                __bss_section_table_end = .
                0x000001d4                __section_table_end = .
 *(SORT_BY_ALIGNMENT(.after_vectors*))
 .after_vectors.reset
                0x000001d4       0x4c ./SDK/startup/startup_mk64f12.o
                0x000001d4                ResetISR
 .after_vectors.init_data
                0x00000220       0x1e ./SDK/startup/startup_mk64f12.o
                0x00000220                data_init
 .after_vectors.init_bss
                0x0000023e       0x12 ./SDK/startup/startup_mk64f12.o
                0x0000023e                bss_init
 .after_vectors
                0x00000250       0x14 ./SDK/startup/startup_mk64f12.o
                0x00000250                NMI_Handler
                0x00000254                MemManage_Handler
                0x00000256                BusFault_Handler
                0x00000258                UsageFault_Handler
                0x0000025a                SVC_Handler
                0x0000025c                DebugMon_Handler
                0x0000025e                PendSV_Handler
                0x00000262                DMA_Error_DriverIRQHandler
                0x00000262                LPTMR0_DriverIRQHandler
                0x00000262                FTM1_DriverIRQHandler
                0x00000262                FTM2_DriverIRQHandler
                0x00000262                PIT2_DriverIRQHandler
                0x00000262                SDHC_DriverIRQHandler
                0x00000262                I2S0_Tx_DriverIRQHandler
                0x00000262                RTC_Seconds_DriverIRQHandler
                0x00000262                DMA6_DriverIRQHandler
                0x00000262                LLWU_DriverIRQHandler
                0x00000262                MCM_DriverIRQHandler
                0x00000262                MCG_DriverIRQHandler
                0x00000262                ENET_1588_Timer_DriverIRQHandler
                0x00000262                I2C2_DriverIRQHandler
                0x00000262                DAC1_DriverIRQHandler
                0x00000262                SPI1_DriverIRQHandler
                0x00000262                CMP1_DriverIRQHandler
                0x00000262                UART5_RX_TX_DriverIRQHandler
                0x00000262                FTM0_DriverIRQHandler
                0x00000262                IntDefaultHandler
                0x00000262                USB0_DriverIRQHandler
                0x00000262                UART5_ERR_DriverIRQHandler
                0x00000262                PORTC_DriverIRQHandler
                0x00000262                DMA11_DriverIRQHandler
                0x00000262                DAC0_DriverIRQHandler
                0x00000262                DMA10_DriverIRQHandler
                0x00000262                CMP2_DriverIRQHandler
                0x00000262                UART2_ERR_DriverIRQHandler
                0x00000262                SPI2_DriverIRQHandler
                0x00000262                LVD_LVW_DriverIRQHandler
                0x00000262                PIT0_DriverIRQHandler
                0x00000262                RNG_DriverIRQHandler
                0x00000262                DMA5_DriverIRQHandler
                0x00000262                DMA12_DriverIRQHandler
                0x00000262                UART2_RX_TX_DriverIRQHandler
                0x00000262                USBDCD_DriverIRQHandler
                0x00000262                UART3_ERR_DriverIRQHandler
                0x00000262                DMA3_DriverIRQHandler
                0x00000262                DMA8_DriverIRQHandler
                0x00000262                DMA9_DriverIRQHandler
                0x00000262                UART0_ERR_DriverIRQHandler
                0x00000262                CMT_DriverIRQHandler
                0x00000262                Reserved71_DriverIRQHandler
                0x00000262                ADC1_DriverIRQHandler
                0x00000262                PORTA_DriverIRQHandler
                0x00000262                DMA14_DriverIRQHandler
                0x00000262                PIT3_DriverIRQHandler
                0x00000262                PIT1_DriverIRQHandler
                0x00000262                WDOG_EWM_DriverIRQHandler
                0x00000262                PDB0_DriverIRQHandler
                0x00000262                RTC_DriverIRQHandler
                0x00000262                I2S0_Rx_DriverIRQHandler
                0x00000262                Read_Collision_DriverIRQHandler
                0x00000262                SWI_DriverIRQHandler
                0x00000262                UART4_RX_TX_DriverIRQHandler
                0x00000262                UART4_ERR_DriverIRQHandler
                0x00000262                PORTB_DriverIRQHandler
                0x00000262                UART0_LON_DriverIRQHandler
                0x00000262                DMA0_DriverIRQHandler
                0x00000262                DMA1_DriverIRQHandler
                0x00000262                I2C1_DriverIRQHandler
                0x00000262                UART3_RX_TX_DriverIRQHandler
                0x00000262                ENET_Receive_DriverIRQHandler
                0x00000262                DMA13_DriverIRQHandler
                0x00000262                ENET_Error_DriverIRQHandler
                0x00000262                DMA15_DriverIRQHandler
                0x00000262                UART0_RX_TX_DriverIRQHandler
                0x00000262                SPI0_DriverIRQHandler
                0x00000262                ADC0_DriverIRQHandler
                0x00000262                CMP0_DriverIRQHandler
                0x00000262                CAN0_DriverIRQHandler
                0x00000262                FTM3_DriverIRQHandler
                0x00000262                DMA4_DriverIRQHandler
                0x00000262                UART1_ERR_DriverIRQHandler
                0x00000262                DMA2_DriverIRQHandler
                0x00000262                ENET_Transmit_DriverIRQHandler
                0x00000262                PORTD_DriverIRQHandler
                0x00000262                PORTE_DriverIRQHandler
                0x00000262                FTFE_DriverIRQHandler
                0x00000262                I2C0_DriverIRQHandler
                0x00000262                DMA7_DriverIRQHandler
                0x00000262                UART1_RX_TX_DriverIRQHandler
                0x00000400                . = 0x400
 *fill*         0x00000264      0x19c ff
                0x00000400                PROVIDE (__FLASH_CONFIG_START__ = .)
 *(SORT_BY_ALIGNMENT(.FlashConfig))
 .FlashConfig   0x00000400       0x10 ./SDK/startup/startup_mk64f12.o
                0x00000400                Flash_Config
                0x00000410                PROVIDE (__FLASH_CONFIG_END__ = .)
                0x00000001                ASSERT (! ((__FLASH_CONFIG_START__ == __FLASH_CONFIG_END__)), Linker Flash Config Support Enabled, but no .FlashConfig section provided within application)
 *(SORT_BY_ALIGNMENT(.text*))
 .text.denormalized_U_total
                0x00000410       0x40 ./source/Sistema de Control/SistemaDeControl.o
                0x00000410                denormalized_U_total
 .text.poly     0x00000450       0x90 ./source/Sistema de Control/SistemaDeControl.o
 .text.calibrateMPU6050
                0x000004e0      0x2b4 ./source/Sensores/MPU6050.o
                0x000004e0                calibrateMPU6050
 *fill*         0x00000794        0x4 ff
 .text.mpu6050_raw2trueGyro
                0x00000798      0x12c ./source/Sensores/MPU6050.o
 *fill*         0x000008c4        0x4 ff
 .text.mpu6050_raw2trueAcc
                0x000008c8      0x15c ./source/Sensores/MPU6050.o
 *fill*         0x00000a24        0x4 ff
 .text.RF2Newton
                0x00000a28      0x23c ./source/NRF/RF.o
                0x00000a28                RF2Newton
 *fill*         0x00000c64        0x4 ff
 .text.ESCSetSpeed
                0x00000c68       0xa8 ./source/ESCDriver/ESCDriver.o
                0x00000c68                ESCSetSpeed
 .text.runControlStep
                0x00000d10      0x218 ./source/App.o
 .text.getEulerAnglesRatesFAST
                0x00000f28      0x350 ./source/App.o
 .text._sincosf
                0x00001278      0x138 c:/nxp/mcuxpressoide_11.6.1_8255/ide/plugins/com.nxp.mcuxpresso.tools.win32_11.6.1.202207200623/tools/bin/../lib/gcc/arm-none-eabi/10.3.1/../../../../arm-none-eabi/lib/thumb/v7e-m+fp/hard\libcr_c.a(_sincosf.o)
                0x00001278                _sincosf
 .text.__NVIC_EnableIRQ
                0x000013b0       0x3c ./source/timer/SysTick.o
 .text.SysTick_Init
                0x000013ec       0x48 ./source/timer/SysTick.o
                0x000013ec                SysTick_Init
 .text.SysTick_Handler
                0x00001434       0x24 ./source/timer/SysTick.o
                0x00001434                SysTick_Handler
 .text.timerInit
                0x00001458       0x28 ./source/timer/timer.o
                0x00001458                timerInit
 .text.timerGetId
                0x00001480       0x2c ./source/timer/timer.o
                0x00001480                timerGetId
 .text.timerStart
                0x000014ac       0xb8 ./source/timer/timer.o
                0x000014ac                timerStart
 .text.timerStop
                0x00001564       0x44 ./source/timer/timer.o
                0x00001564                timerStop
 .text.timerExpired
                0x000015a8       0x54 ./source/timer/timer.o
                0x000015a8                timerExpired
 .text.timer_isr
                0x000015fc       0xe0 ./source/timer/timer.o
 .text.getCircularPointer
                0x000016dc       0x30 ./source/buffer/SPI_buffer.o
 .text.SPIBgetPckg
                0x0000170c       0x84 ./source/buffer/SPI_buffer.o
                0x0000170c                SPIBgetPckg
 .text.__NVIC_EnableIRQ
                0x00001790       0x3c ./source/UART/uart.o
 .text.uartInit
                0x000017cc      0x1c8 ./source/UART/uart.o
                0x000017cc                uartInit
 .text.UART_Rx_Tx_IRQ
                0x00001994       0xd0 ./source/UART/uart.o
 .text.integrateError
                0x00001a64      0x1b0 ./source/Sistema de Control/SistemaDeControl.o
                0x00001a64                integrateError
 .text.U2PWM    0x00001c14      0x398 ./source/Sistema de Control/SistemaDeControl.o
                0x00001c14                U2PWM
 .text.initMPU6050
                0x00001fac      0x32c ./source/Sensores/MPU6050.o
                0x00001fac                initMPU6050
 .text.mpu6050_readAccelData
                0x000022d8       0xb4 ./source/Sensores/MPU6050.o
                0x000022d8                mpu6050_readAccelData
 .text.mpu6050_readGyroData
                0x0000238c       0xa8 ./source/Sensores/MPU6050.o
                0x0000238c                mpu6050_readGyroData
 .text.mpu6050_readGyroData_async
                0x00002434       0x48 ./source/Sensores/MPU6050.o
                0x00002434                mpu6050_readGyroData_async
 .text.mpu6050_readAccelData_async
                0x0000247c       0x48 ./source/Sensores/MPU6050.o
                0x0000247c                mpu6050_readAccelData_async
 .text.mpu6050_getLastGyroRead
                0x000024c4       0x5c ./source/Sensores/MPU6050.o
                0x000024c4                mpu6050_getLastGyroRead
 .text.mpu6050_getLastAccelRead
                0x00002520       0x5c ./source/Sensores/MPU6050.o
                0x00002520                mpu6050_getLastAccelRead
 .text.__NVIC_EnableIRQ
                0x0000257c       0x3c ./source/SPI/SPI.o
 .text.SPI_config
                0x000025b8      0x260 ./source/SPI/SPI.o
                0x000025b8                SPI_config
 .text.ClockGatingAndInterruptEnable
                0x00002818       0x8c ./source/SPI/SPI.o
 .text.PinConfig
                0x000028a4       0xec ./source/SPI/SPI.o
 .text.PCSInit  0x00002990      0x2b8 ./source/SPI/SPI.o
 .text.SPISend  0x00002c48       0xb0 ./source/SPI/SPI.o
                0x00002c48                SPISend
 .text.SPI0_IRQHandler
                0x00002cf8      0x14c ./source/SPI/SPI.o
                0x00002cf8                SPI0_IRQHandler
 .text.PIT0_IRQHandler
                0x00002e44       0x40 ./source/PIT/PIT.o
                0x00002e44                PIT0_IRQHandler
 .text.PIT1_IRQHandler
                0x00002e84       0x30 ./source/PIT/PIT.o
                0x00002e84                PIT1_IRQHandler
 .text.PIT2_IRQHandler
                0x00002eb4       0x30 ./source/PIT/PIT.o
                0x00002eb4                PIT2_IRQHandler
 .text.PIT3_IRQHandler
                0x00002ee4       0x30 ./source/PIT/PIT.o
                0x00002ee4                PIT3_IRQHandler
 .text.RF24begin
                0x00002f14      0x150 ./source/NRF/NRF.o
                0x00002f14                RF24begin
 .text.writeRegister
                0x00003064       0x8c ./source/NRF/NRF.o
 .text.readRegister
                0x000030f0       0x84 ./source/NRF/NRF.o
 .text.callBackSPI
                0x00003174       0x18 ./source/NRF/NRF.o
 .text.callBackSPIRead
                0x0000318c       0x18 ./source/NRF/NRF.o
 .text.toggle_features
                0x000031a4       0x70 ./source/NRF/NRF.o
 .text.setPayloadSize
                0x00003214       0x54 ./source/NRF/NRF.o
 .text.setAddressWidth
                0x00003268       0x54 ./source/NRF/NRF.o
 .text.powerUp  0x000032bc       0x3c ./source/NRF/NRF.o
 .text.openReadingPipe
                0x000032f8       0x98 ./source/NRF/NRF.o
                0x000032f8                openReadingPipe
 .text.startListening
                0x00003390       0x58 ./source/NRF/NRF.o
                0x00003390                startListening
 .text.writeSeveralRegisters
                0x000033e8      0x108 ./source/NRF/NRF.o
 .text.read_payLoad
                0x000034f0      0x178 ./source/NRF/NRF.o
                0x000034f0                read_payLoad
 .text.readLastData
                0x00003668       0x40 ./source/NRF/NRF.o
                0x00003668                readLastData
 .text.RFinit   0x000036a8       0x34 ./source/NRF/RF.o
                0x000036a8                RFinit
 .text.RFcalibrate
                0x000036dc      0x128 ./source/NRF/RF.o
                0x000036dc                RFcalibrate
 .text.callBackTimeOut
                0x00003804       0x18 ./source/NRF/RF.o
                0x00003804                callBackTimeOut
 .text.RFgetDeNormalizedData
                0x0000381c       0xcc ./source/NRF/RF.o
                0x0000381c                RFgetDeNormalizedData
 .text.gpioMode
                0x000038e8      0x174 ./source/MCAL/gpio.o
                0x000038e8                gpioMode
 .text.gpioWrite
                0x00003a5c       0x68 ./source/MCAL/gpio.o
                0x00003a5c                gpioWrite
 .text.gpioToggle
                0x00003ac4       0x40 ./source/MCAL/gpio.o
                0x00003ac4                gpioToggle
 .text.gpioRead
                0x00003b04       0x4c ./source/MCAL/gpio.o
                0x00003b04                gpioRead
 .text.PORTA_IRQHandler
                0x00003b50       0x64 ./source/MCAL/gpio.o
                0x00003b50                PORTA_IRQHandler
 .text.PORTB_IRQHandler
                0x00003bb4       0x64 ./source/MCAL/gpio.o
                0x00003bb4                PORTB_IRQHandler
 .text.PORTC_IRQHandler
                0x00003c18       0x64 ./source/MCAL/gpio.o
                0x00003c18                PORTC_IRQHandler
 .text.PORTD_IRQHandler
                0x00003c7c       0x64 ./source/MCAL/gpio.o
                0x00003c7c                PORTD_IRQHandler
 .text.PORTE_IRQHandler
                0x00003ce0       0x64 ./source/MCAL/gpio.o
                0x00003ce0                PORTE_IRQHandler
 .text.__NVIC_EnableIRQ
                0x00003d44       0x3c ./source/I2Cm/I2Cm.o
 .text.I2CmInit
                0x00003d80       0xf0 ./source/I2Cm/I2Cm.o
                0x00003d80                I2CmInit
 .text.I2CmStartTransaction
                0x00003e70      0x248 ./source/I2Cm/I2Cm.o
                0x00003e70                I2CmStartTransaction
 .text.isI2CBusy
                0x000040b8       0x68 ./source/I2Cm/I2Cm.o
                0x000040b8                isI2CBusy
 .text.I2C0_IRQHandler
                0x00004120      0x2cc ./source/I2Cm/I2Cm.o
                0x00004120                I2C0_IRQHandler
 .text.FusionAhrsInitialise
                0x000043ec       0x68 ./source/Fusion/FusionAhrs.o
                0x000043ec                FusionAhrsInitialise
 .text.FusionAhrsGetQuaternion
                0x00004454       0x24 ./source/Fusion/FusionAhrs.o
                0x00004454                FusionAhrsGetQuaternion
 .text.FusionAhrsGetFlags
                0x00004478       0x40 ./source/Fusion/FusionAhrs.o
                0x00004478                FusionAhrsGetFlags
 .text.FusionAhrsSetHeading
                0x000044b8       0xd8 ./source/Fusion/FusionAhrs.o
                0x000044b8                FusionAhrsSetHeading
 .text.FusionAhrsUpdate
                0x00004590      0x46c ./source/Fusion/FusionAhrs.o
                0x00004590                FusionAhrsUpdate
 .text.FusionAhrsUpdateNoMagnetometer
                0x000049fc       0x50 ./source/Fusion/FusionAhrs.o
                0x000049fc                FusionAhrsUpdateNoMagnetometer
 .text.FusionCompassCalculateHeading
                0x00004a4c       0xcc ./source/Fusion/FusionCompass.o
                0x00004a4c                FusionCompassCalculateHeading
 .text.FTM0_IRQHandler
                0x00004b18       0x9c ./source/FTM/FTM.o
                0x00004b18                FTM0_IRQHandler
 .text.FTM1_IRQHandler
                0x00004bb4       0xa4 ./source/FTM/FTM.o
                0x00004bb4                FTM1_IRQHandler
 .text.ESCInit  0x00004c58       0xf0 ./source/ESCDriver/ESCDriver.o
                0x00004c58                ESCInit
 .text.ESCDisarm
                0x00004d48       0x4c ./source/ESCDriver/ESCDriver.o
                0x00004d48                ESCDisarm
 .text.ESCCalibrate
                0x00004d94       0xdc ./source/ESCDriver/ESCDriver.o
                0x00004d94                ESCCalibrate
 .text.FusionRadiansToDegrees
                0x00004e70       0x28 ./source/App.o
 .text.FusionAsin
                0x00004e98       0x58 ./source/App.o
 .text.App_Init
                0x00004ef0      0x1c0 ./source/App.o
                0x00004ef0                App_Init
 .text.startI2CreadingCallBack
                0x000050b0       0x24 ./source/App.o
 .text.startI2C_ACCELEROMETER_CallBack
                0x000050d4       0x2c ./source/App.o
 .text.App_Run  0x00005100      0x4dc ./source/App.o
                0x00005100                App_Run
 .text.hw_Init  0x000055dc      0x108 ./SDK/startup/hardware.o
                0x000055dc                hw_Init
 .text.hw_EnableInterrupts
                0x000056e4       0x30 ./SDK/startup/hardware.o
                0x000056e4                hw_EnableInterrupts
 .text.hw_DisableInterrupts
                0x00005714       0x20 ./SDK/startup/hardware.o
                0x00005714                hw_DisableInterrupts
 .text.SystemInit
                0x00005734       0x3c ./SDK/CMSIS/system_MK64F12.o
                0x00005734                SystemInit
 .text.arm_sin_f32
                0x00005770       0x8c C:\Users\sch_b\OneDrive\Documentos\QUADCOPTER\Quadcopter\TPQUAD\SDK\CMSIS\DSP\libarm_cortexM4lf_math.a(arm_sin_f32.o)
                0x00005770                arm_sin_f32
 .text.arm_cos_f32
                0x000057fc       0x94 C:\Users\sch_b\OneDrive\Documentos\QUADCOPTER\Quadcopter\TPQUAD\SDK\CMSIS\DSP\libarm_cortexM4lf_math.a(arm_cos_f32.o)
                0x000057fc                arm_cos_f32
 .text.atan2f   0x00005890       0xc0 c:/nxp/mcuxpressoide_11.6.1_8255/ide/plugins/com.nxp.mcuxpresso.tools.win32_11.6.1.202207200623/tools/bin/../lib/gcc/arm-none-eabi/10.3.1/../../../../arm-none-eabi/lib/thumb/v7e-m+fp/hard\libcr_c.a(atan2f.o)
                0x00005890                atan2f
 .text.atanf    0x00005950       0xec c:/nxp/mcuxpressoide_11.6.1_8255/ide/plugins/com.nxp.mcuxpresso.tools.win32_11.6.1.202207200623/tools/bin/../lib/gcc/arm-none-eabi/10.3.1/../../../../arm-none-eabi/lib/thumb/v7e-m+fp/hard\libcr_c.a(atanf.o)
                0x00005950                atanf
 .text.cosf     0x00005a3c       0x30 c:/nxp/mcuxpressoide_11.6.1_8255/ide/plugins/com.nxp.mcuxpresso.tools.win32_11.6.1.202207200623/tools/bin/../lib/gcc/arm-none-eabi/10.3.1/../../../../arm-none-eabi/lib/thumb/v7e-m+fp/hard\libcr_c.a(cosf.o)
                0x00005a3c                cosf
 .text._asinacosf
                0x00005a6c      0x158 c:/nxp/mcuxpressoide_11.6.1_8255/ide/plugins/com.nxp.mcuxpresso.tools.win32_11.6.1.202207200623/tools/bin/../lib/gcc/arm-none-eabi/10.3.1/../../../../arm-none-eabi/lib/thumb/v7e-m+fp/hard\libcr_c.a(_asinacosf.o)
                0x00005a6c                _asinacosf
 .text.__aeabi_dmul
                0x00005bc4       0xfc c:/nxp/mcuxpressoide_11.6.1_8255/ide/plugins/com.nxp.mcuxpresso.tools.win32_11.6.1.202207200623/tools/bin/../lib/gcc/arm-none-eabi/10.3.1/thumb/v7e-m+fp/hard\libcr_eabihelpers.a(double.o)
                0x00005bc4                __aeabi_dmul
 .text.__aeabi_ddiv
                0x00005cc0      0x138 c:/nxp/mcuxpressoide_11.6.1_8255/ide/plugins/com.nxp.mcuxpresso.tools.win32_11.6.1.202207200623/tools/bin/../lib/gcc/arm-none-eabi/10.3.1/thumb/v7e-m+fp/hard\libcr_eabihelpers.a(double.o)
                0x00005cc0                __aeabi_ddiv
 .text.__aeabi_dsub
                0x00005df8      0x1ac c:/nxp/mcuxpressoide_11.6.1_8255/ide/plugins/com.nxp.mcuxpresso.tools.win32_11.6.1.202207200623/tools/bin/../lib/gcc/arm-none-eabi/10.3.1/thumb/v7e-m+fp/hard\libcr_eabihelpers.a(double.o)
                0x00005df8                __aeabi_dsub
 .text.__aeabi_dadd
                0x00005fa4      0x114 c:/nxp/mcuxpressoide_11.6.1_8255/ide/plugins/com.nxp.mcuxpresso.tools.win32_11.6.1.202207200623/tools/bin/../lib/gcc/arm-none-eabi/10.3.1/thumb/v7e-m+fp/hard\libcr_eabihelpers.a(double.o)
                0x00005fa4                __aeabi_dadd
 .text.__aeabi_d2f
                0x000060b8       0x58 c:/nxp/mcuxpressoide_11.6.1_8255/ide/plugins/com.nxp.mcuxpresso.tools.win32_11.6.1.202207200623/tools/bin/../lib/gcc/arm-none-eabi/10.3.1/thumb/v7e-m+fp/hard\libcr_eabihelpers.a(double.o)
                0x000060b8                __aeabi_d2f
 .text.__aeabi_f2d
                0x00006110       0x38 c:/nxp/mcuxpressoide_11.6.1_8255/ide/plugins/com.nxp.mcuxpresso.tools.win32_11.6.1.202207200623/tools/bin/../lib/gcc/arm-none-eabi/10.3.1/thumb/v7e-m+fp/hard\libcr_eabihelpers.a(float.o)
                0x00006110                __aeabi_f2d
 .text.timerDelay
                0x00006148       0x32 ./source/timer/timer.o
                0x00006148                timerDelay
 .text.SPIBinit
                0x0000617a       0x24 ./source/buffer/SPI_buffer.o
                0x0000617a                SPIBinit
 .text.SPIBisEmpty
                0x0000619e       0x2a ./source/buffer/SPI_buffer.o
                0x0000619e                SPIBisEmpty
 .text.SPIBputChain
                0x000061c8       0xa4 ./source/buffer/SPI_buffer.o
                0x000061c8                SPIBputChain
 .text.getCircularPointer
                0x0000626c       0x2c ./source/buffer/circular_buffer.o
 .text.CBinit   0x00006298       0x30 ./source/buffer/circular_buffer.o
                0x00006298                CBinit
 .text.CBisEmpty
                0x000062c8       0x2a ./source/buffer/circular_buffer.o
                0x000062c8                CBisEmpty
 .text.CBputByte
                0x000062f2       0x8e ./source/buffer/circular_buffer.o
                0x000062f2                CBputByte
 .text.CBgetByte
                0x00006380       0x62 ./source/buffer/circular_buffer.o
                0x00006380                CBgetByte
 .text.UART0_RX_TX_IRQHandler
                0x000063e2       0x2e ./source/UART/uart.o
                0x000063e2                UART0_RX_TX_IRQHandler
 .text.UART1_RX_TX_IRQHandler
                0x00006410       0x2e ./source/UART/uart.o
                0x00006410                UART1_RX_TX_IRQHandler
 .text.UART2_RX_TX_IRQHandler
                0x0000643e       0x2e ./source/UART/uart.o
                0x0000643e                UART2_RX_TX_IRQHandler
 .text.UART3_RX_TX_IRQHandler
                0x0000646c       0x2e ./source/UART/uart.o
                0x0000646c                UART3_RX_TX_IRQHandler
 .text.UART4_RX_TX_IRQHandler
                0x0000649a       0x2e ./source/UART/uart.o
                0x0000649a                UART4_RX_TX_IRQHandler
 .text.matrix_mult
                0x000064c8      0x14a ./source/Sistema de Control/MatrixOps.o
                0x000064c8                matrix_mult
 .text.scalar_mult
                0x00006612       0xa2 ./source/Sistema de Control/MatrixOps.o
                0x00006612                scalar_mult
 .text.matrix_add_sub
                0x000066b4      0x15c ./source/Sistema de Control/MatrixOps.o
                0x000066b4                matrix_add_sub
 .text.proportionalError
                0x00006810       0x28 ./source/Sistema de Control/SistemaDeControl.o
                0x00006810                proportionalError
 .text.denormalized_Kx_U_Values
                0x00006838       0x28 ./source/Sistema de Control/SistemaDeControl.o
                0x00006838                denormalized_Kx_U_Values
 .text.denormalized_Ki_U_Values
                0x00006860       0x28 ./source/Sistema de Control/SistemaDeControl.o
                0x00006860                denormalized_Ki_U_Values
 .text.PinsConfigMaster
                0x00006888       0xc0 ./source/SPI/SPI.o
 .text.setRetries
                0x00006948       0x40 ./source/NRF/NRF.o
 .text.setDataRate
                0x00006988       0x2e ./source/NRF/NRF.o
 .text.setChannel
                0x000069b6       0x2a ./source/NRF/NRF.o
 .text.flush_rx
                0x000069e0       0x10 ./source/NRF/NRF.o
 .text.flush_tx
                0x000069f0       0x10 ./source/NRF/NRF.o
 .text.setPALevel
                0x00006a00       0x44 ./source/NRF/NRF.o
                0x00006a00                setPALevel
 .text._pa_level_reg_value
                0x00006a44       0x30 ./source/NRF/NRF.o
 .text.available
                0x00006a74       0x2a ./source/NRF/NRF.o
                0x00006a74                available
 .text.get_status
                0x00006a9e       0x10 ./source/NRF/NRF.o
 .text.RFbegin  0x00006aae        0xc ./source/NRF/RF.o
                0x00006aae                RFbegin
 .text.ESCArm   0x00006aba       0x4a ./source/ESCDriver/ESCDriver.o
                0x00006aba                ESCArm
 .text.BiQuad_init
                0x00006b04       0xf2 ./source/Biquad/Biquad.o
                0x00006b04                BiQuad_init
 .text.BiQuad_filter
                0x00006bf6       0xf4 ./source/Biquad/Biquad.o
                0x00006bf6                BiQuad_filter
 .text.FusionQuaternionToEuler
                0x00006cea      0x14c ./source/App.o
 .text.main     0x00006e36       0x1a ./SDK/startup/main.o
                0x00006e36                main
 .text.HardFault_Handler
                0x00006e50       0x2c ./SDK/startup/semihost_hardfault.o
                0x00006e50                HardFault_Handler
 .text.DMA0_IRQHandler
                0x00006e7c        0x8 ./SDK/startup/startup_mk64f12.o
                0x00006e7c                DMA0_IRQHandler
 .text.DMA1_IRQHandler
                0x00006e84        0x8 ./SDK/startup/startup_mk64f12.o
                0x00006e84                DMA1_IRQHandler
 .text.DMA2_IRQHandler
                0x00006e8c        0x8 ./SDK/startup/startup_mk64f12.o
                0x00006e8c                DMA2_IRQHandler
 .text.DMA3_IRQHandler
                0x00006e94        0x8 ./SDK/startup/startup_mk64f12.o
                0x00006e94                DMA3_IRQHandler
 .text.DMA4_IRQHandler
                0x00006e9c        0x8 ./SDK/startup/startup_mk64f12.o
                0x00006e9c                DMA4_IRQHandler
 .text.DMA5_IRQHandler
                0x00006ea4        0x8 ./SDK/startup/startup_mk64f12.o
                0x00006ea4                DMA5_IRQHandler
 .text.DMA6_IRQHandler
                0x00006eac        0x8 ./SDK/startup/startup_mk64f12.o
                0x00006eac                DMA6_IRQHandler
 .text.DMA7_IRQHandler
                0x00006eb4        0x8 ./SDK/startup/startup_mk64f12.o
                0x00006eb4                DMA7_IRQHandler
 .text.DMA8_IRQHandler
                0x00006ebc        0x8 ./SDK/startup/startup_mk64f12.o
                0x00006ebc                DMA8_IRQHandler
 .text.DMA9_IRQHandler
                0x00006ec4        0x8 ./SDK/startup/startup_mk64f12.o
                0x00006ec4                DMA9_IRQHandler
 .text.DMA10_IRQHandler
                0x00006ecc        0x8 ./SDK/startup/startup_mk64f12.o
                0x00006ecc                DMA10_IRQHandler
 .text.DMA11_IRQHandler
                0x00006ed4        0x8 ./SDK/startup/startup_mk64f12.o
                0x00006ed4                DMA11_IRQHandler
 .text.DMA12_IRQHandler
                0x00006edc        0x8 ./SDK/startup/startup_mk64f12.o
                0x00006edc                DMA12_IRQHandler
 .text.DMA13_IRQHandler
                0x00006ee4        0x8 ./SDK/startup/startup_mk64f12.o
                0x00006ee4                DMA13_IRQHandler
 .text.DMA14_IRQHandler
                0x00006eec        0x8 ./SDK/startup/startup_mk64f12.o
                0x00006eec                DMA14_IRQHandler
 .text.DMA15_IRQHandler
                0x00006ef4        0x8 ./SDK/startup/startup_mk64f12.o
                0x00006ef4                DMA15_IRQHandler
 .text.DMA_Error_IRQHandler
                0x00006efc        0x8 ./SDK/startup/startup_mk64f12.o
                0x00006efc                DMA_Error_IRQHandler
 .text.MCM_IRQHandler
                0x00006f04        0x8 ./SDK/startup/startup_mk64f12.o
                0x00006f04                MCM_IRQHandler
 .text.FTFE_IRQHandler
                0x00006f0c        0x8 ./SDK/startup/startup_mk64f12.o
                0x00006f0c                FTFE_IRQHandler
 .text.Read_Collision_IRQHandler
                0x00006f14        0x8 ./SDK/startup/startup_mk64f12.o
                0x00006f14                Read_Collision_IRQHandler
 .text.LVD_LVW_IRQHandler
                0x00006f1c        0x8 ./SDK/startup/startup_mk64f12.o
                0x00006f1c                LVD_LVW_IRQHandler
 .text.LLWU_IRQHandler
                0x00006f24        0x8 ./SDK/startup/startup_mk64f12.o
                0x00006f24                LLWU_IRQHandler
 .text.WDOG_EWM_IRQHandler
                0x00006f2c        0x8 ./SDK/startup/startup_mk64f12.o
                0x00006f2c                WDOG_EWM_IRQHandler
 .text.RNG_IRQHandler
                0x00006f34        0x8 ./SDK/startup/startup_mk64f12.o
                0x00006f34                RNG_IRQHandler
 .text.I2C1_IRQHandler
                0x00006f3c        0x8 ./SDK/startup/startup_mk64f12.o
                0x00006f3c                I2C1_IRQHandler
 .text.SPI1_IRQHandler
                0x00006f44        0x8 ./SDK/startup/startup_mk64f12.o
                0x00006f44                SPI1_IRQHandler
 .text.I2S0_Tx_IRQHandler
                0x00006f4c        0x8 ./SDK/startup/startup_mk64f12.o
                0x00006f4c                I2S0_Tx_IRQHandler
 .text.I2S0_Rx_IRQHandler
                0x00006f54        0x8 ./SDK/startup/startup_mk64f12.o
                0x00006f54                I2S0_Rx_IRQHandler
 .text.UART0_LON_IRQHandler
                0x00006f5c        0x8 ./SDK/startup/startup_mk64f12.o
                0x00006f5c                UART0_LON_IRQHandler
 .text.UART0_ERR_IRQHandler
                0x00006f64        0x8 ./SDK/startup/startup_mk64f12.o
                0x00006f64                UART0_ERR_IRQHandler
 .text.UART1_ERR_IRQHandler
                0x00006f6c        0x8 ./SDK/startup/startup_mk64f12.o
                0x00006f6c                UART1_ERR_IRQHandler
 .text.UART2_ERR_IRQHandler
                0x00006f74        0x8 ./SDK/startup/startup_mk64f12.o
                0x00006f74                UART2_ERR_IRQHandler
 .text.UART3_ERR_IRQHandler
                0x00006f7c        0x8 ./SDK/startup/startup_mk64f12.o
                0x00006f7c                UART3_ERR_IRQHandler
 .text.ADC0_IRQHandler
                0x00006f84        0x8 ./SDK/startup/startup_mk64f12.o
                0x00006f84                ADC0_IRQHandler
 .text.CMP0_IRQHandler
                0x00006f8c        0x8 ./SDK/startup/startup_mk64f12.o
                0x00006f8c                CMP0_IRQHandler
 .text.CMP1_IRQHandler
                0x00006f94        0x8 ./SDK/startup/startup_mk64f12.o
                0x00006f94                CMP1_IRQHandler
 .text.FTM2_IRQHandler
                0x00006f9c        0x8 ./SDK/startup/startup_mk64f12.o
                0x00006f9c                FTM2_IRQHandler
 .text.CMT_IRQHandler
                0x00006fa4        0x8 ./SDK/startup/startup_mk64f12.o
                0x00006fa4                CMT_IRQHandler
 .text.RTC_IRQHandler
                0x00006fac        0x8 ./SDK/startup/startup_mk64f12.o
                0x00006fac                RTC_IRQHandler
 .text.RTC_Seconds_IRQHandler
                0x00006fb4        0x8 ./SDK/startup/startup_mk64f12.o
                0x00006fb4                RTC_Seconds_IRQHandler
 .text.PDB0_IRQHandler
                0x00006fbc        0x8 ./SDK/startup/startup_mk64f12.o
                0x00006fbc                PDB0_IRQHandler
 .text.USB0_IRQHandler
                0x00006fc4        0x8 ./SDK/startup/startup_mk64f12.o
                0x00006fc4                USB0_IRQHandler
 .text.USBDCD_IRQHandler
                0x00006fcc        0x8 ./SDK/startup/startup_mk64f12.o
                0x00006fcc                USBDCD_IRQHandler
 .text.Reserved71_IRQHandler
                0x00006fd4        0x8 ./SDK/startup/startup_mk64f12.o
                0x00006fd4                Reserved71_IRQHandler
 .text.DAC0_IRQHandler
                0x00006fdc        0x8 ./SDK/startup/startup_mk64f12.o
                0x00006fdc                DAC0_IRQHandler
 .text.MCG_IRQHandler
                0x00006fe4        0x8 ./SDK/startup/startup_mk64f12.o
                0x00006fe4                MCG_IRQHandler
 .text.LPTMR0_IRQHandler
                0x00006fec        0x8 ./SDK/startup/startup_mk64f12.o
                0x00006fec                LPTMR0_IRQHandler
 .text.SWI_IRQHandler
                0x00006ff4        0x8 ./SDK/startup/startup_mk64f12.o
                0x00006ff4                SWI_IRQHandler
 .text.SPI2_IRQHandler
                0x00006ffc        0x8 ./SDK/startup/startup_mk64f12.o
                0x00006ffc                SPI2_IRQHandler
 .text.UART4_ERR_IRQHandler
                0x00007004        0x8 ./SDK/startup/startup_mk64f12.o
                0x00007004                UART4_ERR_IRQHandler
 .text.UART5_RX_TX_IRQHandler
                0x0000700c        0x8 ./SDK/startup/startup_mk64f12.o
                0x0000700c                UART5_RX_TX_IRQHandler
 .text.UART5_ERR_IRQHandler
                0x00007014        0x8 ./SDK/startup/startup_mk64f12.o
                0x00007014                UART5_ERR_IRQHandler
 .text.CMP2_IRQHandler
                0x0000701c        0x8 ./SDK/startup/startup_mk64f12.o
                0x0000701c                CMP2_IRQHandler
 .text.FTM3_IRQHandler
                0x00007024        0x8 ./SDK/startup/startup_mk64f12.o
                0x00007024                FTM3_IRQHandler
 .text.DAC1_IRQHandler
                0x0000702c        0x8 ./SDK/startup/startup_mk64f12.o
                0x0000702c                DAC1_IRQHandler
 .text.ADC1_IRQHandler
                0x00007034        0x8 ./SDK/startup/startup_mk64f12.o
                0x00007034                ADC1_IRQHandler
 .text.I2C2_IRQHandler
                0x0000703c        0x8 ./SDK/startup/startup_mk64f12.o
                0x0000703c                I2C2_IRQHandler
 .text.CAN0_ORed_Message_buffer_IRQHandler
                0x00007044        0x8 ./SDK/startup/startup_mk64f12.o
                0x00007044                CAN0_ORed_Message_buffer_IRQHandler
 .text.CAN0_Bus_Off_IRQHandler
                0x0000704c        0x8 ./SDK/startup/startup_mk64f12.o
                0x0000704c                CAN0_Bus_Off_IRQHandler
 .text.CAN0_Error_IRQHandler
                0x00007054        0x8 ./SDK/startup/startup_mk64f12.o
                0x00007054                CAN0_Error_IRQHandler
 .text.CAN0_Tx_Warning_IRQHandler
                0x0000705c        0x8 ./SDK/startup/startup_mk64f12.o
                0x0000705c                CAN0_Tx_Warning_IRQHandler
 .text.CAN0_Rx_Warning_IRQHandler
                0x00007064        0x8 ./SDK/startup/startup_mk64f12.o
                0x00007064                CAN0_Rx_Warning_IRQHandler
 .text.CAN0_Wake_Up_IRQHandler
                0x0000706c        0x8 ./SDK/startup/startup_mk64f12.o
                0x0000706c                CAN0_Wake_Up_IRQHandler
 .text.SDHC_IRQHandler
                0x00007074        0x8 ./SDK/startup/startup_mk64f12.o
                0x00007074                SDHC_IRQHandler
 .text.ENET_1588_Timer_IRQHandler
                0x0000707c        0x8 ./SDK/startup/startup_mk64f12.o
                0x0000707c                ENET_1588_Timer_IRQHandler
 .text.ENET_Transmit_IRQHandler
                0x00007084        0x8 ./SDK/startup/startup_mk64f12.o
                0x00007084                ENET_Transmit_IRQHandler
 .text.ENET_Receive_IRQHandler
                0x0000708c        0x8 ./SDK/startup/startup_mk64f12.o
                0x0000708c                ENET_Receive_IRQHandler
 .text.ENET_Error_IRQHandler
                0x00007094        0x8 ./SDK/startup/startup_mk64f12.o
                0x00007094                ENET_Error_IRQHandler
 .text.SystemInitHook
                0x0000709c        0xe ./SDK/CMSIS/system_MK64F12.o
                0x0000709c                SystemInitHook
 .text.asinf    0x000070aa        0x6 c:/nxp/mcuxpressoide_11.6.1_8255/ide/plugins/com.nxp.mcuxpresso.tools.win32_11.6.1.202207200623/tools/bin/../lib/gcc/arm-none-eabi/10.3.1/../../../../arm-none-eabi/lib/thumb/v7e-m+fp/hard\libcr_c.a(asinf.o)
                0x000070aa                asinf
 .text.fabsf    0x000070b0       0x10 c:/nxp/mcuxpressoide_11.6.1_8255/ide/plugins/com.nxp.mcuxpresso.tools.win32_11.6.1.202207200623/tools/bin/../lib/gcc/arm-none-eabi/10.3.1/../../../../arm-none-eabi/lib/thumb/v7e-m+fp/hard\libcr_c.a(fabsf.o)
                0x000070b0                fabsf
 .text.sinf     0x000070c0       0x26 c:/nxp/mcuxpressoide_11.6.1_8255/ide/plugins/com.nxp.mcuxpresso.tools.win32_11.6.1.202207200623/tools/bin/../lib/gcc/arm-none-eabi/10.3.1/../../../../arm-none-eabi/lib/thumb/v7e-m+fp/hard\libcr_c.a(sinf.o)
                0x000070c0                sinf
 .text.sqrtf    0x000070e6        0x6 c:/nxp/mcuxpressoide_11.6.1_8255/ide/plugins/com.nxp.mcuxpresso.tools.win32_11.6.1.202207200623/tools/bin/../lib/gcc/arm-none-eabi/10.3.1/../../../../arm-none-eabi/lib/thumb/v7e-m+fp/hard\libcr_c.a(sqrtf_m4_hardfp.o)
                0x000070e6                sqrtf
 .text.memcpy   0x000070ec        0x4 c:/nxp/mcuxpressoide_11.6.1_8255/ide/plugins/com.nxp.mcuxpresso.tools.win32_11.6.1.202207200623/tools/bin/../lib/gcc/arm-none-eabi/10.3.1/../../../../arm-none-eabi/lib/thumb/v7e-m+fp/hard\libcr_c.a(memcpy.o)
                0x000070ec                memcpy
 .text.memset   0x000070f0        0x4 c:/nxp/mcuxpressoide_11.6.1_8255/ide/plugins/com.nxp.mcuxpresso.tools.win32_11.6.1.202207200623/tools/bin/../lib/gcc/arm-none-eabi/10.3.1/../../../../arm-none-eabi/lib/thumb/v7e-m+fp/hard\libcr_c.a(memset.o)
                0x000070f0                memset
 .text.__aeabi_division_uldivmod
                0x000070f4      0x174 c:/nxp/mcuxpressoide_11.6.1_8255/ide/plugins/com.nxp.mcuxpresso.tools.win32_11.6.1.202207200623/tools/bin/../lib/gcc/arm-none-eabi/10.3.1/thumb/v7e-m+fp/hard\libcr_eabihelpers.a(division_64.o)
                0x000070f4                __aeabi_uldivmod
                0x000070f8                __bhs_ldivmod1
 .text.__aeabi_division_idiv0
                0x00007268        0x2 c:/nxp/mcuxpressoide_11.6.1_8255/ide/plugins/com.nxp.mcuxpresso.tools.win32_11.6.1.202207200623/tools/bin/../lib/gcc/arm-none-eabi/10.3.1/thumb/v7e-m+fp/hard\libcr_eabihelpers.a(division_idiv0.o)
                0x00007268                __aeabi_idiv0
 .text.__aeabi_d2uiz
                0x0000726a       0x30 c:/nxp/mcuxpressoide_11.6.1_8255/ide/plugins/com.nxp.mcuxpresso.tools.win32_11.6.1.202207200623/tools/bin/../lib/gcc/arm-none-eabi/10.3.1/thumb/v7e-m+fp/hard\libcr_eabihelpers.a(double.o)
                0x0000726a                __aeabi_d2uiz
 .text.__bhs_ui2d
                0x0000729a       0x46 c:/nxp/mcuxpressoide_11.6.1_8255/ide/plugins/com.nxp.mcuxpresso.tools.win32_11.6.1.202207200623/tools/bin/../lib/gcc/arm-none-eabi/10.3.1/thumb/v7e-m+fp/hard\libcr_eabihelpers.a(double.o)
                0x0000729a                __bhs_ui2d
 .text.__aeabi_i2d
                0x000072e0       0x12 c:/nxp/mcuxpressoide_11.6.1_8255/ide/plugins/com.nxp.mcuxpresso.tools.win32_11.6.1.202207200623/tools/bin/../lib/gcc/arm-none-eabi/10.3.1/thumb/v7e-m+fp/hard\libcr_eabihelpers.a(double.o)
                0x000072e0                __aeabi_i2d
 .text.__aeabi_ui2d
                0x000072f2        0x8 c:/nxp/mcuxpressoide_11.6.1_8255/ide/plugins/com.nxp.mcuxpresso.tools.win32_11.6.1.202207200623/tools/bin/../lib/gcc/arm-none-eabi/10.3.1/thumb/v7e-m+fp/hard\libcr_eabihelpers.a(double.o)
                0x000072f2                __aeabi_ui2d
 .text.__aeabi_dcmplt
                0x000072fa       0x56 c:/nxp/mcuxpressoide_11.6.1_8255/ide/plugins/com.nxp.mcuxpresso.tools.win32_11.6.1.202207200623/tools/bin/../lib/gcc/arm-none-eabi/10.3.1/thumb/v7e-m+fp/hard\libcr_eabihelpers.a(double.o)
                0x000072fa                __aeabi_dcmplt
 .text.__aeabi_dcmpgt
                0x00007350       0x56 c:/nxp/mcuxpressoide_11.6.1_8255/ide/plugins/com.nxp.mcuxpresso.tools.win32_11.6.1.202207200623/tools/bin/../lib/gcc/arm-none-eabi/10.3.1/thumb/v7e-m+fp/hard\libcr_eabihelpers.a(double.o)
                0x00007350                __aeabi_dcmpgt
 .text.__aeabi_memcpy
                0x000073a6       0x34 c:/nxp/mcuxpressoide_11.6.1_8255/ide/plugins/com.nxp.mcuxpresso.tools.win32_11.6.1.202207200623/tools/bin/../lib/gcc/arm-none-eabi/10.3.1/thumb/v7e-m+fp/hard\libcr_eabihelpers.a(memcpy.o)
                0x000073a6                __aeabi_memcpy
                0x000073b0                __aeabi_memcpy8
                0x000073b0                __aeabi_memcpy4
 .text.__aeabi_memset_lowlevel
                0x000073da       0x32 c:/nxp/mcuxpressoide_11.6.1_8255/ide/plugins/com.nxp.mcuxpresso.tools.win32_11.6.1.202207200623/tools/bin/../lib/gcc/arm-none-eabi/10.3.1/thumb/v7e-m+fp/hard\libcr_eabihelpers.a(memcpy.o)
                0x000073da                __aeabi_lowlevel_memset
 *(SORT_BY_ALIGNMENT(.rodata) SORT_BY_ALIGNMENT(.rodata.*) SORT_BY_ALIGNMENT(.constdata) SORT_BY_ALIGNMENT(.constdata.*))
 *fill*         0x0000740c        0x4 ff
 .rodata        0x00007410       0xf0 ./source/App.o
 .rodata.UARTPorts
                0x00007500       0x18 ./source/UART/uart.o
 .rodata.portPtr
                0x00007518       0x14 ./source/UART/uart.o
 .rodata.UARTClockSource
                0x0000752c       0x18 ./source/UART/uart.o
 .rodata.UARTSIMR
                0x00007544       0x14 ./source/UART/uart.o
 .rodata.UARTSIMMask
                0x00007558       0x14 ./source/UART/uart.o
 .rodata.UART_RX_TX_Vectors
                0x0000756c        0x6 ./source/UART/uart.o
 *fill*         0x00007572        0x2 ff
 .rodata.UARTPinPort
                0x00007574        0x5 ./source/UART/uart.o
 *fill*         0x00007579        0x3 ff
 .rodata.UARTPinNumRX
                0x0000757c        0x5 ./source/UART/uart.o
 *fill*         0x00007581        0x3 ff
 .rodata.UARTPinNumTX
                0x00007584        0x5 ./source/UART/uart.o
 *fill*         0x00007589        0x3 ff
 .rodata.UARTPinMuxAlt
                0x0000758c        0x5 ./source/UART/uart.o
 *fill*         0x00007591        0x3 ff
 .rodata.DPS_SCALE
                0x00007594        0x8 ./source/Sensores/MPU6050.o
 .rodata.G_SCALE
                0x0000759c        0x8 ./source/Sensores/MPU6050.o
 .rodata.gpioPtr
                0x000075a4       0x14 ./source/MCAL/gpio.o
 .rodata.portPtr
                0x000075b8       0x14 ./source/MCAL/gpio.o
 .rodata.SIMPortMasks
                0x000075cc       0x14 ./source/MCAL/gpio.o
 .rodata.I2CPtrs
                0x000075e0        0xc ./source/I2Cm/I2Cm.o
 .rodata.I2CIRQs
                0x000075ec        0x3 ./source/I2Cm/I2Cm.o
 *fill*         0x000075ef        0x1 ff
 .rodata.portPtr
                0x000075f0       0x14 ./source/I2Cm/I2Cm.o
 .rodata.I2CPinPorts
                0x00007604        0x4 ./source/I2Cm/I2Cm.o
 .rodata.I2CPinPinsSCL
                0x00007608        0x4 ./source/I2Cm/I2Cm.o
 .rodata.I2CPinPinsSDA
                0x0000760c        0x4 ./source/I2Cm/I2Cm.o
 .rodata.I2CPinAlts
                0x00007610        0x4 ./source/I2Cm/I2Cm.o
 .rodata.I2CClkSimPtr
                0x00007614       0x10 ./source/I2Cm/I2Cm.o
 .rodata.I2CClkSimMask
                0x00007624       0x10 ./source/I2Cm/I2Cm.o
 .rodata.portPtr
                0x00007634       0x14 ./source/ESCDriver/ESCDriver.o
 .rodata.FTMPinPort
                0x00007648       0x20 ./source/ESCDriver/ESCDriver.o
 .rodata.FTMPinNum
                0x00007668       0x20 ./source/ESCDriver/ESCDriver.o
 .rodata.FTMPinMuxAlt
                0x00007688       0x20 ./source/ESCDriver/ESCDriver.o
 .rodata.motorChannel
                0x000076a8        0x4 ./source/ESCDriver/ESCDriver.o
 .rodata.sinTable_f32
                0x000076ac      0x804 C:\Users\sch_b\OneDrive\Documentos\QUADCOPTER\Quadcopter\TPQUAD\SDK\CMSIS\DSP\libarm_cortexM4lf_math.a(arm_common_tables.o)
                0x000076ac                sinTable_f32
 .rodata.a.0    0x00007eb0       0x10 c:/nxp/mcuxpressoide_11.6.1_8255/ide/plugins/com.nxp.mcuxpresso.tools.win32_11.6.1.202207200623/tools/bin/../lib/gcc/arm-none-eabi/10.3.1/../../../../arm-none-eabi/lib/thumb/v7e-m+fp/hard\libcr_c.a(atanf.o)
 .rodata.a.1    0x00007ec0        0x8 c:/nxp/mcuxpressoide_11.6.1_8255/ide/plugins/com.nxp.mcuxpresso.tools.win32_11.6.1.202207200623/tools/bin/../lib/gcc/arm-none-eabi/10.3.1/../../../../arm-none-eabi/lib/thumb/v7e-m+fp/hard\libcr_c.a(_asinacosf.o)
 .rodata.b.0    0x00007ec8        0x8 c:/nxp/mcuxpressoide_11.6.1_8255/ide/plugins/com.nxp.mcuxpresso.tools.win32_11.6.1.202207200623/tools/bin/../lib/gcc/arm-none-eabi/10.3.1/../../../../arm-none-eabi/lib/thumb/v7e-m+fp/hard\libcr_c.a(_asinacosf.o)
                0x00007ed0                . = ALIGN (0x8)
                0x00007ed0                _etext = .

.glue_7         0x00007ed0        0x0
 .glue_7        0x00007ed0        0x0 linker stubs

.glue_7t        0x00007ed0        0x0
 .glue_7t       0x00007ed0        0x0 linker stubs

.vfp11_veneer   0x00007ed0        0x0
 .vfp11_veneer  0x00007ed0        0x0 linker stubs

.v4_bx          0x00007ed0        0x0
 .v4_bx         0x00007ed0        0x0 linker stubs

.iplt           0x00007ed0        0x0
 .iplt          0x00007ed0        0x0 ./source/timer/SysTick.o

.rel.dyn        0x00007ed0        0x0
 .rel.iplt      0x00007ed0        0x0 ./source/timer/SysTick.o

.m_usb_data
 *(SORT_BY_ALIGNMENT(m_usb_bdt))

.data_RAM2      0x1fff0000        0x0 load address 0x00007ed0
 FILL mask 0xff
                [!provide]                PROVIDE (__start_data_RAM2 = .)
                [!provide]                PROVIDE (__start_data_SRAM_LOWER = .)
 *(SORT_BY_ALIGNMENT(.ramfunc.$RAM2))
 *(SORT_BY_ALIGNMENT(.ramfunc.$SRAM_LOWER))
 *(SORT_BY_ALIGNMENT(.data.$RAM2))
 *(SORT_BY_ALIGNMENT(.data.$SRAM_LOWER))
 *(SORT_BY_ALIGNMENT(.data.$RAM2.*))
 *(SORT_BY_ALIGNMENT(.data.$SRAM_LOWER.*))
                0x1fff0000                . = ALIGN (0x8)
                [!provide]                PROVIDE (__end_data_RAM2 = .)
                [!provide]                PROVIDE (__end_data_SRAM_LOWER = .)

.data_RAM3      0x14000000        0x0 load address 0x00007ed0
 FILL mask 0xff
                [!provide]                PROVIDE (__start_data_RAM3 = .)
                [!provide]                PROVIDE (__start_data_FLEX_RAM = .)
 *(SORT_BY_ALIGNMENT(.ramfunc.$RAM3))
 *(SORT_BY_ALIGNMENT(.ramfunc.$FLEX_RAM))
 *(SORT_BY_ALIGNMENT(.data.$RAM3))
 *(SORT_BY_ALIGNMENT(.data.$FLEX_RAM))
 *(SORT_BY_ALIGNMENT(.data.$RAM3.*))
 *(SORT_BY_ALIGNMENT(.data.$FLEX_RAM.*))
                0x14000000                . = ALIGN (0x8)
                [!provide]                PROVIDE (__end_data_RAM3 = .)
                [!provide]                PROVIDE (__end_data_FLEX_RAM = .)

.uninit_RESERVED
                0x20000000        0x0
                0x20000000                _start_uninit_RESERVED = .
 *(SORT_BY_ALIGNMENT(.bss.$RESERVED*))
                0x20000000                . = ALIGN (0x8)
                0x20000000                _end_uninit_RESERVED = .

.data           0x20000000      0x168 load address 0x00007ed0
 FILL mask 0xff
                0x20000000                _data = .
                [!provide]                PROVIDE (__start_data_RAM = .)
                [!provide]                PROVIDE (__start_data_SRAM_UPPER = .)
 *(SORT_BY_ALIGNMENT(vtable))
 *(SORT_BY_ALIGNMENT(.ramfunc*))
 *(SORT_BY_ALIGNMENT(CodeQuickAccess))
 *(SORT_BY_ALIGNMENT(DataQuickAccess))
 *(SORT_BY_ALIGNMENT(RamFunction))
 *(SORT_BY_ALIGNMENT(.data*))
 .data.calibrationValues
                0x20000000       0x20 ./source/NRF/RF.o
 .data.Kx       0x20000020       0xc0 ./source/App.o
                0x20000020                Kx
 .data.Ki       0x200000e0       0x40 ./source/App.o
                0x200000e0                Ki
 .data.portPtrs
                0x20000120       0x14 ./source/SPI/SPI.o
 .data.SPIPtrs  0x20000134        0xc ./source/SPI/SPI.o
 .data.sim_ptr  0x20000140        0x4 ./source/SPI/SPI.o
 .data.child_pipe
                0x20000144        0x6 ./source/NRF/NRF.o
 *fill*         0x2000014a        0x2 ff
 .data.child_pipe_enable
                0x2000014c        0x6 ./source/NRF/NRF.o
 *fill*         0x20000152        0x2 ff
 .data.address  0x20000154        0x6 ./source/NRF/RF.o
 *fill*         0x2000015a        0x2 ff
 .data.i2cStates
                0x2000015c        0x2 ./source/I2Cm/I2Cm.o
                0x2000015c                i2cStates
 .data.timers_cant
                0x2000015e        0x1 ./source/timer/timer.o
 .data.Gscale   0x2000015f        0x1 ./source/Sensores/MPU6050.o
 .data.triggerTimeOut.0
                0x20000160        0x1 ./source/NRF/RF.o
 .data.initialising
                0x20000161        0x1 ./source/App.o
                0x20000161                initialising
                0x20000168                . = ALIGN (0x8)
 *fill*         0x20000162        0x6 ff
                0x20000168                _edata = .
                [!provide]                PROVIDE (__end_data_RAM = .)
                [!provide]                PROVIDE (__end_data_SRAM_UPPER = .)

.igot.plt       0x20000168        0x0 load address 0x00008038
 .igot.plt      0x20000168        0x0 ./source/timer/SysTick.o

.bss_RAM2       0x1fff0000        0x0
                [!provide]                PROVIDE (__start_bss_RAM2 = .)
                [!provide]                PROVIDE (__start_bss_SRAM_LOWER = .)
 *(SORT_BY_ALIGNMENT(.bss.$RAM2))
 *(SORT_BY_ALIGNMENT(.bss.$SRAM_LOWER))
 *(SORT_BY_ALIGNMENT(.bss.$RAM2.*))
 *(SORT_BY_ALIGNMENT(.bss.$SRAM_LOWER.*))
                0x1fff0000                . = ALIGN ((. != 0x0)?0x8:0x1)
                [!provide]                PROVIDE (__end_bss_RAM2 = .)
                [!provide]                PROVIDE (__end_bss_SRAM_LOWER = .)

.bss_RAM3       0x14000000        0x0
                [!provide]                PROVIDE (__start_bss_RAM3 = .)
                [!provide]                PROVIDE (__start_bss_FLEX_RAM = .)
 *(SORT_BY_ALIGNMENT(.bss.$RAM3))
 *(SORT_BY_ALIGNMENT(.bss.$FLEX_RAM))
 *(SORT_BY_ALIGNMENT(.bss.$RAM3.*))
 *(SORT_BY_ALIGNMENT(.bss.$FLEX_RAM.*))
                0x14000000                . = ALIGN ((. != 0x0)?0x8:0x1)
                [!provide]                PROVIDE (__end_bss_RAM3 = .)
                [!provide]                PROVIDE (__end_bss_FLEX_RAM = .)

.bss            0x20000168     0x1598
                0x20000168                _bss = .
                [!provide]                PROVIDE (__start_bss_RAM = .)
                [!provide]                PROVIDE (__start_bss_SRAM_UPPER = .)
 *(SORT_BY_ALIGNMENT(.bss*))
 .bss.lastIntegrateError
                0x20000168       0x10 ./source/Sistema de Control/SistemaDeControl.o
 .bss.gyroAverage
                0x20000178       0x18 ./source/Sensores/MPU6050.o
 .bss.accelAverage
                0x20000190       0x18 ./source/Sensores/MPU6050.o
 .bss.ICLastTicks
                0x200001a8      0x100 ./source/FTM/FTM.o
 .bss.accelData
                0x200002a8       0x20 ./source/App.o
                0x200002a8                accelData
 .bss.gyroData  0x200002c8       0x20 ./source/App.o
                0x200002c8                gyroData
 .bss.speed     0x200002e8       0x20 ./source/App.o
                0x200002e8                speed
 .bss.filter_roll_dot_stgs
                0x20000308      0x168 ./source/App.o
                0x20000308                filter_roll_dot_stgs
 .bss.filter_pitch_dot_stgs
                0x20000470      0x168 ./source/App.o
                0x20000470                filter_pitch_dot_stgs
 .bss.filter_yaw_dot_stgs
                0x200005d8      0x168 ./source/App.o
                0x200005d8                filter_yaw_dot_stgs
 .bss.RFchannel
                0x20000740       0x20 ./source/App.o
                0x20000740                RFchannel
 .bss.referenceIntegrator
                0x20000760       0x10 ./source/App.o
                0x20000760                referenceIntegrator
 .bss.referenceProportional
                0x20000770       0x30 ./source/App.o
                0x20000770                referenceProportional
 .bss.SysTickCallback
                0x200007a0        0x4 ./source/timer/SysTick.o
 .bss.timers    0x200007a4       0xa0 ./source/timer/timer.o
 .bss.pckgNULL  0x20000844       0x10 ./source/buffer/SPI_buffer.o
                0x20000844                pckgNULL
 .bss.TxBuffer  0x20000854      0x267 ./source/UART/uart.o
 *fill*         0x20000abb        0x1 
 .bss.RxBuffer  0x20000abc      0x267 ./source/UART/uart.o
 *fill*         0x20000d23        0x1 
 .bss.writeBuffer
                0x20000d24        0x4 ./source/Sensores/MPU6050.o
 .bss.readBuffer
                0x20000d28        0xa ./source/Sensores/MPU6050.o
 *fill*         0x20000d32        0x2 
 .bss.LastRawDataGyroRead
                0x20000d34        0x6 ./source/Sensores/MPU6050.o
 *fill*         0x20000d3a        0x2 
 .bss.LastRawDataAccRead
                0x20000d3c        0x6 ./source/Sensores/MPU6050.o
 *fill*         0x20000d42        0x2 
 .bss.TxBuffer  0x20000d44      0x508 ./source/SPI/SPI.o
 .bss.cont.1    0x2000124c        0x4 ./source/SPI/SPI.o
 .bss.pckgAux.0
                0x20001250       0x10 ./source/SPI/SPI.o
 .bss.PITCbs    0x20001260       0x10 ./source/PIT/PIT.o
 .bss.SPIconfig
                0x20001270        0x3 ./source/NRF/NRF.o
 *fill*         0x20001273        0x1 
 .bss.pipe0_reading_address
                0x20001274        0x5 ./source/NRF/NRF.o
 *fill*         0x20001279        0x3 
 .bss.bufferRead
                0x2000127c       0x20 ./source/NRF/NRF.o
 .bss.internalBuffer
                0x2000129c       0x20 ./source/NRF/RF.o
 .bss.portIrqFunc
                0x200012bc      0x280 ./source/MCAL/gpio.o
                0x200012bc                portIrqFunc
 .bss.writeState
                0x2000153c       0x24 ./source/I2Cm/I2Cm.o
 .bss.readState
                0x20001560       0x18 ./source/I2Cm/I2Cm.o
 .bss.PWMPtrs   0x20001578       0x80 ./source/FTM/FTM.o
 .bss.ICCbPtrs  0x200015f8       0x80 ./source/FTM/FTM.o
 .bss.ICChannelValue
                0x20001678       0x40 ./source/FTM/FTM.o
 .bss.ICnewEdge
                0x200016b8       0x20 ./source/FTM/FTM.o
 .bss.fusionFlags
                0x200016d8        0x5 ./source/App.o
                0x200016d8                fusionFlags
 *fill*         0x200016dd        0x3 
 .bss.__LDM_interruptDisableCount
                0x200016e0        0x4 ./SDK/startup/hardware.o
 .bss.errno     0x200016e4        0x4 c:/nxp/mcuxpressoide_11.6.1_8255/ide/plugins/com.nxp.mcuxpresso.tools.win32_11.6.1.202207200623/tools/bin/../lib/gcc/arm-none-eabi/10.3.1/../../../../arm-none-eabi/lib/thumb/v7e-m+fp/hard\libcr_c.a(errno.o)
                0x200016e4                errno
 .bss.yaInit.0  0x200016e8        0x1 ./source/timer/timer.o
 .bss.Ascale    0x200016e9        0x1 ./source/Sensores/MPU6050.o
 .bss.writeSize
                0x200016ea        0x1 ./source/Sensores/MPU6050.o
 .bss.readSize  0x200016eb        0x1 ./source/Sensores/MPU6050.o
 .bss.inInterrupt
                0x200016ec        0x1 ./source/SPI/SPI.o
 .bss.finishSPI
                0x200016ed        0x1 ./source/NRF/NRF.o
 .bss._is_p_variant
                0x200016ee        0x1 ./source/NRF/NRF.o
 .bss.ack_payloads_enabled
                0x200016ef        0x1 ./source/NRF/NRF.o
 .bss.dynamic_payloads_enabled
                0x200016f0        0x1 ./source/NRF/NRF.o
 .bss.payload_size
                0x200016f1        0x1 ./source/NRF/NRF.o
 .bss.addr_width
                0x200016f2        0x1 ./source/NRF/NRF.o
 .bss.config_reg
                0x200016f3        0x1 ./source/NRF/NRF.o
 .bss._is_p0_rx
                0x200016f4        0x1 ./source/NRF/NRF.o
 .bss.status    0x200016f5        0x1 ./source/NRF/NRF.o
 .bss.atLeastOneAvailable
                0x200016f6        0x1 ./source/NRF/RF.o
 .bss.timeOut   0x200016f7        0x1 ./source/NRF/RF.o
 .bss.timeOutRF
                0x200016f8        0x1 ./source/NRF/RF.o
 .bss.isBusBusy
                0x200016f9        0x1 ./source/I2Cm/I2Cm.o
 .bss.I2CtriggerAcc
                0x200016fa        0x1 ./source/App.o
                0x200016fa                I2CtriggerAcc
 *(SORT_BY_ALIGNMENT(COMMON))
                0x20001700                . = ALIGN (0x8)
 *fill*         0x200016fb        0x5 
                0x20001700                _ebss = .
                [!provide]                PROVIDE (__end_bss_RAM = .)
                [!provide]                PROVIDE (__end_bss_SRAM_UPPER = .)
                [!provide]                PROVIDE (end = .)

.noinit_RAM2    0x1fff0000        0x0
                [!provide]                PROVIDE (__start_noinit_RAM2 = .)
                [!provide]                PROVIDE (__start_noinit_SRAM_LOWER = .)
 *(SORT_BY_ALIGNMENT(.noinit.$RAM2))
 *(SORT_BY_ALIGNMENT(.noinit.$SRAM_LOWER))
 *(SORT_BY_ALIGNMENT(.noinit.$RAM2.*))
 *(SORT_BY_ALIGNMENT(.noinit.$SRAM_LOWER.*))
                0x1fff0000                . = ALIGN (0x8)
                [!provide]                PROVIDE (__end_noinit_RAM2 = .)
                [!provide]                PROVIDE (__end_noinit_SRAM_LOWER = .)

.noinit_RAM3    0x14000000        0x0
                [!provide]                PROVIDE (__start_noinit_RAM3 = .)
                [!provide]                PROVIDE (__start_noinit_FLEX_RAM = .)
 *(SORT_BY_ALIGNMENT(.noinit.$RAM3))
 *(SORT_BY_ALIGNMENT(.noinit.$FLEX_RAM))
 *(SORT_BY_ALIGNMENT(.noinit.$RAM3.*))
 *(SORT_BY_ALIGNMENT(.noinit.$FLEX_RAM.*))
                0x14000000                . = ALIGN (0x8)
                [!provide]                PROVIDE (__end_noinit_RAM3 = .)
                [!provide]                PROVIDE (__end_noinit_FLEX_RAM = .)

.noinit         0x20001700        0x0
                0x20001700                _noinit = .
                [!provide]                PROVIDE (__start_noinit_RAM = .)
                [!provide]                PROVIDE (__start_noinit_SRAM_UPPER = .)
 *(SORT_BY_ALIGNMENT(.noinit*))
                0x20001700                . = ALIGN (0x8)
                0x20001700                _end_noinit = .
                [!provide]                PROVIDE (__end_noinit_RAM = .)
                [!provide]                PROVIDE (__end_noinit_SRAM_UPPER = .)

.ARM.extab
 *(SORT_BY_ALIGNMENT(.ARM.extab*) SORT_BY_ALIGNMENT(.gnu.linkonce.armextab.*))

.ARM.exidx      0x00008038        0x0
                0x00008038                __exidx_start = .
 *(SORT_BY_ALIGNMENT(.ARM.exidx*) SORT_BY_ALIGNMENT(.gnu.linkonce.armexidx.*))
                0x00008038                __exidx_end = .
                0x00001000                _HeapSize = 0x1000

.heap           0x20001700     0x1000
                0x20001700                _pvHeapStart = .
                0x20002700                . = (. + _HeapSize)
 *fill*         0x20001700     0x1000 
                0x20002700                . = ALIGN (0x8)
                0x20002700                _pvHeapLimit = .
                0x00001000                _StackSize = 0x1000

.heap2stackfill
                0x20002700     0x1000
                0x20003700                . = (. + _StackSize)
 *fill*         0x20002700     0x1000 

.stack          0x2002f000        0x0
                0x2002f000                _vStackBase = .
                0x2002f000                . = ALIGN (0x8)
                0x20030000                _vStackTop = (. + _StackSize)
                0x00000000                _image_start = LOADADDR (.text)
                0x00008038                _image_end = (LOADADDR (.data) + SIZEOF (.data))
                0x00008038                _image_size = (_image_end - _image_start)
OUTPUT(TPQUAD.axf elf32-littlearm)
LOAD linker stubs

.debug_info     0x00000000    0x103fb
 .debug_info    0x00000000      0x506 ./source/timer/SysTick.o
 .debug_info    0x00000506      0x2d9 ./source/timer/timer.o
 .debug_info    0x000007df      0x329 ./source/buffer/SPI_buffer.o
 .debug_info    0x00000b08      0x2e6 ./source/buffer/circular_buffer.o
 .debug_info    0x00000dee      0xde4 ./source/UART/uart.o
 .debug_info    0x00001bd2      0x337 ./source/Sistema de Control/MatrixOps.o
 .debug_info    0x00001f09      0x35e ./source/Sistema de Control/SistemaDeControl.o
 .debug_info    0x00002267      0x524 ./source/Sensores/MPU6050.o
 .debug_info    0x0000278b      0xd5c ./source/SPI/SPI.o
 .debug_info    0x000034e7      0x87a ./source/PIT/PIT.o
 .debug_info    0x00003d61      0x8f3 ./source/NRF/NRF.o
 .debug_info    0x00004654      0x2c9 ./source/NRF/RF.o
 .debug_info    0x0000491d      0xc0f ./source/MCAL/gpio.o
 .debug_info    0x0000552c      0xd3a ./source/I2Cm/I2Cm.o
 .debug_info    0x00006266     0x168d ./source/Fusion/FusionAhrs.o
 .debug_info    0x000078f3      0x599 ./source/Fusion/FusionCompass.o
 .debug_info    0x00007e8c      0xfab ./source/FTM/FTM.o
 .debug_info    0x00008e37      0x866 ./source/ESCDriver/ESCDriver.o
 .debug_info    0x0000969d      0x19a ./source/Biquad/Biquad.o
 .debug_info    0x00009837      0xe33 ./source/App.o
 .debug_info    0x0000a66a      0x6b2 ./SDK/startup/hardware.o
 .debug_info    0x0000ad1c       0x86 ./SDK/startup/main.o
 .debug_info    0x0000ada2       0x3c ./SDK/startup/semihost_hardfault.o
 .debug_info    0x0000adde      0x93a ./SDK/startup/startup_mk64f12.o
 .debug_info    0x0000b718      0x63b ./SDK/CMSIS/system_MK64F12.o
 .debug_info    0x0000bd53     0x1612 C:\Users\sch_b\OneDrive\Documentos\QUADCOPTER\Quadcopter\TPQUAD\SDK\CMSIS\DSP\libarm_cortexM4lf_math.a(arm_sin_f32.o)
 .debug_info    0x0000d365     0x1612 C:\Users\sch_b\OneDrive\Documentos\QUADCOPTER\Quadcopter\TPQUAD\SDK\CMSIS\DSP\libarm_cortexM4lf_math.a(arm_cos_f32.o)
 .debug_info    0x0000e977     0x1a84 C:\Users\sch_b\OneDrive\Documentos\QUADCOPTER\Quadcopter\TPQUAD\SDK\CMSIS\DSP\libarm_cortexM4lf_math.a(arm_common_tables.o)

.debug_abbrev   0x00000000     0x316e
 .debug_abbrev  0x00000000      0x190 ./source/timer/SysTick.o
 .debug_abbrev  0x00000190      0x1b5 ./source/timer/timer.o
 .debug_abbrev  0x00000345      0x1b4 ./source/buffer/SPI_buffer.o
 .debug_abbrev  0x000004f9      0x162 ./source/buffer/circular_buffer.o
 .debug_abbrev  0x0000065b      0x267 ./source/UART/uart.o
 .debug_abbrev  0x000008c2       0xc7 ./source/Sistema de Control/MatrixOps.o
 .debug_abbrev  0x00000989       0xe9 ./source/Sistema de Control/SistemaDeControl.o
 .debug_abbrev  0x00000a72      0x18f ./source/Sensores/MPU6050.o
 .debug_abbrev  0x00000c01      0x2d8 ./source/SPI/SPI.o
 .debug_abbrev  0x00000ed9      0x1d5 ./source/PIT/PIT.o
 .debug_abbrev  0x000010ae      0x2ba ./source/NRF/NRF.o
 .debug_abbrev  0x00001368      0x146 ./source/NRF/RF.o
 .debug_abbrev  0x000014ae      0x253 ./source/MCAL/gpio.o
 .debug_abbrev  0x00001701      0x280 ./source/I2Cm/I2Cm.o
 .debug_abbrev  0x00001981      0x392 ./source/Fusion/FusionAhrs.o
 .debug_abbrev  0x00001d13      0x213 ./source/Fusion/FusionCompass.o
 .debug_abbrev  0x00001f26      0x297 ./source/FTM/FTM.o
 .debug_abbrev  0x000021bd      0x188 ./source/ESCDriver/ESCDriver.o
 .debug_abbrev  0x00002345       0xd8 ./source/Biquad/Biquad.o
 .debug_abbrev  0x0000241d      0x2a7 ./source/App.o
 .debug_abbrev  0x000026c4      0x12e ./SDK/startup/hardware.o
 .debug_abbrev  0x000027f2       0x49 ./SDK/startup/main.o
 .debug_abbrev  0x0000283b       0x31 ./SDK/startup/semihost_hardfault.o
 .debug_abbrev  0x0000286c      0x185 ./SDK/startup/startup_mk64f12.o
 .debug_abbrev  0x000029f1      0x148 ./SDK/CMSIS/system_MK64F12.o
 .debug_abbrev  0x00002b39      0x22c C:\Users\sch_b\OneDrive\Documentos\QUADCOPTER\Quadcopter\TPQUAD\SDK\CMSIS\DSP\libarm_cortexM4lf_math.a(arm_sin_f32.o)
 .debug_abbrev  0x00002d65      0x22c C:\Users\sch_b\OneDrive\Documentos\QUADCOPTER\Quadcopter\TPQUAD\SDK\CMSIS\DSP\libarm_cortexM4lf_math.a(arm_cos_f32.o)
 .debug_abbrev  0x00002f91      0x1dd C:\Users\sch_b\OneDrive\Documentos\QUADCOPTER\Quadcopter\TPQUAD\SDK\CMSIS\DSP\libarm_cortexM4lf_math.a(arm_common_tables.o)

.debug_aranges  0x00000000      0xb70
 .debug_aranges
                0x00000000       0x30 ./source/timer/SysTick.o
 .debug_aranges
                0x00000030       0x50 ./source/timer/timer.o
 .debug_aranges
                0x00000080       0x58 ./source/buffer/SPI_buffer.o
 .debug_aranges
                0x000000d8       0x58 ./source/buffer/circular_buffer.o
 .debug_aranges
                0x00000130       0x80 ./source/UART/uart.o
 .debug_aranges
                0x000001b0       0x30 ./source/Sistema de Control/MatrixOps.o
 .debug_aranges
                0x000001e0       0x50 ./source/Sistema de Control/SistemaDeControl.o
 .debug_aranges
                0x00000230       0x70 ./source/Sensores/MPU6050.o
 .debug_aranges
                0x000002a0       0x58 ./source/SPI/SPI.o
 .debug_aranges
                0x000002f8       0x58 ./source/PIT/PIT.o
 .debug_aranges
                0x00000350       0xe0 ./source/NRF/NRF.o
 .debug_aranges
                0x00000430       0x48 ./source/NRF/RF.o
 .debug_aranges
                0x00000478       0x78 ./source/MCAL/gpio.o
 .debug_aranges
                0x000004f0       0x50 ./source/I2Cm/I2Cm.o
 .debug_aranges
                0x00000540       0x78 ./source/Fusion/FusionAhrs.o
 .debug_aranges
                0x000005b8       0x20 ./source/Fusion/FusionCompass.o
 .debug_aranges
                0x000005d8       0x80 ./source/FTM/FTM.o
 .debug_aranges
                0x00000658       0x40 ./source/ESCDriver/ESCDriver.o
 .debug_aranges
                0x00000698       0x28 ./source/Biquad/Biquad.o
 .debug_aranges
                0x000006c0       0x88 ./source/App.o
 .debug_aranges
                0x00000748       0x30 ./SDK/startup/hardware.o
 .debug_aranges
                0x00000778       0x20 ./SDK/startup/main.o
 .debug_aranges
                0x00000798       0x20 ./SDK/startup/semihost_hardfault.o
 .debug_aranges
                0x000007b8      0x330 ./SDK/startup/startup_mk64f12.o
 .debug_aranges
                0x00000ae8       0x30 ./SDK/CMSIS/system_MK64F12.o
 .debug_aranges
                0x00000b18       0x20 C:\Users\sch_b\OneDrive\Documentos\QUADCOPTER\Quadcopter\TPQUAD\SDK\CMSIS\DSP\libarm_cortexM4lf_math.a(arm_sin_f32.o)
 .debug_aranges
                0x00000b38       0x20 C:\Users\sch_b\OneDrive\Documentos\QUADCOPTER\Quadcopter\TPQUAD\SDK\CMSIS\DSP\libarm_cortexM4lf_math.a(arm_cos_f32.o)
 .debug_aranges
                0x00000b58       0x18 C:\Users\sch_b\OneDrive\Documentos\QUADCOPTER\Quadcopter\TPQUAD\SDK\CMSIS\DSP\libarm_cortexM4lf_math.a(arm_common_tables.o)

.debug_ranges   0x00000000     0x11b8
 .debug_ranges  0x00000000       0x20 ./source/timer/SysTick.o
 .debug_ranges  0x00000020       0x40 ./source/timer/timer.o
 .debug_ranges  0x00000060       0x48 ./source/buffer/SPI_buffer.o
 .debug_ranges  0x000000a8       0x48 ./source/buffer/circular_buffer.o
 .debug_ranges  0x000000f0       0x70 ./source/UART/uart.o
 .debug_ranges  0x00000160       0x20 ./source/Sistema de Control/MatrixOps.o
 .debug_ranges  0x00000180       0x40 ./source/Sistema de Control/SistemaDeControl.o
 .debug_ranges  0x000001c0       0x60 ./source/Sensores/MPU6050.o
 .debug_ranges  0x00000220       0x48 ./source/SPI/SPI.o
 .debug_ranges  0x00000268       0x48 ./source/PIT/PIT.o
 .debug_ranges  0x000002b0       0xd0 ./source/NRF/NRF.o
 .debug_ranges  0x00000380       0x38 ./source/NRF/RF.o
 .debug_ranges  0x000003b8       0x68 ./source/MCAL/gpio.o
 .debug_ranges  0x00000420       0x40 ./source/I2Cm/I2Cm.o
 .debug_ranges  0x00000460      0x688 ./source/Fusion/FusionAhrs.o
 .debug_ranges  0x00000ae8      0x200 ./source/Fusion/FusionCompass.o
 .debug_ranges  0x00000ce8       0x70 ./source/FTM/FTM.o
 .debug_ranges  0x00000d58       0x30 ./source/ESCDriver/ESCDriver.o
 .debug_ranges  0x00000d88       0x18 ./source/Biquad/Biquad.o
 .debug_ranges  0x00000da0       0x78 ./source/App.o
 .debug_ranges  0x00000e18       0x20 ./SDK/startup/hardware.o
 .debug_ranges  0x00000e38       0x10 ./SDK/startup/main.o
 .debug_ranges  0x00000e48       0x10 ./SDK/startup/semihost_hardfault.o
 .debug_ranges  0x00000e58      0x320 ./SDK/startup/startup_mk64f12.o
 .debug_ranges  0x00001178       0x20 ./SDK/CMSIS/system_MK64F12.o
 .debug_ranges  0x00001198       0x10 C:\Users\sch_b\OneDrive\Documentos\QUADCOPTER\Quadcopter\TPQUAD\SDK\CMSIS\DSP\libarm_cortexM4lf_math.a(arm_sin_f32.o)
 .debug_ranges  0x000011a8       0x10 C:\Users\sch_b\OneDrive\Documentos\QUADCOPTER\Quadcopter\TPQUAD\SDK\CMSIS\DSP\libarm_cortexM4lf_math.a(arm_cos_f32.o)

.debug_macro    0x00000000    0x158ef
 .debug_macro   0x00000000       0xb6 ./source/timer/SysTick.o
 .debug_macro   0x000000b6      0xa7e ./source/timer/SysTick.o
 .debug_macro   0x00000b34       0x22 ./source/timer/SysTick.o
 .debug_macro   0x00000b56      0x34e ./source/timer/SysTick.o
 .debug_macro   0x00000ea4       0x10 ./source/timer/SysTick.o
 .debug_macro   0x00000eb4       0x5c ./source/timer/SysTick.o
 .debug_macro   0x00000f10       0x1c ./source/timer/SysTick.o
 .debug_macro   0x00000f2c       0x28 ./source/timer/SysTick.o
 .debug_macro   0x00000f54       0xd9 ./source/timer/SysTick.o
 .debug_macro   0x0000102d      0xecf ./source/timer/SysTick.o
 .debug_macro   0x00001efc       0x48 ./source/timer/SysTick.o
 .debug_macro   0x00001f44     0xe07b ./source/timer/SysTick.o
 .debug_macro   0x0000ffbf     0x122b ./source/timer/SysTick.o
 .debug_macro   0x000111ea       0x16 ./source/timer/SysTick.o
 .debug_macro   0x00011200      0x134 ./source/timer/timer.o
 .debug_macro   0x00011334       0x1e ./source/timer/timer.o
 .debug_macro   0x00011352       0x22 ./source/timer/timer.o
 .debug_macro   0x00011374       0x5e ./source/timer/timer.o
 .debug_macro   0x000113d2       0x94 ./source/timer/timer.o
 .debug_macro   0x00011466       0x35 ./source/timer/timer.o
 .debug_macro   0x0001149b       0x34 ./source/timer/timer.o
 .debug_macro   0x000114cf       0x16 ./source/timer/timer.o
 .debug_macro   0x000114e5      0x10e ./source/timer/timer.o
 .debug_macro   0x000115f3       0x8d ./source/timer/timer.o
 .debug_macro   0x00011680       0x16 ./source/timer/timer.o
 .debug_macro   0x00011696       0x43 ./source/timer/timer.o
 .debug_macro   0x000116d9       0x57 ./source/timer/timer.o
 .debug_macro   0x00011730       0x34 ./source/timer/timer.o
 .debug_macro   0x00011764       0x10 ./source/timer/timer.o
 .debug_macro   0x00011774       0x58 ./source/timer/timer.o
 .debug_macro   0x000117cc      0x182 ./source/timer/timer.o
 .debug_macro   0x0001194e      0x341 ./source/timer/timer.o
 .debug_macro   0x00011c8f       0x16 ./source/timer/timer.o
 .debug_macro   0x00011ca5       0x29 ./source/timer/timer.o
 .debug_macro   0x00011cce       0x28 ./source/timer/timer.o
 .debug_macro   0x00011cf6       0x10 ./source/timer/timer.o
 .debug_macro   0x00011d06      0x1e7 ./source/buffer/SPI_buffer.o
 .debug_macro   0x00011eed       0x16 ./source/buffer/SPI_buffer.o
 .debug_macro   0x00011f03       0x97 ./source/buffer/SPI_buffer.o
 .debug_macro   0x00011f9a       0xfd ./source/buffer/SPI_buffer.o
 .debug_macro   0x00012097       0x10 ./source/buffer/SPI_buffer.o
 .debug_macro   0x000120a7       0x10 ./source/buffer/SPI_buffer.o
 .debug_macro   0x000120b7       0x6a ./source/buffer/SPI_buffer.o
 .debug_macro   0x00012121       0x1c ./source/buffer/SPI_buffer.o
 .debug_macro   0x0001213d       0x52 ./source/buffer/SPI_buffer.o
 .debug_macro   0x0001218f       0x22 ./source/buffer/SPI_buffer.o
 .debug_macro   0x000121b1       0x10 ./source/buffer/SPI_buffer.o
 .debug_macro   0x000121c1       0x52 ./source/buffer/SPI_buffer.o
 .debug_macro   0x00012213       0xd5 ./source/buffer/SPI_buffer.o
 .debug_macro   0x000122e8       0x1c ./source/buffer/SPI_buffer.o
 .debug_macro   0x00012304       0x3d ./source/buffer/SPI_buffer.o
 .debug_macro   0x00012341       0x16 ./source/buffer/SPI_buffer.o
 .debug_macro   0x00012357      0x16f ./source/buffer/SPI_buffer.o
 .debug_macro   0x000124c6       0x16 ./source/buffer/SPI_buffer.o
 .debug_macro   0x000124dc       0x35 ./source/buffer/SPI_buffer.o
 .debug_macro   0x00012511       0xac ./source/buffer/circular_buffer.o
 .debug_macro   0x000125bd       0xe8 ./source/UART/uart.o
 .debug_macro   0x000126a5       0x10 ./source/UART/uart.o
 .debug_macro   0x000126b5       0x40 ./source/UART/uart.o
 .debug_macro   0x000126f5       0x2e ./source/Sistema de Control/MatrixOps.o
 .debug_macro   0x00012723      0x132 ./source/Sistema de Control/SistemaDeControl.o
 .debug_macro   0x00012855       0x28 ./source/Sistema de Control/SistemaDeControl.o
 .debug_macro   0x0001287d      0x174 ./source/Sistema de Control/SistemaDeControl.o
 .debug_macro   0x000129f1       0x10 ./source/Sistema de Control/SistemaDeControl.o
 .debug_macro   0x00012a01      0x175 ./source/Sensores/MPU6050.o
 .debug_macro   0x00012b76      0x338 ./source/Sensores/MPU6050.o
 .debug_macro   0x00012eae      0x31f ./source/SPI/SPI.o
 .debug_macro   0x000131cd       0x3a ./source/SPI/SPI.o
 .debug_macro   0x00013207       0x10 ./source/SPI/SPI.o
 .debug_macro   0x00013217       0x10 ./source/SPI/SPI.o
 .debug_macro   0x00013227       0xd3 ./source/PIT/PIT.o
 .debug_macro   0x000132fa       0x28 ./source/PIT/PIT.o
 .debug_macro   0x00013322      0x3bb ./source/NRF/NRF.o
 .debug_macro   0x000136dd      0x1b4 ./source/NRF/RF.o
 .debug_macro   0x00013891       0xc4 ./source/MCAL/gpio.o
 .debug_macro   0x00013955      0x1fd ./source/I2Cm/I2Cm.o
 .debug_macro   0x00013b52       0x10 ./source/I2Cm/I2Cm.o
 .debug_macro   0x00013b62      0x16e ./source/Fusion/FusionAhrs.o
 .debug_macro   0x00013cd0      0xa7e ./source/Fusion/FusionAhrs.o
 .debug_macro   0x0001474e      0x201 ./source/Fusion/FusionAhrs.o
 .debug_macro   0x0001494f      0x186 ./source/Fusion/FusionAhrs.o
 .debug_macro   0x00014ad5       0x9a ./source/Fusion/FusionAhrs.o
 .debug_macro   0x00014b6f      0x108 ./source/Fusion/FusionCompass.o
 .debug_macro   0x00014c77      0x19b ./source/Fusion/FusionCompass.o
 .debug_macro   0x00014e12      0x1c5 ./source/FTM/FTM.o
 .debug_macro   0x00014fd7       0x22 ./source/FTM/FTM.o
 .debug_macro   0x00014ff9      0x1ec ./source/ESCDriver/ESCDriver.o
 .debug_macro   0x000151e5       0x1c ./source/ESCDriver/ESCDriver.o
 .debug_macro   0x00015201       0x1b ./source/Biquad/Biquad.o
 .debug_macro   0x0001521c      0x373 ./source/App.o
 .debug_macro   0x0001558f       0x1c ./source/App.o
 .debug_macro   0x000155ab       0x22 ./source/App.o
 .debug_macro   0x000155cd       0x3a ./source/App.o
 .debug_macro   0x00015607       0x2e ./source/App.o
 .debug_macro   0x00015635       0xc8 ./source/App.o
 .debug_macro   0x000156fd       0x9c ./SDK/startup/hardware.o
 .debug_macro   0x00015799       0x9c ./SDK/startup/main.o
 .debug_macro   0x00015835       0x11 ./SDK/startup/semihost_hardfault.o
 .debug_macro   0x00015846       0x29 ./SDK/startup/startup_mk64f12.o
 .debug_macro   0x0001586f       0x80 ./SDK/CMSIS/system_MK64F12.o

.debug_line     0x00000000     0x9ed3
 .debug_line    0x00000000      0x232 ./source/timer/SysTick.o
 .debug_line    0x00000232      0x4e1 ./source/timer/timer.o
 .debug_line    0x00000713      0x5c3 ./source/buffer/SPI_buffer.o
 .debug_line    0x00000cd6      0x37c ./source/buffer/circular_buffer.o
 .debug_line    0x00001052      0x4fc ./source/UART/uart.o
 .debug_line    0x0000154e      0x2c1 ./source/Sistema de Control/MatrixOps.o
 .debug_line    0x0000180f      0x646 ./source/Sistema de Control/SistemaDeControl.o
 .debug_line    0x00001e55      0x937 ./source/Sensores/MPU6050.o
 .debug_line    0x0000278c      0xbfb ./source/SPI/SPI.o
 .debug_line    0x00003387      0x317 ./source/PIT/PIT.o
 .debug_line    0x0000369e      0x9da ./source/NRF/NRF.o
 .debug_line    0x00004078      0x62b ./source/NRF/RF.o
 .debug_line    0x000046a3      0x4ed ./source/MCAL/gpio.o
 .debug_line    0x00004b90      0x788 ./source/I2Cm/I2Cm.o
 .debug_line    0x00005318     0x10ae ./source/Fusion/FusionAhrs.o
 .debug_line    0x000063c6      0x4f0 ./source/Fusion/FusionCompass.o
 .debug_line    0x000068b6      0x839 ./source/FTM/FTM.o
 .debug_line    0x000070ef      0x676 ./source/ESCDriver/ESCDriver.o
 .debug_line    0x00007765       0xeb ./source/Biquad/Biquad.o
 .debug_line    0x00007850      0xda6 ./source/App.o
 .debug_line    0x000085f6      0x2a7 ./SDK/startup/hardware.o
 .debug_line    0x0000889d      0x1b8 ./SDK/startup/main.o
 .debug_line    0x00008a55       0x5f ./SDK/startup/semihost_hardfault.o
 .debug_line    0x00008ab4      0x917 ./SDK/startup/startup_mk64f12.o
 .debug_line    0x000093cb      0x322 ./SDK/CMSIS/system_MK64F12.o
 .debug_line    0x000096ed      0x2d0 C:\Users\sch_b\OneDrive\Documentos\QUADCOPTER\Quadcopter\TPQUAD\SDK\CMSIS\DSP\libarm_cortexM4lf_math.a(arm_sin_f32.o)
 .debug_line    0x000099bd      0x2d3 C:\Users\sch_b\OneDrive\Documentos\QUADCOPTER\Quadcopter\TPQUAD\SDK\CMSIS\DSP\libarm_cortexM4lf_math.a(arm_cos_f32.o)
 .debug_line    0x00009c90      0x243 C:\Users\sch_b\OneDrive\Documentos\QUADCOPTER\Quadcopter\TPQUAD\SDK\CMSIS\DSP\libarm_cortexM4lf_math.a(arm_common_tables.o)

.debug_str      0x00000000    0x82132
 .debug_str     0x00000000    0x773ec ./source/timer/SysTick.o
                              0x775b7 (size before relaxing)
 .debug_str     0x000773ec     0x30ae ./source/timer/timer.o
                               0x699c (size before relaxing)
 .debug_str     0x0007a49a     0x125e ./source/buffer/SPI_buffer.o
                               0x796b (size before relaxing)
 .debug_str     0x0007b6f8       0xa5 ./source/buffer/circular_buffer.o
                              0x7707d (size before relaxing)
 .debug_str     0x0007b79d      0x4af ./source/UART/uart.o
                              0x77a26 (size before relaxing)
 .debug_str     0x0007bc4c       0x75 ./source/Sistema de Control/MatrixOps.o
                               0x3860 (size before relaxing)
 .debug_str     0x0007bcc1      0x1d5 ./source/Sistema de Control/SistemaDeControl.o
                               0x68b2 (size before relaxing)
 .debug_str     0x0007be96      0xc04 ./source/Sensores/MPU6050.o
                               0x7477 (size before relaxing)
 .debug_str     0x0007ca9a      0x76f ./source/SPI/SPI.o
                              0x7beba (size before relaxing)
 .debug_str     0x0007d209      0x229 ./source/PIT/PIT.o
                              0x77bb8 (size before relaxing)
 .debug_str     0x0007d432      0x7b9 ./source/NRF/NRF.o
                               0x71e3 (size before relaxing)
 .debug_str     0x0007dbeb      0x151 ./source/NRF/RF.o
                              0x7a187 (size before relaxing)
 .debug_str     0x0007dd3c      0x1b5 ./source/MCAL/gpio.o
                              0x77bf1 (size before relaxing)
 .debug_str     0x0007def1      0x2a3 ./source/I2Cm/I2Cm.o
                              0x7aa24 (size before relaxing)
 .debug_str     0x0007e194     0x17d2 ./source/Fusion/FusionAhrs.o
                               0x7e4e (size before relaxing)
 .debug_str     0x0007f966       0x53 ./source/Fusion/FusionCompass.o
                               0x727d (size before relaxing)
 .debug_str     0x0007f9b9      0x4bd ./source/FTM/FTM.o
                              0x7aae5 (size before relaxing)
 .debug_str     0x0007fe76      0x1b4 ./source/ESCDriver/ESCDriver.o
                              0x7a4da (size before relaxing)
 .debug_str     0x0008002a       0x4d ./source/Biquad/Biquad.o
                               0x2d75 (size before relaxing)
 .debug_str     0x00080077      0xb28 ./source/App.o
                               0xac7d (size before relaxing)
 .debug_str     0x00080b9f      0x16f ./SDK/startup/hardware.o
                              0x771d6 (size before relaxing)
 .debug_str     0x00080d0e       0x1b ./SDK/startup/main.o
                              0x76fa1 (size before relaxing)
 .debug_str     0x00080d29       0x36 ./SDK/startup/semihost_hardfault.o
                               0x2d4a (size before relaxing)
 .debug_str     0x00080d5f      0x6bf ./SDK/startup/startup_mk64f12.o
                               0x35a4 (size before relaxing)
 .debug_str     0x0008141e       0x72 ./SDK/CMSIS/system_MK64F12.o
                              0x770f5 (size before relaxing)
 .debug_str     0x00081490      0xc34 C:\Users\sch_b\OneDrive\Documentos\QUADCOPTER\Quadcopter\TPQUAD\SDK\CMSIS\DSP\libarm_cortexM4lf_math.a(arm_sin_f32.o)
                                0xd42 (size before relaxing)
 .debug_str     0x000820c4       0x40 C:\Users\sch_b\OneDrive\Documentos\QUADCOPTER\Quadcopter\TPQUAD\SDK\CMSIS\DSP\libarm_cortexM4lf_math.a(arm_cos_f32.o)
                                0xd42 (size before relaxing)
 .debug_str     0x00082104       0x2e C:\Users\sch_b\OneDrive\Documentos\QUADCOPTER\Quadcopter\TPQUAD\SDK\CMSIS\DSP\libarm_cortexM4lf_math.a(arm_common_tables.o)
                                0xd1d (size before relaxing)

.comment        0x00000000       0xbe
 .comment       0x00000000       0x49 ./source/timer/SysTick.o
                                 0x4a (size before relaxing)
 .comment       0x00000049       0x4a ./source/timer/timer.o
 .comment       0x00000049       0x4a ./source/buffer/SPI_buffer.o
 .comment       0x00000049       0x4a ./source/buffer/circular_buffer.o
 .comment       0x00000049       0x4a ./source/UART/uart.o
 .comment       0x00000049       0x4a ./source/Sistema de Control/MatrixOps.o
 .comment       0x00000049       0x4a ./source/Sistema de Control/SistemaDeControl.o
 .comment       0x00000049       0x4a ./source/Sensores/MPU6050.o
 .comment       0x00000049       0x4a ./source/SPI/SPI.o
 .comment       0x00000049       0x4a ./source/PIT/PIT.o
 .comment       0x00000049       0x4a ./source/NRF/NRF.o
 .comment       0x00000049       0x4a ./source/NRF/RF.o
 .comment       0x00000049       0x4a ./source/MCAL/gpio.o
 .comment       0x00000049       0x4a ./source/I2Cm/I2Cm.o
 .comment       0x00000049       0x4a ./source/Fusion/FusionAhrs.o
 .comment       0x00000049       0x4a ./source/Fusion/FusionCompass.o
 .comment       0x00000049       0x4a ./source/FTM/FTM.o
 .comment       0x00000049       0x4a ./source/ESCDriver/ESCDriver.o
 .comment       0x00000049       0x4a ./source/Biquad/Biquad.o
 .comment       0x00000049       0x4a ./source/App.o
 .comment       0x00000049       0x4a ./SDK/startup/hardware.o
 .comment       0x00000049       0x4a ./SDK/startup/main.o
 .comment       0x00000049       0x4a ./SDK/startup/semihost_hardfault.o
 .comment       0x00000049       0x4a ./SDK/startup/startup_mk64f12.o
 .comment       0x00000049       0x4a ./SDK/CMSIS/system_MK64F12.o
 .comment       0x00000049       0x75 C:\Users\sch_b\OneDrive\Documentos\QUADCOPTER\Quadcopter\TPQUAD\SDK\CMSIS\DSP\libarm_cortexM4lf_math.a(arm_sin_f32.o)
                                 0x76 (size before relaxing)
 .comment       0x000000be       0x76 C:\Users\sch_b\OneDrive\Documentos\QUADCOPTER\Quadcopter\TPQUAD\SDK\CMSIS\DSP\libarm_cortexM4lf_math.a(arm_cos_f32.o)
 .comment       0x000000be       0x76 C:\Users\sch_b\OneDrive\Documentos\QUADCOPTER\Quadcopter\TPQUAD\SDK\CMSIS\DSP\libarm_cortexM4lf_math.a(arm_common_tables.o)
 .comment       0x000000be       0x4a c:/nxp/mcuxpressoide_11.6.1_8255/ide/plugins/com.nxp.mcuxpresso.tools.win32_11.6.1.202207200623/tools/bin/../lib/gcc/arm-none-eabi/10.3.1/../../../../arm-none-eabi/lib/thumb/v7e-m+fp/hard\libcr_c.a(asinf.o)
 .comment       0x000000be       0x4a c:/nxp/mcuxpressoide_11.6.1_8255/ide/plugins/com.nxp.mcuxpresso.tools.win32_11.6.1.202207200623/tools/bin/../lib/gcc/arm-none-eabi/10.3.1/../../../../arm-none-eabi/lib/thumb/v7e-m+fp/hard\libcr_c.a(atan2f.o)
 .comment       0x000000be       0x4a c:/nxp/mcuxpressoide_11.6.1_8255/ide/plugins/com.nxp.mcuxpresso.tools.win32_11.6.1.202207200623/tools/bin/../lib/gcc/arm-none-eabi/10.3.1/../../../../arm-none-eabi/lib/thumb/v7e-m+fp/hard\libcr_c.a(atanf.o)
 .comment       0x000000be       0x4a c:/nxp/mcuxpressoide_11.6.1_8255/ide/plugins/com.nxp.mcuxpresso.tools.win32_11.6.1.202207200623/tools/bin/../lib/gcc/arm-none-eabi/10.3.1/../../../../arm-none-eabi/lib/thumb/v7e-m+fp/hard\libcr_c.a(cosf.o)
 .comment       0x000000be       0x4a c:/nxp/mcuxpressoide_11.6.1_8255/ide/plugins/com.nxp.mcuxpresso.tools.win32_11.6.1.202207200623/tools/bin/../lib/gcc/arm-none-eabi/10.3.1/../../../../arm-none-eabi/lib/thumb/v7e-m+fp/hard\libcr_c.a(fabsf.o)
 .comment       0x000000be       0x4a c:/nxp/mcuxpressoide_11.6.1_8255/ide/plugins/com.nxp.mcuxpresso.tools.win32_11.6.1.202207200623/tools/bin/../lib/gcc/arm-none-eabi/10.3.1/../../../../arm-none-eabi/lib/thumb/v7e-m+fp/hard\libcr_c.a(sinf.o)
 .comment       0x000000be       0x4a c:/nxp/mcuxpressoide_11.6.1_8255/ide/plugins/com.nxp.mcuxpresso.tools.win32_11.6.1.202207200623/tools/bin/../lib/gcc/arm-none-eabi/10.3.1/../../../../arm-none-eabi/lib/thumb/v7e-m+fp/hard\libcr_c.a(memcpy.o)
 .comment       0x000000be       0x4a c:/nxp/mcuxpressoide_11.6.1_8255/ide/plugins/com.nxp.mcuxpresso.tools.win32_11.6.1.202207200623/tools/bin/../lib/gcc/arm-none-eabi/10.3.1/../../../../arm-none-eabi/lib/thumb/v7e-m+fp/hard\libcr_c.a(memset.o)
 .comment       0x000000be       0x4a c:/nxp/mcuxpressoide_11.6.1_8255/ide/plugins/com.nxp.mcuxpresso.tools.win32_11.6.1.202207200623/tools/bin/../lib/gcc/arm-none-eabi/10.3.1/../../../../arm-none-eabi/lib/thumb/v7e-m+fp/hard\libcr_c.a(errno.o)
 .comment       0x000000be       0x4a c:/nxp/mcuxpressoide_11.6.1_8255/ide/plugins/com.nxp.mcuxpresso.tools.win32_11.6.1.202207200623/tools/bin/../lib/gcc/arm-none-eabi/10.3.1/../../../../arm-none-eabi/lib/thumb/v7e-m+fp/hard\libcr_c.a(_asinacosf.o)
 .comment       0x000000be       0x4a c:/nxp/mcuxpressoide_11.6.1_8255/ide/plugins/com.nxp.mcuxpresso.tools.win32_11.6.1.202207200623/tools/bin/../lib/gcc/arm-none-eabi/10.3.1/../../../../arm-none-eabi/lib/thumb/v7e-m+fp/hard\libcr_c.a(_sincosf.o)
 .comment       0x000000be       0x4a c:/nxp/mcuxpressoide_11.6.1_8255/ide/plugins/com.nxp.mcuxpresso.tools.win32_11.6.1.202207200623/tools/bin/../lib/gcc/arm-none-eabi/10.3.1/thumb/v7e-m+fp/hard\libcr_eabihelpers.a(double.o)
 .comment       0x000000be       0x4a c:/nxp/mcuxpressoide_11.6.1_8255/ide/plugins/com.nxp.mcuxpresso.tools.win32_11.6.1.202207200623/tools/bin/../lib/gcc/arm-none-eabi/10.3.1/thumb/v7e-m+fp/hard\libcr_eabihelpers.a(float.o)

.ARM.attributes
                0x00000000       0x32
 .ARM.attributes
                0x00000000       0x34 ./source/timer/SysTick.o
 .ARM.attributes
                0x00000034       0x34 ./source/timer/timer.o
 .ARM.attributes
                0x00000068       0x34 ./source/buffer/SPI_buffer.o
 .ARM.attributes
                0x0000009c       0x34 ./source/buffer/circular_buffer.o
 .ARM.attributes
                0x000000d0       0x34 ./source/UART/uart.o
 .ARM.attributes
                0x00000104       0x34 ./source/Sistema de Control/MatrixOps.o
 .ARM.attributes
                0x00000138       0x34 ./source/Sistema de Control/SistemaDeControl.o
 .ARM.attributes
                0x0000016c       0x34 ./source/Sensores/MPU6050.o
 .ARM.attributes
                0x000001a0       0x34 ./source/SPI/SPI.o
 .ARM.attributes