Archive member included to satisfy reference by file (symbol)

C:\Fran\ITBA\Sist. de control\Drone\Quadcopter\TPQUAD\SDK\CMSIS\DSP\libarm_cortexM4lf_math.a(arm_sin_f32.o)
                              ./source/App.o (arm_sin_f32)
C:\Fran\ITBA\Sist. de control\Drone\Quadcopter\TPQUAD\SDK\CMSIS\DSP\libarm_cortexM4lf_math.a(arm_cos_f32.o)
                              ./source/App.o (arm_cos_f32)
C:\Fran\ITBA\Sist. de control\Drone\Quadcopter\TPQUAD\SDK\CMSIS\DSP\libarm_cortexM4lf_math.a(arm_common_tables.o)
                              C:\Fran\ITBA\Sist. de control\Drone\Quadcopter\TPQUAD\SDK\CMSIS\DSP\libarm_cortexM4lf_math.a(arm_sin_f32.o) (sinTable_f32)
c:/nxp/mcuxpressoide_10.2.0_759/ide/tools/bin/../lib/gcc/arm-none-eabi/7.2.1/../../../../arm-none-eabi/lib/thumb/v7e-m/fpv4-sp/hard\libcr_c.a(asinf.o)
                              ./source/Fusion/FusionAhrs.o (asinf)
c:/nxp/mcuxpressoide_10.2.0_759/ide/tools/bin/../lib/gcc/arm-none-eabi/7.2.1/../../../../arm-none-eabi/lib/thumb/v7e-m/fpv4-sp/hard\libcr_c.a(atan2f.o)
                              ./source/Fusion/FusionAhrs.o (atan2f)
c:/nxp/mcuxpressoide_10.2.0_759/ide/tools/bin/../lib/gcc/arm-none-eabi/7.2.1/../../../../arm-none-eabi/lib/thumb/v7e-m/fpv4-sp/hard\libcr_c.a(atanf.o)
                              c:/nxp/mcuxpressoide_10.2.0_759/ide/tools/bin/../lib/gcc/arm-none-eabi/7.2.1/../../../../arm-none-eabi/lib/thumb/v7e-m/fpv4-sp/hard\libcr_c.a(atan2f.o) (atanf)
c:/nxp/mcuxpressoide_10.2.0_759/ide/tools/bin/../lib/gcc/arm-none-eabi/7.2.1/../../../../arm-none-eabi/lib/thumb/v7e-m/fpv4-sp/hard\libcr_c.a(cosf.o)
                              ./source/Fusion/FusionAhrs.o (cosf)
c:/nxp/mcuxpressoide_10.2.0_759/ide/tools/bin/../lib/gcc/arm-none-eabi/7.2.1/../../../../arm-none-eabi/lib/thumb/v7e-m/fpv4-sp/hard\libcr_c.a(fabsf.o)
                              c:/nxp/mcuxpressoide_10.2.0_759/ide/tools/bin/../lib/gcc/arm-none-eabi/7.2.1/../../../../arm-none-eabi/lib/thumb/v7e-m/fpv4-sp/hard\libcr_c.a(atan2f.o) (fabsf)
c:/nxp/mcuxpressoide_10.2.0_759/ide/tools/bin/../lib/gcc/arm-none-eabi/7.2.1/../../../../arm-none-eabi/lib/thumb/v7e-m/fpv4-sp/hard\libcr_c.a(powf.o)
                              ./source/Fusion/FusionAhrs.o (powf)
c:/nxp/mcuxpressoide_10.2.0_759/ide/tools/bin/../lib/gcc/arm-none-eabi/7.2.1/../../../../arm-none-eabi/lib/thumb/v7e-m/fpv4-sp/hard\libcr_c.a(sinf.o)
                              ./source/Fusion/FusionAhrs.o (sinf)
c:/nxp/mcuxpressoide_10.2.0_759/ide/tools/bin/../lib/gcc/arm-none-eabi/7.2.1/../../../../arm-none-eabi/lib/thumb/v7e-m/fpv4-sp/hard\libcr_c.a(sqrtf_m4_hardfp.o)
                              ./source/Fusion/FusionAhrs.o (sqrtf)
c:/nxp/mcuxpressoide_10.2.0_759/ide/tools/bin/../lib/gcc/arm-none-eabi/7.2.1/../../../../arm-none-eabi/lib/thumb/v7e-m/fpv4-sp/hard\libcr_c.a(memcpy.o)
                              ./source/buffer/SPI_buffer.o (memcpy)
c:/nxp/mcuxpressoide_10.2.0_759/ide/tools/bin/../lib/gcc/arm-none-eabi/7.2.1/../../../../arm-none-eabi/lib/thumb/v7e-m/fpv4-sp/hard\libcr_c.a(memset.o)
                              ./source/Sensores/MPU6050.o (memset)
c:/nxp/mcuxpressoide_10.2.0_759/ide/tools/bin/../lib/gcc/arm-none-eabi/7.2.1/../../../../arm-none-eabi/lib/thumb/v7e-m/fpv4-sp/hard\libcr_c.a(cos.o)
                              ./source/App.o (cos)
c:/nxp/mcuxpressoide_10.2.0_759/ide/tools/bin/../lib/gcc/arm-none-eabi/7.2.1/../../../../arm-none-eabi/lib/thumb/v7e-m/fpv4-sp/hard\libcr_c.a(errno.o)
                              c:/nxp/mcuxpressoide_10.2.0_759/ide/tools/bin/../lib/gcc/arm-none-eabi/7.2.1/../../../../arm-none-eabi/lib/thumb/v7e-m/fpv4-sp/hard\libcr_c.a(atan2f.o) (errno)
c:/nxp/mcuxpressoide_10.2.0_759/ide/tools/bin/../lib/gcc/arm-none-eabi/7.2.1/../../../../arm-none-eabi/lib/thumb/v7e-m/fpv4-sp/hard\libcr_c.a(fabs.o)
                              ./source/Fusion/FusionOffset.o (fabs)
c:/nxp/mcuxpressoide_10.2.0_759/ide/tools/bin/../lib/gcc/arm-none-eabi/7.2.1/../../../../arm-none-eabi/lib/thumb/v7e-m/fpv4-sp/hard\libcr_c.a(fpprintf.o)
                              ./source/App.o (sprintf)
c:/nxp/mcuxpressoide_10.2.0_759/ide/tools/bin/../lib/gcc/arm-none-eabi/7.2.1/../../../../arm-none-eabi/lib/thumb/v7e-m/fpv4-sp/hard\libcr_c.a(printf.o)
                              c:/nxp/mcuxpressoide_10.2.0_759/ide/tools/bin/../lib/gcc/arm-none-eabi/7.2.1/../../../../arm-none-eabi/lib/thumb/v7e-m/fpv4-sp/hard\libcr_c.a(fpprintf.o) (__vfprintf)
c:/nxp/mcuxpressoide_10.2.0_759/ide/tools/bin/../lib/gcc/arm-none-eabi/7.2.1/../../../../arm-none-eabi/lib/thumb/v7e-m/fpv4-sp/hard\libcr_c.a(sin.o)
                              ./source/App.o (sin)
c:/nxp/mcuxpressoide_10.2.0_759/ide/tools/bin/../lib/gcc/arm-none-eabi/7.2.1/../../../../arm-none-eabi/lib/thumb/v7e-m/fpv4-sp/hard\libcr_c.a(strlen.o)
                              c:/nxp/mcuxpressoide_10.2.0_759/ide/tools/bin/../lib/gcc/arm-none-eabi/7.2.1/../../../../arm-none-eabi/lib/thumb/v7e-m/fpv4-sp/hard\libcr_c.a(printf.o) (strlen)
[...]
Memory Configuration

Name             Origin             Length             Attributes
PROGRAM_FLASH    0x00000000         0x00100000         xr
SRAM_UPPER       0x20000000         0x00030000         xrw
SRAM_LOWER       0x1fff0000         0x00010000         xrw
FLEX_RAM         0x14000000         0x00001000         xrw
*default*        0x00000000         0xffffffff

Linker script and memory map

LOAD ./source/timer/SysTick.o
LOAD ./source/timer/timer.o
LOAD ./source/event_queue/event_queue.o
LOAD ./source/buffer/SPI_buffer.o
LOAD ./source/buffer/circular_buffer.o
LOAD ./source/buffer/circular_buffer_16.o
LOAD ./source/buffer/generic_circular_buffer.o
LOAD ./source/UART/uart.o
LOAD ./source/Sistema de Control/MatrixOps.o
LOAD ./source/Sistema de Control/SistemaDeControl.o
LOAD ./source/Sensores/MPU6050.o
LOAD ./source/Sensores/MPU9250_SPI.o
LOAD ./source/SPI/SPI.o
LOAD ./source/PIT/PIT.o
LOAD ./source/NRF/NRF.o
LOAD ./source/NRF/RF.o
LOAD ./source/MCAL/gpio.o
LOAD ./source/I2Cm/I2Cm.o
LOAD ./source/Fusion/FusionAhrs.o
LOAD ./source/Fusion/FusionCompass.o
LOAD ./source/Fusion/FusionOffset.o
LOAD ./source/FTM/FTM.o
LOAD ./source/ESCDriver/ESCDriver.o
LOAD ./source/ControlPC/ControlPC.o
LOAD ./source/CMP/CMP.o
LOAD ./source/CAN/CAN.o
LOAD ./source/Biquad/Biquad.o
LOAD ./source/ADC/ADC.o
LOAD ./source/ADC/ADC_hal.o
LOAD ./source/App.o
LOAD ./SDK/startup/hardware.o
LOAD ./SDK/startup/main.o
LOAD ./SDK/startup/semihost_hardfault.o
LOAD ./SDK/startup/startup_mk64f12.o
LOAD ./SDK/CMSIS/system_MK64F12.o
LOAD C:\Fran\ITBA\Sist. de control\Drone\Quadcopter\TPQUAD\SDK\CMSIS\DSP\libarm_cortexM4lf_math.a
START GROUP
LOAD c:/nxp/mcuxpressoide_10.2.0_759/ide/tools/bin/../lib/gcc/arm-none-eabi/7.2.1/../../../../arm-none-eabi/lib/thumb/v7e-m/fpv4-sp/hard\libcr_semihost_nf.a
LOAD c:/nxp/mcuxpressoide_10.2.0_759/ide/tools/bin/../lib/gcc/arm-none-eabi/7.2.1/../../../../arm-none-eabi/lib/thumb/v7e-m/fpv4-sp/hard\libcr_c.a
LOAD c:/nxp/mcuxpressoide_10.2.0_759/ide/tools/bin/../lib/gcc/arm-none-eabi/7.2.1/thumb/v7e-m/fpv4-sp/hard\libcr_eabihelpers.a
END GROUP
                0x00000000                __base_PROGRAM_FLASH = 0x0
                0x00000000                __base_Flash = 0x0
                0x00100000                __top_PROGRAM_FLASH = 0x100000
                0x00100000                __top_Flash = 0x100000
                0x20000000                __base_SRAM_UPPER = 0x20000000
                0x20000000                __base_RAM = 0x20000000
                0x20030000                __top_SRAM_UPPER = 0x20030000
                0x20030000                __top_RAM = 0x20030000
                0x1fff0000                __base_SRAM_LOWER = 0x1fff0000
                0x1fff0000                __base_RAM2 = 0x1fff0000
                0x20000000                __top_SRAM_LOWER = 0x20000000
                0x20000000                __top_RAM2 = 0x20000000
                0x14000000                __base_FLEX_RAM = 0x14000000
                0x14000000                __base_RAM3 = 0x14000000
                0x14001000                __top_FLEX_RAM = 0x14001000
                0x14001000                __top_RAM3 = 0x14001000

.text           0x00000000     0x7c80
 FILL mask 0xff
                0x00000000                __vectors_start__ = ABSOLUTE (.)
 *(SORT_BY_ALIGNMENT(.isr_vector))
 .isr_vector    0x00000000      0x198 ./SDK/startup/startup_mk64f12.o
                0x00000000                g_pfnVectors
                0x00000000                __Vectors
                0x00000198                . = ALIGN (0x4)
                0x00000198                __section_table_start = .
                0x00000198                __data_section_table = .
                0x00000198        0x4 LONG 0x7c80 LOADADDR (.data)
                0x0000019c        0x4 LONG 0x20000000 ADDR (.data)
                0x000001a0        0x4 LONG 0x168 SIZEOF (.data)
                0x000001a4        0x4 LONG 0x7c80 LOADADDR (.data_RAM2)
                0x000001a8        0x4 LONG 0x1fff0000 ADDR (.data_RAM2)
                0x000001ac        0x4 LONG 0x0 SIZEOF (.data_RAM2)
                0x000001b0        0x4 LONG 0x7c80 LOADADDR (.data_RAM3)
                0x000001b4        0x4 LONG 0x14000000 ADDR (.data_RAM3)
                0x000001b8        0x4 LONG 0x0 SIZEOF (.data_RAM3)
                0x000001bc                __data_section_table_end = .
                0x000001bc                __bss_section_table = .
                0x000001bc        0x4 LONG 0x20000168 ADDR (.bss)
                0x000001c0        0x4 LONG 0x1598 SIZEOF (.bss)
                0x000001c4        0x4 LONG 0x1fff0000 ADDR (.bss_RAM2)
                0x000001c8        0x4 LONG 0x0 SIZEOF (.bss_RAM2)
                0x000001cc        0x4 LONG 0x14000000 ADDR (.bss_RAM3)
                0x000001d0        0x4 LONG 0x0 SIZEOF (.bss_RAM3)
                0x000001d4                __bss_section_table_end = .
                0x000001d4                __section_table_end = .
 *(SORT_BY_ALIGNMENT(.after_vectors*))
 .after_vectors.reset
                0x000001d4       0x4c ./SDK/startup/startup_mk64f12.o
                0x000001d4                ResetISR
 .after_vectors.init_data
                0x00000220       0x1e ./SDK/startup/startup_mk64f12.o
                0x00000220                data_init
 .after_vectors.init_bss
                0x0000023e       0x12 ./SDK/startup/startup_mk64f12.o
                0x0000023e                bss_init
 .after_vectors
                0x00000250       0x14 ./SDK/startup/startup_mk64f12.o
                0x00000250                NMI_Handler
                0x00000254                MemManage_Handler
                0x00000256                BusFault_Handler
                0x00000258                UsageFault_Handler
                0x0000025a                SVC_Handler
                0x0000025c                DebugMon_Handler
                0x0000025e                PendSV_Handler
                0x00000262                DMA_Error_DriverIRQHandler
                0x00000262                LPTMR0_DriverIRQHandler
                0x00000262                FTM1_DriverIRQHandler
                0x00000262                FTM2_DriverIRQHandler
                0x00000262                PIT2_DriverIRQHandler
                0x00000262                SDHC_DriverIRQHandler
                0x00000262                I2S0_Tx_DriverIRQHandler
                0x00000262                RTC_Seconds_DriverIRQHandler
                0x00000262                DMA6_DriverIRQHandler
                0x00000262                LLWU_DriverIRQHandler
                0x00000262                MCM_DriverIRQHandler
                0x00000262                MCG_DriverIRQHandler
                0x00000262                ENET_1588_Timer_DriverIRQHandler
                0x00000262                I2C2_DriverIRQHandler
                0x00000262                DAC1_DriverIRQHandler
                0x00000262                SPI1_DriverIRQHandler
                0x00000262                CMP1_DriverIRQHandler
                0x00000262                UART5_RX_TX_DriverIRQHandler
                0x00000262                FTM0_DriverIRQHandler
                0x00000262                IntDefaultHandler
                0x00000262                USB0_DriverIRQHandler
                0x00000262                UART5_ERR_DriverIRQHandler
                0x00000262                PORTC_DriverIRQHandler
                0x00000262                DMA11_DriverIRQHandler
                0x00000262                DAC0_DriverIRQHandler
                0x00000262                DMA10_DriverIRQHandler
                0x00000262                CMP2_DriverIRQHandler
                0x00000262                UART2_ERR_DriverIRQHandler
                0x00000262                SPI2_DriverIRQHandler
                0x00000262                LVD_LVW_DriverIRQHandler
                0x00000262                PIT0_DriverIRQHandler
                0x00000262                RNG_DriverIRQHandler
                0x00000262                DMA5_DriverIRQHandler
                0x00000262                DMA12_DriverIRQHandler
                0x00000262                UART2_RX_TX_DriverIRQHandler
                0x00000262                USBDCD_DriverIRQHandler
                0x00000262                UART3_ERR_DriverIRQHandler
                0x00000262                DMA3_DriverIRQHandler
                0x00000262                DMA8_DriverIRQHandler
                0x00000262                DMA9_DriverIRQHandler
                0x00000262                UART0_ERR_DriverIRQHandler
                0x00000262                CMT_DriverIRQHandler
                0x00000262                Reserved71_DriverIRQHandler
                0x00000262                ADC1_DriverIRQHandler
                0x00000262                PORTA_DriverIRQHandler
                0x00000262                DMA14_DriverIRQHandler
                0x00000262                PIT3_DriverIRQHandler
                0x00000262                PIT1_DriverIRQHandler
                0x00000262                WDOG_EWM_DriverIRQHandler
                0x00000262                PDB0_DriverIRQHandler
                0x00000262                RTC_DriverIRQHandler
                0x00000262                I2S0_Rx_DriverIRQHandler
                0x00000262                Read_Collision_DriverIRQHandler
                0x00000262                SWI_DriverIRQHandler
                0x00000262                UART4_RX_TX_DriverIRQHandler
                0x00000262                UART4_ERR_DriverIRQHandler
                0x00000262                PORTB_DriverIRQHandler
                0x00000262                UART0_LON_DriverIRQHandler
                0x00000262                DMA0_DriverIRQHandler
                0x00000262                DMA1_DriverIRQHandler
                0x00000262                I2C1_DriverIRQHandler
                0x00000262                UART3_RX_TX_DriverIRQHandler
                0x00000262                ENET_Receive_DriverIRQHandler
                0x00000262                DMA13_DriverIRQHandler
                0x00000262                ENET_Error_DriverIRQHandler
                0x00000262                DMA15_DriverIRQHandler
                0x00000262                UART0_RX_TX_DriverIRQHandler
                0x00000262                SPI0_DriverIRQHandler
                0x00000262                ADC0_DriverIRQHandler
                0x00000262                CMP0_DriverIRQHandler
                0x00000262                CAN0_DriverIRQHandler
                0x00000262                FTM3_DriverIRQHandler
                0x00000262                DMA4_DriverIRQHandler
                0x00000262                UART1_ERR_DriverIRQHandler
                0x00000262                DMA2_DriverIRQHandler
                0x00000262                ENET_Transmit_DriverIRQHandler
                0x00000262                PORTD_DriverIRQHandler
                0x00000262                PORTE_DriverIRQHandler
                0x00000262                FTFE_DriverIRQHandler
                0x00000262                I2C0_DriverIRQHandler
                0x00000262                DMA7_DriverIRQHandler
                0x00000262                UART1_RX_TX_DriverIRQHandler
                0x00000400                . = 0x400
 *fill*         0x00000264      0x19c ff
                0x00000400                PROVIDE (__FLASH_CONFIG_START__, .)
 *(SORT_BY_ALIGNMENT(.FlashConfig))
 .FlashConfig   0x00000400       0x10 ./SDK/startup/startup_mk64f12.o
                0x00000400                Flash_Config
                0x00000410                PROVIDE (__FLASH_CONFIG_END__, .)
                0x00000001                ASSERT (! ((__FLASH_CONFIG_START__ == __FLASH_CONFIG_END__)), Linker Flash Config Support Enabled, but no .FlashConfig section provided within application)
 *(SORT_BY_ALIGNMENT(.text*))
 .text.denormalized_U_total
                0x00000410       0x40 ./source/Sistema de Control/SistemaDeControl.o
                0x00000410                denormalized_U_total
 .text.poly     0x00000450       0x90 ./source/Sistema de Control/SistemaDeControl.o
 .text.calibrateMPU6050
                0x000004e0      0x2bc ./source/Sensores/MPU6050.o
                0x000004e0                calibrateMPU6050
 *fill*         0x0000079c        0x4 ff
 .text.mpu6050_raw2trueGyro
                0x000007a0      0x13c ./source/Sensores/MPU6050.o
 *fill*         0x000008dc        0x4 ff
 .text.mpu6050_raw2trueAcc
                0x000008e0      0x164 ./source/Sensores/MPU6050.o
 *fill*         0x00000a44        0x4 ff
 .text.RF2Newton
                0x00000a48      0x244 ./source/NRF/RF.o
                0x00000a48                RF2Newton
 *fill*         0x00000c8c        0x4 ff
 .text.ESCSetSpeed
                0x00000c90       0xa8 ./source/ESCDriver/ESCDriver.o
                0x00000c90                ESCSetSpeed
 .text.runControlStep
                0x00000d38      0x218 ./source/App.o
 .text.getEulerAnglesRatesFAST
                0x00000f50      0x358 ./source/App.o
 .text._sincosf
                0x000012a8      0x130 c:/nxp/mcuxpressoide_10.2.0_759/ide/tools/bin/../lib/gcc/arm-none-eabi/7.2.1/../../../../arm-none-eabi/lib/thumb/v7e-m/fpv4-sp/hard\libcr_c.a(_sincosf.o)
                0x000012a8                _sincosf
 .text.__NVIC_EnableIRQ
                0x000013d8       0x3c ./source/timer/SysTick.o
 .text.SysTick_Init
                0x00001414       0x48 ./source/timer/SysTick.o
                0x00001414                SysTick_Init
 .text.SysTick_Handler
                0x0000145c       0x24 ./source/timer/SysTick.o
                0x0000145c                SysTick_Handler
 .text.timerInit
                0x00001480       0x28 ./source/timer/timer.o
                0x00001480                timerInit
 .text.timerGetId
                0x000014a8       0x2c ./source/timer/timer.o
                0x000014a8                timerGetId
 .text.timerStart
                0x000014d4       0xb8 ./source/timer/timer.o
                0x000014d4                timerStart
 .text.timerStop
                0x0000158c       0x44 ./source/timer/timer.o
                0x0000158c                timerStop
 .text.timerExpired
                0x000015d0       0x54 ./source/timer/timer.o
                0x000015d0                timerExpired
 .text.timer_isr
                0x00001624       0xdc ./source/timer/timer.o
 .text.getCircularPointer
                0x00001700       0x30 ./source/buffer/SPI_buffer.o
 .text.SPIBgetPckg
                0x00001730       0x84 ./source/buffer/SPI_buffer.o
                0x00001730                SPIBgetPckg
 .text.__NVIC_EnableIRQ
                0x000017b4       0x3c ./source/UART/uart.o
 .text.uartInit
                0x000017f0      0x1c8 ./source/UART/uart.o
                0x000017f0                uartInit
 .text.UART_Rx_Tx_IRQ
                0x000019b8       0xcc ./source/UART/uart.o
 .text.integrateError
                0x00001a84      0x1b0 ./source/Sistema de Control/SistemaDeControl.o
                0x00001a84                integrateError
 .text.U2PWM    0x00001c34      0x3b4 ./source/Sistema de Control/SistemaDeControl.o
                0x00001c34                U2PWM
 .text.initMPU6050
                0x00001fe8      0x328 ./source/Sensores/MPU6050.o
                0x00001fe8                initMPU6050
 .text.mpu6050_readAccelData
                0x00002310       0xb4 ./source/Sensores/MPU6050.o
                0x00002310                mpu6050_readAccelData
 .text.mpu6050_readGyroData
                0x000023c4       0xa8 ./source/Sensores/MPU6050.o
                0x000023c4                mpu6050_readGyroData
 .text.mpu6050_readGyroData_async
                0x0000246c       0x48 ./source/Sensores/MPU6050.o
                0x0000246c                mpu6050_readGyroData_async
 .text.mpu6050_readAccelData_async
                0x000024b4       0x48 ./source/Sensores/MPU6050.o
                0x000024b4                mpu6050_readAccelData_async
 .text.mpu6050_getLastGyroRead
                0x000024fc       0x5c ./source/Sensores/MPU6050.o
                0x000024fc                mpu6050_getLastGyroRead
 .text.mpu6050_getLastAccelRead
                0x00002558       0x5c ./source/Sensores/MPU6050.o
                0x00002558                mpu6050_getLastAccelRead
 .text.__NVIC_EnableIRQ
                0x000025b4       0x3c ./source/SPI/SPI.o
 .text.SPI_config
                0x000025f0      0x260 ./source/SPI/SPI.o
                0x000025f0                SPI_config
 .text.ClockGatingAndInterruptEnable
                0x00002850       0x94 ./source/SPI/SPI.o
 .text.PinConfig
                0x000028e4       0xec ./source/SPI/SPI.o
 .text.PCSInit  0x000029d0      0x2b0 ./source/SPI/SPI.o
 .text.SPISend  0x00002c80       0xb0 ./source/SPI/SPI.o
                0x00002c80                SPISend
 .text.SPI0_IRQHandler
                0x00002d30      0x14c ./source/SPI/SPI.o
                0x00002d30                SPI0_IRQHandler
 .text.PIT0_IRQHandler
                0x00002e7c       0x40 ./source/PIT/PIT.o
                0x00002e7c                PIT0_IRQHandler
 .text.PIT1_IRQHandler
                0x00002ebc       0x30 ./source/PIT/PIT.o
                0x00002ebc                PIT1_IRQHandler
 .text.PIT2_IRQHandler
                0x00002eec       0x30 ./source/PIT/PIT.o
                0x00002eec                PIT2_IRQHandler
 .text.PIT3_IRQHandler
                0x00002f1c       0x30 ./source/PIT/PIT.o
                0x00002f1c                PIT3_IRQHandler
 .text.RF24begin
                0x00002f4c      0x150 ./source/NRF/NRF.o
                0x00002f4c                RF24begin
 .text.writeRegister
                0x0000309c       0x8c ./source/NRF/NRF.o
 .text.readRegister
                0x00003128       0x84 ./source/NRF/NRF.o
 .text.callBackSPI
                0x000031ac       0x18 ./source/NRF/NRF.o
 .text.callBackSPIRead
                0x000031c4       0x18 ./source/NRF/NRF.o
 .text.toggle_features
                0x000031dc       0x6c ./source/NRF/NRF.o
 .text.setPayloadSize
                0x00003248       0x54 ./source/NRF/NRF.o
 .text.setAddressWidth
                0x0000329c       0x54 ./source/NRF/NRF.o
 .text.powerUp  0x000032f0       0x3c ./source/NRF/NRF.o
 .text.openReadingPipe
                0x0000332c       0x98 ./source/NRF/NRF.o
                0x0000332c                openReadingPipe
 .text.startListening
                0x000033c4       0x58 ./source/NRF/NRF.o
                0x000033c4                startListening
 .text.writeSeveralRegisters
                0x0000341c      0x110 ./source/NRF/NRF.o
 .text.read_payLoad
                0x0000352c      0x140 ./source/NRF/NRF.o
                0x0000352c                read_payLoad
 .text.readLastData
                0x0000366c       0x40 ./source/NRF/NRF.o
                0x0000366c                readLastData
 .text.RFinit   0x000036ac       0x34 ./source/NRF/RF.o
                0x000036ac                RFinit
 .text.RFcalibrate
                0x000036e0      0x138 ./source/NRF/RF.o
                0x000036e0                RFcalibrate
 .text.callBackTimeOut
                0x00003818       0x18 ./source/NRF/RF.o
                0x00003818                callBackTimeOut
 .text.RFgetDeNormalizedData
                0x00003830       0xcc ./source/NRF/RF.o
                0x00003830                RFgetDeNormalizedData
 .text.gpioMode
                0x000038fc      0x178 ./source/MCAL/gpio.o
                0x000038fc                gpioMode
 .text.gpioWrite
                0x00003a74       0x68 ./source/MCAL/gpio.o
                0x00003a74                gpioWrite
 .text.gpioToggle
                0x00003adc       0x40 ./source/MCAL/gpio.o
                0x00003adc                gpioToggle
 .text.gpioRead
                0x00003b1c       0x4c ./source/MCAL/gpio.o
                0x00003b1c                gpioRead
 .text.PORTA_IRQHandler
                0x00003b68       0x60 ./source/MCAL/gpio.o
                0x00003b68                PORTA_IRQHandler
 .text.PORTB_IRQHandler
                0x00003bc8       0x64 ./source/MCAL/gpio.o
                0x00003bc8                PORTB_IRQHandler
 .text.PORTC_IRQHandler
                0x00003c2c       0x64 ./source/MCAL/gpio.o
                0x00003c2c                PORTC_IRQHandler
 .text.PORTD_IRQHandler
                0x00003c90       0x64 ./source/MCAL/gpio.o
                0x00003c90                PORTD_IRQHandler
 .text.PORTE_IRQHandler
                0x00003cf4       0x64 ./source/MCAL/gpio.o
                0x00003cf4                PORTE_IRQHandler
 .text.__NVIC_EnableIRQ
                0x00003d58       0x3c ./source/I2Cm/I2Cm.o
 .text.I2CmInit
                0x00003d94       0xf0 ./source/I2Cm/I2Cm.o
                0x00003d94                I2CmInit
 .text.I2CmStartTransaction
                0x00003e84      0x248 ./source/I2Cm/I2Cm.o
                0x00003e84                I2CmStartTransaction
 .text.isI2CBusy
                0x000040cc       0x68 ./source/I2Cm/I2Cm.o
                0x000040cc                isI2CBusy
 .text.I2C0_IRQHandler
                0x00004134      0x2c4 ./source/I2Cm/I2Cm.o
                0x00004134                I2C0_IRQHandler
 .text.FusionAhrsInitialise
                0x000043f8       0x64 ./source/Fusion/FusionAhrs.o
                0x000043f8                FusionAhrsInitialise
 .text.FusionAhrsGetQuaternion
                0x0000445c       0x24 ./source/Fusion/FusionAhrs.o
                0x0000445c                FusionAhrsGetQuaternion
 .text.FusionAhrsGetFlags
                0x00004480       0x38 ./source/Fusion/FusionAhrs.o
                0x00004480                FusionAhrsGetFlags
 .text.FusionAhrsSetHeading
                0x000044b8       0xe4 ./source/Fusion/FusionAhrs.o
                0x000044b8                FusionAhrsSetHeading
 .text.FusionAhrsUpdateNoMagnetometer
                0x0000459c      0x2d8 ./source/Fusion/FusionAhrs.o
                0x0000459c                FusionAhrsUpdateNoMagnetometer
 .text.FTM0_IRQHandler
                0x00004874       0x9c ./source/FTM/FTM.o
                0x00004874                FTM0_IRQHandler
 .text.FTM1_IRQHandler
                0x00004910       0xac ./source/FTM/FTM.o
                0x00004910                FTM1_IRQHandler
 .text.ESCInit  0x000049bc       0xf0 ./source/ESCDriver/ESCDriver.o
                0x000049bc                ESCInit
 .text.ESCDisarm
                0x00004aac       0x50 ./source/ESCDriver/ESCDriver.o
                0x00004aac                ESCDisarm
 .text.ESCCalibrate
                0x00004afc       0xe0 ./source/ESCDriver/ESCDriver.o
                0x00004afc                ESCCalibrate
 .text.FusionRadiansToDegrees
                0x00004bdc       0x28 ./source/App.o
 .text.FusionAsin
                0x00004c04       0x58 ./source/App.o
 .text.App_Init
                0x00004c5c      0x1b8 ./source/App.o
                0x00004c5c                App_Init
 .text.startI2CreadingCallBack
                0x00004e14       0x24 ./source/App.o
 .text.startI2C_ACCELEROMETER_CallBack
                0x00004e38       0x2c ./source/App.o
 .text.App_Run  0x00004e64      0x4bc ./source/App.o
                0x00004e64                App_Run
 .text.hw_Init  0x00005320      0x10c ./SDK/startup/hardware.o
                0x00005320                hw_Init
 .text.hw_EnableInterrupts
                0x0000542c       0x30 ./SDK/startup/hardware.o
                0x0000542c                hw_EnableInterrupts
 .text.hw_DisableInterrupts
                0x0000545c       0x20 ./SDK/startup/hardware.o
                0x0000545c                hw_DisableInterrupts
 .text.SystemInit
                0x0000547c       0x3c ./SDK/CMSIS/system_MK64F12.o
                0x0000547c                SystemInit
 .text.arm_sin_f32
                0x000054b8       0x8c C:\Fran\ITBA\Sist. de control\Drone\Quadcopter\TPQUAD\SDK\CMSIS\DSP\libarm_cortexM4lf_math.a(arm_sin_f32.o)
                0x000054b8                arm_sin_f32
 .text.arm_cos_f32
                0x00005544       0x94 C:\Fran\ITBA\Sist. de control\Drone\Quadcopter\TPQUAD\SDK\CMSIS\DSP\libarm_cortexM4lf_math.a(arm_cos_f32.o)
                0x00005544                arm_cos_f32
 .text.atan2f   0x000055d8       0xc0 c:/nxp/mcuxpressoide_10.2.0_759/ide/tools/bin/../lib/gcc/arm-none-eabi/7.2.1/../../../../arm-none-eabi/lib/thumb/v7e-m/fpv4-sp/hard\libcr_c.a(atan2f.o)
                0x000055d8                atan2f
 .text.atanf    0x00005698       0xf0 c:/nxp/mcuxpressoide_10.2.0_759/ide/tools/bin/../lib/gcc/arm-none-eabi/7.2.1/../../../../arm-none-eabi/lib/thumb/v7e-m/fpv4-sp/hard\libcr_c.a(atanf.o)
                0x00005698                atanf
 .text.cosf     0x00005788       0x30 c:/nxp/mcuxpressoide_10.2.0_759/ide/tools/bin/../lib/gcc/arm-none-eabi/7.2.1/../../../../arm-none-eabi/lib/thumb/v7e-m/fpv4-sp/hard\libcr_c.a(cosf.o)
                0x00005788                cosf
 .text._asinacosf
                0x000057b8      0x158 c:/nxp/mcuxpressoide_10.2.0_759/ide/tools/bin/../lib/gcc/arm-none-eabi/7.2.1/../../../../arm-none-eabi/lib/thumb/v7e-m/fpv4-sp/hard\libcr_c.a(_asinacosf.o)
                0x000057b8                _asinacosf
 .text.__aeabi_dmul
                0x00005910      0x11c c:/nxp/mcuxpressoide_10.2.0_759/ide/tools/bin/../lib/gcc/arm-none-eabi/7.2.1/thumb/v7e-m/fpv4-sp/hard\libcr_eabihelpers.a(double.o)
                0x00005910                __aeabi_dmul
 .text.__aeabi_ddiv
                0x00005a2c      0x138 c:/nxp/mcuxpressoide_10.2.0_759/ide/tools/bin/../lib/gcc/arm-none-eabi/7.2.1/thumb/v7e-m/fpv4-sp/hard\libcr_eabihelpers.a(double.o)
                0x00005a2c                __aeabi_ddiv
 .text.__aeabi_dsub
                0x00005b64      0x1b4 c:/nxp/mcuxpressoide_10.2.0_759/ide/tools/bin/../lib/gcc/arm-none-eabi/7.2.1/thumb/v7e-m/fpv4-sp/hard\libcr_eabihelpers.a(double.o)
                0x00005b64                __aeabi_dsub
 .text.__aeabi_dadd
                0x00005d18      0x10c c:/nxp/mcuxpressoide_10.2.0_759/ide/tools/bin/../lib/gcc/arm-none-eabi/7.2.1/thumb/v7e-m/fpv4-sp/hard\libcr_eabihelpers.a(double.o)
                0x00005d18                __aeabi_dadd
 .text.__aeabi_d2f
                0x00005e24       0x54 c:/nxp/mcuxpressoide_10.2.0_759/ide/tools/bin/../lib/gcc/arm-none-eabi/7.2.1/thumb/v7e-m/fpv4-sp/hard\libcr_eabihelpers.a(double.o)
                0x00005e24                __aeabi_d2f
 .text.__aeabi_f2d
                0x00005e78       0x38 c:/nxp/mcuxpressoide_10.2.0_759/ide/tools/bin/../lib/gcc/arm-none-eabi/7.2.1/thumb/v7e-m/fpv4-sp/hard\libcr_eabihelpers.a(float.o)
                0x00005e78                __aeabi_f2d
 .text.timerDelay
                0x00005eb0       0x30 ./source/timer/timer.o
                0x00005eb0                timerDelay
 .text.SPIBinit
                0x00005ee0       0x24 ./source/buffer/SPI_buffer.o
                0x00005ee0                SPIBinit
 .text.SPIBisEmpty
                0x00005f04       0x2a ./source/buffer/SPI_buffer.o
                0x00005f04                SPIBisEmpty
 .text.SPIBputChain
                0x00005f2e       0xa2 ./source/buffer/SPI_buffer.o
                0x00005f2e                SPIBputChain
 .text.getCircularPointer
                0x00005fd0       0x2c ./source/buffer/circular_buffer.o
 .text.CBinit   0x00005ffc       0x30 ./source/buffer/circular_buffer.o
                0x00005ffc                CBinit
 .text.CBisEmpty
                0x0000602c       0x2a ./source/buffer/circular_buffer.o
                0x0000602c                CBisEmpty
 .text.CBputByte
                0x00006056       0x8e ./source/buffer/circular_buffer.o
                0x00006056                CBputByte
 .text.CBgetByte
                0x000060e4       0x62 ./source/buffer/circular_buffer.o
                0x000060e4                CBgetByte
 .text.UART0_RX_TX_IRQHandler
                0x00006146       0x2e ./source/UART/uart.o
                0x00006146                UART0_RX_TX_IRQHandler
 .text.UART1_RX_TX_IRQHandler
                0x00006174       0x2e ./source/UART/uart.o
                0x00006174                UART1_RX_TX_IRQHandler
 .text.UART2_RX_TX_IRQHandler
                0x000061a2       0x2e ./source/UART/uart.o
                0x000061a2                UART2_RX_TX_IRQHandler
 .text.UART3_RX_TX_IRQHandler
                0x000061d0       0x2e ./source/UART/uart.o
                0x000061d0                UART3_RX_TX_IRQHandler
 .text.UART4_RX_TX_IRQHandler
                0x000061fe       0x2e ./source/UART/uart.o
                0x000061fe                UART4_RX_TX_IRQHandler
 .text.matrix_mult
                0x0000622c      0x13e ./source/Sistema de Control/MatrixOps.o
                0x0000622c                matrix_mult
 .text.scalar_mult
                0x0000636a       0xa6 ./source/Sistema de Control/MatrixOps.o
                0x0000636a                scalar_mult
 .text.matrix_add_sub
                0x00006410      0x14c ./source/Sistema de Control/MatrixOps.o
                0x00006410                matrix_add_sub
 .text.proportionalError
                0x0000655c       0x28 ./source/Sistema de Control/SistemaDeControl.o
                0x0000655c                proportionalError
 .text.denormalized_Kx_U_Values
                0x00006584       0x28 ./source/Sistema de Control/SistemaDeControl.o
                0x00006584                denormalized_Kx_U_Values
 .text.denormalized_Ki_U_Values
                0x000065ac       0x28 ./source/Sistema de Control/SistemaDeControl.o
                0x000065ac                denormalized_Ki_U_Values
 .text.PinsConfigMaster
                0x000065d4       0xc0 ./source/SPI/SPI.o
 .text.setRetries
                0x00006694       0x40 ./source/NRF/NRF.o
 .text.setDataRate
                0x000066d4       0x2e ./source/NRF/NRF.o
 .text.setChannel
                0x00006702       0x2a ./source/NRF/NRF.o
 .text.flush_rx
                0x0000672c       0x10 ./source/NRF/NRF.o
 .text.flush_tx
                0x0000673c       0x10 ./source/NRF/NRF.o
 .text.setPALevel
                0x0000674c       0x44 ./source/NRF/NRF.o
                0x0000674c                setPALevel
 .text._pa_level_reg_value
                0x00006790       0x30 ./source/NRF/NRF.o
 .text.available
                0x000067c0       0x2a ./source/NRF/NRF.o
                0x000067c0                available
 .text.get_status
                0x000067ea       0x10 ./source/NRF/NRF.o
 .text.RFbegin  0x000067fa        0xc ./source/NRF/RF.o
                0x000067fa                RFbegin
 .text.ESCArm   0x00006806       0x4c ./source/ESCDriver/ESCDriver.o
                0x00006806                ESCArm
 .text.BiQuad_init
                0x00006852       0xf2 ./source/Biquad/Biquad.o
                0x00006852                BiQuad_init
 .text.BiQuad_filter
                0x00006944      0x114 ./source/Biquad/Biquad.o
                0x00006944                BiQuad_filter
 .text.FusionQuaternionToEuler
                0x00006a58      0x14c ./source/App.o
 .text.main     0x00006ba4       0x1a ./SDK/startup/main.o
                0x00006ba4                main
 .text.HardFault_Handler
                0x00006bbe       0x2c ./SDK/startup/semihost_hardfault.o
                0x00006bbe                HardFault_Handler
 .text.DMA0_IRQHandler
                0x00006bea        0x8 ./SDK/startup/startup_mk64f12.o
                0x00006bea                DMA0_IRQHandler
 .text.DMA1_IRQHandler
                0x00006bf2        0x8 ./SDK/startup/startup_mk64f12.o
                0x00006bf2                DMA1_IRQHandler
 .text.DMA2_IRQHandler
                0x00006bfa        0x8 ./SDK/startup/startup_mk64f12.o
                0x00006bfa                DMA2_IRQHandler
 .text.DMA3_IRQHandler
                0x00006c02        0x8 ./SDK/startup/startup_mk64f12.o
                0x00006c02                DMA3_IRQHandler
 .text.DMA4_IRQHandler
                0x00006c0a        0x8 ./SDK/startup/startup_mk64f12.o
                0x00006c0a                DMA4_IRQHandler
 .text.DMA5_IRQHandler
                0x00006c12        0x8 ./SDK/startup/startup_mk64f12.o
                0x00006c12                DMA5_IRQHandler
 .text.DMA6_IRQHandler
                0x00006c1a        0x8 ./SDK/startup/startup_mk64f12.o
                0x00006c1a                DMA6_IRQHandler
 .text.DMA7_IRQHandler
                0x00006c22        0x8 ./SDK/startup/startup_mk64f12.o
                0x00006c22                DMA7_IRQHandler
 .text.DMA8_IRQHandler
                0x00006c2a        0x8 ./SDK/startup/startup_mk64f12.o
                0x00006c2a                DMA8_IRQHandler
 .text.DMA9_IRQHandler
                0x00006c32        0x8 ./SDK/startup/startup_mk64f12.o
                0x00006c32                DMA9_IRQHandler
 .text.DMA10_IRQHandler
                0x00006c3a        0x8 ./SDK/startup/startup_mk64f12.o
                0x00006c3a                DMA10_IRQHandler
 .text.DMA11_IRQHandler
                0x00006c42        0x8 ./SDK/startup/startup_mk64f12.o
                0x00006c42                DMA11_IRQHandler
 .text.DMA12_IRQHandler
                0x00006c4a        0x8 ./SDK/startup/startup_mk64f12.o
                0x00006c4a                DMA12_IRQHandler
 .text.DMA13_IRQHandler
                0x00006c52        0x8 ./SDK/startup/startup_mk64f12.o
                0x00006c52                DMA13_IRQHandler
 .text.DMA14_IRQHandler
                0x00006c5a        0x8 ./SDK/startup/startup_mk64f12.o
                0x00006c5a                DMA14_IRQHandler
 .text.DMA15_IRQHandler
                0x00006c62        0x8 ./SDK/startup/startup_mk64f12.o
                0x00006c62                DMA15_IRQHandler
 .text.DMA_Error_IRQHandler
                0x00006c6a        0x8 ./SDK/startup/startup_mk64f12.o
                0x00006c6a                DMA_Error_IRQHandler
 .text.MCM_IRQHandler
                0x00006c72        0x8 ./SDK/startup/startup_mk64f12.o
                0x00006c72                MCM_IRQHandler
 .text.FTFE_IRQHandler
                0x00006c7a        0x8 ./SDK/startup/startup_mk64f12.o
                0x00006c7a                FTFE_IRQHandler
 .text.Read_Collision_IRQHandler
                0x00006c82        0x8 ./SDK/startup/startup_mk64f12.o
                0x00006c82                Read_Collision_IRQHandler
 .text.LVD_LVW_IRQHandler
                0x00006c8a        0x8 ./SDK/startup/startup_mk64f12.o
                0x00006c8a                LVD_LVW_IRQHandler
 .text.LLWU_IRQHandler
                0x00006c92        0x8 ./SDK/startup/startup_mk64f12.o
                0x00006c92                LLWU_IRQHandler
 .text.WDOG_EWM_IRQHandler
                0x00006c9a        0x8 ./SDK/startup/startup_mk64f12.o
                0x00006c9a                WDOG_EWM_IRQHandler
 .text.RNG_IRQHandler
                0x00006ca2        0x8 ./SDK/startup/startup_mk64f12.o
                0x00006ca2                RNG_IRQHandler
 .text.I2C1_IRQHandler
                0x00006caa        0x8 ./SDK/startup/startup_mk64f12.o
                0x00006caa                I2C1_IRQHandler
 .text.SPI1_IRQHandler
                0x00006cb2        0x8 ./SDK/startup/startup_mk64f12.o
                0x00006cb2                SPI1_IRQHandler
 .text.I2S0_Tx_IRQHandler
                0x00006cba        0x8 ./SDK/startup/startup_mk64f12.o
                0x00006cba                I2S0_Tx_IRQHandler
 .text.I2S0_Rx_IRQHandler
                0x00006cc2        0x8 ./SDK/startup/startup_mk64f12.o
                0x00006cc2                I2S0_Rx_IRQHandler
 .text.UART0_LON_IRQHandler
                0x00006cca        0x8 ./SDK/startup/startup_mk64f12.o
                0x00006cca                UART0_LON_IRQHandler
 .text.UART0_ERR_IRQHandler
                0x00006cd2        0x8 ./SDK/startup/startup_mk64f12.o
                0x00006cd2                UART0_ERR_IRQHandler
 .text.UART1_ERR_IRQHandler
                0x00006cda        0x8 ./SDK/startup/startup_mk64f12.o
                0x00006cda                UART1_ERR_IRQHandler
 .text.UART2_ERR_IRQHandler
                0x00006ce2        0x8 ./SDK/startup/startup_mk64f12.o
                0x00006ce2                UART2_ERR_IRQHandler
 .text.UART3_ERR_IRQHandler
                0x00006cea        0x8 ./SDK/startup/startup_mk64f12.o
                0x00006cea                UART3_ERR_IRQHandler
 .text.ADC0_IRQHandler
                0x00006cf2        0x8 ./SDK/startup/startup_mk64f12.o
                0x00006cf2                ADC0_IRQHandler
 .text.CMP0_IRQHandler
                0x00006cfa        0x8 ./SDK/startup/startup_mk64f12.o
                0x00006cfa                CMP0_IRQHandler
 .text.CMP1_IRQHandler
                0x00006d02        0x8 ./SDK/startup/startup_mk64f12.o
                0x00006d02                CMP1_IRQHandler
 .text.FTM2_IRQHandler
                0x00006d0a        0x8 ./SDK/startup/startup_mk64f12.o
                0x00006d0a                FTM2_IRQHandler
 .text.CMT_IRQHandler
                0x00006d12        0x8 ./SDK/startup/startup_mk64f12.o
                0x00006d12                CMT_IRQHandler
 .text.RTC_IRQHandler
                0x00006d1a        0x8 ./SDK/startup/startup_mk64f12.o
                0x00006d1a                RTC_IRQHandler
 .text.RTC_Seconds_IRQHandler
                0x00006d22        0x8 ./SDK/startup/startup_mk64f12.o
                0x00006d22                RTC_Seconds_IRQHandler
 .text.PDB0_IRQHandler
                0x00006d2a        0x8 ./SDK/startup/startup_mk64f12.o
                0x00006d2a                PDB0_IRQHandler
 .text.USB0_IRQHandler
                0x00006d32        0x8 ./SDK/startup/startup_mk64f12.o
                0x00006d32                USB0_IRQHandler
 .text.USBDCD_IRQHandler
                0x00006d3a        0x8 ./SDK/startup/startup_mk64f12.o
                0x00006d3a                USBDCD_IRQHandler
 .text.Reserved71_IRQHandler
                0x00006d42        0x8 ./SDK/startup/startup_mk64f12.o
                0x00006d42                Reserved71_IRQHandler
 .text.DAC0_IRQHandler
                0x00006d4a        0x8 ./SDK/startup/startup_mk64f12.o
                0x00006d4a                DAC0_IRQHandler
 .text.MCG_IRQHandler
                0x00006d52        0x8 ./SDK/startup/startup_mk64f12.o
                0x00006d52                MCG_IRQHandler
 .text.LPTMR0_IRQHandler
                0x00006d5a        0x8 ./SDK/startup/startup_mk64f12.o
                0x00006d5a                LPTMR0_IRQHandler
 .text.SWI_IRQHandler
                0x00006d62        0x8 ./SDK/startup/startup_mk64f12.o
                0x00006d62                SWI_IRQHandler
 .text.SPI2_IRQHandler
                0x00006d6a        0x8 ./SDK/startup/startup_mk64f12.o
                0x00006d6a                SPI2_IRQHandler
 .text.UART4_ERR_IRQHandler
                0x00006d72        0x8 ./SDK/startup/startup_mk64f12.o
                0x00006d72                UART4_ERR_IRQHandler
 .text.UART5_RX_TX_IRQHandler
                0x00006d7a        0x8 ./SDK/startup/startup_mk64f12.o
                0x00006d7a                UART5_RX_TX_IRQHandler
 .text.UART5_ERR_IRQHandler
                0x00006d82        0x8 ./SDK/startup/startup_mk64f12.o
                0x00006d82                UART5_ERR_IRQHandler
 .text.CMP2_IRQHandler
                0x00006d8a        0x8 ./SDK/startup/startup_mk64f12.o
                0x00006d8a                CMP2_IRQHandler
 .text.FTM3_IRQHandler
                0x00006d92        0x8 ./SDK/startup/startup_mk64f12.o
                0x00006d92                FTM3_IRQHandler
 .text.DAC1_IRQHandler
                0x00006d9a        0x8 ./SDK/startup/startup_mk64f12.o
                0x00006d9a                DAC1_IRQHandler
 .text.ADC1_IRQHandler
                0x00006da2        0x8 ./SDK/startup/startup_mk64f12.o
                0x00006da2                ADC1_IRQHandler
 .text.I2C2_IRQHandler
                0x00006daa        0x8 ./SDK/startup/startup_mk64f12.o
                0x00006daa                I2C2_IRQHandler
 .text.CAN0_ORed_Message_buffer_IRQHandler
                0x00006db2        0x8 ./SDK/startup/startup_mk64f12.o
                0x00006db2                CAN0_ORed_Message_buffer_IRQHandler
 .text.CAN0_Bus_Off_IRQHandler
                0x00006dba        0x8 ./SDK/startup/startup_mk64f12.o
                0x00006dba                CAN0_Bus_Off_IRQHandler
 .text.CAN0_Error_IRQHandler
                0x00006dc2        0x8 ./SDK/startup/startup_mk64f12.o
                0x00006dc2                CAN0_Error_IRQHandler
 .text.CAN0_Tx_Warning_IRQHandler
                0x00006dca        0x8 ./SDK/startup/startup_mk64f12.o
                0x00006dca                CAN0_Tx_Warning_IRQHandler
 .text.CAN0_Rx_Warning_IRQHandler
                0x00006dd2        0x8 ./SDK/startup/startup_mk64f12.o
                0x00006dd2                CAN0_Rx_Warning_IRQHandler
 .text.CAN0_Wake_Up_IRQHandler
                0x00006dda        0x8 ./SDK/startup/startup_mk64f12.o
                0x00006dda                CAN0_Wake_Up_IRQHandler
 .text.SDHC_IRQHandler
                0x00006de2        0x8 ./SDK/startup/startup_mk64f12.o
                0x00006de2                SDHC_IRQHandler
 .text.ENET_1588_Timer_IRQHandler
                0x00006dea        0x8 ./SDK/startup/startup_mk64f12.o
                0x00006dea                ENET_1588_Timer_IRQHandler
 .text.ENET_Transmit_IRQHandler
                0x00006df2        0x8 ./SDK/startup/startup_mk64f12.o
                0x00006df2                ENET_Transmit_IRQHandler
 .text.ENET_Receive_IRQHandler
                0x00006dfa        0x8 ./SDK/startup/startup_mk64f12.o
                0x00006dfa                ENET_Receive_IRQHandler
 .text.ENET_Error_IRQHandler
                0x00006e02        0x8 ./SDK/startup/startup_mk64f12.o
                0x00006e02                ENET_Error_IRQHandler
 .text.SystemInitHook
                0x00006e0a        0xe ./SDK/CMSIS/system_MK64F12.o
                0x00006e0a                SystemInitHook
 .text.asinf    0x00006e18        0x6 c:/nxp/mcuxpressoide_10.2.0_759/ide/tools/bin/../lib/gcc/arm-none-eabi/7.2.1/../../../../arm-none-eabi/lib/thumb/v7e-m/fpv4-sp/hard\libcr_c.a(asinf.o)
                0x00006e18                asinf
 .text.fabsf    0x00006e1e       0x10 c:/nxp/mcuxpressoide_10.2.0_759/ide/tools/bin/../lib/gcc/arm-none-eabi/7.2.1/../../../../arm-none-eabi/lib/thumb/v7e-m/fpv4-sp/hard\libcr_c.a(fabsf.o)
                0x00006e1e                fabsf
 .text.sinf     0x00006e2e       0x26 c:/nxp/mcuxpressoide_10.2.0_759/ide/tools/bin/../lib/gcc/arm-none-eabi/7.2.1/../../../../arm-none-eabi/lib/thumb/v7e-m/fpv4-sp/hard\libcr_c.a(sinf.o)
                0x00006e2e                sinf
 .text.sqrtf    0x00006e54        0x6 c:/nxp/mcuxpressoide_10.2.0_759/ide/tools/bin/../lib/gcc/arm-none-eabi/7.2.1/../../../../arm-none-eabi/lib/thumb/v7e-m/fpv4-sp/hard\libcr_c.a(sqrtf_m4_hardfp.o)
                0x00006e54                sqrtf
 .text.memcpy   0x00006e5a        0x4 c:/nxp/mcuxpressoide_10.2.0_759/ide/tools/bin/../lib/gcc/arm-none-eabi/7.2.1/../../../../arm-none-eabi/lib/thumb/v7e-m/fpv4-sp/hard\libcr_c.a(memcpy.o)
                0x00006e5a                memcpy
 .text.memset   0x00006e5e        0x4 c:/nxp/mcuxpressoide_10.2.0_759/ide/tools/bin/../lib/gcc/arm-none-eabi/7.2.1/../../../../arm-none-eabi/lib/thumb/v7e-m/fpv4-sp/hard\libcr_c.a(memset.o)
                0x00006e5e                memset
 .text.__aeabi_division_uldivmod
                0x00006e62      0x174 c:/nxp/mcuxpressoide_10.2.0_759/ide/tools/bin/../lib/gcc/arm-none-eabi/7.2.1/thumb/v7e-m/fpv4-sp/hard\libcr_eabihelpers.a(division_64.o)
                0x00006e62                __aeabi_uldivmod
                0x00006e66                __bhs_ldivmod1
 .text.__aeabi_division_idiv0
                0x00006fd6        0x2 c:/nxp/mcuxpressoide_10.2.0_759/ide/tools/bin/../lib/gcc/arm-none-eabi/7.2.1/thumb/v7e-m/fpv4-sp/hard\libcr_eabihelpers.a(division_idiv0.o)
                0x00006fd6                __aeabi_idiv0
 .text.__aeabi_d2uiz
                0x00006fd8       0x30 c:/nxp/mcuxpressoide_10.2.0_759/ide/tools/bin/../lib/gcc/arm-none-eabi/7.2.1/thumb/v7e-m/fpv4-sp/hard\libcr_eabihelpers.a(double.o)
                0x00006fd8                __aeabi_d2uiz
 .text.__bhs_ui2d
                0x00007008       0x46 c:/nxp/mcuxpressoide_10.2.0_759/ide/tools/bin/../lib/gcc/arm-none-eabi/7.2.1/thumb/v7e-m/fpv4-sp/hard\libcr_eabihelpers.a(double.o)
                0x00007008                __bhs_ui2d
 .text.__aeabi_i2d
                0x0000704e       0x12 c:/nxp/mcuxpressoide_10.2.0_759/ide/tools/bin/../lib/gcc/arm-none-eabi/7.2.1/thumb/v7e-m/fpv4-sp/hard\libcr_eabihelpers.a(double.o)
                0x0000704e                __aeabi_i2d
 .text.__aeabi_ui2d
                0x00007060        0x8 c:/nxp/mcuxpressoide_10.2.0_759/ide/tools/bin/../lib/gcc/arm-none-eabi/7.2.1/thumb/v7e-m/fpv4-sp/hard\libcr_eabihelpers.a(double.o)
                0x00007060                __aeabi_ui2d
 .text.__aeabi_dcmplt
                0x00007068       0x58 c:/nxp/mcuxpressoide_10.2.0_759/ide/tools/bin/../lib/gcc/arm-none-eabi/7.2.1/thumb/v7e-m/fpv4-sp/hard\libcr_eabihelpers.a(double.o)
                0x00007068                __aeabi_dcmplt
 .text.__aeabi_dcmpgt
                0x000070c0       0x58 c:/nxp/mcuxpressoide_10.2.0_759/ide/tools/bin/../lib/gcc/arm-none-eabi/7.2.1/thumb/v7e-m/fpv4-sp/hard\libcr_eabihelpers.a(double.o)
                0x000070c0                __aeabi_dcmpgt
 .text.__aeabi_memcpy
                0x00007118       0x34 c:/nxp/mcuxpressoide_10.2.0_759/ide/tools/bin/../lib/gcc/arm-none-eabi/7.2.1/thumb/v7e-m/fpv4-sp/hard\libcr_eabihelpers.a(memcpy.o)
                0x00007118                __aeabi_memcpy
                0x00007122                __aeabi_memcpy8
                0x00007122                __aeabi_memcpy4
 .text.__aeabi_memset_lowlevel
                0x0000714c       0x32 c:/nxp/mcuxpressoide_10.2.0_759/ide/tools/bin/../lib/gcc/arm-none-eabi/7.2.1/thumb/v7e-m/fpv4-sp/hard\libcr_eabihelpers.a(memcpy.o)
                0x0000714c                __aeabi_lowlevel_memset
 *(SORT_BY_ALIGNMENT(.rodata) SORT_BY_ALIGNMENT(.rodata.*) SORT_BY_ALIGNMENT(.constdata) SORT_BY_ALIGNMENT(.constdata.*))
 *fill*         0x0000717e        0x2 ff
 .rodata        0x00007180      0x130 ./source/App.o
 .rodata.UARTPorts
                0x000072b0       0x18 ./source/UART/uart.o
 .rodata.portPtr
                0x000072c8       0x14 ./source/UART/uart.o
 .rodata.UARTClockSource
                0x000072dc       0x18 ./source/UART/uart.o
 .rodata.UARTSIMR
                0x000072f4       0x14 ./source/UART/uart.o
 .rodata.UARTSIMMask
                0x00007308       0x14 ./source/UART/uart.o
 .rodata.UART_RX_TX_Vectors
                0x0000731c        0x6 ./source/UART/uart.o
 *fill*         0x00007322        0x2 ff
 .rodata.UARTPinPort
                0x00007324        0x5 ./source/UART/uart.o
 *fill*         0x00007329        0x3 ff
 .rodata.UARTPinNumRX
                0x0000732c        0x5 ./source/UART/uart.o
 *fill*         0x00007331        0x3 ff
 .rodata.UARTPinNumTX
                0x00007334        0x5 ./source/UART/uart.o
 *fill*         0x00007339        0x3 ff
 .rodata.UARTPinMuxAlt
                0x0000733c        0x5 ./source/UART/uart.o
 *fill*         0x00007341        0x3 ff
 .rodata.DPS_SCALE
                0x00007344        0x8 ./source/Sensores/MPU6050.o
 .rodata.G_SCALE
                0x0000734c        0x8 ./source/Sensores/MPU6050.o
 .rodata.gpioPtr
                0x00007354       0x14 ./source/MCAL/gpio.o
 .rodata.portPtr
                0x00007368       0x14 ./source/MCAL/gpio.o
 .rodata.SIMPortMasks
                0x0000737c       0x14 ./source/MCAL/gpio.o
 .rodata.I2CPtrs
                0x00007390        0xc ./source/I2Cm/I2Cm.o
 .rodata.I2CIRQs
                0x0000739c        0x3 ./source/I2Cm/I2Cm.o
 *fill*         0x0000739f        0x1 ff
 .rodata.portPtr
                0x000073a0       0x14 ./source/I2Cm/I2Cm.o
 .rodata.I2CPinPorts
                0x000073b4        0x4 ./source/I2Cm/I2Cm.o
 .rodata.I2CPinPinsSCL
                0x000073b8        0x4 ./source/I2Cm/I2Cm.o
 .rodata.I2CPinPinsSDA
                0x000073bc        0x4 ./source/I2Cm/I2Cm.o
 .rodata.I2CPinAlts
                0x000073c0        0x4 ./source/I2Cm/I2Cm.o
 .rodata.I2CClkSimPtr
                0x000073c4       0x10 ./source/I2Cm/I2Cm.o
 .rodata.I2CClkSimMask
                0x000073d4       0x10 ./source/I2Cm/I2Cm.o
 .rodata.portPtr
                0x000073e4       0x14 ./source/ESCDriver/ESCDriver.o
 .rodata.FTMPinPort
                0x000073f8       0x20 ./source/ESCDriver/ESCDriver.o
 .rodata.FTMPinNum
                0x00007418       0x20 ./source/ESCDriver/ESCDriver.o
 .rodata.FTMPinMuxAlt
                0x00007438       0x20 ./source/ESCDriver/ESCDriver.o
 .rodata.motorChannel
                0x00007458        0x4 ./source/ESCDriver/ESCDriver.o
 .rodata.sinTable_f32
                0x0000745c      0x804 C:\Fran\ITBA\Sist. de control\Drone\Quadcopter\TPQUAD\SDK\CMSIS\DSP\libarm_cortexM4lf_math.a(arm_common_tables.o)
                0x0000745c                sinTable_f32
 .rodata.a.5195
                0x00007c60       0x10 c:/nxp/mcuxpressoide_10.2.0_759/ide/tools/bin/../lib/gcc/arm-none-eabi/7.2.1/../../../../arm-none-eabi/lib/thumb/v7e-m/fpv4-sp/hard\libcr_c.a(atanf.o)
 .rodata.a.5198
                0x00007c70        0x8 c:/nxp/mcuxpressoide_10.2.0_759/ide/tools/bin/../lib/gcc/arm-none-eabi/7.2.1/../../../../arm-none-eabi/lib/thumb/v7e-m/fpv4-sp/hard\libcr_c.a(_asinacosf.o)
 .rodata.b.5199
                0x00007c78        0x8 c:/nxp/mcuxpressoide_10.2.0_759/ide/tools/bin/../lib/gcc/arm-none-eabi/7.2.1/../../../../arm-none-eabi/lib/thumb/v7e-m/fpv4-sp/hard\libcr_c.a(_asinacosf.o)
                0x00007c80                . = ALIGN (0x8)

.glue_7         0x00007c80        0x0
 .glue_7        0x00007c80        0x0 linker stubs

.glue_7t        0x00007c80        0x0
 .glue_7t       0x00007c80        0x0 linker stubs

.vfp11_veneer   0x00007c80        0x0
 .vfp11_veneer  0x00007c80        0x0 linker stubs

.v4_bx          0x00007c80        0x0
 .v4_bx         0x00007c80        0x0 linker stubs

.iplt           0x00007c80        0x0
 .iplt          0x00007c80        0x0 ./source/timer/SysTick.o

.rel.dyn        0x00007c80        0x0
 .rel.iplt      0x00007c80        0x0 ./source/timer/SysTick.o

.ARM.extab
 *(SORT_BY_ALIGNMENT(.ARM.extab*) SORT_BY_ALIGNMENT(.gnu.linkonce.armextab.*))
                0x00007c80                __exidx_start = .

.ARM.exidx
 *(SORT_BY_ALIGNMENT(.ARM.exidx*) SORT_BY_ALIGNMENT(.gnu.linkonce.armexidx.*))
                0x00007c80                __exidx_end = .
                0x00007c80                _etext = .

.m_usb_data
 *(SORT_BY_ALIGNMENT(m_usb_bdt))

.data_RAM2      0x1fff0000        0x0 load address 0x00007c80
 FILL mask 0xff
                [!provide]                PROVIDE (__start_data_RAM2, .)
 *(SORT_BY_ALIGNMENT(.ramfunc.$RAM2))
 *(SORT_BY_ALIGNMENT(.ramfunc.$SRAM_LOWER))
 *(SORT_BY_ALIGNMENT(.data.$RAM2*))
 *(SORT_BY_ALIGNMENT(.data.$SRAM_LOWER*))
                0x1fff0000                . = ALIGN (0x8)
                [!provide]                PROVIDE (__end_data_RAM2, .)

.data_RAM3      0x14000000        0x0 load address 0x00007c80
 FILL mask 0xff
                [!provide]                PROVIDE (__start_data_RAM3, .)
 *(SORT_BY_ALIGNMENT(.ramfunc.$RAM3))
 *(SORT_BY_ALIGNMENT(.ramfunc.$FLEX_RAM))
 *(SORT_BY_ALIGNMENT(.data.$RAM3*))
 *(SORT_BY_ALIGNMENT(.data.$FLEX_RAM*))
                0x14000000                . = ALIGN (0x8)
                [!provide]                PROVIDE (__end_data_RAM3, .)

.uninit_RESERVED
                0x20000000        0x0
 *(SORT_BY_ALIGNMENT(.bss.$RESERVED*))
                0x20000000                . = ALIGN (0x4)
                0x20000000                _end_uninit_RESERVED = .

.data           0x20000000      0x168 load address 0x00007c80
 FILL mask 0xff
                0x20000000                _data = .
 *(SORT_BY_ALIGNMENT(vtable))
 *(SORT_BY_ALIGNMENT(.ramfunc*))
 *(SORT_BY_ALIGNMENT(.data*))
 .data.calibrationValues
                0x20000000       0x20 ./source/NRF/RF.o
 .data.Kx       0x20000020       0xc0 ./source/App.o
                0x20000020                Kx
 .data.Ki       0x200000e0       0x40 ./source/App.o
                0x200000e0                Ki
 .data.portPtrs
                0x20000120       0x14 ./source/SPI/SPI.o
 .data.SPIPtrs  0x20000134        0xc ./source/SPI/SPI.o
 .data.sim_ptr  0x20000140        0x4 ./source/SPI/SPI.o
 .data.child_pipe
                0x20000144        0x6 ./source/NRF/NRF.o
 *fill*         0x2000014a        0x2 ff
 .data.child_pipe_enable
                0x2000014c        0x6 ./source/NRF/NRF.o
 *fill*         0x20000152        0x2 ff
 .data.address  0x20000154        0x6 ./source/NRF/RF.o
 *fill*         0x2000015a        0x2 ff
 .data.i2cStates
                0x2000015c        0x2 ./source/I2Cm/I2Cm.o
                0x2000015c                i2cStates
 .data.timers_cant
                0x2000015e        0x1 ./source/timer/timer.o
 .data.Gscale   0x2000015f        0x1 ./source/Sensores/MPU6050.o
 .data.triggerTimeOut.7498
                0x20000160        0x1 ./source/NRF/RF.o
 .data.initialising
                0x20000161        0x1 ./source/App.o
                0x20000161                initialising
                0x20000168                . = ALIGN (0x8)
 *fill*         0x20000162        0x6 ff
                0x20000168                _edata = .

.igot.plt       0x20000168        0x0 load address 0x00007de8
 .igot.plt      0x20000168        0x0 ./source/timer/SysTick.o

.bss_RAM2       0x1fff0000        0x0
                [!provide]                PROVIDE (__start_bss_RAM2, .)
 *(SORT_BY_ALIGNMENT(.bss.$RAM2*))
 *(SORT_BY_ALIGNMENT(.bss.$SRAM_LOWER*))
                0x1fff0000                . = ALIGN ((. != 0x0)?0x8:0x1)
                [!provide]                PROVIDE (__end_bss_RAM2, .)

.bss_RAM3       0x14000000        0x0
                [!provide]                PROVIDE (__start_bss_RAM3, .)
 *(SORT_BY_ALIGNMENT(.bss.$RAM3*))
 *(SORT_BY_ALIGNMENT(.bss.$FLEX_RAM*))
                0x14000000                . = ALIGN ((. != 0x0)?0x8:0x1)
                [!provide]                PROVIDE (__end_bss_RAM3, .)

.bss            0x20000168     0x1598
                0x20000168                _bss = .
 *(SORT_BY_ALIGNMENT(.bss*))
 .bss.lastIntegrateError
                0x20000168       0x10 ./source/Sistema de Control/SistemaDeControl.o
 .bss.gyroAverage
                0x20000178       0x18 ./source/Sensores/MPU6050.o
 .bss.accelAverage
                0x20000190       0x18 ./source/Sensores/MPU6050.o
 .bss.ICLastTicks
                0x200001a8      0x100 ./source/FTM/FTM.o
 .bss.accelData
                0x200002a8       0x20 ./source/App.o
                0x200002a8                accelData
 .bss.gyroData  0x200002c8       0x20 ./source/App.o
                0x200002c8                gyroData
 .bss.speed     0x200002e8       0x20 ./source/App.o
                0x200002e8                speed
 .bss.filter_roll_dot_stgs
                0x20000308      0x168 ./source/App.o
                0x20000308                filter_roll_dot_stgs
 .bss.filter_pitch_dot_stgs
                0x20000470      0x168 ./source/App.o
                0x20000470                filter_pitch_dot_stgs
 .bss.filter_yaw_dot_stgs
                0x200005d8      0x168 ./source/App.o
                0x200005d8                filter_yaw_dot_stgs
 .bss.RFchannel
                0x20000740       0x20 ./source/App.o
                0x20000740                RFchannel
 .bss.referenceIntegrator
                0x20000760       0x10 ./source/App.o
                0x20000760                referenceIntegrator
 .bss.referenceProportional
                0x20000770       0x30 ./source/App.o
                0x20000770                referenceProportional
 .bss.SysTickCallback
                0x200007a0        0x4 ./source/timer/SysTick.o
 .bss.timers    0x200007a4       0xa0 ./source/timer/timer.o
 .bss.pckgNULL  0x20000844       0x10 ./source/buffer/SPI_buffer.o
                0x20000844                pckgNULL
 .bss.TxBuffer  0x20000854      0x267 ./source/UART/uart.o
 *fill*         0x20000abb        0x1 
 .bss.RxBuffer  0x20000abc      0x267 ./source/UART/uart.o
 *fill*         0x20000d23        0x1 
 .bss.writeBuffer
                0x20000d24        0x4 ./source/Sensores/MPU6050.o
 .bss.readBuffer
                0x20000d28        0xa ./source/Sensores/MPU6050.o
 *fill*         0x20000d32        0x2 
 .bss.LastRawDataGyroRead
                0x20000d34        0x6 ./source/Sensores/MPU6050.o
 *fill*         0x20000d3a        0x2 
 .bss.LastRawDataAccRead
                0x20000d3c        0x6 ./source/Sensores/MPU6050.o
 *fill*         0x20000d42        0x2 
 .bss.TxBuffer  0x20000d44      0x508 ./source/SPI/SPI.o
 .bss.cont.8181
                0x2000124c        0x4 ./source/SPI/SPI.o
 .bss.pckgAux.8182
                0x20001250       0x10 ./source/SPI/SPI.o
 .bss.PITCbs    0x20001260       0x10 ./source/PIT/PIT.o
 .bss.SPIconfig
                0x20001270        0x3 ./source/NRF/NRF.o
 *fill*         0x20001273        0x1 
 .bss.pipe0_reading_address
                0x20001274        0x5 ./source/NRF/NRF.o
 *fill*         0x20001279        0x3 
 .bss.bufferRead
                0x2000127c       0x20 ./source/NRF/NRF.o
 .bss.internalBuffer
                0x2000129c       0x20 ./source/NRF/RF.o
 .bss.portIrqFunc
                0x200012bc      0x280 ./source/MCAL/gpio.o
                0x200012bc                portIrqFunc
 .bss.writeState
                0x2000153c       0x24 ./source/I2Cm/I2Cm.o
 .bss.readState
                0x20001560       0x18 ./source/I2Cm/I2Cm.o
 .bss.PWMPtrs   0x20001578       0x80 ./source/FTM/FTM.o
 .bss.ICCbPtrs  0x200015f8       0x80 ./source/FTM/FTM.o
 .bss.ICChannelValue
                0x20001678       0x40 ./source/FTM/FTM.o
 .bss.ICnewEdge
                0x200016b8       0x20 ./source/FTM/FTM.o
 .bss.fusionFlags
                0x200016d8        0x5 ./source/App.o
                0x200016d8                fusionFlags
 *fill*         0x200016dd        0x3 
 .bss.__LDM_interruptDisableCount
                0x200016e0        0x4 ./SDK/startup/hardware.o
 .bss.errno     0x200016e4        0x4 c:/nxp/mcuxpressoide_10.2.0_759/ide/tools/bin/../lib/gcc/arm-none-eabi/7.2.1/../../../../arm-none-eabi/lib/thumb/v7e-m/fpv4-sp/hard\libcr_c.a(errno.o)
                0x200016e4                errno
 .bss.yaInit.5603
                0x200016e8        0x1 ./source/timer/timer.o
 .bss.Ascale    0x200016e9        0x1 ./source/Sensores/MPU6050.o
 .bss.writeSize
                0x200016ea        0x1 ./source/Sensores/MPU6050.o
 .bss.readSize  0x200016eb        0x1 ./source/Sensores/MPU6050.o
 .bss.inInterrupt
                0x200016ec        0x1 ./source/SPI/SPI.o
 .bss.finishSPI
                0x200016ed        0x1 ./source/NRF/NRF.o
 .bss._is_p_variant
                0x200016ee        0x1 ./source/NRF/NRF.o
 .bss.ack_payloads_enabled
                0x200016ef        0x1 ./source/NRF/NRF.o
 .bss.dynamic_payloads_enabled
                0x200016f0        0x1 ./source/NRF/NRF.o
 .bss.payload_size
                0x200016f1        0x1 ./source/NRF/NRF.o
 .bss.addr_width
                0x200016f2        0x1 ./source/NRF/NRF.o
 .bss.config_reg
                0x200016f3        0x1 ./source/NRF/NRF.o
 .bss._is_p0_rx
                0x200016f4        0x1 ./source/NRF/NRF.o
 .bss.status    0x200016f5        0x1 ./source/NRF/NRF.o
 .bss.atLeastOneAvailable
                0x200016f6        0x1 ./source/NRF/RF.o
 .bss.timeOut   0x200016f7        0x1 ./source/NRF/RF.o
 .bss.timeOutRF
                0x200016f8        0x1 ./source/NRF/RF.o
 .bss.isBusBusy
                0x200016f9        0x1 ./source/I2Cm/I2Cm.o
 .bss.I2CtriggerAcc
                0x200016fa        0x1 ./source/App.o
                0x200016fa                I2CtriggerAcc
 *(SORT_BY_ALIGNMENT(COMMON))
                0x20001700                . = ALIGN (0x8)
 *fill*         0x200016fb        0x5 
                0x20001700                _ebss = .
                [!provide]                PROVIDE (end, .)

.noinit_RAM2    0x1fff0000        0x0
 *(SORT_BY_ALIGNMENT(.noinit.$RAM2*))
 *(SORT_BY_ALIGNMENT(.noinit.$SRAM_LOWER*))
                0x1fff0000                . = ALIGN (0x8)

.noinit_RAM3    0x14000000        0x0
 *(SORT_BY_ALIGNMENT(.noinit.$RAM3*))
 *(SORT_BY_ALIGNMENT(.noinit.$FLEX_RAM*))
                0x14000000                . = ALIGN (0x8)

.noinit         0x20001700        0x0
                0x20001700                _noinit = .
 *(SORT_BY_ALIGNMENT(.noinit*))
                0x20001700                . = ALIGN (0x8)
                0x20001700                _end_noinit = .
                0x00001000                _HeapSize = 0x1000

.heap           0x20001700     0x1000
                0x20001700                _pvHeapStart = .
                0x20002700                . = (. + _HeapSize)
 *fill*         0x20001700     0x1000 
                0x20002700                . = ALIGN (0x8)
                0x20002700                _pvHeapLimit = .
                0x00001000                _StackSize = 0x1000

.heap2stackfill
                0x20002700     0x1000
                0x20003700                . = (. + _StackSize)
 *fill*         0x20002700     0x1000 

.stack          0x2002f000        0x0
                0x2002f000                _vStackBase = .
                0x2002f000                . = ALIGN (0x8)
                0x20030000                _vStackTop = (. + _StackSize)
                0x00000000                _image_start = LOADADDR (.text)
                0x00007de8                _image_end = (LOADADDR (.data) + SIZEOF (.data))
                0x00007de8                _image_size = (_image_end - _image_start)
OUTPUT(TPQUAD.axf elf32-littlearm)

.debug_info     0x00000000    0x1600b
 .debug_info    0x00000000      0x502 ./source/timer/SysTick.o
 .debug_info    0x00000502      0xad6 ./source/timer/timer.o
 .debug_info    0x00000fd8      0xb17 ./source/buffer/SPI_buffer.o
 .debug_info    0x00001aef      0x2f7 ./source/buffer/circular_buffer.o
 .debug_info    0x00001de6      0xd65 ./source/UART/uart.o
 .debug_info    0x00002b4b      0x314 ./source/Sistema de Control/MatrixOps.o
 .debug_info    0x00002e5f      0xb56 ./source/Sistema de Control/SistemaDeControl.o
 .debug_info    0x000039b5      0xd0e ./source/Sensores/MPU6050.o
 .debug_info    0x000046c3     0x14fa ./source/SPI/SPI.o
 .debug_info    0x00005bbd      0x847 ./source/PIT/PIT.o
 .debug_info    0x00006404     0x10a6 ./source/NRF/NRF.o
 .debug_info    0x000074aa      0xb05 ./source/NRF/RF.o
 .debug_info    0x00007faf      0xbae ./source/MCAL/gpio.o
 .debug_info    0x00008b5d     0x14ee ./source/I2Cm/I2Cm.o
 .debug_info    0x0000a04b     0x246c ./source/Fusion/FusionAhrs.o
 .debug_info    0x0000c4b7     0x1747 ./source/FTM/FTM.o
 .debug_info    0x0000dbfe     0x104b ./source/ESCDriver/ESCDriver.o
 .debug_info    0x0000ec49      0x183 ./source/Biquad/Biquad.o
 .debug_info    0x0000edcc     0x1584 ./source/App.o
 .debug_info    0x00010350      0x675 ./SDK/startup/hardware.o
 .debug_info    0x000109c5       0xb7 ./SDK/startup/main.o
 .debug_info    0x00010a7c       0x3b ./SDK/startup/semihost_hardfault.o
 .debug_info    0x00010ab7      0x8b0 ./SDK/startup/startup_mk64f12.o
 .debug_info    0x00011367      0x5fc ./SDK/CMSIS/system_MK64F12.o
 .debug_info    0x00011963     0x1612 C:\Fran\ITBA\Sist. de control\Drone\Quadcopter\TPQUAD\SDK\CMSIS\DSP\libarm_cortexM4lf_math.a(arm_sin_f32.o)
 .debug_info    0x00012f75     0x1612 C:\Fran\ITBA\Sist. de control\Drone\Quadcopter\TPQUAD\SDK\CMSIS\DSP\libarm_cortexM4lf_math.a(arm_cos_f32.o)
 .debug_info    0x00014587     0x1a84 C:\Fran\ITBA\Sist. de control\Drone\Quadcopter\TPQUAD\SDK\CMSIS\DSP\libarm_cortexM4lf_math.a(arm_common_tables.o)

.debug_abbrev   0x00000000     0x3935
 .debug_abbrev  0x00000000      0x194 ./source/timer/SysTick.o
 .debug_abbrev  0x00000194      0x2a0 ./source/timer/timer.o
 .debug_abbrev  0x00000434      0x27d ./source/buffer/SPI_buffer.o
 .debug_abbrev  0x000006b1      0x173 ./source/buffer/circular_buffer.o
 .debug_abbrev  0x00000824      0x257 ./source/UART/uart.o
 .debug_abbrev  0x00000a7b       0xbb ./source/Sistema de Control/MatrixOps.o
 .debug_abbrev  0x00000b36      0x20d ./source/Sistema de Control/SistemaDeControl.o
 .debug_abbrev  0x00000d43      0x27c ./source/Sensores/MPU6050.o
 .debug_abbrev  0x00000fbf      0x33d ./source/SPI/SPI.o
 .debug_abbrev  0x000012fc      0x1d3 ./source/PIT/PIT.o
 .debug_abbrev  0x000014cf      0x388 ./source/NRF/NRF.o
 .debug_abbrev  0x00001857      0x247 ./source/NRF/RF.o
 .debug_abbrev  0x00001a9e      0x247 ./source/MCAL/gpio.o
 .debug_abbrev  0x00001ce5      0x31f ./source/I2Cm/I2Cm.o
 .debug_abbrev  0x00002004      0x485 ./source/Fusion/FusionAhrs.o
 .debug_abbrev  0x00002489      0x353 ./source/FTM/FTM.o
 .debug_abbrev  0x000027dc      0x26a ./source/ESCDriver/ESCDriver.o
 .debug_abbrev  0x00002a46       0xc6 ./source/Biquad/Biquad.o
 .debug_abbrev  0x00002b0c      0x375 ./source/App.o
 .debug_abbrev  0x00002e81      0x138 ./SDK/startup/hardware.o
 .debug_abbrev  0x00002fb9       0x7d ./SDK/startup/main.o
 .debug_abbrev  0x00003036       0x2f ./SDK/startup/semihost_hardfault.o
 .debug_abbrev  0x00003065      0x15c ./SDK/startup/startup_mk64f12.o
 .debug_abbrev  0x000031c1      0x13f ./SDK/CMSIS/system_MK64F12.o
 .debug_abbrev  0x00003300      0x22c C:\Fran\ITBA\Sist. de control\Drone\Quadcopter\TPQUAD\SDK\CMSIS\DSP\libarm_cortexM4lf_math.a(arm_sin_f32.o)
 .debug_abbrev  0x0000352c      0x22c C:\Fran\ITBA\Sist. de control\Drone\Quadcopter\TPQUAD\SDK\CMSIS\DSP\libarm_cortexM4lf_math.a(arm_cos_f32.o)
 .debug_abbrev  0x00003758      0x1dd C:\Fran\ITBA\Sist. de control\Drone\Quadcopter\TPQUAD\SDK\CMSIS\DSP\libarm_cortexM4lf_math.a(arm_common_tables.o)

.debug_aranges  0x00000000      0xb50
 .debug_aranges
                0x00000000       0x30 ./source/timer/SysTick.o
 .debug_aranges
                0x00000030       0x50 ./source/timer/timer.o
 .debug_aranges
                0x00000080       0x58 ./source/buffer/SPI_buffer.o
 .debug_aranges
                0x000000d8       0x58 ./source/buffer/circular_buffer.o
 .debug_aranges
                0x00000130       0x80 ./source/UART/uart.o
 .debug_aranges
                0x000001b0       0x30 ./source/Sistema de Control/MatrixOps.o
 .debug_aranges
                0x000001e0       0x50 ./source/Sistema de Control/SistemaDeControl.o
 .debug_aranges
                0x00000230       0x70 ./source/Sensores/MPU6050.o
 .debug_aranges
                0x000002a0       0x58 ./source/SPI/SPI.o
 .debug_aranges
                0x000002f8       0x58 ./source/PIT/PIT.o
 .debug_aranges
                0x00000350       0xe0 ./source/NRF/NRF.o
 .debug_aranges
                0x00000430       0x48 ./source/NRF/RF.o
 .debug_aranges
                0x00000478       0x78 ./source/MCAL/gpio.o
 .debug_aranges
                0x000004f0       0x50 ./source/I2Cm/I2Cm.o
 .debug_aranges
                0x00000540       0x78 ./source/Fusion/FusionAhrs.o
 .debug_aranges
                0x000005b8       0x80 ./source/FTM/FTM.o
 .debug_aranges
                0x00000638       0x40 ./source/ESCDriver/ESCDriver.o
 .debug_aranges
                0x00000678       0x28 ./source/Biquad/Biquad.o
 .debug_aranges
                0x000006a0       0x88 ./source/App.o
 .debug_aranges
                0x00000728       0x30 ./SDK/startup/hardware.o
 .debug_aranges
                0x00000758       0x20 ./SDK/startup/main.o
 .debug_aranges
                0x00000778       0x20 ./SDK/startup/semihost_hardfault.o
 .debug_aranges
                0x00000798      0x330 ./SDK/startup/startup_mk64f12.o
 .debug_aranges
                0x00000ac8       0x30 ./SDK/CMSIS/system_MK64F12.o
 .debug_aranges
                0x00000af8       0x20 C:\Fran\ITBA\Sist. de control\Drone\Quadcopter\TPQUAD\SDK\CMSIS\DSP\libarm_cortexM4lf_math.a(arm_sin_f32.o)
 .debug_aranges
                0x00000b18       0x20 C:\Fran\ITBA\Sist. de control\Drone\Quadcopter\TPQUAD\SDK\CMSIS\DSP\libarm_cortexM4lf_math.a(arm_cos_f32.o)
 .debug_aranges
                0x00000b38       0x18 C:\Fran\ITBA\Sist. de control\Drone\Quadcopter\TPQUAD\SDK\CMSIS\DSP\libarm_cortexM4lf_math.a(arm_common_tables.o)

.debug_ranges   0x00000000     0x1228
 .debug_ranges  0x00000000       0x20 ./source/timer/SysTick.o
 .debug_ranges  0x00000020       0x40 ./source/timer/timer.o
 .debug_ranges  0x00000060       0x48 ./source/buffer/SPI_buffer.o
 .debug_ranges  0x000000a8       0x48 ./source/buffer/circular_buffer.o
 .debug_ranges  0x000000f0       0x70 ./source/UART/uart.o
 .debug_ranges  0x00000160       0x20 ./source/Sistema de Control/MatrixOps.o
 .debug_ranges  0x00000180       0x40 ./source/Sistema de Control/SistemaDeControl.o
 .debug_ranges  0x000001c0       0x60 ./source/Sensores/MPU6050.o
 .debug_ranges  0x00000220       0x48 ./source/SPI/SPI.o
 .debug_ranges  0x00000268       0x48 ./source/PIT/PIT.o
 .debug_ranges  0x000002b0       0xd0 ./source/NRF/NRF.o
 .debug_ranges  0x00000380       0x38 ./source/NRF/RF.o
 .debug_ranges  0x000003b8       0x68 ./source/MCAL/gpio.o
 .debug_ranges  0x00000420       0x40 ./source/I2Cm/I2Cm.o
 .debug_ranges  0x00000460      0x8f8 ./source/Fusion/FusionAhrs.o
 .debug_ranges  0x00000d58       0x70 ./source/FTM/FTM.o
 .debug_ranges  0x00000dc8       0x30 ./source/ESCDriver/ESCDriver.o
 .debug_ranges  0x00000df8       0x18 ./source/Biquad/Biquad.o
 .debug_ranges  0x00000e10       0x78 ./source/App.o
 .debug_ranges  0x00000e88       0x20 ./SDK/startup/hardware.o
 .debug_ranges  0x00000ea8       0x10 ./SDK/startup/main.o
 .debug_ranges  0x00000eb8       0x10 ./SDK/startup/semihost_hardfault.o
 .debug_ranges  0x00000ec8      0x320 ./SDK/startup/startup_mk64f12.o
 .debug_ranges  0x000011e8       0x20 ./SDK/CMSIS/system_MK64F12.o
 .debug_ranges  0x00001208       0x10 C:\Fran\ITBA\Sist. de control\Drone\Quadcopter\TPQUAD\SDK\CMSIS\DSP\libarm_cortexM4lf_math.a(arm_sin_f32.o)
 .debug_ranges  0x00001218       0x10 C:\Fran\ITBA\Sist. de control\Drone\Quadcopter\TPQUAD\SDK\CMSIS\DSP\libarm_cortexM4lf_math.a(arm_cos_f32.o)

.debug_macro    0x00000000    0x15abf
 .debug_macro   0x00000000       0xb6 ./source/timer/SysTick.o
 .debug_macro   0x000000b6      0xa60 ./source/timer/SysTick.o
 .debug_macro   0x00000b16       0x22 ./source/timer/SysTick.o
 .debug_macro   0x00000b38      0x34e ./source/timer/SysTick.o
 .debug_macro   0x00000e86       0x10 ./source/timer/SysTick.o
 .debug_macro   0x00000e96       0x5c ./source/timer/SysTick.o
 .debug_macro   0x00000ef2       0x1c ./source/timer/SysTick.o
 .debug_macro   0x00000f0e       0x28 ./source/timer/SysTick.o
 .debug_macro   0x00000f36       0xdf ./source/timer/SysTick.o
 .debug_macro   0x00001015      0xecf ./source/timer/SysTick.o
 .debug_macro   0x00001ee4       0x48 ./source/timer/SysTick.o
 .debug_macro   0x00001f2c     0xe07b ./source/timer/SysTick.o
 .debug_macro   0x0000ffa7     0x122b ./source/timer/SysTick.o
 .debug_macro   0x000111d2       0x16 ./source/timer/SysTick.o
 .debug_macro   0x000111e8      0x136 ./source/timer/timer.o
 .debug_macro   0x0001131e       0x17 ./source/timer/timer.o
 .debug_macro   0x00011335       0x22 ./source/timer/timer.o
 .debug_macro   0x00011357       0x52 ./source/timer/timer.o
 .debug_macro   0x000113a9       0x8d ./source/timer/timer.o
 .debug_macro   0x00011436       0x35 ./source/timer/timer.o
 .debug_macro   0x0001146b       0x9c ./source/timer/timer.o
 .debug_macro   0x00011507       0x16 ./source/timer/timer.o
 .debug_macro   0x0001151d      0x10e ./source/timer/timer.o
 .debug_macro   0x0001162b       0x8d ./source/timer/timer.o
 .debug_macro   0x000116b8       0x57 ./source/timer/timer.o
 .debug_macro   0x0001170f       0x58 ./source/timer/timer.o
 .debug_macro   0x00011767       0x1f ./source/timer/timer.o
 .debug_macro   0x00011786       0x43 ./source/timer/timer.o
 .debug_macro   0x000117c9       0x20 ./source/timer/timer.o
 .debug_macro   0x000117e9      0x18e ./source/timer/timer.o
 .debug_macro   0x00011977      0x330 ./source/timer/timer.o
 .debug_macro   0x00011ca7       0x16 ./source/timer/timer.o
 .debug_macro   0x00011cbd       0x29 ./source/timer/timer.o
 .debug_macro   0x00011ce6       0x28 ./source/timer/timer.o
 .debug_macro   0x00011d0e       0x10 ./source/timer/timer.o
 .debug_macro   0x00011d1e      0x1ed ./source/buffer/SPI_buffer.o
 .debug_macro   0x00011f0b       0x16 ./source/buffer/SPI_buffer.o
 .debug_macro   0x00011f21       0x97 ./source/buffer/SPI_buffer.o
 .debug_macro   0x00011fb8       0xfd ./source/buffer/SPI_buffer.o
 .debug_macro   0x000120b5       0x10 ./source/buffer/SPI_buffer.o
 .debug_macro   0x000120c5       0x10 ./source/buffer/SPI_buffer.o
 .debug_macro   0x000120d5       0x6a ./source/buffer/SPI_buffer.o
 .debug_macro   0x0001213f       0x1c ./source/buffer/SPI_buffer.o
 .debug_macro   0x0001215b       0x52 ./source/buffer/SPI_buffer.o
 .debug_macro   0x000121ad       0x40 ./source/buffer/SPI_buffer.o
 .debug_macro   0x000121ed       0x10 ./source/buffer/SPI_buffer.o
 .debug_macro   0x000121fd       0x40 ./source/buffer/SPI_buffer.o
 .debug_macro   0x0001223d       0xd7 ./source/buffer/SPI_buffer.o
 .debug_macro   0x00012314       0x1c ./source/buffer/SPI_buffer.o
 .debug_macro   0x00012330       0x3d ./source/buffer/SPI_buffer.o
 .debug_macro   0x0001236d       0x16 ./source/buffer/SPI_buffer.o
 .debug_macro   0x00012383      0x16f ./source/buffer/SPI_buffer.o
 .debug_macro   0x000124f2       0x16 ./source/buffer/SPI_buffer.o
 .debug_macro   0x00012508       0x35 ./source/buffer/SPI_buffer.o
 .debug_macro   0x0001253d       0xac ./source/buffer/circular_buffer.o
 .debug_macro   0x000125e9       0xe8 ./source/UART/uart.o
 .debug_macro   0x000126d1       0x10 ./source/UART/uart.o
 .debug_macro   0x000126e1       0x40 ./source/UART/uart.o
 .debug_macro   0x00012721       0x2e ./source/Sistema de Control/MatrixOps.o
 .debug_macro   0x0001274f      0x134 ./source/Sistema de Control/SistemaDeControl.o
 .debug_macro   0x00012883       0x28 ./source/Sistema de Control/SistemaDeControl.o
 .debug_macro   0x000128ab      0x174 ./source/Sistema de Control/SistemaDeControl.o
 .debug_macro   0x00012a1f       0x10 ./source/Sistema de Control/SistemaDeControl.o
 .debug_macro   0x00012a2f      0x177 ./source/Sensores/MPU6050.o
 .debug_macro   0x00012ba6      0x338 ./source/Sensores/MPU6050.o
 .debug_macro   0x00012ede      0x325 ./source/SPI/SPI.o
 .debug_macro   0x00013203       0x3a ./source/SPI/SPI.o
 .debug_macro   0x0001323d       0x10 ./source/SPI/SPI.o
 .debug_macro   0x0001324d       0x10 ./source/SPI/SPI.o
 .debug_macro   0x0001325d      0x32a ./source/SPI/SPI.o
 .debug_macro   0x00013587       0xd3 ./source/PIT/PIT.o
 .debug_macro   0x0001365a       0x28 ./source/PIT/PIT.o
 .debug_macro   0x00013682      0x3bd ./source/NRF/NRF.o
 .debug_macro   0x00013a3f      0x1b6 ./source/NRF/RF.o
 .debug_macro   0x00013bf5       0xd9 ./source/NRF/RF.o
 .debug_macro   0x00013cce       0xc4 ./source/MCAL/gpio.o
 .debug_macro   0x00013d92      0x1ff ./source/I2Cm/I2Cm.o
 .debug_macro   0x00013f91       0x10 ./source/I2Cm/I2Cm.o
 .debug_macro   0x00013fa1      0x170 ./source/Fusion/FusionAhrs.o
 .debug_macro   0x00014111      0xa60 ./source/Fusion/FusionAhrs.o
 .debug_macro   0x00014b71      0x201 ./source/Fusion/FusionAhrs.o
 .debug_macro   0x00014d72      0x1cc ./source/Fusion/FusionAhrs.o
 .debug_macro   0x00014f3e       0x9a ./source/Fusion/FusionAhrs.o
 .debug_macro   0x00014fd8      0x1c7 ./source/FTM/FTM.o
 .debug_macro   0x0001519f       0x22 ./source/FTM/FTM.o
 .debug_macro   0x000151c1      0x1ee ./source/ESCDriver/ESCDriver.o
 .debug_macro   0x000153af       0x1c ./source/ESCDriver/ESCDriver.o
 .debug_macro   0x000153cb       0x1b ./source/Biquad/Biquad.o
 .debug_macro   0x000153e6      0x379 ./source/App.o
 .debug_macro   0x0001575f       0x1c ./source/App.o
 .debug_macro   0x0001577b       0x22 ./source/App.o
 .debug_macro   0x0001579d       0x3a ./source/App.o
 .debug_macro   0x000157d7       0x2e ./source/App.o
 .debug_macro   0x00015805       0xc8 ./source/App.o
 .debug_macro   0x000158cd       0x9c ./SDK/startup/hardware.o
 .debug_macro   0x00015969       0x9c ./SDK/startup/main.o
 .debug_macro   0x00015a05       0x11 ./SDK/startup/semihost_hardfault.o
 .debug_macro   0x00015a16       0x29 ./SDK/startup/startup_mk64f12.o
 .debug_macro   0x00015a3f       0x80 ./SDK/CMSIS/system_MK64F12.o

.debug_line     0x00000000     0x6510
 .debug_line    0x00000000      0x1bd ./source/timer/SysTick.o
 .debug_line    0x000001bd      0x31c ./source/timer/timer.o
 .debug_line    0x000004d9      0x3e8 ./source/buffer/SPI_buffer.o
 .debug_line    0x000008c1      0x24f ./source/buffer/circular_buffer.o
 .debug_line    0x00000b10      0x338 ./source/UART/uart.o
 .debug_line    0x00000e48      0x186 ./source/Sistema de Control/MatrixOps.o
 .debug_line    0x00000fce      0x3d2 ./source/Sistema de Control/SistemaDeControl.o
 .debug_line    0x000013a0      0x4e7 ./source/Sensores/MPU6050.o
 .debug_line    0x00001887      0x84a ./source/SPI/SPI.o
 .debug_line    0x000020d1      0x24d ./source/PIT/PIT.o
 .debug_line    0x0000231e      0x631 ./source/NRF/NRF.o
 .debug_line    0x0000294f      0x3f7 ./source/NRF/RF.o
 .debug_line    0x00002d46      0x2fa ./source/MCAL/gpio.o
 .debug_line    0x00003040      0x4b5 ./source/I2Cm/I2Cm.o
 .debug_line    0x000034f5      0xa00 ./source/Fusion/FusionAhrs.o
 .debug_line    0x00003ef5      0x4da ./source/FTM/FTM.o
 .debug_line    0x000043cf      0x46a ./source/ESCDriver/ESCDriver.o
 .debug_line    0x00004839       0x7e ./source/Biquad/Biquad.o
 .debug_line    0x000048b7      0x832 ./source/App.o
 .debug_line    0x000050e9      0x1d4 ./SDK/startup/hardware.o
 .debug_line    0x000052bd      0x175 ./SDK/startup/main.o
 .debug_line    0x00005432       0x59 ./SDK/startup/semihost_hardfault.o
 .debug_line    0x0000548b      0x6d8 ./SDK/startup/startup_mk64f12.o
 .debug_line    0x00005b63      0x1c7 ./SDK/CMSIS/system_MK64F12.o
 .debug_line    0x00005d2a      0x2d0 C:\Fran\ITBA\Sist. de control\Drone\Quadcopter\TPQUAD\SDK\CMSIS\DSP\libarm_cortexM4lf_math.a(arm_sin_f32.o)
 .debug_line    0x00005ffa      0x2d3 C:\Fran\ITBA\Sist. de control\Drone\Quadcopter\TPQUAD\SDK\CMSIS\DSP\libarm_cortexM4lf_math.a(arm_cos_f32.o)
 .debug_line    0x000062cd      0x243 C:\Fran\ITBA\Sist. de control\Drone\Quadcopter\TPQUAD\SDK\CMSIS\DSP\libarm_cortexM4lf_math.a(arm_common_tables.o)

.debug_str      0x00000000    0x823cf
 .debug_str     0x00000000    0x7740d ./source/timer/SysTick.o
                              0x775d8 (size before relaxing)
 .debug_str     0x0007740d     0x3504 ./source/timer/timer.o
                               0x6e3a (size before relaxing)
 .debug_str     0x0007a911     0x1479 ./source/buffer/SPI_buffer.o
                               0x801a (size before relaxing)
 .debug_str     0x0007bd8a       0xa5 ./source/buffer/circular_buffer.o
                              0x770af (size before relaxing)
 .debug_str     0x0007be2f      0x4a6 ./source/UART/uart.o
                              0x77a47 (size before relaxing)
 .debug_str     0x0007c2d5       0x75 ./source/Sistema de Control/MatrixOps.o
                               0x384f (size before relaxing)
 .debug_str     0x0007c34a      0x1d7 ./source/Sistema de Control/SistemaDeControl.o
                               0x6d44 (size before relaxing)
 .debug_str     0x0007c521      0xc04 ./source/Sensores/MPU6050.o
                               0x7911 (size before relaxing)
 .debug_str     0x0007d125      0x76f ./source/SPI/SPI.o
                              0x7c588 (size before relaxing)
 .debug_str     0x0007d894      0x229 ./source/PIT/PIT.o
                              0x77bd9 (size before relaxing)
 .debug_str     0x0007dabd      0x7b9 ./source/NRF/NRF.o
                               0x767d (size before relaxing)
 .debug_str     0x0007e276      0x151 ./source/NRF/RF.o
                              0x7a653 (size before relaxing)
 .debug_str     0x0007e3c7      0x1b5 ./source/MCAL/gpio.o
                              0x77c12 (size before relaxing)
 .debug_str     0x0007e57c      0x2a3 ./source/I2Cm/I2Cm.o
                              0x7aedd (size before relaxing)
 .debug_str     0x0007e81f     0x181f ./source/Fusion/FusionAhrs.o
                               0x8387 (size before relaxing)
 .debug_str     0x0008003e      0x4bd ./source/FTM/FTM.o
                              0x7afa2 (size before relaxing)
 .debug_str     0x000804fb      0x1b4 ./source/ESCDriver/ESCDriver.o
                              0x7a99f (size before relaxing)
 .debug_str     0x000806af       0x4d ./source/Biquad/Biquad.o
                               0x2d64 (size before relaxing)
 .debug_str     0x000806fc      0xb26 ./source/App.o
                               0xb3ca (size before relaxing)
 .debug_str     0x00081222      0x16f ./SDK/startup/hardware.o
                              0x771ff (size before relaxing)
 .debug_str     0x00081391       0x1b ./SDK/startup/main.o
                              0x76fd3 (size before relaxing)
 .debug_str     0x000813ac       0x36 ./SDK/startup/semihost_hardfault.o
                               0x2d39 (size before relaxing)
 .debug_str     0x000813e2      0x6d3 ./SDK/startup/startup_mk64f12.o
                               0x35a7 (size before relaxing)
 .debug_str     0x00081ab5       0x62 ./SDK/CMSIS/system_MK64F12.o
                              0x7710e (size before relaxing)
 .debug_str     0x00081b17      0x84a C:\Fran\ITBA\Sist. de control\Drone\Quadcopter\TPQUAD\SDK\CMSIS\DSP\libarm_cortexM4lf_math.a(arm_sin_f32.o)
                                0xd42 (size before relaxing)
 .debug_str     0x00082361       0x40 C:\Fran\ITBA\Sist. de control\Drone\Quadcopter\TPQUAD\SDK\CMSIS\DSP\libarm_cortexM4lf_math.a(arm_cos_f32.o)
                                0xd42 (size before relaxing)
 .debug_str     0x000823a1       0x2e C:\Fran\ITBA\Sist. de control\Drone\Quadcopter\TPQUAD\SDK\CMSIS\DSP\libarm_cortexM4lf_math.a(arm_common_tables.o)
                                0xd1d (size before relaxing)

.comment        0x00000000       0xf3
 .comment       0x00000000       0x7e ./source/timer/SysTick.o
                                 0x7f (size before relaxing)
 .comment       0x0000007e       0x7f ./source/timer/timer.o
 .comment       0x0000007e       0x7f ./source/buffer/SPI_buffer.o
 .comment       0x0000007e       0x7f ./source/buffer/circular_buffer.o
 .comment       0x0000007e       0x7f ./source/UART/uart.o
 .comment       0x0000007e       0x7f ./source/Sistema de Control/MatrixOps.o
 .comment       0x0000007e       0x7f ./source/Sistema de Control/SistemaDeControl.o
 .comment       0x0000007e       0x7f ./source/Sensores/MPU6050.o
 .comment       0x0000007e       0x7f ./source/SPI/SPI.o
 .comment       0x0000007e       0x7f ./source/PIT/PIT.o
 .comment       0x0000007e       0x7f ./source/NRF/NRF.o
 .comment       0x0000007e       0x7f ./source/NRF/RF.o
 .comment       0x0000007e       0x7f ./source/MCAL/gpio.o
 .comment       0x0000007e       0x7f ./source/I2Cm/I2Cm.o
 .comment       0x0000007e       0x7f ./source/Fusion/FusionAhrs.o
 .comment       0x0000007e       0x7f ./source/FTM/FTM.o
 .comment       0x0000007e       0x7f ./source/ESCDriver/ESCDriver.o
 .comment       0x0000007e       0x7f ./source/Biquad/Biquad.o
 .comment       0x0000007e       0x7f ./source/App.o
 .comment       0x0000007e       0x7f ./SDK/startup/hardware.o
 .comment       0x0000007e       0x7f ./SDK/startup/main.o
 .comment       0x0000007e       0x7f ./SDK/startup/semihost_hardfault.o
 .comment       0x0000007e       0x7f ./SDK/startup/startup_mk64f12.o
 .comment       0x0000007e       0x7f ./SDK/CMSIS/system_MK64F12.o
 .comment       0x0000007e       0x75 C:\Fran\ITBA\Sist. de control\Drone\Quadcopter\TPQUAD\SDK\CMSIS\DSP\libarm_cortexM4lf_math.a(arm_sin_f32.o)
                                 0x76 (size before relaxing)
 .comment       0x000000f3       0x76 C:\Fran\ITBA\Sist. de control\Drone\Quadcopter\TPQUAD\SDK\CMSIS\DSP\libarm_cortexM4lf_math.a(arm_cos_f32.o)
 .comment       0x000000f3       0x76 C:\Fran\ITBA\Sist. de control\Drone\Quadcopter\TPQUAD\SDK\CMSIS\DSP\libarm_cortexM4lf_math.a(arm_common_tables.o)
 .comment       0x000000f3       0x7f c:/nxp/mcuxpressoide_10.2.0_759/ide/tools/bin/../lib/gcc/arm-none-eabi/7.2.1/../../../../arm-none-eabi/lib/thumb/v7e-m/fpv4-sp/hard\libcr_c.a(asinf.o)
 .comment       0x000000f3       0x7f c:/nxp/mcuxpressoide_10.2.0_759/ide/tools/bin/../lib/gcc/arm-none-eabi/7.2.1/../../../../arm-none-eabi/lib/thumb/v7e-m/fpv4-sp/hard\libcr_c.a(atan2f.o)
 .comment       0x000000f3       0x7f c:/nxp/mcuxpressoide_10.2.0_759/ide/tools/bin/../lib/gcc/arm-none-eabi/7.2.1/../../../../arm-none-eabi/lib/thumb/v7e-m/fpv4-sp/hard\libcr_c.a(atanf.o)
 .comment       0x000000f3       0x7f c:/nxp/mcuxpressoide_10.2.0_759/ide/tools/bin/../lib/gcc/arm-none-eabi/7.2.1/../../../../arm-none-eabi/lib/thumb/v7e-m/fpv4-sp/hard\libcr_c.a(cosf.o)
 .comment       0x000000f3       0x7f c:/nxp/mcuxpressoide_10.2.0_759/ide/tools/bin/../lib/gcc/arm-none-eabi/7.2.1/../../../../arm-none-eabi/lib/thumb/v7e-m/fpv4-sp/hard\libcr_c.a(fabsf.o)
 .comment       0x000000f3       0x7f c:/nxp/mcuxpressoide_10.2.0_759/ide/tools/bin/../lib/gcc/arm-none-eabi/7.2.1/../../../../arm-none-eabi/lib/thumb/v7e-m/fpv4-sp/hard\libcr_c.a(sinf.o)
 .comment       0x000000f3       0x7f c:/nxp/mcuxpressoide_10.2.0_759/ide/tools/bin/../lib/gcc/arm-none-eabi/7.2.1/../../../../arm-none-eabi/lib/thumb/v7e-m/fpv4-sp/hard\libcr_c.a(memcpy.o)
 .comment       0x000000f3       0x7f c:/nxp/mcuxpressoide_10.2.0_759/ide/tools/bin/../lib/gcc/arm-none-eabi/7.2.1/../../../../arm-none-eabi/lib/thumb/v7e-m/fpv4-sp/hard\libcr_c.a(memset.o)
 .comment       0x000000f3       0x7f c:/nxp/mcuxpressoide_10.2.0_759/ide/tools/bin/../lib/gcc/arm-none-eabi/7.2.1/../../../../arm-none-eabi/lib/thumb/v7e-m/fpv4-sp/hard\libcr_c.a(errno.o)
 .comment       0x000000f3       0x7f c:/nxp/mcuxpressoide_10.2.0_759/ide/tools/bin/../lib/gcc/arm-none-eabi/7.2.1/../../../../arm-none-eabi/lib/thumb/v7e-m/fpv4-sp/hard\libcr_c.a(_asinacosf.o)
 .comment       0x000000f3       0x7f c:/nxp/mcuxpressoide_10.2.0_759/ide/tools/bin/../lib/gcc/arm-none-eabi/7.2.1/../../../../arm-none-eabi/lib/thumb/v7e-m/fpv4-sp/hard\libcr_c.a(_sincosf.o)
 .comment       0x000000f3       0x7f c:/nxp/mcuxpressoide_10.2.0_759/ide/tools/bin/../lib/gcc/arm-none-eabi/7.2.1/thumb/v7e-m/fpv4-sp/hard\libcr_eabihelpers.a(double.o)
 .comment       0x000000f3       0x7f c:/nxp/mcuxpressoide_10.2.0_759/ide/tools/bin/../lib/gcc/arm-none-eabi/7.2.1/thumb/v7e-m/fpv4-sp/hard\libcr_eabihelpers.a(float.o)

.ARM.attributes
                0x00000000       0x37
 .ARM.attributes
                0x00000000       0x39 ./source/timer/SysTick.o
 .ARM.attributes
                0x00000039       0x39 ./source/timer/timer.o
 .ARM.attributes
                0x00000072       0x39 ./source/buffer/SPI_buffer.o
 .ARM.attributes
                0x000000ab       0x39 ./source/buffer/circular_buffer.o
 .ARM.attributes
                0x000000e4       0x39 ./source/UART/uart.o
 .ARM.attributes
                0x0000011d       0x39 ./source/Sistema de Control/MatrixOps.o
 .ARM.attributes
                0x00000156       0x39 ./source/Sistema de Control/SistemaDeControl.o
 .ARM.attributes
                0x0000018f       0x39 ./source/Sensores/MPU6050.o
 .ARM.attributes
                0x000001c8       0x39 ./source/SPI/SPI.o
 .ARM.attributes
                0x00000201       0x39 ./source/PIT/PIT.o
 .ARM.attributes
                0x0000023a       0x39 ./source/NRF/NRF.o
 .ARM.attributes
                0x00000273       0x39 ./source/NRF/RF.o
 .ARM.attributes
                0x000002ac       0x39 ./source/MCAL/gpio.o
 .ARM.attributes
                0x000002e5       0x39 ./source/I2Cm/I2Cm.o
 .ARM.attributes
                0x0000031e       0x39 ./source/Fusion/FusionAhrs.o
 .ARM.attributes
                0x00000357       0x39 ./source/FTM/FTM.o
 .ARM.attributes
                0x00000390       0x39 ./source/ESCDriver/ESCDriver.o
 .ARM.attributes
                0x000003c9       0x39 ./source/Biquad/Biquad.o
 .ARM.attributes
                0x00000402       0x39 ./source/App.o
 .ARM.attributes
                0x0000043b       0x39 ./SDK/startup/hardware.o
 .ARM.attributes
                0x00000474       0x39 ./SDK/startup/main.o
 .ARM.attributes
                0x000004ad       0x39 ./SDK/startup/semihost_hardfault.o
 .ARM.attributes
                0x000004e6       0x39 ./SDK/startup/startup_mk64f12.o
 .ARM.attributes
                0x0000051f       0x39 ./SDK/CMSIS/system_MK64F12.o
 .ARM.attributes
                0x00000558       0x34 C:\Fran\ITBA\Sist. de control\Drone\Quadcopter\TPQUAD\SDK\CMSIS\DSP\libarm_cortexM4lf_math.a(arm_sin_f32.o)
 .ARM.attributes
                0x0000058c       0x34 C:\Fran\ITBA\Sist. de control\Drone\Quadcopter\TPQUAD\SDK\CMSIS\DSP\libarm_cortexM4lf_math.a(arm_cos_f32.o)
 .ARM.attributes
                0x000005c0       0x39 C:\Fran\ITBA\Sist. de control\Drone\Quadcopter\TPQUAD\SDK\CMSIS\DSP\libarm_cortexM4lf_math.a(arm_common_tables.o)
 .ARM.attributes
                0x000005f9       0x39 c:/nxp/mcuxpressoide_10.2.0_759/ide/tools/bin/../lib/gcc/arm-none-eabi/7.2.1/../../../../arm-none-eabi/lib/thumb/v7e-m/fpv4-sp/hard\libcr_c.a(asinf.o)
 .ARM.attributes
                0x00000632       0x39 c:/nxp/mcuxpressoide_10.2.0_759/ide/tools/bin/../lib/gcc/arm-none-eabi/7.2.1/../../../../arm-none-eabi/lib/thumb/v7e-m/fpv4-sp/hard\libcr_c.a(atan2f.o)
 .ARM.attributes
                0x0000066b       0x39 c:/nxp/mcuxpressoide_10.2.0_759/ide/tools/bin/../lib/gcc/arm-none-eabi/7.2.1/../../../../arm-none-eabi/lib/thumb/v7e-m/fpv4-sp/hard\libcr_c.a(atanf.o)
 .ARM.attributes
                0x000006a4       0x39 c:/nxp/mcuxpressoide_10.2.0_759/ide/tools/bin/../lib/gcc/arm-none-eabi/7.2.1/../../../../arm-none-eabi/lib/thumb/v7e-m/fpv4-sp/hard\libcr_c.a(cosf.o)
 .ARM.attributes
                0x000006dd       0x39 c:/nxp/mcuxpressoide_10.2.0_759/ide/tools/bin/../lib/gcc/arm-none-eabi/7.2.1/../../../../arm-none-eabi/lib/thumb/v7e-m/fpv4-sp/hard\libcr_c.a(fabsf.o)
 .ARM.attributes
                0x00000716       0x39 c:/nxp/mcuxpressoide_10.2.0_759/ide/tools/bin/../lib/gcc/arm-none-eabi/7.2.1/../../../../arm-none-eabi/lib/thumb/v7e-m/fpv4-sp/hard\libcr_c.a(sinf.o)
 .ARM.attributes
                0x0000074f       0x25 c:/nxp/mcuxpressoide_10.2.0_759/ide/tools/bin/../lib/gcc/arm-none-eabi/7.2.1/../../../../arm-none-eabi/lib/thumb/v7e-m/fpv4-sp/hard\libcr_c.a(sqrtf_m4_hardfp.o)
 .ARM.attributes
                0x00000774       0x39 c:/nxp/mcuxpressoide_10.2.0_759/ide/tools/bin/../lib/gcc/arm-none-eabi/7.2.1/../../../../arm-none-eabi/lib/thumb/v7e-m/fpv4-sp/hard\libcr_c.a(memcpy.o)
 .ARM.attributes
                0x000007ad       0x39 c:/nxp/mcuxpressoide_10.2.0_759/ide/tools/bin/../lib/gcc/arm-none-eabi/7.2.1/../../../../arm-none-eabi/lib/thumb/v7e-m/fpv4-sp/hard\libcr_c.a(memset.o)
 .ARM.attributes
                0x000007e6       0x39 c:/nxp/mcuxpressoide_10.2.0_759/ide/tools/bin/../lib/gcc/arm-none-eabi/7.2.1/../../../../arm-none-eabi/lib/thumb/v7e-m/fpv4-sp/hard\libcr_c.a(errno.o)
 .ARM.attributes
                0x0000081f       0x39 c:/nxp/mcuxpressoide_10.2.0_759/ide/tools/bin/../lib/gcc/arm-none-eabi/7.2.1/../../../../arm-none-eabi/lib/thumb/v7e-m/fpv4-sp/hard\libcr_c.a(_asinacosf.o)
 .ARM.attributes
                0x00000858       0x39 c:/nxp/mcuxpressoide_10.2.0_759/ide/tools/bin/../lib/gcc/arm-none-eabi/7.2.1/../../../../arm-none-eabi/lib/thumb/v7e-m/fpv4-sp/hard\libcr_c.a(_sincosf.o)
 .ARM.attributes
                0x00000891       0x25 c:/nxp/mcuxpressoide_10.2.0_759/ide/tools/bin/../lib/gcc/arm-none-eabi/7.2.1/thumb/v7e-m/fpv4-sp/hard\libcr_eabihelpers.a(division_64.o)
 .ARM.attributes
                0x000008b6       0x25 c:/nxp/mcuxpressoide_10.2.0_759/ide/tools/bin/../lib/gcc/arm-none-eabi/7.2.1/thumb/v7e-m/fpv4-sp/hard\libcr_eabihelpers.a(division_idiv0.o)
 .ARM.attributes
                0x000008db       0x39 c:/nxp/mcuxpressoide_10.2.0_759/ide/tools/bin/../lib/gcc/arm-none-eabi/7.2.1/thumb/v7e-m/fpv4-sp/hard\libcr_eabihelpers.a(double.o)
 .ARM.attributes
                0x00000914       0x39 c:/nxp/mcuxpressoide_10.2.0_759/ide/tools/bin/../lib/gcc/arm-none-eabi/7.2.1/thumb/v7e-m/fpv4-sp/hard\libcr_eabihelpers.a(float.o)
 .ARM.attributes
                0x0000094d       0x25 c:/nxp/mcuxpressoide_10.2.0_759/ide/tools/bin/../lib/gcc/arm-none-eabi/7.2.1/thumb/v7e-m/fpv4-sp/hard\libcr_eabihelpers.a(memcpy.o)

.debug_frame    0x00000000     0x269c
 .debug_frame   0x00000000       0x88 ./source/timer/SysTick.o
 .debug_frame   0x00000088      0x10c ./source/timer/timer.o
 .debug_frame   0x00000194      0x148 ./source/buffer/SPI_buffer.o
 .debug_frame   0x000002dc      0x140 ./source/buffer/circular_buffer.o
 .debug_frame   0x0000041c      0x214 ./source/UART/uart.o
 .debug_frame   0x00000630       0x9c ./source/Sistema de Control/MatrixOps.o
 .debug_frame   0x000006cc      0x124 ./source/Sistema de Control/SistemaDeControl.o
 .debug_frame   0x000007f0      0x1bc ./source/Sensores/MPU6050.o
 .debug_frame   0x000009ac      0x154 ./source/SPI/SPI.o
 .debug_frame   0x00000b00      0x15c ./source/PIT/PIT.o
 .debug_frame   0x00000c5c      0x37c ./source/NRF/NRF.o
 .debug_frame   0x00000fd8       0xe0 ./source/NRF/RF.o
 .debug_frame   0x000010b8      0x214 ./source/MCAL/gpio.o
 .debug_frame   0x000012cc      0x128 ./source/I2Cm/I2Cm.o
 .debug_frame   0x000013f4      0x25c ./source/Fusion/FusionAhrs.o
 .debug_frame   0x00001650      0x238 ./source/FTM/FTM.o
 .debug_frame   0x00001888       0xd8 ./source/ESCDriver/ESCDriver.o
 .debug_frame   0x00001960       0x64 ./source/Biquad/Biquad.o
 .debug_frame   0x000019c4      0x264 ./source/App.o
 .debug_frame   0x00001c28       0x70 ./SDK/startup/hardware.o
 .debug_frame   0x00001c98       0x2c ./SDK/startup/main.o
 .debug_frame   0x00001cc4       0x20 ./SDK/startup/semihost_hardfault.o
 .debug_frame   0x00001ce4      0x904 ./SDK/startup/startup_mk64f12.o
 .debug_frame   0x000025e8       0x74 ./SDK/CMSIS/system_MK64F12.o