Archive member included to satisfy reference by file (symbol)

c:/nxp/mcuxpressoide_11.6.1_8255/ide/plugins/com.nxp.mcuxpresso.tools.win32_11.6.1.202207200623/tools/bin/../lib/gcc/arm-none-eabi/10.3.1/../../../../arm-none-eabi/lib/thumb/v7e-m+fp/hard\libcr_c.a(memcpy.o)
                              ./source/buffer/SPI_buffer.o (memcpy)
c:/nxp/mcuxpressoide_11.6.1_8255/ide/plugins/com.nxp.mcuxpresso.tools.win32_11.6.1.202207200623/tools/bin/../lib/gcc/arm-none-eabi/10.3.1/../../../../arm-none-eabi/lib/thumb/v7e-m+fp/hard\libcr_c.a(asin.o)
                              ./source/App.o (asin)
c:/nxp/mcuxpressoide_11.6.1_8255/ide/plugins/com.nxp.mcuxpresso.tools.win32_11.6.1.202207200623/tools/bin/../lib/gcc/arm-none-eabi/10.3.1/../../../../arm-none-eabi/lib/thumb/v7e-m+fp/hard\libcr_c.a(atan2.o)
                              ./source/App.o (atan2)
c:/nxp/mcuxpressoide_11.6.1_8255/ide/plugins/com.nxp.mcuxpresso.tools.win32_11.6.1.202207200623/tools/bin/../lib/gcc/arm-none-eabi/10.3.1/../../../../arm-none-eabi/lib/thumb/v7e-m+fp/hard\libcr_c.a(cos.o)
                              ./source/App.o (cos)
c:/nxp/mcuxpressoide_11.6.1_8255/ide/plugins/com.nxp.mcuxpresso.tools.win32_11.6.1.202207200623/tools/bin/../lib/gcc/arm-none-eabi/10.3.1/../../../../arm-none-eabi/lib/thumb/v7e-m+fp/hard\libcr_c.a(errno.o)
                              c:/nxp/mcuxpressoide_11.6.1_8255/ide/plugins/com.nxp.mcuxpresso.tools.win32_11.6.1.202207200623/tools/bin/../lib/gcc/arm-none-eabi/10.3.1/../../../../arm-none-eabi/lib/thumb/v7e-m+fp/hard\libcr_c.a(atan2.o) (errno)
c:/nxp/mcuxpressoide_11.6.1_8255/ide/plugins/com.nxp.mcuxpresso.tools.win32_11.6.1.202207200623/tools/bin/../lib/gcc/arm-none-eabi/10.3.1/../../../../arm-none-eabi/lib/thumb/v7e-m+fp/hard\libcr_c.a(fabs.o)
                              c:/nxp/mcuxpressoide_11.6.1_8255/ide/plugins/com.nxp.mcuxpresso.tools.win32_11.6.1.202207200623/tools/bin/../lib/gcc/arm-none-eabi/10.3.1/../../../../arm-none-eabi/lib/thumb/v7e-m+fp/hard\libcr_c.a(atan2.o) (fabs)
c:/nxp/mcuxpressoide_11.6.1_8255/ide/plugins/com.nxp.mcuxpresso.tools.win32_11.6.1.202207200623/tools/bin/../lib/gcc/arm-none-eabi/10.3.1/../../../../arm-none-eabi/lib/thumb/v7e-m+fp/hard\libcr_c.a(fpprintf.o)
                              ./source/App.o (sprintf)
c:/nxp/mcuxpressoide_11.6.1_8255/ide/plugins/com.nxp.mcuxpresso.tools.win32_11.6.1.202207200623/tools/bin/../lib/gcc/arm-none-eabi/10.3.1/../../../../arm-none-eabi/lib/thumb/v7e-m+fp/hard\libcr_c.a(pow.o)
                              ./source/App.o (pow)
c:/nxp/mcuxpressoide_11.6.1_8255/ide/plugins/com.nxp.mcuxpresso.tools.win32_11.6.1.202207200623/tools/bin/../lib/gcc/arm-none-eabi/10.3.1/../../../../arm-none-eabi/lib/thumb/v7e-m+fp/hard\libcr_c.a(printf.o)
                              c:/nxp/mcuxpressoide_11.6.1_8255/ide/plugins/com.nxp.mcuxpresso.tools.win32_11.6.1.202207200623/tools/bin/../lib/gcc/arm-none-eabi/10.3.1/../../../../arm-none-eabi/lib/thumb/v7e-m+fp/hard\libcr_c.a(fpprintf.o) (__vfprintf)
c:/nxp/mcuxpressoide_11.6.1_8255/ide/plugins/com.nxp.mcuxpresso.tools.win32_11.6.1.202207200623/tools/bin/../lib/gcc/arm-none-eabi/10.3.1/../../../../arm-none-eabi/lib/thumb/v7e-m+fp/hard\libcr_c.a(sin.o)
                              ./source/App.o (sin)
c:/nxp/mcuxpressoide_11.6.1_8255/ide/plugins/com.nxp.mcuxpresso.tools.win32_11.6.1.202207200623/tools/bin/../lib/gcc/arm-none-eabi/10.3.1/../../../../arm-none-eabi/lib/thumb/v7e-m+fp/hard\libcr_c.a(sqrt.o)
                              ./source/App.o (sqrt)
c:/nxp/mcuxpressoide_11.6.1_8255/ide/plugins/com.nxp.mcuxpresso.tools.win32_11.6.1.202207200623/tools/bin/../lib/gcc/arm-none-eabi/10.3.1/../../../../arm-none-eabi/lib/thumb/v7e-m+fp/hard\libcr_c.a(strlen.o)
                              c:/nxp/mcuxpressoide_11.6.1_8255/ide/plugins/com.nxp.mcuxpresso.tools.win32_11.6.1.202207200623/tools/bin/../lib/gcc/arm-none-eabi/10.3.1/../../../../arm-none-eabi/lib/thumb/v7e-m+fp/hard\libcr_c.a(printf.o) (strlen)
c:/nxp/mcuxpressoide_11.6.1_8255/ide/plugins/com.nxp.mcuxpresso.tools.win32_11.6.1.202207200623/tools/bin/../lib/gcc/arm-none-eabi/10.3.1/../../../../arm-none-eabi/lib/thumb/v7e-m+fp/hard\libcr_c.a(tan.o)
                              ./source/App.o (tan)
c:/nxp/mcuxpressoide_11.6.1_8255/ide/plugins/com.nxp.mcuxpresso.tools.win32_11.6.1.202207200623/tools/bin/../lib/gcc/arm-none-eabi/10.3.1/../../../../arm-none-eabi/lib/thumb/v7e-m+fp/hard\libcr_c.a(memset.o)
                              c:/nxp/mcuxpressoide_11.6.1_8255/ide/plugins/com.nxp.mcuxpresso.tools.win32_11.6.1.202207200623/tools/bin/../lib/gcc/arm-none-eabi/10.3.1/../../../../arm-none-eabi/lib/thumb/v7e-m+fp/hard\libcr_c.a(fpprintf.o) (memset)
c:/nxp/mcuxpressoide_11.6.1_8255/ide/plugins/com.nxp.mcuxpresso.tools.win32_11.6.1.202207200623/tools/bin/../lib/gcc/arm-none-eabi/10.3.1/../../../../arm-none-eabi/lib/thumb/v7e-m+fp/hard\libcr_c.a(_asinacos.o)
[...]
Memory Configuration

Name             Origin             Length             Attributes
PROGRAM_FLASH    0x00000000         0x00100000         xr
SRAM_UPPER       0x20000000         0x00030000         xrw
SRAM_LOWER       0x1fff0000         0x00010000         xrw
FLEX_RAM         0x14000000         0x00001000         xrw
*default*        0x00000000         0xffffffff

Linker script and memory map

LOAD ./source/timer/SysTick.o
LOAD ./source/timer/timer.o
LOAD ./source/event_queue/event_queue.o
LOAD ./source/buffer/SPI_buffer.o
LOAD ./source/buffer/circular_buffer.o
LOAD ./source/buffer/circular_buffer_16.o
LOAD ./source/buffer/generic_circular_buffer.o
LOAD ./source/UART/uart.o
LOAD ./source/SPI/SPI.o
LOAD ./source/PIT/PIT.o
LOAD ./source/MPU9250/MPU9250.o
LOAD ./source/MCAL/gpio.o
LOAD ./source/I2Cm/I2Cm.o
LOAD ./source/FTM/FTM.o
LOAD ./source/CMP/CMP.o
LOAD ./source/CAN/CAN.o
LOAD ./source/ADC/ADC.o
LOAD ./source/ADC/ADC_hal.o
LOAD ./source/App.o
LOAD ./SDK/startup/hardware.o
LOAD ./SDK/startup/main.o
LOAD ./SDK/startup/semihost_hardfault.o
LOAD ./SDK/startup/startup_mk64f12.o
LOAD ./SDK/CMSIS/system_MK64F12.o
START GROUP
LOAD c:/nxp/mcuxpressoide_11.6.1_8255/ide/plugins/com.nxp.mcuxpresso.tools.win32_11.6.1.202207200623/tools/bin/../lib/gcc/arm-none-eabi/10.3.1/../../../../arm-none-eabi/lib/thumb/v7e-m+fp/hard\libcr_semihost_nf.a
LOAD c:/nxp/mcuxpressoide_11.6.1_8255/ide/plugins/com.nxp.mcuxpresso.tools.win32_11.6.1.202207200623/tools/bin/../lib/gcc/arm-none-eabi/10.3.1/../../../../arm-none-eabi/lib/thumb/v7e-m+fp/hard\libcr_c.a
LOAD c:/nxp/mcuxpressoide_11.6.1_8255/ide/plugins/com.nxp.mcuxpresso.tools.win32_11.6.1.202207200623/tools/bin/../lib/gcc/arm-none-eabi/10.3.1/thumb/v7e-m+fp/hard\libcr_eabihelpers.a
LOAD c:/nxp/mcuxpressoide_11.6.1_8255/ide/plugins/com.nxp.mcuxpresso.tools.win32_11.6.1.202207200623/tools/bin/../lib/gcc/arm-none-eabi/10.3.1/thumb/v7e-m+fp/hard\libgcc.a
END GROUP
                0x00000000                __base_PROGRAM_FLASH = 0x0
                0x00000000                __base_Flash = 0x0
                0x00100000                __top_PROGRAM_FLASH = 0x100000
                0x00100000                __top_Flash = 0x100000
                0x20000000                __base_SRAM_UPPER = 0x20000000
                0x20000000                __base_RAM = 0x20000000
                0x20030000                __top_SRAM_UPPER = 0x20030000
                0x20030000                __top_RAM = 0x20030000
                0x1fff0000                __base_SRAM_LOWER = 0x1fff0000
                0x1fff0000                __base_RAM2 = 0x1fff0000
                0x20000000                __top_SRAM_LOWER = 0x20000000
                0x20000000                __top_RAM2 = 0x20000000
                0x14000000                __base_FLEX_RAM = 0x14000000
                0x14000000                __base_RAM3 = 0x14000000
                0x14001000                __top_FLEX_RAM = 0x14001000
                0x14001000                __top_RAM3 = 0x14001000

.text           0x00000000     0x5b48
 FILL mask 0xff
                0x00000000                __vectors_start__ = ABSOLUTE (.)
 *(SORT_BY_ALIGNMENT(.isr_vector))
 .isr_vector    0x00000000      0x198 ./SDK/startup/startup_mk64f12.o
                0x00000000                g_pfnVectors
                0x00000000                __Vectors
                0x00000198                . = ALIGN (0x4)
                0x00000198                __section_table_start = .
                0x00000198                __data_section_table = .
                0x00000198        0x4 LONG 0x5b48 LOADADDR (.data)
                0x0000019c        0x4 LONG 0x20000000 ADDR (.data)
                0x000001a0        0x4 LONG 0x10 SIZEOF (.data)
                0x000001a4        0x4 LONG 0x5b48 LOADADDR (.data_RAM2)
                0x000001a8        0x4 LONG 0x1fff0000 ADDR (.data_RAM2)
                0x000001ac        0x4 LONG 0x0 SIZEOF (.data_RAM2)
                0x000001b0        0x4 LONG 0x5b48 LOADADDR (.data_RAM3)
                0x000001b4        0x4 LONG 0x14000000 ADDR (.data_RAM3)
                0x000001b8        0x4 LONG 0x0 SIZEOF (.data_RAM3)
                0x000001bc                __data_section_table_end = .
                0x000001bc                __bss_section_table = .
                0x000001bc        0x4 LONG 0x20000010 ADDR (.bss)
                0x000001c0        0x4 LONG 0x1348 SIZEOF (.bss)
                0x000001c4        0x4 LONG 0x1fff0000 ADDR (.bss_RAM2)
                0x000001c8        0x4 LONG 0x0 SIZEOF (.bss_RAM2)
                0x000001cc        0x4 LONG 0x14000000 ADDR (.bss_RAM3)
                0x000001d0        0x4 LONG 0x0 SIZEOF (.bss_RAM3)
                0x000001d4                __bss_section_table_end = .
                0x000001d4                __section_table_end = .
 *(SORT_BY_ALIGNMENT(.after_vectors*))
 .after_vectors.reset
                0x000001d4       0x4c ./SDK/startup/startup_mk64f12.o
                0x000001d4                ResetISR
 .after_vectors.init_data
                0x00000220       0x1e ./SDK/startup/startup_mk64f12.o
                0x00000220                data_init
 .after_vectors.init_bss
                0x0000023e       0x12 ./SDK/startup/startup_mk64f12.o
                0x0000023e                bss_init
 .after_vectors
                0x00000250       0x14 ./SDK/startup/startup_mk64f12.o
                0x00000250                NMI_Handler
                0x00000254                MemManage_Handler
                0x00000256                BusFault_Handler
                0x00000258                UsageFault_Handler
                0x0000025a                SVC_Handler
                0x0000025c                DebugMon_Handler
                0x0000025e                PendSV_Handler
                0x00000262                DMA_Error_DriverIRQHandler
                0x00000262                LPTMR0_DriverIRQHandler
                0x00000262                FTM1_DriverIRQHandler
                0x00000262                FTM2_DriverIRQHandler
                0x00000262                PIT2_DriverIRQHandler
                0x00000262                SDHC_DriverIRQHandler
                0x00000262                I2S0_Tx_DriverIRQHandler
                0x00000262                RTC_Seconds_DriverIRQHandler
                0x00000262                DMA6_DriverIRQHandler
                0x00000262                LLWU_DriverIRQHandler
                0x00000262                MCM_DriverIRQHandler
                0x00000262                MCG_DriverIRQHandler
                0x00000262                ENET_1588_Timer_DriverIRQHandler
                0x00000262                I2C2_DriverIRQHandler
                0x00000262                DAC1_DriverIRQHandler
                0x00000262                SPI1_DriverIRQHandler
                0x00000262                CMP1_DriverIRQHandler
                0x00000262                UART5_RX_TX_DriverIRQHandler
                0x00000262                FTM0_DriverIRQHandler
                0x00000262                IntDefaultHandler
                0x00000262                USB0_DriverIRQHandler
                0x00000262                UART5_ERR_DriverIRQHandler
                0x00000262                PORTC_DriverIRQHandler
                0x00000262                DMA11_DriverIRQHandler
                0x00000262                DAC0_DriverIRQHandler
                0x00000262                DMA10_DriverIRQHandler
                0x00000262                CMP2_DriverIRQHandler
                0x00000262                UART2_ERR_DriverIRQHandler
                0x00000262                SPI2_DriverIRQHandler
                0x00000262                LVD_LVW_DriverIRQHandler
                0x00000262                PIT0_DriverIRQHandler
                0x00000262                RNG_DriverIRQHandler
                0x00000262                DMA5_DriverIRQHandler
                0x00000262                DMA12_DriverIRQHandler
                0x00000262                UART2_RX_TX_DriverIRQHandler
                0x00000262                USBDCD_DriverIRQHandler
                0x00000262                UART3_ERR_DriverIRQHandler
                0x00000262                DMA3_DriverIRQHandler
                0x00000262                DMA8_DriverIRQHandler
                0x00000262                DMA9_DriverIRQHandler
                0x00000262                UART0_ERR_DriverIRQHandler
                0x00000262                CMT_DriverIRQHandler
                0x00000262                Reserved71_DriverIRQHandler
                0x00000262                ADC1_DriverIRQHandler
                0x00000262                PORTA_DriverIRQHandler
                0x00000262                DMA14_DriverIRQHandler
                0x00000262                PIT3_DriverIRQHandler
                0x00000262                PIT1_DriverIRQHandler
                0x00000262                WDOG_EWM_DriverIRQHandler
                0x00000262                PDB0_DriverIRQHandler
                0x00000262                RTC_DriverIRQHandler
                0x00000262                I2S0_Rx_DriverIRQHandler
                0x00000262                Read_Collision_DriverIRQHandler
                0x00000262                SWI_DriverIRQHandler
                0x00000262                UART4_RX_TX_DriverIRQHandler
                0x00000262                UART4_ERR_DriverIRQHandler
                0x00000262                PORTB_DriverIRQHandler
                0x00000262                UART0_LON_DriverIRQHandler
                0x00000262                DMA0_DriverIRQHandler
                0x00000262                DMA1_DriverIRQHandler
                0x00000262                I2C1_DriverIRQHandler
                0x00000262                UART3_RX_TX_DriverIRQHandler
                0x00000262                ENET_Receive_DriverIRQHandler
                0x00000262                DMA13_DriverIRQHandler
                0x00000262                ENET_Error_DriverIRQHandler
                0x00000262                DMA15_DriverIRQHandler
                0x00000262                UART0_RX_TX_DriverIRQHandler
                0x00000262                SPI0_DriverIRQHandler
                0x00000262                ADC0_DriverIRQHandler
                0x00000262                CMP0_DriverIRQHandler
                0x00000262                CAN0_DriverIRQHandler
                0x00000262                FTM3_DriverIRQHandler
                0x00000262                DMA4_DriverIRQHandler
                0x00000262                UART1_ERR_DriverIRQHandler
                0x00000262                DMA2_DriverIRQHandler
                0x00000262                ENET_Transmit_DriverIRQHandler
                0x00000262                PORTD_DriverIRQHandler
                0x00000262                PORTE_DriverIRQHandler
                0x00000262                FTFE_DriverIRQHandler
                0x00000262                I2C0_DriverIRQHandler
                0x00000262                DMA7_DriverIRQHandler
                0x00000262                UART1_RX_TX_DriverIRQHandler
                0x00000400                . = 0x400
 *fill*         0x00000264      0x19c ff
                0x00000400                PROVIDE (__FLASH_CONFIG_START__ = .)
 *(SORT_BY_ALIGNMENT(.FlashConfig))
 .FlashConfig   0x00000400       0x10 ./SDK/startup/startup_mk64f12.o
                0x00000400                Flash_Config
                0x00000410                PROVIDE (__FLASH_CONFIG_END__ = .)
                0x00000001                ASSERT (! ((__FLASH_CONFIG_START__ == __FLASH_CONFIG_END__)), Linker Flash Config Support Enabled, but no .FlashConfig section provided within application)
 *(SORT_BY_ALIGNMENT(.text*))
 .text.calibrateMPU9250
                0x00000410      0x14c ./source/MPU9250/MPU9250.o
                0x00000410                calibrateMPU9250
 *fill*         0x0000055c        0x4 ff
 .text.calibrateGravity
                0x00000560       0x94 ./source/MPU9250/MPU9250.o
                0x00000560                calibrateGravity
 *fill*         0x000005f4        0x4 ff
 .text.int2doubleGyro
                0x000005f8       0xf0 ./source/MPU9250/MPU9250.o
                0x000005f8                int2doubleGyro
 .text.int2doubleAcc
                0x000006e8       0xd4 ./source/MPU9250/MPU9250.o
                0x000006e8                int2doubleAcc
 *fill*         0x000007bc        0x4 ff
 .text.App_Run  0x000007c0      0x208 ./source/App.o
                0x000007c0                App_Run
 .text.cos      0x000009c8       0x68 c:/nxp/mcuxpressoide_11.6.1_8255/ide/plugins/com.nxp.mcuxpresso.tools.win32_11.6.1.202207200623/tools/bin/../lib/gcc/arm-none-eabi/10.3.1/../../../../arm-none-eabi/lib/thumb/v7e-m+fp/hard\libcr_c.a(cos.o)
                0x000009c8                cos
 .text.fp_display
                0x00000a30      0x964 c:/nxp/mcuxpressoide_11.6.1_8255/ide/plugins/com.nxp.mcuxpresso.tools.win32_11.6.1.202207200623/tools/bin/../lib/gcc/arm-none-eabi/10.3.1/../../../../arm-none-eabi/lib/thumb/v7e-m+fp/hard\libcr_c.a(fpprintf.o)
 *fill*         0x00001394        0x4 ff
 .text._frexpl  0x00001398       0x68 c:/nxp/mcuxpressoide_11.6.1_8255/ide/plugins/com.nxp.mcuxpresso.tools.win32_11.6.1.202207200623/tools/bin/../lib/gcc/arm-none-eabi/10.3.1/../../../../arm-none-eabi/lib/thumb/v7e-m+fp/hard\libcr_c.a(_frexpl.o)
                0x00001398                _frexpl
 .text._ldexpl  0x00001400       0x5c c:/nxp/mcuxpressoide_11.6.1_8255/ide/plugins/com.nxp.mcuxpresso.tools.win32_11.6.1.202207200623/tools/bin/../lib/gcc/arm-none-eabi/10.3.1/../../../../arm-none-eabi/lib/thumb/v7e-m+fp/hard\libcr_c.a(_ldexpl.o)
                0x00001400                _ldexpl
 *fill*         0x0000145c        0x4 ff
 .text._sincos  0x00001460      0x20c c:/nxp/mcuxpressoide_11.6.1_8255/ide/plugins/com.nxp.mcuxpresso.tools.win32_11.6.1.202207200623/tools/bin/../lib/gcc/arm-none-eabi/10.3.1/../../../../arm-none-eabi/lib/thumb/v7e-m+fp/hard\libcr_c.a(_sincos.o)
                0x00001460                _sincos
 *fill*         0x0000166c        0x4 ff
 .text._tancot  0x00001670      0x228 c:/nxp/mcuxpressoide_11.6.1_8255/ide/plugins/com.nxp.mcuxpresso.tools.win32_11.6.1.202207200623/tools/bin/../lib/gcc/arm-none-eabi/10.3.1/../../../../arm-none-eabi/lib/thumb/v7e-m+fp/hard\libcr_c.a(_tancot.o)
                0x00001670                _tancot
 .text.__NVIC_EnableIRQ
                0x00001898       0x3c ./source/timer/SysTick.o
 .text.SysTick_Init
                0x000018d4       0x48 ./source/timer/SysTick.o
                0x000018d4                SysTick_Init
 .text.SysTick_Handler
                0x0000191c       0x24 ./source/timer/SysTick.o
                0x0000191c                SysTick_Handler
 .text.timerInit
                0x00001940       0x28 ./source/timer/timer.o
                0x00001940                timerInit
 .text.timerGetId
                0x00001968       0x2c ./source/timer/timer.o
                0x00001968                timerGetId
 .text.timerStart
                0x00001994       0xb8 ./source/timer/timer.o
                0x00001994                timerStart
 .text.timerExpired
                0x00001a4c       0x54 ./source/timer/timer.o
                0x00001a4c                timerExpired
 .text.timer_isr
                0x00001aa0       0xe0 ./source/timer/timer.o
 .text.SPIBgetPckg
                0x00001b80       0x84 ./source/buffer/SPI_buffer.o
                0x00001b80                SPIBgetPckg
 .text.__NVIC_EnableIRQ
                0x00001c04       0x3c ./source/UART/uart.o
 .text.uartInit
                0x00001c40      0x1c8 ./source/UART/uart.o
                0x00001c40                uartInit
 .text.uartWriteMsg
                0x00001e08       0x78 ./source/UART/uart.o
                0x00001e08                uartWriteMsg
 .text.UART_Rx_Tx_IRQ
                0x00001e80       0xd0 ./source/UART/uart.o
 .text.SPI0_IRQHandler
                0x00001f50      0x14c ./source/SPI/SPI.o
                0x00001f50                SPI0_IRQHandler
 .text.PIT0_IRQHandler
                0x0000209c       0x40 ./source/PIT/PIT.o
                0x0000209c                PIT0_IRQHandler
 .text.PIT1_IRQHandler
                0x000020dc       0x30 ./source/PIT/PIT.o
                0x000020dc                PIT1_IRQHandler
 .text.PIT2_IRQHandler
                0x0000210c       0x30 ./source/PIT/PIT.o
                0x0000210c                PIT2_IRQHandler
 .text.PIT3_IRQHandler
                0x0000213c       0x30 ./source/PIT/PIT.o
                0x0000213c                PIT3_IRQHandler
 .text.initMPU9250
                0x0000216c      0x3ac ./source/MPU9250/MPU9250.o
                0x0000216c                initMPU9250
 .text.whoAmI   0x00002518       0x58 ./source/MPU9250/MPU9250.o
                0x00002518                whoAmI
 .text.readAccelData
                0x00002570       0x94 ./source/MPU9250/MPU9250.o
                0x00002570                readAccelData
 .text.readGyroData
                0x00002604       0x94 ./source/MPU9250/MPU9250.o
                0x00002604                readGyroData
 .text.resetMPU9250
                0x00002698       0x60 ./source/MPU9250/MPU9250.o
                0x00002698                resetMPU9250
 .text.gpioMode
                0x000026f8      0x174 ./source/MCAL/gpio.o
                0x000026f8                gpioMode
 .text.gpioWrite
                0x0000286c       0x68 ./source/MCAL/gpio.o
                0x0000286c                gpioWrite
 .text.PORTA_IRQHandler
                0x000028d4       0x64 ./source/MCAL/gpio.o
                0x000028d4                PORTA_IRQHandler
 .text.PORTB_IRQHandler
                0x00002938       0x64 ./source/MCAL/gpio.o
                0x00002938                PORTB_IRQHandler
 .text.PORTC_IRQHandler
                0x0000299c       0x64 ./source/MCAL/gpio.o
                0x0000299c                PORTC_IRQHandler
 .text.PORTD_IRQHandler
                0x00002a00       0x64 ./source/MCAL/gpio.o
                0x00002a00                PORTD_IRQHandler
 .text.PORTE_IRQHandler
                0x00002a64       0x64 ./source/MCAL/gpio.o
                0x00002a64                PORTE_IRQHandler
 .text.__NVIC_EnableIRQ
                0x00002ac8       0x3c ./source/I2Cm/I2Cm.o
 .text.I2CmInit
                0x00002b04      0x114 ./source/I2Cm/I2Cm.o
                0x00002b04                I2CmInit
 .text.I2CmStartTransaction
                0x00002c18      0x248 ./source/I2Cm/I2Cm.o
                0x00002c18                I2CmStartTransaction
 .text.isI2CBusy
                0x00002e60       0x68 ./source/I2Cm/I2Cm.o
                0x00002e60                isI2CBusy
 .text.I2C0_IRQHandler
                0x00002ec8      0x2cc ./source/I2Cm/I2Cm.o
                0x00002ec8                I2C0_IRQHandler
 .text.FTM0_IRQHandler
                0x00003194       0x9c ./source/FTM/FTM.o
                0x00003194                FTM0_IRQHandler
 .text.FTM1_IRQHandler
                0x00003230       0xa4 ./source/FTM/FTM.o
                0x00003230                FTM1_IRQHandler
 .text.sendUartMessage3Channels
                0x000032d4       0x5c ./source/App.o
 .text.hw_Init  0x00003330      0x108 ./SDK/startup/hardware.o
                0x00003330                hw_Init
 .text.hw_EnableInterrupts
                0x00003438       0x30 ./SDK/startup/hardware.o
                0x00003438                hw_EnableInterrupts
 .text.hw_DisableInterrupts
                0x00003468       0x20 ./SDK/startup/hardware.o
                0x00003468                hw_DisableInterrupts
 .text.SystemInit
                0x00003488       0x3c ./SDK/CMSIS/system_MK64F12.o
                0x00003488                SystemInit
 .text.sprintf  0x000034c4       0x6c c:/nxp/mcuxpressoide_11.6.1_8255/ide/plugins/com.nxp.mcuxpresso.tools.win32_11.6.1.202207200623/tools/bin/../lib/gcc/arm-none-eabi/10.3.1/../../../../arm-none-eabi/lib/thumb/v7e-m+fp/hard\libcr_c.a(fpprintf.o)
                0x000034c4                sprintf
 .text.__vfprintf
                0x00003530      0xbf8 c:/nxp/mcuxpressoide_11.6.1_8255/ide/plugins/com.nxp.mcuxpresso.tools.win32_11.6.1.202207200623/tools/bin/../lib/gcc/arm-none-eabi/10.3.1/../../../../arm-none-eabi/lib/thumb/v7e-m+fp/hard\libcr_c.a(printf.o)
                0x00003530                __vfprintf
 .text._Cwritebuf
                0x00004128       0x6c c:/nxp/mcuxpressoide_11.6.1_8255/ide/plugins/com.nxp.mcuxpresso.tools.win32_11.6.1.202207200623/tools/bin/../lib/gcc/arm-none-eabi/10.3.1/../../../../arm-none-eabi/lib/thumb/v7e-m+fp/hard\libcr_c.a(_writebuf.o)
                0x00004128                _Cwritebuf
 .text.malloc   0x00004194       0xc8 c:/nxp/mcuxpressoide_11.6.1_8255/ide/plugins/com.nxp.mcuxpresso.tools.win32_11.6.1.202207200623/tools/bin/../lib/gcc/arm-none-eabi/10.3.1/../../../../arm-none-eabi/lib/thumb/v7e-m+fp/hard\libcr_c.a(alloc.o)
                0x00004194                malloc
 .text._Csys_alloc
                0x0000425c       0x20 c:/nxp/mcuxpressoide_11.6.1_8255/ide/plugins/com.nxp.mcuxpresso.tools.win32_11.6.1.202207200623/tools/bin/../lib/gcc/arm-none-eabi/10.3.1/../../../../arm-none-eabi/lib/thumb/v7e-m+fp/hard\libcr_c.a(alloc.o)
                0x0000425c                _Csys_alloc
 .text.fseek    0x0000427c       0xfc c:/nxp/mcuxpressoide_11.6.1_8255/ide/plugins/com.nxp.mcuxpresso.tools.win32_11.6.1.202207200623/tools/bin/../lib/gcc/arm-none-eabi/10.3.1/../../../../arm-none-eabi/lib/thumb/v7e-m+fp/hard\libcr_c.a(fseek.o)
                0x0000427c                fseek
 .text.ftell    0x00004378       0x44 c:/nxp/mcuxpressoide_11.6.1_8255/ide/plugins/com.nxp.mcuxpresso.tools.win32_11.6.1.202207200623/tools/bin/../lib/gcc/arm-none-eabi/10.3.1/../../../../arm-none-eabi/lib/thumb/v7e-m+fp/hard\libcr_c.a(ftell.o)
                0x00004378                ftell
 .text._sbrk    0x000043bc       0x3c c:/nxp/mcuxpressoide_11.6.1_8255/ide/plugins/com.nxp.mcuxpresso.tools.win32_11.6.1.202207200623/tools/bin/../lib/gcc/arm-none-eabi/10.3.1/../../../../arm-none-eabi/lib/thumb/v7e-m+fp/hard\libcr_c.a(_cr_sbrk.o)
                0x000043bc                _sbrk
 .text.__check_heap_overflow
                0x000043f8       0x18 c:/nxp/mcuxpressoide_11.6.1_8255/ide/plugins/com.nxp.mcuxpresso.tools.win32_11.6.1.202207200623/tools/bin/../lib/gcc/arm-none-eabi/10.3.1/../../../../arm-none-eabi/lib/thumb/v7e-m+fp/hard\libcr_c.a(_cr_check_heap.o)
                0x000043f8                __check_heap_overflow
 .text.__aeabi_dmul
                0x00004410       0xfc c:/nxp/mcuxpressoide_11.6.1_8255/ide/plugins/com.nxp.mcuxpresso.tools.win32_11.6.1.202207200623/tools/bin/../lib/gcc/arm-none-eabi/10.3.1/thumb/v7e-m+fp/hard\libcr_eabihelpers.a(double.o)
                0x00004410                __aeabi_dmul
 .text.__aeabi_ddiv
                0x0000450c      0x138 c:/nxp/mcuxpressoide_11.6.1_8255/ide/plugins/com.nxp.mcuxpresso.tools.win32_11.6.1.202207200623/tools/bin/../lib/gcc/arm-none-eabi/10.3.1/thumb/v7e-m+fp/hard\libcr_eabihelpers.a(double.o)
                0x0000450c                __aeabi_ddiv
 .text.__aeabi_dsub
                0x00004644      0x1ac c:/nxp/mcuxpressoide_11.6.1_8255/ide/plugins/com.nxp.mcuxpresso.tools.win32_11.6.1.202207200623/tools/bin/../lib/gcc/arm-none-eabi/10.3.1/thumb/v7e-m+fp/hard\libcr_eabihelpers.a(double.o)
                0x00004644                __aeabi_dsub
 .text.__aeabi_dadd
                0x000047f0      0x114 c:/nxp/mcuxpressoide_11.6.1_8255/ide/plugins/com.nxp.mcuxpresso.tools.win32_11.6.1.202207200623/tools/bin/../lib/gcc/arm-none-eabi/10.3.1/thumb/v7e-m+fp/hard\libcr_eabihelpers.a(double.o)
                0x000047f0                __aeabi_dadd
 .text.__sys_appexit
                0x00004904        0xc c:/nxp/mcuxpressoide_11.6.1_8255/ide/plugins/com.nxp.mcuxpresso.tools.win32_11.6.1.202207200623/tools/bin/../lib/gcc/arm-none-eabi/10.3.1/../../../../arm-none-eabi/lib/thumb/v7e-m+fp/hard\libcr_semihost_nf.a(__sys_appexit.o)
                0x00004904                __sys_appexit
                0x00004904                __exit
 .text.timerDelay
                0x00004910       0x32 ./source/timer/timer.o
                0x00004910                timerDelay
 .text.getCircularPointer
                0x00004942       0x1e ./source/buffer/SPI_buffer.o
 .text.SPIBisEmpty
                0x00004960       0x2a ./source/buffer/SPI_buffer.o
                0x00004960                SPIBisEmpty
 .text.getCircularPointer
                0x0000498a       0x2c ./source/buffer/circular_buffer.o
 .text.CBinit   0x000049b6       0x30 ./source/buffer/circular_buffer.o
                0x000049b6                CBinit
 .text.CBisEmpty
                0x000049e6       0x2a ./source/buffer/circular_buffer.o
                0x000049e6                CBisEmpty
 .text.CBputChain
                0x00004a10       0xaa ./source/buffer/circular_buffer.o
                0x00004a10                CBputChain
 .text.CBputByte
                0x00004aba       0x8e ./source/buffer/circular_buffer.o
                0x00004aba                CBputByte
 .text.CBgetByte
                0x00004b48       0x62 ./source/buffer/circular_buffer.o
                0x00004b48                CBgetByte
 .text.CBgetBufferState
                0x00004baa       0x5c ./source/buffer/circular_buffer.o
                0x00004baa                CBgetBufferState
 .text.GCBinit  0x00004c06       0x5a ./source/buffer/generic_circular_buffer.o
                0x00004c06                GCBinit
 .text.UART0_RX_TX_IRQHandler
                0x00004c60       0x2e ./source/UART/uart.o
                0x00004c60                UART0_RX_TX_IRQHandler
 .text.UART1_RX_TX_IRQHandler
                0x00004c8e       0x2e ./source/UART/uart.o
                0x00004c8e                UART1_RX_TX_IRQHandler
 .text.UART2_RX_TX_IRQHandler
                0x00004cbc       0x2e ./source/UART/uart.o
                0x00004cbc                UART2_RX_TX_IRQHandler
 .text.UART3_RX_TX_IRQHandler
                0x00004cea       0x2e ./source/UART/uart.o
                0x00004cea                UART3_RX_TX_IRQHandler
 .text.UART4_RX_TX_IRQHandler
                0x00004d18       0x2e ./source/UART/uart.o
                0x00004d18                UART4_RX_TX_IRQHandler
 .text.App_Init
                0x00004d46       0x38 ./source/App.o
                0x00004d46                App_Init
 .text.getAnglesGyro
                0x00004d7e      0x272 ./source/App.o
 .text.main     0x00004ff0       0x1a ./SDK/startup/main.o
                0x00004ff0                main
 .text.HardFault_Handler
                0x0000500a       0x2c ./SDK/startup/semihost_hardfault.o
                0x0000500a                HardFault_Handler
 .text.DMA0_IRQHandler
                0x00005036        0x8 ./SDK/startup/startup_mk64f12.o
                0x00005036                DMA0_IRQHandler
 .text.DMA1_IRQHandler
                0x0000503e        0x8 ./SDK/startup/startup_mk64f12.o
                0x0000503e                DMA1_IRQHandler
 .text.DMA2_IRQHandler
                0x00005046        0x8 ./SDK/startup/startup_mk64f12.o
                0x00005046                DMA2_IRQHandler
 .text.DMA3_IRQHandler
                0x0000504e        0x8 ./SDK/startup/startup_mk64f12.o
                0x0000504e                DMA3_IRQHandler
 .text.DMA4_IRQHandler
                0x00005056        0x8 ./SDK/startup/startup_mk64f12.o
                0x00005056                DMA4_IRQHandler
 .text.DMA5_IRQHandler
                0x0000505e        0x8 ./SDK/startup/startup_mk64f12.o
                0x0000505e                DMA5_IRQHandler
 .text.DMA6_IRQHandler
                0x00005066        0x8 ./SDK/startup/startup_mk64f12.o
                0x00005066                DMA6_IRQHandler
 .text.DMA7_IRQHandler
                0x0000506e        0x8 ./SDK/startup/startup_mk64f12.o
                0x0000506e                DMA7_IRQHandler
 .text.DMA8_IRQHandler
                0x00005076        0x8 ./SDK/startup/startup_mk64f12.o
                0x00005076                DMA8_IRQHandler
 .text.DMA9_IRQHandler
                0x0000507e        0x8 ./SDK/startup/startup_mk64f12.o
                0x0000507e                DMA9_IRQHandler
 .text.DMA10_IRQHandler
                0x00005086        0x8 ./SDK/startup/startup_mk64f12.o
                0x00005086                DMA10_IRQHandler
 .text.DMA11_IRQHandler
                0x0000508e        0x8 ./SDK/startup/startup_mk64f12.o
                0x0000508e                DMA11_IRQHandler
 .text.DMA12_IRQHandler
                0x00005096        0x8 ./SDK/startup/startup_mk64f12.o
                0x00005096                DMA12_IRQHandler
 .text.DMA13_IRQHandler
                0x0000509e        0x8 ./SDK/startup/startup_mk64f12.o
                0x0000509e                DMA13_IRQHandler
 .text.DMA14_IRQHandler
                0x000050a6        0x8 ./SDK/startup/startup_mk64f12.o
                0x000050a6                DMA14_IRQHandler
 .text.DMA15_IRQHandler
                0x000050ae        0x8 ./SDK/startup/startup_mk64f12.o
                0x000050ae                DMA15_IRQHandler
 .text.DMA_Error_IRQHandler
                0x000050b6        0x8 ./SDK/startup/startup_mk64f12.o
                0x000050b6                DMA_Error_IRQHandler
 .text.MCM_IRQHandler
                0x000050be        0x8 ./SDK/startup/startup_mk64f12.o
                0x000050be                MCM_IRQHandler
 .text.FTFE_IRQHandler
                0x000050c6        0x8 ./SDK/startup/startup_mk64f12.o
                0x000050c6                FTFE_IRQHandler
 .text.Read_Collision_IRQHandler
                0x000050ce        0x8 ./SDK/startup/startup_mk64f12.o
                0x000050ce                Read_Collision_IRQHandler
 .text.LVD_LVW_IRQHandler
                0x000050d6        0x8 ./SDK/startup/startup_mk64f12.o
                0x000050d6                LVD_LVW_IRQHandler
 .text.LLWU_IRQHandler
                0x000050de        0x8 ./SDK/startup/startup_mk64f12.o
                0x000050de                LLWU_IRQHandler
 .text.WDOG_EWM_IRQHandler
                0x000050e6        0x8 ./SDK/startup/startup_mk64f12.o
                0x000050e6                WDOG_EWM_IRQHandler
 .text.RNG_IRQHandler
                0x000050ee        0x8 ./SDK/startup/startup_mk64f12.o
                0x000050ee                RNG_IRQHandler
 .text.I2C1_IRQHandler
                0x000050f6        0x8 ./SDK/startup/startup_mk64f12.o
                0x000050f6                I2C1_IRQHandler
 .text.SPI1_IRQHandler
                0x000050fe        0x8 ./SDK/startup/startup_mk64f12.o
                0x000050fe                SPI1_IRQHandler
 .text.I2S0_Tx_IRQHandler
                0x00005106        0x8 ./SDK/startup/startup_mk64f12.o
                0x00005106                I2S0_Tx_IRQHandler
 .text.I2S0_Rx_IRQHandler
                0x0000510e        0x8 ./SDK/startup/startup_mk64f12.o
                0x0000510e                I2S0_Rx_IRQHandler
 .text.UART0_LON_IRQHandler
                0x00005116        0x8 ./SDK/startup/startup_mk64f12.o
                0x00005116                UART0_LON_IRQHandler
 .text.UART0_ERR_IRQHandler
                0x0000511e        0x8 ./SDK/startup/startup_mk64f12.o
                0x0000511e                UART0_ERR_IRQHandler
 .text.UART1_ERR_IRQHandler
                0x00005126        0x8 ./SDK/startup/startup_mk64f12.o
                0x00005126                UART1_ERR_IRQHandler
 .text.UART2_ERR_IRQHandler
                0x0000512e        0x8 ./SDK/startup/startup_mk64f12.o
                0x0000512e                UART2_ERR_IRQHandler
 .text.UART3_ERR_IRQHandler
                0x00005136        0x8 ./SDK/startup/startup_mk64f12.o
                0x00005136                UART3_ERR_IRQHandler
 .text.ADC0_IRQHandler
                0x0000513e        0x8 ./SDK/startup/startup_mk64f12.o
                0x0000513e                ADC0_IRQHandler
 .text.CMP0_IRQHandler
                0x00005146        0x8 ./SDK/startup/startup_mk64f12.o
                0x00005146                CMP0_IRQHandler
 .text.CMP1_IRQHandler
                0x0000514e        0x8 ./SDK/startup/startup_mk64f12.o
                0x0000514e                CMP1_IRQHandler
 .text.FTM2_IRQHandler
                0x00005156        0x8 ./SDK/startup/startup_mk64f12.o
                0x00005156                FTM2_IRQHandler
 .text.CMT_IRQHandler
                0x0000515e        0x8 ./SDK/startup/startup_mk64f12.o
                0x0000515e                CMT_IRQHandler
 .text.RTC_IRQHandler
                0x00005166        0x8 ./SDK/startup/startup_mk64f12.o
                0x00005166                RTC_IRQHandler
 .text.RTC_Seconds_IRQHandler
                0x0000516e        0x8 ./SDK/startup/startup_mk64f12.o
                0x0000516e                RTC_Seconds_IRQHandler
 .text.PDB0_IRQHandler
                0x00005176        0x8 ./SDK/startup/startup_mk64f12.o
                0x00005176                PDB0_IRQHandler
 .text.USB0_IRQHandler
                0x0000517e        0x8 ./SDK/startup/startup_mk64f12.o
                0x0000517e                USB0_IRQHandler
 .text.USBDCD_IRQHandler
                0x00005186        0x8 ./SDK/startup/startup_mk64f12.o
                0x00005186                USBDCD_IRQHandler
 .text.Reserved71_IRQHandler
                0x0000518e        0x8 ./SDK/startup/startup_mk64f12.o
                0x0000518e                Reserved71_IRQHandler
 .text.DAC0_IRQHandler
                0x00005196        0x8 ./SDK/startup/startup_mk64f12.o
                0x00005196                DAC0_IRQHandler
 .text.MCG_IRQHandler
                0x0000519e        0x8 ./SDK/startup/startup_mk64f12.o
                0x0000519e                MCG_IRQHandler
 .text.LPTMR0_IRQHandler
                0x000051a6        0x8 ./SDK/startup/startup_mk64f12.o
                0x000051a6                LPTMR0_IRQHandler
 .text.SWI_IRQHandler
                0x000051ae        0x8 ./SDK/startup/startup_mk64f12.o
                0x000051ae                SWI_IRQHandler
 .text.SPI2_IRQHandler
                0x000051b6        0x8 ./SDK/startup/startup_mk64f12.o
                0x000051b6                SPI2_IRQHandler
 .text.UART4_ERR_IRQHandler
                0x000051be        0x8 ./SDK/startup/startup_mk64f12.o
                0x000051be                UART4_ERR_IRQHandler
 .text.UART5_RX_TX_IRQHandler
                0x000051c6        0x8 ./SDK/startup/startup_mk64f12.o
                0x000051c6                UART5_RX_TX_IRQHandler
 .text.UART5_ERR_IRQHandler
                0x000051ce        0x8 ./SDK/startup/startup_mk64f12.o
                0x000051ce                UART5_ERR_IRQHandler
 .text.CMP2_IRQHandler
                0x000051d6        0x8 ./SDK/startup/startup_mk64f12.o
                0x000051d6                CMP2_IRQHandler
 .text.FTM3_IRQHandler
                0x000051de        0x8 ./SDK/startup/startup_mk64f12.o
                0x000051de                FTM3_IRQHandler
 .text.DAC1_IRQHandler
                0x000051e6        0x8 ./SDK/startup/startup_mk64f12.o
                0x000051e6                DAC1_IRQHandler
 .text.ADC1_IRQHandler
                0x000051ee        0x8 ./SDK/startup/startup_mk64f12.o
                0x000051ee                ADC1_IRQHandler
 .text.I2C2_IRQHandler
                0x000051f6        0x8 ./SDK/startup/startup_mk64f12.o
                0x000051f6                I2C2_IRQHandler
 .text.CAN0_ORed_Message_buffer_IRQHandler
                0x000051fe        0x8 ./SDK/startup/startup_mk64f12.o
                0x000051fe                CAN0_ORed_Message_buffer_IRQHandler
 .text.CAN0_Bus_Off_IRQHandler
                0x00005206        0x8 ./SDK/startup/startup_mk64f12.o
                0x00005206                CAN0_Bus_Off_IRQHandler
 .text.CAN0_Error_IRQHandler
                0x0000520e        0x8 ./SDK/startup/startup_mk64f12.o
                0x0000520e                CAN0_Error_IRQHandler
 .text.CAN0_Tx_Warning_IRQHandler
                0x00005216        0x8 ./SDK/startup/startup_mk64f12.o
                0x00005216                CAN0_Tx_Warning_IRQHandler
 .text.CAN0_Rx_Warning_IRQHandler
                0x0000521e        0x8 ./SDK/startup/startup_mk64f12.o
                0x0000521e                CAN0_Rx_Warning_IRQHandler
 .text.CAN0_Wake_Up_IRQHandler
                0x00005226        0x8 ./SDK/startup/startup_mk64f12.o
                0x00005226                CAN0_Wake_Up_IRQHandler
 .text.SDHC_IRQHandler
                0x0000522e        0x8 ./SDK/startup/startup_mk64f12.o
                0x0000522e                SDHC_IRQHandler
 .text.ENET_1588_Timer_IRQHandler
                0x00005236        0x8 ./SDK/startup/startup_mk64f12.o
                0x00005236                ENET_1588_Timer_IRQHandler
 .text.ENET_Transmit_IRQHandler
                0x0000523e        0x8 ./SDK/startup/startup_mk64f12.o
                0x0000523e                ENET_Transmit_IRQHandler
 .text.ENET_Receive_IRQHandler
                0x00005246        0x8 ./SDK/startup/startup_mk64f12.o
                0x00005246                ENET_Receive_IRQHandler
 .text.ENET_Error_IRQHandler
                0x0000524e        0x8 ./SDK/startup/startup_mk64f12.o
                0x0000524e                ENET_Error_IRQHandler
 .text.SystemInitHook
                0x00005256        0xe ./SDK/CMSIS/system_MK64F12.o
                0x00005256                SystemInitHook
 .text.memcpy   0x00005264        0x4 c:/nxp/mcuxpressoide_11.6.1_8255/ide/plugins/com.nxp.mcuxpresso.tools.win32_11.6.1.202207200623/tools/bin/../lib/gcc/arm-none-eabi/10.3.1/../../../../arm-none-eabi/lib/thumb/v7e-m+fp/hard\libcr_c.a(memcpy.o)
                0x00005264                memcpy
 .text.fabs     0x00005268       0x22 c:/nxp/mcuxpressoide_11.6.1_8255/ide/plugins/com.nxp.mcuxpresso.tools.win32_11.6.1.202207200623/tools/bin/../lib/gcc/arm-none-eabi/10.3.1/../../../../arm-none-eabi/lib/thumb/v7e-m+fp/hard\libcr_c.a(fabs.o)
                0x00005268                fabs
 .text.fp_round
                0x0000528a       0x4e c:/nxp/mcuxpressoide_11.6.1_8255/ide/plugins/com.nxp.mcuxpresso.tools.win32_11.6.1.202207200623/tools/bin/../lib/gcc/arm-none-eabi/10.3.1/../../../../arm-none-eabi/lib/thumb/v7e-m+fp/hard\libcr_c.a(fpprintf.o)
 .text.pr_dec.constprop.0
                0x000052d8       0x26 c:/nxp/mcuxpressoide_11.6.1_8255/ide/plugins/com.nxp.mcuxpresso.tools.win32_11.6.1.202207200623/tools/bin/../lib/gcc/arm-none-eabi/10.3.1/../../../../arm-none-eabi/lib/thumb/v7e-m+fp/hard\libcr_c.a(fpprintf.o)
 .text.sin      0x000052fe       0x40 c:/nxp/mcuxpressoide_11.6.1_8255/ide/plugins/com.nxp.mcuxpresso.tools.win32_11.6.1.202207200623/tools/bin/../lib/gcc/arm-none-eabi/10.3.1/../../../../arm-none-eabi/lib/thumb/v7e-m+fp/hard\libcr_c.a(sin.o)
                0x000052fe                sin
 .text.strlen   0x0000533e       0x48 c:/nxp/mcuxpressoide_11.6.1_8255/ide/plugins/com.nxp.mcuxpresso.tools.win32_11.6.1.202207200623/tools/bin/../lib/gcc/arm-none-eabi/10.3.1/../../../../arm-none-eabi/lib/thumb/v7e-m+fp/hard\libcr_c.a(strlen.o)
                0x0000533e                strlen
 .text.tan      0x00005386        0x6 c:/nxp/mcuxpressoide_11.6.1_8255/ide/plugins/com.nxp.mcuxpresso.tools.win32_11.6.1.202207200623/tools/bin/../lib/gcc/arm-none-eabi/10.3.1/../../../../arm-none-eabi/lib/thumb/v7e-m+fp/hard\libcr_c.a(tan.o)
                0x00005386                tan
 .text.memset   0x0000538c        0x4 c:/nxp/mcuxpressoide_11.6.1_8255/ide/plugins/com.nxp.mcuxpresso.tools.win32_11.6.1.202207200623/tools/bin/../lib/gcc/arm-none-eabi/10.3.1/../../../../arm-none-eabi/lib/thumb/v7e-m+fp/hard\libcr_c.a(memset.o)
                0x0000538c                memset
 .text._deferredlazyseek
                0x00005390       0x40 c:/nxp/mcuxpressoide_11.6.1_8255/ide/plugins/com.nxp.mcuxpresso.tools.win32_11.6.1.202207200623/tools/bin/../lib/gcc/arm-none-eabi/10.3.1/../../../../arm-none-eabi/lib/thumb/v7e-m+fp/hard\libcr_c.a(_deferredlazyseek.o)
                0x00005390                _deferredlazyseek
 .text.__flsbuf
                0x000053d0      0x140 c:/nxp/mcuxpressoide_11.6.1_8255/ide/plugins/com.nxp.mcuxpresso.tools.win32_11.6.1.202207200623/tools/bin/../lib/gcc/arm-none-eabi/10.3.1/../../../../arm-none-eabi/lib/thumb/v7e-m+fp/hard\libcr_c.a(_deferredlazyseek.o)
                0x000053d0                __flsbuf
 .text._fflush  0x00005510       0x52 c:/nxp/mcuxpressoide_11.6.1_8255/ide/plugins/com.nxp.mcuxpresso.tools.win32_11.6.1.202207200623/tools/bin/../lib/gcc/arm-none-eabi/10.3.1/../../../../arm-none-eabi/lib/thumb/v7e-m+fp/hard\libcr_c.a(_fflush.o)
                0x00005510                _fflush
 .text.__aeabi_division_uldivmod
                0x00005562      0x174 c:/nxp/mcuxpressoide_11.6.1_8255/ide/plugins/com.nxp.mcuxpresso.tools.win32_11.6.1.202207200623/tools/bin/../lib/gcc/arm-none-eabi/10.3.1/thumb/v7e-m+fp/hard\libcr_eabihelpers.a(division_64.o)
                0x00005562                __aeabi_uldivmod
                0x00005566                __bhs_ldivmod1
 .text.__aeabi_division_idiv0
                0x000056d6        0x2 c:/nxp/mcuxpressoide_11.6.1_8255/ide/plugins/com.nxp.mcuxpresso.tools.win32_11.6.1.202207200623/tools/bin/../lib/gcc/arm-none-eabi/10.3.1/thumb/v7e-m+fp/hard\libcr_eabihelpers.a(division_idiv0.o)
                0x000056d6                __aeabi_idiv0
 .text.__aeabi_d2iz
                0x000056d8       0x40 c:/nxp/mcuxpressoide_11.6.1_8255/ide/plugins/com.nxp.mcuxpresso.tools.win32_11.6.1.202207200623/tools/bin/../lib/gcc/arm-none-eabi/10.3.1/thumb/v7e-m+fp/hard\libcr_eabihelpers.a(double.o)
                0x000056d8                __aeabi_d2iz
 .text.__bhs_ui2d
                0x00005718       0x46 c:/nxp/mcuxpressoide_11.6.1_8255/ide/plugins/com.nxp.mcuxpresso.tools.win32_11.6.1.202207200623/tools/bin/../lib/gcc/arm-none-eabi/10.3.1/thumb/v7e-m+fp/hard\libcr_eabihelpers.a(double.o)
                0x00005718                __bhs_ui2d
 .text.__aeabi_i2d
                0x0000575e       0x12 c:/nxp/mcuxpressoide_11.6.1_8255/ide/plugins/com.nxp.mcuxpresso.tools.win32_11.6.1.202207200623/tools/bin/../lib/gcc/arm-none-eabi/10.3.1/thumb/v7e-m+fp/hard\libcr_eabihelpers.a(double.o)
                0x0000575e                __aeabi_i2d
 .text.__aeabi_dcmpeq
                0x00005770       0x30 c:/nxp/mcuxpressoide_11.6.1_8255/ide/plugins/com.nxp.mcuxpresso.tools.win32_11.6.1.202207200623/tools/bin/../lib/gcc/arm-none-eabi/10.3.1/thumb/v7e-m+fp/hard\libcr_eabihelpers.a(double.o)
                0x00005770                __aeabi_dcmpeq
 .text.__aeabi_dcmplt
                0x000057a0       0x56 c:/nxp/mcuxpressoide_11.6.1_8255/ide/plugins/com.nxp.mcuxpresso.tools.win32_11.6.1.202207200623/tools/bin/../lib/gcc/arm-none-eabi/10.3.1/thumb/v7e-m+fp/hard\libcr_eabihelpers.a(double.o)
                0x000057a0                __aeabi_dcmplt
 .text.__aeabi_dcmpgt
                0x000057f6       0x56 c:/nxp/mcuxpressoide_11.6.1_8255/ide/plugins/com.nxp.mcuxpresso.tools.win32_11.6.1.202207200623/tools/bin/../lib/gcc/arm-none-eabi/10.3.1/thumb/v7e-m+fp/hard\libcr_eabihelpers.a(double.o)
                0x000057f6                __aeabi_dcmpgt
 .text.__aeabi_dcmple
                0x0000584c       0x56 c:/nxp/mcuxpressoide_11.6.1_8255/ide/plugins/com.nxp.mcuxpresso.tools.win32_11.6.1.202207200623/tools/bin/../lib/gcc/arm-none-eabi/10.3.1/thumb/v7e-m+fp/hard\libcr_eabihelpers.a(double.o)
                0x0000584c                __aeabi_dcmple
 .text.__aeabi_dcmpge
                0x000058a2       0x56 c:/nxp/mcuxpressoide_11.6.1_8255/ide/plugins/com.nxp.mcuxpresso.tools.win32_11.6.1.202207200623/tools/bin/../lib/gcc/arm-none-eabi/10.3.1/thumb/v7e-m+fp/hard\libcr_eabihelpers.a(double.o)
                0x000058a2                __aeabi_dcmpge
 .text.__aeabi_memcpy
                0x000058f8       0x34 c:/nxp/mcuxpressoide_11.6.1_8255/ide/plugins/com.nxp.mcuxpresso.tools.win32_11.6.1.202207200623/tools/bin/../lib/gcc/arm-none-eabi/10.3.1/thumb/v7e-m+fp/hard\libcr_eabihelpers.a(memcpy.o)
                0x000058f8                __aeabi_memcpy
                0x00005902                __aeabi_memcpy8
                0x00005902                __aeabi_memcpy4
 .text.__aeabi_memset_lowlevel
                0x0000592c       0x32 c:/nxp/mcuxpressoide_11.6.1_8255/ide/plugins/com.nxp.mcuxpresso.tools.win32_11.6.1.202207200623/tools/bin/../lib/gcc/arm-none-eabi/10.3.1/thumb/v7e-m+fp/hard\libcr_eabihelpers.a(memcpy.o)
                0x0000592c                __aeabi_lowlevel_memset
 .text.__sys_flen
                0x0000595e        0xc c:/nxp/mcuxpressoide_11.6.1_8255/ide/plugins/com.nxp.mcuxpresso.tools.win32_11.6.1.202207200623/tools/bin/../lib/gcc/arm-none-eabi/10.3.1/../../../../arm-none-eabi/lib/thumb/v7e-m+fp/hard\libcr_semihost_nf.a(__sys_flen.o)
                0x0000595e                __sys_flen
 .text.__sys_istty
                0x0000596a        0xc c:/nxp/mcuxpressoide_11.6.1_8255/ide/plugins/com.nxp.mcuxpresso.tools.win32_11.6.1.202207200623/tools/bin/../lib/gcc/arm-none-eabi/10.3.1/../../../../arm-none-eabi/lib/thumb/v7e-m+fp/hard\libcr_semihost_nf.a(__sys_istty.o)
                0x0000596a                __sys_istty
 .text.__sys_seek
                0x00005976        0xc c:/nxp/mcuxpressoide_11.6.1_8255/ide/plugins/com.nxp.mcuxpresso.tools.win32_11.6.1.202207200623/tools/bin/../lib/gcc/arm-none-eabi/10.3.1/../../../../arm-none-eabi/lib/thumb/v7e-m+fp/hard\libcr_semihost_nf.a(__sys_seek.o)
                0x00005976                __sys_seek
 .text.__sys_write
                0x00005982        0xc c:/nxp/mcuxpressoide_11.6.1_8255/ide/plugins/com.nxp.mcuxpresso.tools.win32_11.6.1.202207200623/tools/bin/../lib/gcc/arm-none-eabi/10.3.1/../../../../arm-none-eabi/lib/thumb/v7e-m+fp/hard\libcr_semihost_nf.a(__sys_write.o)
                0x00005982                __sys_write
 *(SORT_BY_ALIGNMENT(.rodata) SORT_BY_ALIGNMENT(.rodata.*) SORT_BY_ALIGNMENT(.constdata) SORT_BY_ALIGNMENT(.constdata.*))
 *fill*         0x0000598e        0x2 ff
 .rodata.UARTPorts
                0x00005990       0x18 ./source/UART/uart.o
 .rodata.portPtr
                0x000059a8       0x14 ./source/UART/uart.o
 .rodata.UARTClockSource
                0x000059bc       0x18 ./source/UART/uart.o
 .rodata.UARTSIMR
                0x000059d4       0x14 ./source/UART/uart.o
 .rodata.UARTSIMMask
                0x000059e8       0x14 ./source/UART/uart.o
 .rodata.UART_RX_TX_Vectors
                0x000059fc        0x6 ./source/UART/uart.o
 *fill*         0x00005a02        0x2 ff
 .rodata.UARTPinPort
                0x00005a04        0x5 ./source/UART/uart.o
 *fill*         0x00005a09        0x3 ff
 .rodata.UARTPinNumRX
                0x00005a0c        0x5 ./source/UART/uart.o
 *fill*         0x00005a11        0x3 ff
 .rodata.UARTPinNumTX
                0x00005a14        0x5 ./source/UART/uart.o
 *fill*         0x00005a19        0x3 ff
 .rodata.UARTPinMuxAlt
                0x00005a1c        0x5 ./source/UART/uart.o
 *fill*         0x00005a21        0x3 ff
 .rodata.gpioPtr
                0x00005a24       0x14 ./source/MCAL/gpio.o
 .rodata.portPtr
                0x00005a38       0x14 ./source/MCAL/gpio.o
 .rodata.SIMPortMasks
                0x00005a4c       0x14 ./source/MCAL/gpio.o
 .rodata.I2CPtrs
                0x00005a60        0xc ./source/I2Cm/I2Cm.o
 .rodata.I2CIRQs
                0x00005a6c        0x3 ./source/I2Cm/I2Cm.o
 *fill*         0x00005a6f        0x1 ff
 .rodata.portPtr
                0x00005a70       0x14 ./source/I2Cm/I2Cm.o
 .rodata.I2CPinPorts
                0x00005a84        0x4 ./source/I2Cm/I2Cm.o
 .rodata.I2CPinPinsSCL
                0x00005a88        0x4 ./source/I2Cm/I2Cm.o
 .rodata.I2CPinPinsSDA
                0x00005a8c        0x4 ./source/I2Cm/I2Cm.o
 .rodata.I2CPinAlts
                0x00005a90        0x4 ./source/I2Cm/I2Cm.o
 .rodata.I2CClkSimPtr
                0x00005a94       0x10 ./source/I2Cm/I2Cm.o
 .rodata.I2CClkSimMask
                0x00005aa4       0x10 ./source/I2Cm/I2Cm.o
 .rodata.sendUartMessage3Channels.str1.4
                0x00005ab4       0x14 ./source/App.o
 .rodata.fp_display.str1.1
                0x00005ac8       0x34 c:/nxp/mcuxpressoide_11.6.1_8255/ide/plugins/com.nxp.mcuxpresso.tools.win32_11.6.1.202207200623/tools/bin/../lib/gcc/arm-none-eabi/10.3.1/../../../../arm-none-eabi/lib/thumb/v7e-m+fp/hard\libcr_c.a(fpprintf.o)
                                 0x35 (size before relaxing)
 .rodata.__vfprintf.str1.1
                0x00005afc       0x31 c:/nxp/mcuxpressoide_11.6.1_8255/ide/plugins/com.nxp.mcuxpresso.tools.win32_11.6.1.202207200623/tools/bin/../lib/gcc/arm-none-eabi/10.3.1/../../../../arm-none-eabi/lib/thumb/v7e-m+fp/hard\libcr_c.a(printf.o)
                                 0x38 (size before relaxing)
 .rodata._Csys_alloc.str1.1
                0x00005b2d       0x18 c:/nxp/mcuxpressoide_11.6.1_8255/ide/plugins/com.nxp.mcuxpresso.tools.win32_11.6.1.202207200623/tools/bin/../lib/gcc/arm-none-eabi/10.3.1/../../../../arm-none-eabi/lib/thumb/v7e-m+fp/hard\libcr_c.a(alloc.o)
                0x00005b48                . = ALIGN (0x8)
 *fill*         0x00005b45        0x3 ff
                0x00005b48                _etext = .

.glue_7         0x00005b48        0x0
 .glue_7        0x00005b48        0x0 linker stubs

.glue_7t        0x00005b48        0x0
 .glue_7t       0x00005b48        0x0 linker stubs

.vfp11_veneer   0x00005b48        0x0
 .vfp11_veneer  0x00005b48        0x0 linker stubs

.v4_bx          0x00005b48        0x0
 .v4_bx         0x00005b48        0x0 linker stubs

.iplt           0x00005b48        0x0
 .iplt          0x00005b48        0x0 ./source/timer/SysTick.o

.rel.dyn        0x00005b48        0x0
 .rel.iplt      0x00005b48        0x0 ./source/timer/SysTick.o

.m_usb_data
 *(SORT_BY_ALIGNMENT(m_usb_bdt))

.data_RAM2      0x1fff0000        0x0 load address 0x00005b48
 FILL mask 0xff
                [!provide]                PROVIDE (__start_data_RAM2 = .)
                [!provide]                PROVIDE (__start_data_SRAM_LOWER = .)
 *(SORT_BY_ALIGNMENT(.ramfunc.$RAM2))
 *(SORT_BY_ALIGNMENT(.ramfunc.$SRAM_LOWER))
 *(SORT_BY_ALIGNMENT(.data.$RAM2))
 *(SORT_BY_ALIGNMENT(.data.$SRAM_LOWER))
 *(SORT_BY_ALIGNMENT(.data.$RAM2.*))
 *(SORT_BY_ALIGNMENT(.data.$SRAM_LOWER.*))
                0x1fff0000                . = ALIGN (0x8)
                [!provide]                PROVIDE (__end_data_RAM2 = .)
                [!provide]                PROVIDE (__end_data_SRAM_LOWER = .)

.data_RAM3      0x14000000        0x0 load address 0x00005b48
 FILL mask 0xff
                [!provide]                PROVIDE (__start_data_RAM3 = .)
                [!provide]                PROVIDE (__start_data_FLEX_RAM = .)
 *(SORT_BY_ALIGNMENT(.ramfunc.$RAM3))
 *(SORT_BY_ALIGNMENT(.ramfunc.$FLEX_RAM))
 *(SORT_BY_ALIGNMENT(.data.$RAM3))
 *(SORT_BY_ALIGNMENT(.data.$FLEX_RAM))
 *(SORT_BY_ALIGNMENT(.data.$RAM3.*))
 *(SORT_BY_ALIGNMENT(.data.$FLEX_RAM.*))
                0x14000000                . = ALIGN (0x8)
                [!provide]                PROVIDE (__end_data_RAM3 = .)
                [!provide]                PROVIDE (__end_data_FLEX_RAM = .)

.uninit_RESERVED
                0x20000000        0x0
                0x20000000                _start_uninit_RESERVED = .
 *(SORT_BY_ALIGNMENT(.bss.$RESERVED*))
                0x20000000                . = ALIGN (0x8)
                0x20000000                _end_uninit_RESERVED = .

.data           0x20000000       0x10 load address 0x00005b48
 FILL mask 0xff
                0x20000000                _data = .
                [!provide]                PROVIDE (__start_data_RAM = .)
                [!provide]                PROVIDE (__start_data_SRAM_UPPER = .)
 *(SORT_BY_ALIGNMENT(vtable))
 *(SORT_BY_ALIGNMENT(.ramfunc*))
 *(SORT_BY_ALIGNMENT(CodeQuickAccess))
 *(SORT_BY_ALIGNMENT(DataQuickAccess))
 *(SORT_BY_ALIGNMENT(RamFunction))
 *(SORT_BY_ALIGNMENT(.data*))
 .data.SPIPtrs  0x20000000        0xc ./source/SPI/SPI.o
 .data.i2cStates
                0x2000000c        0x2 ./source/I2Cm/I2Cm.o
                0x2000000c                i2cStates
 .data.timers_cant
                0x2000000e        0x1 ./source/timer/timer.o
                0x20000010                . = ALIGN (0x8)
 *fill*         0x2000000f        0x1 ff
                0x20000010                _edata = .
                [!provide]                PROVIDE (__end_data_RAM = .)
                [!provide]                PROVIDE (__end_data_SRAM_UPPER = .)

.igot.plt       0x20000010        0x0 load address 0x00005b58
 .igot.plt      0x20000010        0x0 ./source/timer/SysTick.o

.bss_RAM2       0x1fff0000        0x0
                [!provide]                PROVIDE (__start_bss_RAM2 = .)
                [!provide]                PROVIDE (__start_bss_SRAM_LOWER = .)
 *(SORT_BY_ALIGNMENT(.bss.$RAM2))
 *(SORT_BY_ALIGNMENT(.bss.$SRAM_LOWER))
 *(SORT_BY_ALIGNMENT(.bss.$RAM2.*))
 *(SORT_BY_ALIGNMENT(.bss.$SRAM_LOWER.*))
                0x1fff0000                . = ALIGN ((. != 0x0)?0x8:0x1)
                [!provide]                PROVIDE (__end_bss_RAM2 = .)
                [!provide]                PROVIDE (__end_bss_SRAM_LOWER = .)

.bss_RAM3       0x14000000        0x0
                [!provide]                PROVIDE (__start_bss_RAM3 = .)
                [!provide]                PROVIDE (__start_bss_FLEX_RAM = .)
 *(SORT_BY_ALIGNMENT(.bss.$RAM3))
 *(SORT_BY_ALIGNMENT(.bss.$FLEX_RAM))
 *(SORT_BY_ALIGNMENT(.bss.$RAM3.*))
 *(SORT_BY_ALIGNMENT(.bss.$FLEX_RAM.*))
                0x14000000                . = ALIGN ((. != 0x0)?0x8:0x1)
                [!provide]                PROVIDE (__end_bss_RAM3 = .)
                [!provide]                PROVIDE (__end_bss_FLEX_RAM = .)

.bss            0x20000010     0x1348
                0x20000010                _bss = .
                [!provide]                PROVIDE (__start_bss_RAM = .)
                [!provide]                PROVIDE (__start_bss_SRAM_UPPER = .)
 *(SORT_BY_ALIGNMENT(.bss*))
 .bss.ICLastTicks
                0x20000010      0x100 ./source/FTM/FTM.o
 .bss.newAngles_rad
                0x20000110       0x18 ./source/App.o
                0x20000110                newAngles_rad
 .bss.lastAngles_rad
                0x20000128       0x18 ./source/App.o
                0x20000128                lastAngles_rad
 .bss.gravityMean
                0x20000140        0x8 ./source/App.o
                0x20000140                gravityMean
 .bss.SysTickCallback
                0x20000148        0x4 ./source/timer/SysTick.o
 .bss.timers    0x2000014c       0xa0 ./source/timer/timer.o
 .bss.pckgNULL  0x200001ec       0x10 ./source/buffer/SPI_buffer.o
                0x200001ec                pckgNULL
 .bss.TxBuffer  0x200001fc      0x267 ./source/UART/uart.o
 *fill*         0x20000463        0x1 
 .bss.RxBuffer  0x20000464      0x267 ./source/UART/uart.o
 *fill*         0x200006cb        0x1 
 .bss.TxBuffer  0x200006cc      0x408 ./source/SPI/SPI.o
 .bss.cont.1    0x20000ad4        0x4 ./source/SPI/SPI.o
 .bss.pckgAux.0
                0x20000ad8       0x10 ./source/SPI/SPI.o
 .bss.PITCbs    0x20000ae8       0x10 ./source/PIT/PIT.o
 .bss.writeBuffer
                0x20000af8        0x4 ./source/MPU9250/MPU9250.o
                0x20000af8                writeBuffer
 .bss.readBuffer
                0x20000afc        0xa ./source/MPU9250/MPU9250.o
                0x20000afc                readBuffer
 *fill*         0x20000b06        0x2 
 .bss.gyroPartialSum
                0x20000b08        0xc ./source/MPU9250/MPU9250.o
                0x20000b08                gyroPartialSum
 .bss.accelPartialSum
                0x20000b14        0xc ./source/MPU9250/MPU9250.o
                0x20000b14                accelPartialSum
 .bss.portIrqFunc
                0x20000b20      0x280 ./source/MCAL/gpio.o
                0x20000b20                portIrqFunc
 .bss.I2C_CircularBuffer
                0x20000da0      0x3fa ./source/I2Cm/I2Cm.o
 *fill*         0x2000119a        0x2 
 .bss.writeState
                0x2000119c       0x24 ./source/I2Cm/I2Cm.o
 .bss.readState
                0x200011c0       0x18 ./source/I2Cm/I2Cm.o
 .bss.PWMPtrs   0x200011d8       0x80 ./source/FTM/FTM.o
 .bss.ICCbPtrs  0x20001258       0x80 ./source/FTM/FTM.o
 .bss.ICChannelValue
                0x200012d8       0x40 ./source/FTM/FTM.o
 .bss.ICnewEdge
                0x20001318       0x20 ./source/FTM/FTM.o
 .bss.gyroData  0x20001338        0x6 ./source/App.o
                0x20001338                gyroData
 *fill*         0x2000133e        0x2 
 .bss.__LDM_interruptDisableCount
                0x20001340        0x4 ./SDK/startup/hardware.o
 .bss.errno     0x20001344        0x4 c:/nxp/mcuxpressoide_11.6.1_8255/ide/plugins/com.nxp.mcuxpresso.tools.win32_11.6.1.202207200623/tools/bin/../lib/gcc/arm-none-eabi/10.3.1/../../../../arm-none-eabi/lib/thumb/v7e-m+fp/hard\libcr_c.a(errno.o)
                0x20001344                errno
 .bss.__end_of_heap
                0x20001348        0x4 c:/nxp/mcuxpressoide_11.6.1_8255/ide/plugins/com.nxp.mcuxpresso.tools.win32_11.6.1.202207200623/tools/bin/../lib/gcc/arm-none-eabi/10.3.1/../../../../arm-none-eabi/lib/thumb/v7e-m+fp/hard\libcr_c.a(__init_alloc.o)
                0x20001348                __end_of_heap
 .bss.__heaps   0x2000134c        0x4 c:/nxp/mcuxpressoide_11.6.1_8255/ide/plugins/com.nxp.mcuxpresso.tools.win32_11.6.1.202207200623/tools/bin/../lib/gcc/arm-none-eabi/10.3.1/../../../../arm-none-eabi/lib/thumb/v7e-m+fp/hard\libcr_c.a(__init_alloc.o)
                0x2000134c                __heaps
 .bss.yaInit.0  0x20001350        0x1 ./source/timer/timer.o
 .bss.inInterrupt
                0x20001351        0x1 ./source/SPI/SPI.o
 .bss.Ascale    0x20001352        0x1 ./source/MPU9250/MPU9250.o
                0x20001352                Ascale
 .bss.Gscale    0x20001353        0x1 ./source/MPU9250/MPU9250.o
                0x20001353                Gscale
 .bss.writeSize
                0x20001354        0x1 ./source/MPU9250/MPU9250.o
                0x20001354                writeSize
 .bss.readSize  0x20001355        0x1 ./source/MPU9250/MPU9250.o
                0x20001355                readSize
 .bss.I2CTimerID
                0x20001356        0x1 ./source/I2Cm/I2Cm.o
 .bss.isBusBusy
                0x20001357        0x1 ./source/I2Cm/I2Cm.o
 *(SORT_BY_ALIGNMENT(COMMON))
                0x20001358                . = ALIGN (0x8)
                0x20001358                _ebss = .
                [!provide]                PROVIDE (__end_bss_RAM = .)
                [!provide]                PROVIDE (__end_bss_SRAM_UPPER = .)
                [!provide]                PROVIDE (end = .)

.noinit_RAM2    0x1fff0000        0x0
                [!provide]                PROVIDE (__start_noinit_RAM2 = .)
                [!provide]                PROVIDE (__start_noinit_SRAM_LOWER = .)
 *(SORT_BY_ALIGNMENT(.noinit.$RAM2))
 *(SORT_BY_ALIGNMENT(.noinit.$SRAM_LOWER))
 *(SORT_BY_ALIGNMENT(.noinit.$RAM2.*))
 *(SORT_BY_ALIGNMENT(.noinit.$SRAM_LOWER.*))
                0x1fff0000                . = ALIGN (0x8)
                [!provide]                PROVIDE (__end_noinit_RAM2 = .)
                [!provide]                PROVIDE (__end_noinit_SRAM_LOWER = .)

.noinit_RAM3    0x14000000        0x0
                [!provide]                PROVIDE (__start_noinit_RAM3 = .)
                [!provide]                PROVIDE (__start_noinit_FLEX_RAM = .)
 *(SORT_BY_ALIGNMENT(.noinit.$RAM3))
 *(SORT_BY_ALIGNMENT(.noinit.$FLEX_RAM))
 *(SORT_BY_ALIGNMENT(.noinit.$RAM3.*))
 *(SORT_BY_ALIGNMENT(.noinit.$FLEX_RAM.*))
                0x14000000                . = ALIGN (0x8)
                [!provide]                PROVIDE (__end_noinit_RAM3 = .)
                [!provide]                PROVIDE (__end_noinit_FLEX_RAM = .)

.noinit         0x20001358        0x0
                0x20001358                _noinit = .
                [!provide]                PROVIDE (__start_noinit_RAM = .)
                [!provide]                PROVIDE (__start_noinit_SRAM_UPPER = .)
 *(SORT_BY_ALIGNMENT(.noinit*))
                0x20001358                . = ALIGN (0x8)
                0x20001358                _end_noinit = .
                [!provide]                PROVIDE (__end_noinit_RAM = .)
                [!provide]                PROVIDE (__end_noinit_SRAM_UPPER = .)

.ARM.extab
 *(SORT_BY_ALIGNMENT(.ARM.extab*) SORT_BY_ALIGNMENT(.gnu.linkonce.armextab.*))

.ARM.exidx      0x00005b58        0x0
                0x00005b58                __exidx_start = .
 *(SORT_BY_ALIGNMENT(.ARM.exidx*) SORT_BY_ALIGNMENT(.gnu.linkonce.armexidx.*))
                0x00005b58                __exidx_end = .
                0x00001000                _HeapSize = 0x1000

.heap           0x20001358     0x1000
                0x20001358                _pvHeapStart = .
                0x20002358                . = (. + _HeapSize)
 *fill*         0x20001358     0x1000 
                0x20002358                . = ALIGN (0x8)
                0x20002358                _pvHeapLimit = .
                0x00001000                _StackSize = 0x1000

.heap2stackfill
                0x20002358     0x1000
                0x20003358                . = (. + _StackSize)
 *fill*         0x20002358     0x1000 

.stack          0x2002f000        0x0
                0x2002f000                _vStackBase = .
                0x2002f000                . = ALIGN (0x8)
                0x20030000                _vStackTop = (. + _StackSize)
                0x00000000                _image_start = LOADADDR (.text)
                0x00005b58                _image_end = (LOADADDR (.data) + SIZEOF (.data))
                0x00005b58                _image_size = (_image_end - _image_start)
OUTPUT(TPQUAD.axf elf32-littlearm)
LOAD linker stubs

.debug_info     0x00000000     0x7ea0
 .debug_info    0x00000000      0x506 ./source/timer/SysTick.o
 .debug_info    0x00000506      0x2d9 ./source/timer/timer.o
 .debug_info    0x000007df      0x31d ./source/buffer/SPI_buffer.o
 .debug_info    0x00000afc      0x2e6 ./source/buffer/circular_buffer.o
 .debug_info    0x00000de2      0x303 ./source/buffer/generic_circular_buffer.o
 .debug_info    0x000010e5      0xde4 ./source/UART/uart.o
 .debug_info    0x00001ec9      0xd5c ./source/SPI/SPI.o
 .debug_info    0x00002c25      0x87a ./source/PIT/PIT.o
 .debug_info    0x0000349f      0x513 ./source/MPU9250/MPU9250.o
 .debug_info    0x000039b2      0xc0f ./source/MCAL/gpio.o
 .debug_info    0x000045c1      0xd3a ./source/I2Cm/I2Cm.o
 .debug_info    0x000052fb      0xfab ./source/FTM/FTM.o
 .debug_info    0x000062a6      0x511 ./source/App.o
 .debug_info    0x000067b7      0x6b2 ./SDK/startup/hardware.o
 .debug_info    0x00006e69       0x86 ./SDK/startup/main.o
 .debug_info    0x00006eef       0x3c ./SDK/startup/semihost_hardfault.o
 .debug_info    0x00006f2b      0x93a ./SDK/startup/startup_mk64f12.o
 .debug_info    0x00007865      0x63b ./SDK/CMSIS/system_MK64F12.o

.debug_abbrev   0x00000000     0x1d40
 .debug_abbrev  0x00000000      0x190 ./source/timer/SysTick.o
 .debug_abbrev  0x00000190      0x1b5 ./source/timer/timer.o
 .debug_abbrev  0x00000345      0x1b4 ./source/buffer/SPI_buffer.o
 .debug_abbrev  0x000004f9      0x162 ./source/buffer/circular_buffer.o
 .debug_abbrev  0x0000065b      0x140 ./source/buffer/generic_circular_buffer.o
 .debug_abbrev  0x0000079b      0x267 ./source/UART/uart.o
 .debug_abbrev  0x00000a02      0x2d8 ./source/SPI/SPI.o
 .debug_abbrev  0x00000cda      0x1d5 ./source/PIT/PIT.o
 .debug_abbrev  0x00000eaf      0x168 ./source/MPU9250/MPU9250.o
 .debug_abbrev  0x00001017      0x253 ./source/MCAL/gpio.o
 .debug_abbrev  0x0000126a      0x280 ./source/I2Cm/I2Cm.o
 .debug_abbrev  0x000014ea      0x297 ./source/FTM/FTM.o
 .debug_abbrev  0x00001781      0x14a ./source/App.o
 .debug_abbrev  0x000018cb      0x12e ./SDK/startup/hardware.o
 .debug_abbrev  0x000019f9       0x49 ./SDK/startup/main.o
 .debug_abbrev  0x00001a42       0x31 ./SDK/startup/semihost_hardfault.o
 .debug_abbrev  0x00001a73      0x185 ./SDK/startup/startup_mk64f12.o
 .debug_abbrev  0x00001bf8      0x148 ./SDK/CMSIS/system_MK64F12.o

.debug_aranges  0x00000000      0x890
 .debug_aranges
                0x00000000       0x30 ./source/timer/SysTick.o
 .debug_aranges
                0x00000030       0x50 ./source/timer/timer.o
 .debug_aranges
                0x00000080       0x58 ./source/buffer/SPI_buffer.o
 .debug_aranges
                0x000000d8       0x58 ./source/buffer/circular_buffer.o
 .debug_aranges
                0x00000130       0x58 ./source/buffer/generic_circular_buffer.o
 .debug_aranges
                0x00000188       0x80 ./source/UART/uart.o
 .debug_aranges
                0x00000208       0x58 ./source/SPI/SPI.o
 .debug_aranges
                0x00000260       0x58 ./source/PIT/PIT.o
 .debug_aranges
                0x000002b8       0x68 ./source/MPU9250/MPU9250.o
 .debug_aranges
                0x00000320       0x78 ./source/MCAL/gpio.o
 .debug_aranges
                0x00000398       0x50 ./source/I2Cm/I2Cm.o
 .debug_aranges
                0x000003e8       0x80 ./source/FTM/FTM.o
 .debug_aranges
                0x00000468       0x58 ./source/App.o
 .debug_aranges
                0x000004c0       0x30 ./SDK/startup/hardware.o
 .debug_aranges
                0x000004f0       0x20 ./SDK/startup/main.o
 .debug_aranges
                0x00000510       0x20 ./SDK/startup/semihost_hardfault.o
 .debug_aranges
                0x00000530      0x330 ./SDK/startup/startup_mk64f12.o
 .debug_aranges
                0x00000860       0x30 ./SDK/CMSIS/system_MK64F12.o

.debug_ranges   0x00000000      0x770
 .debug_ranges  0x00000000       0x20 ./source/timer/SysTick.o
 .debug_ranges  0x00000020       0x40 ./source/timer/timer.o
 .debug_ranges  0x00000060       0x48 ./source/buffer/SPI_buffer.o
 .debug_ranges  0x000000a8       0x48 ./source/buffer/circular_buffer.o
 .debug_ranges  0x000000f0       0x48 ./source/buffer/generic_circular_buffer.o
 .debug_ranges  0x00000138       0x70 ./source/UART/uart.o
 .debug_ranges  0x000001a8       0x48 ./source/SPI/SPI.o
 .debug_ranges  0x000001f0       0x48 ./source/PIT/PIT.o
 .debug_ranges  0x00000238       0x58 ./source/MPU9250/MPU9250.o
 .debug_ranges  0x00000290       0x68 ./source/MCAL/gpio.o
 .debug_ranges  0x000002f8       0x40 ./source/I2Cm/I2Cm.o
 .debug_ranges  0x00000338       0x70 ./source/FTM/FTM.o
 .debug_ranges  0x000003a8       0x48 ./source/App.o
 .debug_ranges  0x000003f0       0x20 ./SDK/startup/hardware.o
 .debug_ranges  0x00000410       0x10 ./SDK/startup/main.o
 .debug_ranges  0x00000420       0x10 ./SDK/startup/semihost_hardfault.o
 .debug_ranges  0x00000430      0x320 ./SDK/startup/startup_mk64f12.o
 .debug_ranges  0x00000750       0x20 ./SDK/CMSIS/system_MK64F12.o

.debug_macro    0x00000000    0x13c98
 .debug_macro   0x00000000       0xb6 ./source/timer/SysTick.o
 .debug_macro   0x000000b6      0xa7e ./source/timer/SysTick.o
 .debug_macro   0x00000b34       0x22 ./source/timer/SysTick.o
 .debug_macro   0x00000b56      0x34e ./source/timer/SysTick.o
 .debug_macro   0x00000ea4       0x10 ./source/timer/SysTick.o
 .debug_macro   0x00000eb4       0x5c ./source/timer/SysTick.o
 .debug_macro   0x00000f10       0x1c ./source/timer/SysTick.o
 .debug_macro   0x00000f2c       0x28 ./source/timer/SysTick.o
 .debug_macro   0x00000f54       0xd9 ./source/timer/SysTick.o
 .debug_macro   0x0000102d      0xecf ./source/timer/SysTick.o
 .debug_macro   0x00001efc       0x48 ./source/timer/SysTick.o
 .debug_macro   0x00001f44     0xe07b ./source/timer/SysTick.o
 .debug_macro   0x0000ffbf     0x122b ./source/timer/SysTick.o
 .debug_macro   0x000111ea       0x16 ./source/timer/SysTick.o
 .debug_macro   0x00011200      0x134 ./source/timer/timer.o
 .debug_macro   0x00011334       0x1e ./source/timer/timer.o
 .debug_macro   0x00011352       0x22 ./source/timer/timer.o
 .debug_macro   0x00011374       0x5e ./source/timer/timer.o
 .debug_macro   0x000113d2       0x94 ./source/timer/timer.o
 .debug_macro   0x00011466       0x35 ./source/timer/timer.o
 .debug_macro   0x0001149b       0x34 ./source/timer/timer.o
 .debug_macro   0x000114cf       0x16 ./source/timer/timer.o
 .debug_macro   0x000114e5      0x10e ./source/timer/timer.o
 .debug_macro   0x000115f3       0x8d ./source/timer/timer.o
 .debug_macro   0x00011680       0x16 ./source/timer/timer.o
 .debug_macro   0x00011696       0x43 ./source/timer/timer.o
 .debug_macro   0x000116d9       0x57 ./source/timer/timer.o
 .debug_macro   0x00011730       0x34 ./source/timer/timer.o
 .debug_macro   0x00011764       0x10 ./source/timer/timer.o
 .debug_macro   0x00011774       0x58 ./source/timer/timer.o
 .debug_macro   0x000117cc      0x182 ./source/timer/timer.o
 .debug_macro   0x0001194e      0x341 ./source/timer/timer.o
 .debug_macro   0x00011c8f       0x16 ./source/timer/timer.o
 .debug_macro   0x00011ca5       0x29 ./source/timer/timer.o
 .debug_macro   0x00011cce       0x28 ./source/timer/timer.o
 .debug_macro   0x00011cf6       0x10 ./source/timer/timer.o
 .debug_macro   0x00011d06      0x1e7 ./source/buffer/SPI_buffer.o
 .debug_macro   0x00011eed       0x16 ./source/buffer/SPI_buffer.o
 .debug_macro   0x00011f03       0x97 ./source/buffer/SPI_buffer.o
 .debug_macro   0x00011f9a       0xfd ./source/buffer/SPI_buffer.o
 .debug_macro   0x00012097       0x10 ./source/buffer/SPI_buffer.o
 .debug_macro   0x000120a7       0x10 ./source/buffer/SPI_buffer.o
 .debug_macro   0x000120b7       0x6a ./source/buffer/SPI_buffer.o
 .debug_macro   0x00012121       0x1c ./source/buffer/SPI_buffer.o
 .debug_macro   0x0001213d       0x52 ./source/buffer/SPI_buffer.o
 .debug_macro   0x0001218f       0x22 ./source/buffer/SPI_buffer.o
 .debug_macro   0x000121b1       0x10 ./source/buffer/SPI_buffer.o
 .debug_macro   0x000121c1       0x52 ./source/buffer/SPI_buffer.o
 .debug_macro   0x00012213       0xd5 ./source/buffer/SPI_buffer.o
 .debug_macro   0x000122e8       0x1c ./source/buffer/SPI_buffer.o
 .debug_macro   0x00012304       0x3d ./source/buffer/SPI_buffer.o
 .debug_macro   0x00012341       0x16 ./source/buffer/SPI_buffer.o
 .debug_macro   0x00012357      0x16f ./source/buffer/SPI_buffer.o
 .debug_macro   0x000124c6       0x16 ./source/buffer/SPI_buffer.o
 .debug_macro   0x000124dc       0x35 ./source/buffer/SPI_buffer.o
 .debug_macro   0x00012511       0xac ./source/buffer/circular_buffer.o
 .debug_macro   0x000125bd       0xac ./source/buffer/generic_circular_buffer.o
 .debug_macro   0x00012669       0xe8 ./source/UART/uart.o
 .debug_macro   0x00012751       0x10 ./source/UART/uart.o
 .debug_macro   0x00012761       0x40 ./source/UART/uart.o
 .debug_macro   0x000127a1      0x31f ./source/SPI/SPI.o
 .debug_macro   0x00012ac0       0x3a ./source/SPI/SPI.o
 .debug_macro   0x00012afa       0x10 ./source/SPI/SPI.o
 .debug_macro   0x00012b0a       0x10 ./source/SPI/SPI.o
 .debug_macro   0x00012b1a       0xd3 ./source/PIT/PIT.o
 .debug_macro   0x00012bed       0x28 ./source/PIT/PIT.o
 .debug_macro   0x00012c15      0x174 ./source/PIT/PIT.o
 .debug_macro   0x00012d89      0x46e ./source/MPU9250/MPU9250.o
 .debug_macro   0x000131f7      0x19b ./source/MPU9250/MPU9250.o
 .debug_macro   0x00013392       0xc4 ./source/MCAL/gpio.o
 .debug_macro   0x00013456      0x1fd ./source/I2Cm/I2Cm.o
 .debug_macro   0x00013653       0x10 ./source/I2Cm/I2Cm.o
 .debug_macro   0x00013663      0x1c5 ./source/FTM/FTM.o
 .debug_macro   0x00013828       0x22 ./source/FTM/FTM.o
 .debug_macro   0x0001384a      0x24c ./source/App.o
 .debug_macro   0x00013a96       0x10 ./source/App.o
 .debug_macro   0x00013aa6       0x9c ./SDK/startup/hardware.o
 .debug_macro   0x00013b42       0x9c ./SDK/startup/main.o
 .debug_macro   0x00013bde       0x11 ./SDK/startup/semihost_hardfault.o
 .debug_macro   0x00013bef       0x29 ./SDK/startup/startup_mk64f12.o
 .debug_macro   0x00013c18       0x80 ./SDK/CMSIS/system_MK64F12.o

.debug_line     0x00000000     0x5efd
 .debug_line    0x00000000      0x232 ./source/timer/SysTick.o
 .debug_line    0x00000232      0x4e1 ./source/timer/timer.o
 .debug_line    0x00000713      0x5c3 ./source/buffer/SPI_buffer.o
 .debug_line    0x00000cd6      0x37c ./source/buffer/circular_buffer.o
 .debug_line    0x00001052      0x3f7 ./source/buffer/generic_circular_buffer.o
 .debug_line    0x00001449      0x4fc ./source/UART/uart.o
 .debug_line    0x00001945      0xb3d ./source/SPI/SPI.o
 .debug_line    0x00002482      0x317 ./source/PIT/PIT.o
 .debug_line    0x00002799      0x97b ./source/MPU9250/MPU9250.o
 .debug_line    0x00003114      0x4ed ./source/MCAL/gpio.o
 .debug_line    0x00003601      0x790 ./source/I2Cm/I2Cm.o
 .debug_line    0x00003d91      0x839 ./source/FTM/FTM.o
 .debug_line    0x000045ca      0x83c ./source/App.o
 .debug_line    0x00004e06      0x2a7 ./SDK/startup/hardware.o
 .debug_line    0x000050ad      0x1b8 ./SDK/startup/main.o
 .debug_line    0x00005265       0x5f ./SDK/startup/semihost_hardfault.o
 .debug_line    0x000052c4      0x917 ./SDK/startup/startup_mk64f12.o
 .debug_line    0x00005bdb      0x322 ./SDK/CMSIS/system_MK64F12.o

.debug_str      0x00000000    0x7edda
 .debug_str     0x00000000    0x773ec ./source/timer/SysTick.o
                              0x775b7 (size before relaxing)
 .debug_str     0x000773ec     0x30b0 ./source/timer/timer.o
                               0x699c (size before relaxing)
 .debug_str     0x0007a49c     0x126e ./source/buffer/SPI_buffer.o
                               0x7962 (size before relaxing)
 .debug_str     0x0007b70a       0x7b ./source/buffer/circular_buffer.o
                              0x7707d (size before relaxing)
 .debug_str     0x0007b785      0x121 ./source/buffer/generic_circular_buffer.o
                              0x770df (size before relaxing)
 .debug_str     0x0007b8a6      0x4af ./source/UART/uart.o
                              0x77a26 (size before relaxing)
 .debug_str     0x0007bd55      0x76f ./source/SPI/SPI.o
                              0x7beba (size before relaxing)
 .debug_str     0x0007c4c4      0x229 ./source/PIT/PIT.o
                              0x77bb8 (size before relaxing)
 .debug_str     0x0007c6ed     0x135f ./source/MPU9250/MPU9250.o
                               0x7bac (size before relaxing)
 .debug_str     0x0007da4c      0x1bb ./source/MCAL/gpio.o
                              0x77bf1 (size before relaxing)
 .debug_str     0x0007dc07      0x246 ./source/I2Cm/I2Cm.o
                              0x7aa24 (size before relaxing)
 .debug_str     0x0007de4d      0x4d2 ./source/FTM/FTM.o
                              0x7aae5 (size before relaxing)
 .debug_str     0x0007e31f      0x1bb ./source/App.o
                               0x852c (size before relaxing)
 .debug_str     0x0007e4da      0x16f ./SDK/startup/hardware.o
                              0x771d6 (size before relaxing)
 .debug_str     0x0007e649       0x1b ./SDK/startup/main.o
                              0x76fa1 (size before relaxing)
 .debug_str     0x0007e664       0x36 ./SDK/startup/semihost_hardfault.o
                               0x2d4a (size before relaxing)
 .debug_str     0x0007e69a      0x6ce ./SDK/startup/startup_mk64f12.o
                               0x35a4 (size before relaxing)
 .debug_str     0x0007ed68       0x72 ./SDK/CMSIS/system_MK64F12.o
                              0x770f5 (size before relaxing)

.comment        0x00000000       0x49
 .comment       0x00000000       0x49 ./source/timer/SysTick.o
                                 0x4a (size before relaxing)
 .comment       0x00000049       0x4a ./source/timer/timer.o
 .comment       0x00000049       0x4a ./source/buffer/SPI_buffer.o
 .comment       0x00000049       0x4a ./source/buffer/circular_buffer.o
 .comment       0x00000049       0x4a ./source/buffer/generic_circular_buffer.o
 .comment       0x00000049       0x4a ./source/UART/uart.o
 .comment       0x00000049       0x4a ./source/SPI/SPI.o
 .comment       0x00000049       0x4a ./source/PIT/PIT.o
 .comment       0x00000049       0x4a ./source/MPU9250/MPU9250.o
 .comment       0x00000049       0x4a ./source/MCAL/gpio.o
 .comment       0x00000049       0x4a ./source/I2Cm/I2Cm.o
 .comment       0x00000049       0x4a ./source/FTM/FTM.o
 .comment       0x00000049       0x4a ./source/App.o
 .comment       0x00000049       0x4a ./SDK/startup/hardware.o
 .comment       0x00000049       0x4a ./SDK/startup/main.o
 .comment       0x00000049       0x4a ./SDK/startup/semihost_hardfault.o
 .comment       0x00000049       0x4a ./SDK/startup/startup_mk64f12.o
 .comment       0x00000049       0x4a ./SDK/CMSIS/system_MK64F12.o
 .comment       0x00000049       0x4a c:/nxp/mcuxpressoide_11.6.1_8255/ide/plugins/com.nxp.mcuxpresso.tools.win32_11.6.1.202207200623/tools/bin/../lib/gcc/arm-none-eabi/10.3.1/../../../../arm-none-eabi/lib/thumb/v7e-m+fp/hard\libcr_c.a(memcpy.o)
 .comment       0x00000049       0x4a c:/nxp/mcuxpressoide_11.6.1_8255/ide/plugins/com.nxp.mcuxpresso.tools.win32_11.6.1.202207200623/tools/bin/../lib/gcc/arm-none-eabi/10.3.1/../../../../arm-none-eabi/lib/thumb/v7e-m+fp/hard\libcr_c.a(cos.o)
 .comment       0x00000049       0x4a c:/nxp/mcuxpressoide_11.6.1_8255/ide/plugins/com.nxp.mcuxpresso.tools.win32_11.6.1.202207200623/tools/bin/../lib/gcc/arm-none-eabi/10.3.1/../../../../arm-none-eabi/lib/thumb/v7e-m+fp/hard\libcr_c.a(errno.o)
 .comment       0x00000049       0x4a c:/nxp/mcuxpressoide_11.6.1_8255/ide/plugins/com.nxp.mcuxpresso.tools.win32_11.6.1.202207200623/tools/bin/../lib/gcc/arm-none-eabi/10.3.1/../../../../arm-none-eabi/lib/thumb/v7e-m+fp/hard\libcr_c.a(fabs.o)
 .comment       0x00000049       0x4a c:/nxp/mcuxpressoide_11.6.1_8255/ide/plugins/com.nxp.mcuxpresso.tools.win32_11.6.1.202207200623/tools/bin/../lib/gcc/arm-none-eabi/10.3.1/../../../../arm-none-eabi/lib/thumb/v7e-m+fp/hard\libcr_c.a(fpprintf.o)
 .comment       0x00000049       0x4a c:/nxp/mcuxpressoide_11.6.1_8255/ide/plugins/com.nxp.mcuxpresso.tools.win32_11.6.1.202207200623/tools/bin/../lib/gcc/arm-none-eabi/10.3.1/../../../../arm-none-eabi/lib/thumb/v7e-m+fp/hard\libcr_c.a(printf.o)
 .comment       0x00000049       0x4a c:/nxp/mcuxpressoide_11.6.1_8255/ide/plugins/com.nxp.mcuxpresso.tools.win32_11.6.1.202207200623/tools/bin/../lib/gcc/arm-none-eabi/10.3.1/../../../../arm-none-eabi/lib/thumb/v7e-m+fp/hard\libcr_c.a(sin.o)
 .comment       0x00000049       0x4a c:/nxp/mcuxpressoide_11.6.1_8255/ide/plugins/com.nxp.mcuxpresso.tools.win32_11.6.1.202207200623/tools/bin/../lib/gcc/arm-none-eabi/10.3.1/../../../../arm-none-eabi/lib/thumb/v7e-m+fp/hard\libcr_c.a(strlen.o)
 .comment       0x00000049       0x4a c:/nxp/mcuxpressoide_11.6.1_8255/ide/plugins/com.nxp.mcuxpresso.tools.win32_11.6.1.202207200623/tools/bin/../lib/gcc/arm-none-eabi/10.3.1/../../../../arm-none-eabi/lib/thumb/v7e-m+fp/hard\libcr_c.a(tan.o)
 .comment       0x00000049       0x4a c:/nxp/mcuxpressoide_11.6.1_8255/ide/plugins/com.nxp.mcuxpresso.tools.win32_11.6.1.202207200623/tools/bin/../lib/gcc/arm-none-eabi/10.3.1/../../../../arm-none-eabi/lib/thumb/v7e-m+fp/hard\libcr_c.a(memset.o)
 .comment       0x00000049       0x4a c:/nxp/mcuxpressoide_11.6.1_8255/ide/plugins/com.nxp.mcuxpresso.tools.win32_11.6.1.202207200623/tools/bin/../lib/gcc/arm-none-eabi/10.3.1/../../../../arm-none-eabi/lib/thumb/v7e-m+fp/hard\libcr_c.a(_deferredlazyseek.o)
 .comment       0x00000049       0x4a c:/nxp/mcuxpressoide_11.6.1_8255/ide/plugins/com.nxp.mcuxpresso.tools.win32_11.6.1.202207200623/tools/bin/../lib/gcc/arm-none-eabi/10.3.1/../../../../arm-none-eabi/lib/thumb/v7e-m+fp/hard\libcr_c.a(_fflush.o)
 .comment       0x00000049       0x4a c:/nxp/mcuxpressoide_11.6.1_8255/ide/plugins/com.nxp.mcuxpresso.tools.win32_11.6.1.202207200623/tools/bin/../lib/gcc/arm-none-eabi/10.3.1/../../../../arm-none-eabi/lib/thumb/v7e-m+fp/hard\libcr_c.a(_frexpl.o)
 .comment       0x00000049       0x4a c:/nxp/mcuxpressoide_11.6.1_8255/ide/plugins/com.nxp.mcuxpresso.tools.win32_11.6.1.202207200623/tools/bin/../lib/gcc/arm-none-eabi/10.3.1/../../../../arm-none-eabi/lib/thumb/v7e-m+fp/hard\libcr_c.a(_ldexpl.o)
 .comment       0x00000049       0x4a c:/nxp/mcuxpressoide_11.6.1_8255/ide/plugins/com.nxp.mcuxpresso.tools.win32_11.6.1.202207200623/tools/bin/../lib/gcc/arm-none-eabi/10.3.1/../../../../arm-none-eabi/lib/thumb/v7e-m+fp/hard\libcr_c.a(_sincos.o)
 .comment       0x00000049       0x4a c:/nxp/mcuxpressoide_11.6.1_8255/ide/plugins/com.nxp.mcuxpresso.tools.win32_11.6.1.202207200623/tools/bin/../lib/gcc/arm-none-eabi/10.3.1/../../../../arm-none-eabi/lib/thumb/v7e-m+fp/hard\libcr_c.a(_tancot.o)
 .comment       0x00000049       0x4a c:/nxp/mcuxpressoide_11.6.1_8255/ide/plugins/com.nxp.mcuxpresso.tools.win32_11.6.1.202207200623/tools/bin/../lib/gcc/arm-none-eabi/10.3.1/../../../../arm-none-eabi/lib/thumb/v7e-m+fp/hard\libcr_c.a(_writebuf.o)
 .comment       0x00000049       0x4a c:/nxp/mcuxpressoide_11.6.1_8255/ide/plugins/com.nxp.mcuxpresso.tools.win32_11.6.1.202207200623/tools/bin/../lib/gcc/arm-none-eabi/10.3.1/../../../../arm-none-eabi/lib/thumb/v7e-m+fp/hard\libcr_c.a(alloc.o)
 .comment       0x00000049       0x4a c:/nxp/mcuxpressoide_11.6.1_8255/ide/plugins/com.nxp.mcuxpresso.tools.win32_11.6.1.202207200623/tools/bin/../lib/gcc/arm-none-eabi/10.3.1/../../../../arm-none-eabi/lib/thumb/v7e-m+fp/hard\libcr_c.a(fseek.o)
 .comment       0x00000049       0x4a c:/nxp/mcuxpressoide_11.6.1_8255/ide/plugins/com.nxp.mcuxpresso.tools.win32_11.6.1.202207200623/tools/bin/../lib/gcc/arm-none-eabi/10.3.1/../../../../arm-none-eabi/lib/thumb/v7e-m+fp/hard\libcr_c.a(ftell.o)
 .comment       0x00000049       0x4a c:/nxp/mcuxpressoide_11.6.1_8255/ide/plugins/com.nxp.mcuxpresso.tools.win32_11.6.1.202207200623/tools/bin/../lib/gcc/arm-none-eabi/10.3.1/../../../../arm-none-eabi/lib/thumb/v7e-m+fp/hard\libcr_c.a(__init_alloc.o)
 .comment       0x00000049       0x4a c:/nxp/mcuxpressoide_11.6.1_8255/ide/plugins/com.nxp.mcuxpresso.tools.win32_11.6.1.202207200623/tools/bin/../lib/gcc/arm-none-eabi/10.3.1/../../../../arm-none-eabi/lib/thumb/v7e-m+fp/hard\libcr_c.a(_cr_sbrk.o)
 .comment       0x00000049       0x4a c:/nxp/mcuxpressoide_11.6.1_8255/ide/plugins/com.nxp.mcuxpresso.tools.win32_11.6.1.202207200623/tools/bin/../lib/gcc/arm-none-eabi/10.3.1/../../../../arm-none-eabi/lib/thumb/v7e-m+fp/hard\libcr_c.a(_cr_check_heap.o)
 .comment       0x00000049       0x4a c:/nxp/mcuxpressoide_11.6.1_8255/ide/plugins/com.nxp.mcuxpresso.tools.win32_11.6.1.202207200623/tools/bin/../lib/gcc/arm-none-eabi/10.3.1/thumb/v7e-m+fp/hard\libcr_eabihelpers.a(double.o)

.ARM.attributes
                0x00000000       0x32
 .ARM.attributes
                0x00000000       0x34 ./source/timer/SysTick.o
 .ARM.attributes
                0x00000034       0x34 ./source/timer/timer.o
 .ARM.attributes
                0x00000068       0x34 ./source/buffer/SPI_buffer.o
 .ARM.attributes
                0x0000009c       0x34 ./source/buffer/circular_buffer.o
 .ARM.attributes
                0x000000d0       0x34 ./source/buffer/generic_circular_buffer.o
 .ARM.attributes
                0x00000104       0x34 ./source/UART/uart.o
 .ARM.attributes
                0x00000138       0x34 ./source/SPI/SPI.o
 .ARM.attributes
                0x0000016c       0x34 ./source/PIT/PIT.o
 .ARM.attributes
                0x000001a0       0x34 ./source/MPU9250/MPU9250.o
 .ARM.attributes
                0x000001d4       0x34 ./source/MCAL/gpio.o
 .ARM.attributes
                0x00000208       0x34 ./source/I2Cm/I2Cm.o
 .ARM.attributes
                0x0000023c       0x34 ./source/FTM/FTM.o
 .ARM.attributes
                0x00000270       0x34 ./source/App.o
 .ARM.attributes
                0x000002a4       0x34 ./SDK/startup/hardware.o
 .ARM.attributes
                0x000002d8       0x34 ./SDK/startup/main.o
 .ARM.attributes
                0x0000030c       0x34 ./SDK/startup/semihost_hardfault.o
 .ARM.attributes
                0x00000340       0x34 ./SDK/startup/startup_mk64f12.o
 .ARM.attributes
                0x00000374       0x34 ./SDK/CMSIS/system_MK64F12.o
 .ARM.attributes
                0x000003a8       0x34 c:/nxp/mcuxpressoide_11.6.1_8255/ide/plugins/com.nxp.mcuxpresso.tools.win32_11.6.1.202207200623/tools/bin/../lib/gcc/arm-none-eabi/10.3.1/../../../../arm-none-eabi/lib/thumb/v7e-m+fp/hard\libcr_c.a(memcpy.o)
 .ARM.attributes
                0x000003dc       0x34 c:/nxp/mcuxpressoide_11.6.1_8255/ide/plugins/com.nxp.mcuxpresso.tools.win32_11.6.1.202207200623/tools/bin/../lib/gcc/arm-none-eabi/10.3.1/../../../../arm-none-eabi/lib/thumb/v7e-m+fp/hard\libcr_c.a(cos.o)
 .ARM.attributes
                0x00000410       0x34 c:/nxp/mcuxpressoide_11.6.1_8255/ide/plugins/com.nxp.mcuxpresso.tools.win32_11.6.1.202207200623/tools/bin/../lib/gcc/arm-none-eabi/10.3.1/../../../../arm-none-eabi/lib/thumb/v7e-m+fp/hard\libcr_c.a(errno.o)
 .ARM.attributes
                0x00000444       0x34 c:/nxp/mcuxpressoide_11.6.1_8255/ide/plugins/com.nxp.mcuxpresso.tools.win32_11.6.1.202207200623/tools/bin/../lib/gcc/arm-none-eabi/10.3.1/../../../../arm-none-eabi/lib/thumb/v7e-m+fp/hard\libcr_c.a(fabs.o)
 .ARM.attributes
                0x00000478       0x34 c:/nxp/mcuxpressoide_11.6.1_8255/ide/plugins/com.nxp.mcuxpresso.tools.win32_11.6.1.202207200623/tools/bin/../lib/gcc/arm-none-eabi/10.3.1/../../../../arm-none-eabi/lib/thumb/v7e-m+fp/hard\libcr_c.a(fpprintf.o)
 .ARM.attributes
                0x000004ac       0x34 c:/nxp/mcuxpressoide_11.6.1_8255/ide/plugins/com.nxp.mcuxpresso.tools.win32_11.6.1.202207200623/tools/bin/../lib/gcc/arm-none-eabi/10.3.1/../../../../arm-none-eabi/lib/thumb/v7e-m+fp/hard\libcr_c.a(printf.o)
 .ARM.attributes
                0x000004e0       0x34 c:/nxp/mcuxpressoide_11.6.1_8255/ide/plugins/com.nxp.mcuxpresso.tools.win32_11.6.1.202207200623/tools/bin/../lib/gcc/arm-none-eabi/10.3.1/../../../../arm-none-eabi/lib/thumb/v7e-m+fp/hard\libcr_c.a(sin.o)
 .ARM.attributes
                0x00000514       0x34 c:/nxp/mcuxpressoide_11.6.1_8255/ide/plugins/com.nxp.mcuxpresso.tools.win32_11.6.1.202207200623/tools/bin/../lib/gcc/arm-none-eabi/10.3.1/../../../../arm-none-eabi/lib/thumb/v7e-m+fp/hard\libcr_c.a(strlen.o)
 .ARM.attributes
                0x00000548       0x34 c:/nxp/mcuxpressoide_11.6.1_8255/ide/plugins/com.nxp.mcuxpresso.tools.win32_11.6.1.202207200623/tools/bin/../lib/gcc/arm-none-eabi/10.3.1/../../../../arm-none-eabi/lib/thumb/v7e-m+fp/hard\libcr_c.a(tan.o)
 .ARM.attributes
                0x0000057c       0x34 c:/nxp/mcuxpressoide_11.6.1_8255/ide/plugins/com.nxp.mcuxpresso.tools.win32_11.6.1.202207200623/tools/bin/../lib/gcc/arm-none-eabi/10.3.1/../../../../arm-none-eabi/lib/thumb/v7e-m+fp/hard\libcr_c.a(memset.o)
 .ARM.attributes
                0x000005b0       0x34 c:/nxp/mcuxpressoide_11.6.1_8255/ide/plugins/com.nxp.mcuxpresso.tools.win32_11.6.1.202207200623/tools/bin/../lib/gcc/arm-none-eabi/10.3.1/../../../../arm-none-eabi/lib/thumb/v7e-m+fp/hard\libcr_c.a(_deferredlazyseek.o)
 .ARM.attributes
                0x000005e4       0x34 c:/nxp/mcuxpressoide_11.6.1_8255/ide/plugins/com.nxp.mcuxpresso.tools.win32_11.6.1.202207200623/tools/bin/../lib/gcc/arm-none-eabi/10.3.1/../../../../arm-none-eabi/lib/thumb/v7e-m+fp/hard\libcr_c.a(_fflush.o)
 .ARM.attributes
                0x00000618       0x34 c:/nxp/mcuxpressoide_11.6.1_8255/ide/plugins/com.nxp.mcuxpresso.tools.win32_11.6.1.202207200623/tools/bin/../lib/gcc/arm-none-eabi/10.3.1/../../../../arm-none-eabi/lib/thumb/v7e-m+fp/hard\libcr_c.a(_frexpl.o)
 .ARM.attributes
                0x0000064c       0x34 c:/nxp/mcuxpressoide_11.6.1_8255/ide/plugins/com.nxp.mcuxpresso.tools.win32_11.6.1.202207200623/tools/bin/../lib/gcc/arm-none-eabi/10.3.1/../../../../arm-none-eabi/lib/thumb/v7e-m+fp/hard\libcr_c.a(_ldexpl.o)
 .ARM.attributes
                0x00000680       0x34 c:/nxp/mcuxpressoide_11.6.1_8255/ide/plugins/com.nxp.mcuxpresso.tools.win32_11.6.1.202207200623/tools/bin/../lib/gcc/arm-none-eabi/10.3.1/../../../../arm-none-eabi/lib/thumb/v7e-m+fp/hard\libcr_c.a(_sincos.o)
 .ARM.attributes
                0x000006b4       0x34 c:/nxp/mcuxpressoide_11.6.1_8255/ide/plugins/com.nxp.mcuxpresso.tools.win32_11.6.1.202207200623/tools/bin/../lib/gcc/arm-none-eabi/10.3.1/../../../../arm-none-eabi/lib/thumb/v7e-m+fp/hard\libcr_c.a(_tancot.o)
 .ARM.attributes
                0x000006e8       0x34 c:/nxp/mcuxpressoide_11.6.1_8255/ide/plugins/com.nxp.mcuxpresso.tools.win32_11.6.1.202207200623/tools/bin/../lib/gcc/arm-none-eabi/10.3.1/../../../../arm-none-eabi/lib/thumb/v7e-m+fp/hard\libcr_c.a(_writebuf.o)
 .ARM.attributes
                0x0000071c       0x34 c:/nxp/mcuxpressoide_11.6.1_8255/ide/plugins/com.nxp.mcuxpresso.tools.win32_11.6.1.202207200623/tools/bin/../lib/gcc/arm-none-eabi/10.3.1/../../../../arm-none-eabi/lib/thumb/v7e-m+fp/hard\libcr_c.a(alloc.o)
 .ARM.attributes
                0x00000750       0x34 c:/nxp/mcuxpressoide_11.6.1_8255/ide/plugins/com.nxp.mcuxpresso.tools.win32_11.6.1.202207200623/tools/bin/../lib/gcc/arm-none-eabi/10.3.1/../../../../arm-none-eabi/lib/thumb/v7e-m+fp/hard\libcr_c.a(fseek.o)
 .ARM.attributes
                0x00000784       0x34 c:/nxp/mcuxpressoide_11.6.1_8255/ide/plugins/com.nxp.mcuxpresso.tools.win32_11.6.1.202207200623/tools/bin/../lib/gcc/arm-none-eabi/10.3.1/../../../../arm-none-eabi/lib/thumb/v7e-m+fp/hard\libcr_c.a(ftell.o)
 .ARM.attributes
                0x000007b8       0x34 c:/nxp/mcuxpressoide_11.6.1_8255/ide/plugins/com.nxp.mcuxpresso.tools.win32_11.6.1.202207200623/tools/bin/../lib/gcc/arm-none-eabi/10.3.1/../../../../arm-none-eabi/lib/thumb/v7e-m+fp/hard\libcr_c.a(__init_alloc.o)
 .ARM.attributes
                0x000007ec       0x34 c:/nxp/mcuxpressoide_11.6.1_8255/ide/plugins/com.nxp.mcuxpresso.tools.win32_11.6.1.202207200623/tools/bin/../lib/gcc/arm-none-eabi/10.3.1/../../../../arm-none-eabi/lib/thumb/v7e-m+fp/hard\libcr_c.a(_cr_sbrk.o)
 .ARM.attributes
                0x00000820       0x34 c:/nxp/mcuxpressoide_11.6.1_8255/ide/plugins/com.nxp.mcuxpresso.tools.win32_11.6.1.202207200623/tools/bin/../lib/gcc/arm-none-eabi/10.3.1/../../../../arm-none-eabi/lib/thumb/v7e-m+fp/hard\libcr_c.a(_cr_check_heap.o)
 .ARM.attributes
                0x00000854       0x20 c:/nxp/mcuxpressoide_11.6.1_8255/ide/plugins/com.nxp.mcuxpresso.tools.win32_11.6.1.202207200623/tools/bin/../lib/gcc/arm-none-eabi/10.3.1/thumb/v7e-m+fp/hard\libcr_eabihelpers.a(division_64.o)
 .ARM.attributes
                0x00000874       0x20 c:/nxp/mcuxpressoide_11.6.1_8255/ide/plugins/com.nxp.mcuxpresso.tools.win32_11.6.1.202207200623/tools/bin/../lib/gcc/arm-none-eabi/10.3.1/thumb/v7e-m+fp/hard\libcr_eabihelpers.a(division_idiv0.o)
 .ARM.attributes
                0x00000894       0x34 c:/nxp/mcuxpressoide_11.6.1_8255/ide/plugins/com.nxp.mcuxpresso.tools.win32_11.6.1.202207200623/tools/bin/../lib/gcc/arm-none-eabi/10.3.1/thumb/v7e-m+fp/hard\libcr_eabihelpers.a(double.o)
 .ARM.attributes
                0x000008c8       0x20 c:/nxp/mcuxpressoide_11.6.1_8255/ide/plugins/com.nxp.mcuxpresso.tools.win32_11.6.1.202207200623/tools/bin/../lib/gcc/arm-none-eabi/10.3.1/thumb/v7e-m+fp/hard\libcr_eabihelpers.a(memcpy.o)
 .ARM.attributes
                0x000008e8       0x20 c:/nxp/mcuxpressoide_11.6.1_8255/ide/plugins/com.nxp.mcuxpresso.tools.win32_11.6.1.202207200623/tools/bin/../lib/gcc/arm-none-eabi/10.3.1/../../../../arm-none-eabi/lib/thumb/v7e-m+fp/hard\libcr_semihost_nf.a(__sys_appexit.o)
 .ARM.attributes
                0x00000908       0x20 c:/nxp/mcuxpressoide_11.6.1_8255/ide/plugins/com.nxp.mcuxpresso.tools.win32_11.6.1.202207200623/tools/bin/../lib/gcc/arm-none-eabi/10.3.1/../../../../arm-none-eabi/lib/thumb/v7e-m+fp/hard\libcr_semihost_nf.a(__sys_flen.o)
 .ARM.attributes
                0x00000928       0x20 c:/nxp/mcuxpressoide_11.6.1_8255/ide/plugins/com.nxp.mcuxpresso.tools.win32_11.6.1.202207200623/tools/bin/../lib/gcc/arm-none-eabi/10.3.1/../../../../arm-none-eabi/lib/thumb/v7e-m+fp/hard\libcr_semihost_nf.a(__sys_istty.o)
 .ARM.attributes
                0x00000948       0x20 c:/nxp/mcuxpressoide_11.6.1_8255/ide/plugins/com.nxp.mcuxpresso.tools.win32_11.6.1.202207200623/tools/bin/../lib/gcc/arm-none-eabi/10.3.1/../../../../arm-none-eabi/lib/thumb/v7e-m+fp/hard\libcr_semihost_nf.a(__sys_seek.o)
 .ARM.attributes
                0x00000968       0x20 c:/nxp/mcuxpressoide_11.6.1_8255/ide/plugins/com.nxp.mcuxpresso.tools.win32_11.6.1.202207200623/tools/bin/../lib/gcc/arm-none-eabi/10.3.1/../../../../arm-none-eabi/lib/thumb/v7e-m+fp/hard\libcr_semihost_nf.a(__sys_write.o)

.debug_frame    0x00000000     0x1cec
 .debug_frame   0x00000000       0x88 ./source/timer/SysTick.o
 .debug_frame   0x00000088      0x10c ./source/timer/timer.o
 .debug_frame   0x00000194      0x148 ./source/buffer/SPI_buffer.o
 .debug_frame   0x000002dc      0x140 ./source/buffer/circular_buffer.o
 .debug_frame   0x0000041c      0x144 ./source/buffer/generic_circular_buffer.o
 .debug_frame   0x00000560      0x214 ./source/UART/uart.o
 .debug_frame   0x00000774      0x154 ./source/SPI/SPI.o
 .debug_frame   0x000008c8      0x15c ./source/PIT/PIT.o
 .debug_frame   0x00000a24      0x184 ./source/MPU9250/MPU9250.o
 .debug_frame   0x00000ba8      0x214 ./source/MCAL/gpio.o
 .debug_frame   0x00000dbc      0x128 ./source/I2Cm/I2Cm.o
 .debug_frame   0x00000ee4      0x248 ./source/FTM/FTM.o
 .debug_frame   0x0000112c      0x18c ./source/App.o
 .debug_frame   0x000012b8       0x70 ./SDK/startup/hardware.o
 .debug_frame   0x00001328       0x2c ./SDK/startup/main.o
 .debug_frame   0x00001354       0x20 ./SDK/startup/semihost_hardfault.o
 .debug_frame   0x00001374      0x904 ./SDK/startup/startup_mk64f12.o
 .debug_frame   0x00001c78       0x74 ./SDK/CMSIS/system_MK64F12.o