Archive member included to satisfy reference by file (symbol)

C:\Users\sch_b\OneDrive\Documentos\QUADCOPTER\Quadcopter\TPQUAD\SDK\CMSIS\DSP\libarm_cortexM4lf_math.a(arm_sin_f32.o)
                              ./source/App.o (arm_sin_f32)
C:\Users\sch_b\OneDrive\Documentos\QUADCOPTER\Quadcopter\TPQUAD\SDK\CMSIS\DSP\libarm_cortexM4lf_math.a(arm_cos_f32.o)
                              ./source/App.o (arm_cos_f32)
C:\Users\sch_b\OneDrive\Documentos\QUADCOPTER\Quadcopter\TPQUAD\SDK\CMSIS\DSP\libarm_cortexM4lf_math.a(arm_common_tables.o)
                              C:\Users\sch_b\OneDrive\Documentos\QUADCOPTER\Quadcopter\TPQUAD\SDK\CMSIS\DSP\libarm_cortexM4lf_math.a(arm_sin_f32.o) (sinTable_f32)
c:/nxp/mcuxpressoide_11.6.1_8255/ide/plugins/com.nxp.mcuxpresso.tools.win32_11.6.1.202207200623/tools/bin/../lib/gcc/arm-none-eabi/10.3.1/../../../../arm-none-eabi/lib/thumb/v7e-m+fp/hard\libcr_c.a(asinf.o)
                              ./source/Fusion/FusionAhrs.o (asinf)
c:/nxp/mcuxpressoide_11.6.1_8255/ide/plugins/com.nxp.mcuxpresso.tools.win32_11.6.1.202207200623/tools/bin/../lib/gcc/arm-none-eabi/10.3.1/../../../../arm-none-eabi/lib/thumb/v7e-m+fp/hard\libcr_c.a(atan2f.o)
                              ./source/Fusion/FusionAhrs.o (atan2f)
c:/nxp/mcuxpressoide_11.6.1_8255/ide/plugins/com.nxp.mcuxpresso.tools.win32_11.6.1.202207200623/tools/bin/../lib/gcc/arm-none-eabi/10.3.1/../../../../arm-none-eabi/lib/thumb/v7e-m+fp/hard\libcr_c.a(atanf.o)
                              c:/nxp/mcuxpressoide_11.6.1_8255/ide/plugins/com.nxp.mcuxpresso.tools.win32_11.6.1.202207200623/tools/bin/../lib/gcc/arm-none-eabi/10.3.1/../../../../arm-none-eabi/lib/thumb/v7e-m+fp/hard\libcr_c.a(atan2f.o) (atanf)
c:/nxp/mcuxpressoide_11.6.1_8255/ide/plugins/com.nxp.mcuxpresso.tools.win32_11.6.1.202207200623/tools/bin/../lib/gcc/arm-none-eabi/10.3.1/../../../../arm-none-eabi/lib/thumb/v7e-m+fp/hard\libcr_c.a(cosf.o)
                              ./source/Fusion/FusionAhrs.o (cosf)
c:/nxp/mcuxpressoide_11.6.1_8255/ide/plugins/com.nxp.mcuxpresso.tools.win32_11.6.1.202207200623/tools/bin/../lib/gcc/arm-none-eabi/10.3.1/../../../../arm-none-eabi/lib/thumb/v7e-m+fp/hard\libcr_c.a(fabsf.o)
                              c:/nxp/mcuxpressoide_11.6.1_8255/ide/plugins/com.nxp.mcuxpresso.tools.win32_11.6.1.202207200623/tools/bin/../lib/gcc/arm-none-eabi/10.3.1/../../../../arm-none-eabi/lib/thumb/v7e-m+fp/hard\libcr_c.a(atan2f.o) (fabsf)
c:/nxp/mcuxpressoide_11.6.1_8255/ide/plugins/com.nxp.mcuxpresso.tools.win32_11.6.1.202207200623/tools/bin/../lib/gcc/arm-none-eabi/10.3.1/../../../../arm-none-eabi/lib/thumb/v7e-m+fp/hard\libcr_c.a(powf.o)
                              ./source/Fusion/FusionAhrs.o (powf)
c:/nxp/mcuxpressoide_11.6.1_8255/ide/plugins/com.nxp.mcuxpresso.tools.win32_11.6.1.202207200623/tools/bin/../lib/gcc/arm-none-eabi/10.3.1/../../../../arm-none-eabi/lib/thumb/v7e-m+fp/hard\libcr_c.a(sinf.o)
                              ./source/Fusion/FusionAhrs.o (sinf)
c:/nxp/mcuxpressoide_11.6.1_8255/ide/plugins/com.nxp.mcuxpresso.tools.win32_11.6.1.202207200623/tools/bin/../lib/gcc/arm-none-eabi/10.3.1/../../../../arm-none-eabi/lib/thumb/v7e-m+fp/hard\libcr_c.a(sqrtf_m4_hardfp.o)
                              ./source/Fusion/FusionAhrs.o (sqrtf)
c:/nxp/mcuxpressoide_11.6.1_8255/ide/plugins/com.nxp.mcuxpresso.tools.win32_11.6.1.202207200623/tools/bin/../lib/gcc/arm-none-eabi/10.3.1/../../../../arm-none-eabi/lib/thumb/v7e-m+fp/hard\libcr_c.a(memcpy.o)
                              ./source/buffer/SPI_buffer.o (memcpy)
c:/nxp/mcuxpressoide_11.6.1_8255/ide/plugins/com.nxp.mcuxpresso.tools.win32_11.6.1.202207200623/tools/bin/../lib/gcc/arm-none-eabi/10.3.1/../../../../arm-none-eabi/lib/thumb/v7e-m+fp/hard\libcr_c.a(memset.o)
                              ./source/Sensores/MPU6050.o (memset)
c:/nxp/mcuxpressoide_11.6.1_8255/ide/plugins/com.nxp.mcuxpresso.tools.win32_11.6.1.202207200623/tools/bin/../lib/gcc/arm-none-eabi/10.3.1/../../../../arm-none-eabi/lib/thumb/v7e-m+fp/hard\libcr_c.a(cos.o)
                              ./source/App.o (cos)
c:/nxp/mcuxpressoide_11.6.1_8255/ide/plugins/com.nxp.mcuxpresso.tools.win32_11.6.1.202207200623/tools/bin/../lib/gcc/arm-none-eabi/10.3.1/../../../../arm-none-eabi/lib/thumb/v7e-m+fp/hard\libcr_c.a(errno.o)
                              c:/nxp/mcuxpressoide_11.6.1_8255/ide/plugins/com.nxp.mcuxpresso.tools.win32_11.6.1.202207200623/tools/bin/../lib/gcc/arm-none-eabi/10.3.1/../../../../arm-none-eabi/lib/thumb/v7e-m+fp/hard\libcr_c.a(atan2f.o) (errno)
c:/nxp/mcuxpressoide_11.6.1_8255/ide/plugins/com.nxp.mcuxpresso.tools.win32_11.6.1.202207200623/tools/bin/../lib/gcc/arm-none-eabi/10.3.1/../../../../arm-none-eabi/lib/thumb/v7e-m+fp/hard\libcr_c.a(fabs.o)
                              ./source/Fusion/FusionOffset.o (fabs)
[...]
Memory Configuration

Name             Origin             Length             Attributes
PROGRAM_FLASH    0x00000000         0x00100000         xr
SRAM_UPPER       0x20000000         0x00030000         xrw
SRAM_LOWER       0x1fff0000         0x00010000         xrw
FLEX_RAM         0x14000000         0x00001000         xrw
*default*        0x00000000         0xffffffff

Linker script and memory map

LOAD ./source/timer/SysTick.o
LOAD ./source/timer/timer.o
LOAD ./source/event_queue/event_queue.o
LOAD ./source/buffer/SPI_buffer.o
LOAD ./source/buffer/circular_buffer.o
LOAD ./source/buffer/circular_buffer_16.o
LOAD ./source/buffer/generic_circular_buffer.o
LOAD ./source/UART/uart.o
LOAD ./source/Sistema de Control/MatrixOps.o
LOAD ./source/Sistema de Control/SistemaDeControl.o
LOAD ./source/Sensores/MPU6050.o
LOAD ./source/Sensores/MPU9250_SPI.o
LOAD ./source/SPI/SPI.o
LOAD ./source/SBUS/SBUS.o
LOAD ./source/PIT/PIT.o
LOAD ./source/MCAL/gpio.o
LOAD ./source/I2Cm/I2Cm.o
LOAD ./source/Fusion/FusionAhrs.o
LOAD ./source/Fusion/FusionCompass.o
LOAD ./source/Fusion/FusionOffset.o
LOAD ./source/FTM/FTM.o
LOAD ./source/ESCDriver/ESCDriver.o
LOAD ./source/CMP/CMP.o
LOAD ./source/CAN/CAN.o
LOAD ./source/ADC/ADC.o
LOAD ./source/ADC/ADC_hal.o
LOAD ./source/App.o
LOAD ./SDK/startup/hardware.o
LOAD ./SDK/startup/main.o
LOAD ./SDK/startup/semihost_hardfault.o
LOAD ./SDK/startup/startup_mk64f12.o
LOAD ./SDK/CMSIS/system_MK64F12.o
LOAD C:\Users\sch_b\OneDrive\Documentos\QUADCOPTER\Quadcopter\TPQUAD\SDK\CMSIS\DSP\libarm_cortexM4lf_math.a
START GROUP
LOAD c:/nxp/mcuxpressoide_11.6.1_8255/ide/plugins/com.nxp.mcuxpresso.tools.win32_11.6.1.202207200623/tools/bin/../lib/gcc/arm-none-eabi/10.3.1/../../../../arm-none-eabi/lib/thumb/v7e-m+fp/hard\libcr_semihost_nf.a
LOAD c:/nxp/mcuxpressoide_11.6.1_8255/ide/plugins/com.nxp.mcuxpresso.tools.win32_11.6.1.202207200623/tools/bin/../lib/gcc/arm-none-eabi/10.3.1/../../../../arm-none-eabi/lib/thumb/v7e-m+fp/hard\libcr_c.a
LOAD c:/nxp/mcuxpressoide_11.6.1_8255/ide/plugins/com.nxp.mcuxpresso.tools.win32_11.6.1.202207200623/tools/bin/../lib/gcc/arm-none-eabi/10.3.1/thumb/v7e-m+fp/hard\libcr_eabihelpers.a
LOAD c:/nxp/mcuxpressoide_11.6.1_8255/ide/plugins/com.nxp.mcuxpresso.tools.win32_11.6.1.202207200623/tools/bin/../lib/gcc/arm-none-eabi/10.3.1/thumb/v7e-m+fp/hard\libgcc.a
END GROUP
                0x00000000                __base_PROGRAM_FLASH = 0x0
                0x00000000                __base_Flash = 0x0
                0x00100000                __top_PROGRAM_FLASH = 0x100000
                0x00100000                __top_Flash = 0x100000
                0x20000000                __base_SRAM_UPPER = 0x20000000
                0x20000000                __base_RAM = 0x20000000
                0x20030000                __top_SRAM_UPPER = 0x20030000
                0x20030000                __top_RAM = 0x20030000
                0x1fff0000                __base_SRAM_LOWER = 0x1fff0000
                0x1fff0000                __base_RAM2 = 0x1fff0000
                0x20000000                __top_SRAM_LOWER = 0x20000000
                0x20000000                __top_RAM2 = 0x20000000
                0x14000000                __base_FLEX_RAM = 0x14000000
                0x14000000                __base_RAM3 = 0x14000000
                0x14001000                __top_FLEX_RAM = 0x14001000
                0x14001000                __top_RAM3 = 0x14001000

.text           0x00000000     0x7900
 FILL mask 0xff
                0x00000000                __vectors_start__ = ABSOLUTE (.)
 *(SORT_BY_ALIGNMENT(.isr_vector))
 .isr_vector    0x00000000      0x198 ./SDK/startup/startup_mk64f12.o
                0x00000000                g_pfnVectors
                0x00000000                __Vectors
                0x00000198                . = ALIGN (0x4)
                0x00000198                __section_table_start = .
                0x00000198                __data_section_table = .
                0x00000198        0x4 LONG 0x7900 LOADADDR (.data)
                0x0000019c        0x4 LONG 0x20000000 ADDR (.data)
                0x000001a0        0x4 LONG 0x10 SIZEOF (.data)
                0x000001a4        0x4 LONG 0x7900 LOADADDR (.data_RAM2)
                0x000001a8        0x4 LONG 0x1fff0000 ADDR (.data_RAM2)
                0x000001ac        0x4 LONG 0x0 SIZEOF (.data_RAM2)
                0x000001b0        0x4 LONG 0x7900 LOADADDR (.data_RAM3)
                0x000001b4        0x4 LONG 0x14000000 ADDR (.data_RAM3)
                0x000001b8        0x4 LONG 0x0 SIZEOF (.data_RAM3)
                0x000001bc                __data_section_table_end = .
                0x000001bc                __bss_section_table = .
                0x000001bc        0x4 LONG 0x20000010 ADDR (.bss)
                0x000001c0        0x4 LONG 0x1268 SIZEOF (.bss)
                0x000001c4        0x4 LONG 0x1fff0000 ADDR (.bss_RAM2)
                0x000001c8        0x4 LONG 0x0 SIZEOF (.bss_RAM2)
                0x000001cc        0x4 LONG 0x14000000 ADDR (.bss_RAM3)
                0x000001d0        0x4 LONG 0x0 SIZEOF (.bss_RAM3)
                0x000001d4                __bss_section_table_end = .
                0x000001d4                __section_table_end = .
 *(SORT_BY_ALIGNMENT(.after_vectors*))
 .after_vectors.reset
                0x000001d4       0x4c ./SDK/startup/startup_mk64f12.o
                0x000001d4                ResetISR
 .after_vectors.init_data
                0x00000220       0x1e ./SDK/startup/startup_mk64f12.o
                0x00000220                data_init
 .after_vectors.init_bss
                0x0000023e       0x12 ./SDK/startup/startup_mk64f12.o
                0x0000023e                bss_init
 .after_vectors
                0x00000250       0x14 ./SDK/startup/startup_mk64f12.o
                0x00000250                NMI_Handler
                0x00000254                MemManage_Handler
                0x00000256                BusFault_Handler
                0x00000258                UsageFault_Handler
                0x0000025a                SVC_Handler
                0x0000025c                DebugMon_Handler
                0x0000025e                PendSV_Handler
                0x00000262                DMA_Error_DriverIRQHandler
                0x00000262                LPTMR0_DriverIRQHandler
                0x00000262                FTM1_DriverIRQHandler
                0x00000262                FTM2_DriverIRQHandler
                0x00000262                PIT2_DriverIRQHandler
                0x00000262                SDHC_DriverIRQHandler
                0x00000262                I2S0_Tx_DriverIRQHandler
                0x00000262                RTC_Seconds_DriverIRQHandler
                0x00000262                DMA6_DriverIRQHandler
                0x00000262                LLWU_DriverIRQHandler
                0x00000262                MCM_DriverIRQHandler
                0x00000262                MCG_DriverIRQHandler
                0x00000262                ENET_1588_Timer_DriverIRQHandler
                0x00000262                I2C2_DriverIRQHandler
                0x00000262                DAC1_DriverIRQHandler
                0x00000262                SPI1_DriverIRQHandler
                0x00000262                CMP1_DriverIRQHandler
                0x00000262                UART5_RX_TX_DriverIRQHandler
                0x00000262                FTM0_DriverIRQHandler
                0x00000262                IntDefaultHandler
                0x00000262                USB0_DriverIRQHandler
                0x00000262                UART5_ERR_DriverIRQHandler
                0x00000262                PORTC_DriverIRQHandler
                0x00000262                DMA11_DriverIRQHandler
                0x00000262                DAC0_DriverIRQHandler
                0x00000262                DMA10_DriverIRQHandler
                0x00000262                CMP2_DriverIRQHandler
                0x00000262                UART2_ERR_DriverIRQHandler
                0x00000262                SPI2_DriverIRQHandler
                0x00000262                LVD_LVW_DriverIRQHandler
                0x00000262                PIT0_DriverIRQHandler
                0x00000262                RNG_DriverIRQHandler
                0x00000262                DMA5_DriverIRQHandler
                0x00000262                DMA12_DriverIRQHandler
                0x00000262                UART2_RX_TX_DriverIRQHandler
                0x00000262                USBDCD_DriverIRQHandler
                0x00000262                UART3_ERR_DriverIRQHandler
                0x00000262                DMA3_DriverIRQHandler
                0x00000262                DMA8_DriverIRQHandler
                0x00000262                DMA9_DriverIRQHandler
                0x00000262                UART0_ERR_DriverIRQHandler
                0x00000262                CMT_DriverIRQHandler
                0x00000262                Reserved71_DriverIRQHandler
                0x00000262                ADC1_DriverIRQHandler
                0x00000262                PORTA_DriverIRQHandler
                0x00000262                DMA14_DriverIRQHandler
                0x00000262                PIT3_DriverIRQHandler
                0x00000262                PIT1_DriverIRQHandler
                0x00000262                WDOG_EWM_DriverIRQHandler
                0x00000262                PDB0_DriverIRQHandler
                0x00000262                RTC_DriverIRQHandler
                0x00000262                I2S0_Rx_DriverIRQHandler
                0x00000262                Read_Collision_DriverIRQHandler
                0x00000262                SWI_DriverIRQHandler
                0x00000262                UART4_RX_TX_DriverIRQHandler
                0x00000262                UART4_ERR_DriverIRQHandler
                0x00000262                PORTB_DriverIRQHandler
                0x00000262                UART0_LON_DriverIRQHandler
                0x00000262                DMA0_DriverIRQHandler
                0x00000262                DMA1_DriverIRQHandler
                0x00000262                I2C1_DriverIRQHandler
                0x00000262                UART3_RX_TX_DriverIRQHandler
                0x00000262                ENET_Receive_DriverIRQHandler
                0x00000262                DMA13_DriverIRQHandler
                0x00000262                ENET_Error_DriverIRQHandler
                0x00000262                DMA15_DriverIRQHandler
                0x00000262                UART0_RX_TX_DriverIRQHandler
                0x00000262                SPI0_DriverIRQHandler
                0x00000262                ADC0_DriverIRQHandler
                0x00000262                CMP0_DriverIRQHandler
                0x00000262                CAN0_DriverIRQHandler
                0x00000262                FTM3_DriverIRQHandler
                0x00000262                DMA4_DriverIRQHandler
                0x00000262                UART1_ERR_DriverIRQHandler
                0x00000262                DMA2_DriverIRQHandler
                0x00000262                ENET_Transmit_DriverIRQHandler
                0x00000262                PORTD_DriverIRQHandler
                0x00000262                PORTE_DriverIRQHandler
                0x00000262                FTFE_DriverIRQHandler
                0x00000262                I2C0_DriverIRQHandler
                0x00000262                DMA7_DriverIRQHandler
                0x00000262                UART1_RX_TX_DriverIRQHandler
                0x00000400                . = 0x400
 *fill*         0x00000264      0x19c ff
                0x00000400                PROVIDE (__FLASH_CONFIG_START__ = .)
 *(SORT_BY_ALIGNMENT(.FlashConfig))
 .FlashConfig   0x00000400       0x10 ./SDK/startup/startup_mk64f12.o
                0x00000400                Flash_Config
                0x00000410                PROVIDE (__FLASH_CONFIG_END__ = .)
                0x00000001                ASSERT (! ((__FLASH_CONFIG_START__ == __FLASH_CONFIG_END__)), Linker Flash Config Support Enabled, but no .FlashConfig section provided within application)
 *(SORT_BY_ALIGNMENT(.text*))
 .text.calibrateMPU6050
                0x00000410      0x2b4 ./source/Sensores/MPU6050.o
                0x00000410                calibrateMPU6050
 *fill*         0x000006c4        0x4 ff
 .text.mpu6050_raw2trueGyro
                0x000006c8      0x12c ./source/Sensores/MPU6050.o
 *fill*         0x000007f4        0x4 ff
 .text.mpu6050_raw2trueAcc
                0x000007f8      0x12c ./source/Sensores/MPU6050.o
 *fill*         0x00000924        0x4 ff
 .text.ESCSetSpeed
                0x00000928       0xa8 ./source/ESCDriver/ESCDriver.o
                0x00000928                ESCSetSpeed
 .text.getEulerAnglesRatesFAST
                0x000009d0      0x350 ./source/App.o
 .text.fp_display
                0x00000d20      0x964 c:/nxp/mcuxpressoide_11.6.1_8255/ide/plugins/com.nxp.mcuxpresso.tools.win32_11.6.1.202207200623/tools/bin/../lib/gcc/arm-none-eabi/10.3.1/../../../../arm-none-eabi/lib/thumb/v7e-m+fp/hard\libcr_c.a(fpprintf.o)
 *fill*         0x00001684        0x4 ff
 .text._sincosf
                0x00001688      0x138 c:/nxp/mcuxpressoide_11.6.1_8255/ide/plugins/com.nxp.mcuxpresso.tools.win32_11.6.1.202207200623/tools/bin/../lib/gcc/arm-none-eabi/10.3.1/../../../../arm-none-eabi/lib/thumb/v7e-m+fp/hard\libcr_c.a(_sincosf.o)
                0x00001688                _sincosf
 .text._frexpl  0x000017c0       0x68 c:/nxp/mcuxpressoide_11.6.1_8255/ide/plugins/com.nxp.mcuxpresso.tools.win32_11.6.1.202207200623/tools/bin/../lib/gcc/arm-none-eabi/10.3.1/../../../../arm-none-eabi/lib/thumb/v7e-m+fp/hard\libcr_c.a(_frexpl.o)
                0x000017c0                _frexpl
 .text._ldexpl  0x00001828       0x5c c:/nxp/mcuxpressoide_11.6.1_8255/ide/plugins/com.nxp.mcuxpresso.tools.win32_11.6.1.202207200623/tools/bin/../lib/gcc/arm-none-eabi/10.3.1/../../../../arm-none-eabi/lib/thumb/v7e-m+fp/hard\libcr_c.a(_ldexpl.o)
                0x00001828                _ldexpl
 .text.__NVIC_EnableIRQ
                0x00001884       0x3c ./source/timer/SysTick.o
 .text.SysTick_Init
                0x000018c0       0x48 ./source/timer/SysTick.o
                0x000018c0                SysTick_Init
 .text.SysTick_Handler
                0x00001908       0x24 ./source/timer/SysTick.o
                0x00001908                SysTick_Handler
 .text.timerInit
                0x0000192c       0x28 ./source/timer/timer.o
                0x0000192c                timerInit
 .text.timerGetId
                0x00001954       0x2c ./source/timer/timer.o
                0x00001954                timerGetId
 .text.timerStart
                0x00001980       0xb8 ./source/timer/timer.o
                0x00001980                timerStart
 .text.timerStop
                0x00001a38       0x44 ./source/timer/timer.o
                0x00001a38                timerStop
 .text.timerExpired
                0x00001a7c       0x54 ./source/timer/timer.o
                0x00001a7c                timerExpired
 .text.timer_isr
                0x00001ad0       0xe0 ./source/timer/timer.o
 .text.SPIBgetPckg
                0x00001bb0       0x84 ./source/buffer/SPI_buffer.o
                0x00001bb0                SPIBgetPckg
 .text.__NVIC_EnableIRQ
                0x00001c34       0x3c ./source/UART/uart.o
 .text.uartInit
                0x00001c70      0x1c8 ./source/UART/uart.o
                0x00001c70                uartInit
 .text.uartWriteMsg
                0x00001e38       0x78 ./source/UART/uart.o
                0x00001e38                uartWriteMsg
 .text.UART_Rx_Tx_IRQ
                0x00001eb0       0xd0 ./source/UART/uart.o
 .text.initMPU6050
                0x00001f80      0x32c ./source/Sensores/MPU6050.o
                0x00001f80                initMPU6050
 .text.mpu6050_readAccelData
                0x000022ac       0xb4 ./source/Sensores/MPU6050.o
                0x000022ac                mpu6050_readAccelData
 .text.mpu6050_readGyroData
                0x00002360       0xa8 ./source/Sensores/MPU6050.o
                0x00002360                mpu6050_readGyroData
 .text.mpu6050_readGyroData_async
                0x00002408       0x48 ./source/Sensores/MPU6050.o
                0x00002408                mpu6050_readGyroData_async
 .text.mpu6050_readAccelData_async
                0x00002450       0x48 ./source/Sensores/MPU6050.o
                0x00002450                mpu6050_readAccelData_async
 .text.mpu6050_getLastGyroRead
                0x00002498       0x5c ./source/Sensores/MPU6050.o
                0x00002498                mpu6050_getLastGyroRead
 .text.mpu6050_getLastAccelRead
                0x000024f4       0x5c ./source/Sensores/MPU6050.o
                0x000024f4                mpu6050_getLastAccelRead
 .text.SPI0_IRQHandler
                0x00002550      0x14c ./source/SPI/SPI.o
                0x00002550                SPI0_IRQHandler
 .text.__NVIC_EnableIRQ
                0x0000269c       0x3c ./source/SBUS/SBUS.o
 .text.SBUSInit
                0x000026d8       0xf0 ./source/SBUS/SBUS.o
                0x000026d8                SBUSInit
 .text.UART_SBUS_IRQ
                0x000027c8      0x178 ./source/SBUS/SBUS.o
 .text.PIT0_IRQHandler
                0x00002940       0x40 ./source/PIT/PIT.o
                0x00002940                PIT0_IRQHandler
 .text.PIT1_IRQHandler
                0x00002980       0x30 ./source/PIT/PIT.o
                0x00002980                PIT1_IRQHandler
 .text.PIT2_IRQHandler
                0x000029b0       0x30 ./source/PIT/PIT.o
                0x000029b0                PIT2_IRQHandler
 .text.PIT3_IRQHandler
                0x000029e0       0x30 ./source/PIT/PIT.o
                0x000029e0                PIT3_IRQHandler
 .text.gpioMode
                0x00002a10      0x174 ./source/MCAL/gpio.o
                0x00002a10                gpioMode
 .text.gpioWrite
                0x00002b84       0x68 ./source/MCAL/gpio.o
                0x00002b84                gpioWrite
 .text.gpioToggle
                0x00002bec       0x40 ./source/MCAL/gpio.o
                0x00002bec                gpioToggle
 .text.gpioRead
                0x00002c2c       0x4c ./source/MCAL/gpio.o
                0x00002c2c                gpioRead
 .text.PORTA_IRQHandler
                0x00002c78       0x64 ./source/MCAL/gpio.o
                0x00002c78                PORTA_IRQHandler
 .text.PORTB_IRQHandler
                0x00002cdc       0x64 ./source/MCAL/gpio.o
                0x00002cdc                PORTB_IRQHandler
 .text.PORTC_IRQHandler
                0x00002d40       0x64 ./source/MCAL/gpio.o
                0x00002d40                PORTC_IRQHandler
 .text.PORTD_IRQHandler
                0x00002da4       0x64 ./source/MCAL/gpio.o
                0x00002da4                PORTD_IRQHandler
 .text.PORTE_IRQHandler
                0x00002e08       0x64 ./source/MCAL/gpio.o
                0x00002e08                PORTE_IRQHandler
 .text.__NVIC_EnableIRQ
                0x00002e6c       0x3c ./source/I2Cm/I2Cm.o
 .text.I2CmInit
                0x00002ea8       0xf0 ./source/I2Cm/I2Cm.o
                0x00002ea8                I2CmInit
 .text.I2CmStartTransaction
                0x00002f98      0x248 ./source/I2Cm/I2Cm.o
                0x00002f98                I2CmStartTransaction
 .text.isI2CBusy
                0x000031e0       0x68 ./source/I2Cm/I2Cm.o
                0x000031e0                isI2CBusy
 .text.I2C0_IRQHandler
                0x00003248      0x2cc ./source/I2Cm/I2Cm.o
                0x00003248                I2C0_IRQHandler
 .text.FusionAhrsInitialise
                0x00003514       0x68 ./source/Fusion/FusionAhrs.o
                0x00003514                FusionAhrsInitialise
 .text.FusionAhrsGetQuaternion
                0x0000357c       0x24 ./source/Fusion/FusionAhrs.o
                0x0000357c                FusionAhrsGetQuaternion
 .text.FusionAhrsSetHeading
                0x000035a0       0xd8 ./source/Fusion/FusionAhrs.o
                0x000035a0                FusionAhrsSetHeading
 .text.FusionAhrsUpdate
                0x00003678      0x46c ./source/Fusion/FusionAhrs.o
                0x00003678                FusionAhrsUpdate
 .text.FusionAhrsUpdateNoMagnetometer
                0x00003ae4       0x50 ./source/Fusion/FusionAhrs.o
                0x00003ae4                FusionAhrsUpdateNoMagnetometer
 .text.FusionCompassCalculateHeading
                0x00003b34       0xcc ./source/Fusion/FusionCompass.o
                0x00003b34                FusionCompassCalculateHeading
 .text.FTM0_IRQHandler
                0x00003c00       0x9c ./source/FTM/FTM.o
                0x00003c00                FTM0_IRQHandler
 .text.FTM1_IRQHandler
                0x00003c9c       0xa4 ./source/FTM/FTM.o
                0x00003c9c                FTM1_IRQHandler
 .text.ESCInit  0x00003d40       0xf0 ./source/ESCDriver/ESCDriver.o
                0x00003d40                ESCInit
 .text.ESCDisarm
                0x00003e30       0x4c ./source/ESCDriver/ESCDriver.o
                0x00003e30                ESCDisarm
 .text.ESCCalibrate
                0x00003e7c       0xdc ./source/ESCDriver/ESCDriver.o
                0x00003e7c                ESCCalibrate
 .text.FusionRadiansToDegrees
                0x00003f58       0x28 ./source/App.o
 .text.FusionAsin
                0x00003f80       0x58 ./source/App.o
 .text.sendUartMessage3Channels
                0x00003fd8       0x54 ./source/App.o
 .text.App_Init
                0x0000402c       0xc0 ./source/App.o
                0x0000402c                App_Init
 .text.startI2CreadingCallBack
                0x000040ec       0x24 ./source/App.o
 .text.startI2C_ACCELEROMETER_CallBack
                0x00004110       0x2c ./source/App.o
 .text.App_Run  0x0000413c      0x3bc ./source/App.o
                0x0000413c                App_Run
 .text.hw_Init  0x000044f8      0x108 ./SDK/startup/hardware.o
                0x000044f8                hw_Init
 .text.hw_EnableInterrupts
                0x00004600       0x30 ./SDK/startup/hardware.o
                0x00004600                hw_EnableInterrupts
 .text.hw_DisableInterrupts
                0x00004630       0x20 ./SDK/startup/hardware.o
                0x00004630                hw_DisableInterrupts
 .text.SystemInit
                0x00004650       0x3c ./SDK/CMSIS/system_MK64F12.o
                0x00004650                SystemInit
 .text.arm_sin_f32
                0x0000468c       0x8c C:\Users\sch_b\OneDrive\Documentos\QUADCOPTER\Quadcopter\TPQUAD\SDK\CMSIS\DSP\libarm_cortexM4lf_math.a(arm_sin_f32.o)
                0x0000468c                arm_sin_f32
 .text.arm_cos_f32
                0x00004718       0x94 C:\Users\sch_b\OneDrive\Documentos\QUADCOPTER\Quadcopter\TPQUAD\SDK\CMSIS\DSP\libarm_cortexM4lf_math.a(arm_cos_f32.o)
                0x00004718                arm_cos_f32
 .text.atan2f   0x000047ac       0xc0 c:/nxp/mcuxpressoide_11.6.1_8255/ide/plugins/com.nxp.mcuxpresso.tools.win32_11.6.1.202207200623/tools/bin/../lib/gcc/arm-none-eabi/10.3.1/../../../../arm-none-eabi/lib/thumb/v7e-m+fp/hard\libcr_c.a(atan2f.o)
                0x000047ac                atan2f
 .text.atanf    0x0000486c       0xec c:/nxp/mcuxpressoide_11.6.1_8255/ide/plugins/com.nxp.mcuxpresso.tools.win32_11.6.1.202207200623/tools/bin/../lib/gcc/arm-none-eabi/10.3.1/../../../../arm-none-eabi/lib/thumb/v7e-m+fp/hard\libcr_c.a(atanf.o)
                0x0000486c                atanf
 .text.cosf     0x00004958       0x30 c:/nxp/mcuxpressoide_11.6.1_8255/ide/plugins/com.nxp.mcuxpresso.tools.win32_11.6.1.202207200623/tools/bin/../lib/gcc/arm-none-eabi/10.3.1/../../../../arm-none-eabi/lib/thumb/v7e-m+fp/hard\libcr_c.a(cosf.o)
                0x00004958                cosf
 .text.sprintf  0x00004988       0x6c c:/nxp/mcuxpressoide_11.6.1_8255/ide/plugins/com.nxp.mcuxpresso.tools.win32_11.6.1.202207200623/tools/bin/../lib/gcc/arm-none-eabi/10.3.1/../../../../arm-none-eabi/lib/thumb/v7e-m+fp/hard\libcr_c.a(fpprintf.o)
                0x00004988                sprintf
 .text.__vfprintf
                0x000049f4      0xbf8 c:/nxp/mcuxpressoide_11.6.1_8255/ide/plugins/com.nxp.mcuxpresso.tools.win32_11.6.1.202207200623/tools/bin/../lib/gcc/arm-none-eabi/10.3.1/../../../../arm-none-eabi/lib/thumb/v7e-m+fp/hard\libcr_c.a(printf.o)
                0x000049f4                __vfprintf
 .text._asinacosf
                0x000055ec      0x158 c:/nxp/mcuxpressoide_11.6.1_8255/ide/plugins/com.nxp.mcuxpresso.tools.win32_11.6.1.202207200623/tools/bin/../lib/gcc/arm-none-eabi/10.3.1/../../../../arm-none-eabi/lib/thumb/v7e-m+fp/hard\libcr_c.a(_asinacosf.o)
                0x000055ec                _asinacosf
 .text._Cwritebuf
                0x00005744       0x6c c:/nxp/mcuxpressoide_11.6.1_8255/ide/plugins/com.nxp.mcuxpresso.tools.win32_11.6.1.202207200623/tools/bin/../lib/gcc/arm-none-eabi/10.3.1/../../../../arm-none-eabi/lib/thumb/v7e-m+fp/hard\libcr_c.a(_writebuf.o)
                0x00005744                _Cwritebuf
 .text.malloc   0x000057b0       0xc8 c:/nxp/mcuxpressoide_11.6.1_8255/ide/plugins/com.nxp.mcuxpresso.tools.win32_11.6.1.202207200623/tools/bin/../lib/gcc/arm-none-eabi/10.3.1/../../../../arm-none-eabi/lib/thumb/v7e-m+fp/hard\libcr_c.a(alloc.o)
                0x000057b0                malloc
 .text._Csys_alloc
                0x00005878       0x20 c:/nxp/mcuxpressoide_11.6.1_8255/ide/plugins/com.nxp.mcuxpresso.tools.win32_11.6.1.202207200623/tools/bin/../lib/gcc/arm-none-eabi/10.3.1/../../../../arm-none-eabi/lib/thumb/v7e-m+fp/hard\libcr_c.a(alloc.o)
                0x00005878                _Csys_alloc
 .text.fseek    0x00005898       0xfc c:/nxp/mcuxpressoide_11.6.1_8255/ide/plugins/com.nxp.mcuxpresso.tools.win32_11.6.1.202207200623/tools/bin/../lib/gcc/arm-none-eabi/10.3.1/../../../../arm-none-eabi/lib/thumb/v7e-m+fp/hard\libcr_c.a(fseek.o)
                0x00005898                fseek
 .text.ftell    0x00005994       0x44 c:/nxp/mcuxpressoide_11.6.1_8255/ide/plugins/com.nxp.mcuxpresso.tools.win32_11.6.1.202207200623/tools/bin/../lib/gcc/arm-none-eabi/10.3.1/../../../../arm-none-eabi/lib/thumb/v7e-m+fp/hard\libcr_c.a(ftell.o)
                0x00005994                ftell
 .text._sbrk    0x000059d8       0x3c c:/nxp/mcuxpressoide_11.6.1_8255/ide/plugins/com.nxp.mcuxpresso.tools.win32_11.6.1.202207200623/tools/bin/../lib/gcc/arm-none-eabi/10.3.1/../../../../arm-none-eabi/lib/thumb/v7e-m+fp/hard\libcr_c.a(_cr_sbrk.o)
                0x000059d8                _sbrk
 .text.__check_heap_overflow
                0x00005a14       0x18 c:/nxp/mcuxpressoide_11.6.1_8255/ide/plugins/com.nxp.mcuxpresso.tools.win32_11.6.1.202207200623/tools/bin/../lib/gcc/arm-none-eabi/10.3.1/../../../../arm-none-eabi/lib/thumb/v7e-m+fp/hard\libcr_c.a(_cr_check_heap.o)
                0x00005a14                __check_heap_overflow
 .text.__aeabi_dmul
                0x00005a2c       0xfc c:/nxp/mcuxpressoide_11.6.1_8255/ide/plugins/com.nxp.mcuxpresso.tools.win32_11.6.1.202207200623/tools/bin/../lib/gcc/arm-none-eabi/10.3.1/thumb/v7e-m+fp/hard\libcr_eabihelpers.a(double.o)
                0x00005a2c                __aeabi_dmul
 .text.__aeabi_ddiv
                0x00005b28      0x138 c:/nxp/mcuxpressoide_11.6.1_8255/ide/plugins/com.nxp.mcuxpresso.tools.win32_11.6.1.202207200623/tools/bin/../lib/gcc/arm-none-eabi/10.3.1/thumb/v7e-m+fp/hard\libcr_eabihelpers.a(double.o)
                0x00005b28                __aeabi_ddiv
 .text.__aeabi_dsub
                0x00005c60      0x1ac c:/nxp/mcuxpressoide_11.6.1_8255/ide/plugins/com.nxp.mcuxpresso.tools.win32_11.6.1.202207200623/tools/bin/../lib/gcc/arm-none-eabi/10.3.1/thumb/v7e-m+fp/hard\libcr_eabihelpers.a(double.o)
                0x00005c60                __aeabi_dsub
 .text.__aeabi_dadd
                0x00005e0c      0x114 c:/nxp/mcuxpressoide_11.6.1_8255/ide/plugins/com.nxp.mcuxpresso.tools.win32_11.6.1.202207200623/tools/bin/../lib/gcc/arm-none-eabi/10.3.1/thumb/v7e-m+fp/hard\libcr_eabihelpers.a(double.o)
                0x00005e0c                __aeabi_dadd
 .text.__aeabi_d2f
                0x00005f20       0x58 c:/nxp/mcuxpressoide_11.6.1_8255/ide/plugins/com.nxp.mcuxpresso.tools.win32_11.6.1.202207200623/tools/bin/../lib/gcc/arm-none-eabi/10.3.1/thumb/v7e-m+fp/hard\libcr_eabihelpers.a(double.o)
                0x00005f20                __aeabi_d2f
 .text.__aeabi_f2d
                0x00005f78       0x38 c:/nxp/mcuxpressoide_11.6.1_8255/ide/plugins/com.nxp.mcuxpresso.tools.win32_11.6.1.202207200623/tools/bin/../lib/gcc/arm-none-eabi/10.3.1/thumb/v7e-m+fp/hard\libcr_eabihelpers.a(float.o)
                0x00005f78                __aeabi_f2d
 .text.__sys_appexit
                0x00005fb0        0xc c:/nxp/mcuxpressoide_11.6.1_8255/ide/plugins/com.nxp.mcuxpresso.tools.win32_11.6.1.202207200623/tools/bin/../lib/gcc/arm-none-eabi/10.3.1/../../../../arm-none-eabi/lib/thumb/v7e-m+fp/hard\libcr_semihost_nf.a(__sys_appexit.o)
                0x00005fb0                __sys_appexit
                0x00005fb0                __exit
 .text.timerDelay
                0x00005fbc       0x32 ./source/timer/timer.o
                0x00005fbc                timerDelay
 .text.getCircularPointer
                0x00005fee       0x1e ./source/buffer/SPI_buffer.o
 .text.SPIBisEmpty
                0x0000600c       0x2a ./source/buffer/SPI_buffer.o
                0x0000600c                SPIBisEmpty
 .text.getCircularPointer
                0x00006036       0x2c ./source/buffer/circular_buffer.o
 .text.CBinit   0x00006062       0x30 ./source/buffer/circular_buffer.o
                0x00006062                CBinit
 .text.CBisEmpty
                0x00006092       0x2a ./source/buffer/circular_buffer.o
                0x00006092                CBisEmpty
 .text.CBputChain
                0x000060bc       0xaa ./source/buffer/circular_buffer.o
                0x000060bc                CBputChain
 .text.CBputByte
                0x00006166       0x8e ./source/buffer/circular_buffer.o
                0x00006166                CBputByte
 .text.CBgetByte
                0x000061f4       0x62 ./source/buffer/circular_buffer.o
                0x000061f4                CBgetByte
 .text.CBgetBufferState
                0x00006256       0x5c ./source/buffer/circular_buffer.o
                0x00006256                CBgetBufferState
 .text.CBreset  0x000062b2       0x3e ./source/buffer/circular_buffer.o
                0x000062b2                CBreset
 .text.UART0_RX_TX_IRQHandler
                0x000062f0       0x2e ./source/UART/uart.o
                0x000062f0                UART0_RX_TX_IRQHandler
 .text.UART2_RX_TX_IRQHandler
                0x0000631e       0x2e ./source/UART/uart.o
                0x0000631e                UART2_RX_TX_IRQHandler
 .text.UART4_RX_TX_IRQHandler
                0x0000634c       0x2e ./source/UART/uart.o
                0x0000634c                UART4_RX_TX_IRQHandler
 .text.UART3_RX_TX_IRQHandler
                0x0000637a       0x1c ./source/SBUS/SBUS.o
                0x0000637a                UART3_RX_TX_IRQHandler
 .text.ESCArm   0x00006396       0x4a ./source/ESCDriver/ESCDriver.o
                0x00006396                ESCArm
 .text.FusionQuaternionToEuler
                0x000063e0      0x14c ./source/App.o
 .text.main     0x0000652c       0x1a ./SDK/startup/main.o
                0x0000652c                main
 .text.HardFault_Handler
                0x00006546       0x2c ./SDK/startup/semihost_hardfault.o
                0x00006546                HardFault_Handler
 .text.DMA0_IRQHandler
                0x00006572        0x8 ./SDK/startup/startup_mk64f12.o
                0x00006572                DMA0_IRQHandler
 .text.DMA1_IRQHandler
                0x0000657a        0x8 ./SDK/startup/startup_mk64f12.o
                0x0000657a                DMA1_IRQHandler
 .text.DMA2_IRQHandler
                0x00006582        0x8 ./SDK/startup/startup_mk64f12.o
                0x00006582                DMA2_IRQHandler
 .text.DMA3_IRQHandler
                0x0000658a        0x8 ./SDK/startup/startup_mk64f12.o
                0x0000658a                DMA3_IRQHandler
 .text.DMA4_IRQHandler
                0x00006592        0x8 ./SDK/startup/startup_mk64f12.o
                0x00006592                DMA4_IRQHandler
 .text.DMA5_IRQHandler
                0x0000659a        0x8 ./SDK/startup/startup_mk64f12.o
                0x0000659a                DMA5_IRQHandler
 .text.DMA6_IRQHandler
                0x000065a2        0x8 ./SDK/startup/startup_mk64f12.o
                0x000065a2                DMA6_IRQHandler
 .text.DMA7_IRQHandler
                0x000065aa        0x8 ./SDK/startup/startup_mk64f12.o
                0x000065aa                DMA7_IRQHandler
 .text.DMA8_IRQHandler
                0x000065b2        0x8 ./SDK/startup/startup_mk64f12.o
                0x000065b2                DMA8_IRQHandler
 .text.DMA9_IRQHandler
                0x000065ba        0x8 ./SDK/startup/startup_mk64f12.o
                0x000065ba                DMA9_IRQHandler
 .text.DMA10_IRQHandler
                0x000065c2        0x8 ./SDK/startup/startup_mk64f12.o
                0x000065c2                DMA10_IRQHandler
 .text.DMA11_IRQHandler
                0x000065ca        0x8 ./SDK/startup/startup_mk64f12.o
                0x000065ca                DMA11_IRQHandler
 .text.DMA12_IRQHandler
                0x000065d2        0x8 ./SDK/startup/startup_mk64f12.o
                0x000065d2                DMA12_IRQHandler
 .text.DMA13_IRQHandler
                0x000065da        0x8 ./SDK/startup/startup_mk64f12.o
                0x000065da                DMA13_IRQHandler
 .text.DMA14_IRQHandler
                0x000065e2        0x8 ./SDK/startup/startup_mk64f12.o
                0x000065e2                DMA14_IRQHandler
 .text.DMA15_IRQHandler
                0x000065ea        0x8 ./SDK/startup/startup_mk64f12.o
                0x000065ea                DMA15_IRQHandler
 .text.DMA_Error_IRQHandler
                0x000065f2        0x8 ./SDK/startup/startup_mk64f12.o
                0x000065f2                DMA_Error_IRQHandler
 .text.MCM_IRQHandler
                0x000065fa        0x8 ./SDK/startup/startup_mk64f12.o
                0x000065fa                MCM_IRQHandler
 .text.FTFE_IRQHandler
                0x00006602        0x8 ./SDK/startup/startup_mk64f12.o
                0x00006602                FTFE_IRQHandler
 .text.Read_Collision_IRQHandler
                0x0000660a        0x8 ./SDK/startup/startup_mk64f12.o
                0x0000660a                Read_Collision_IRQHandler
 .text.LVD_LVW_IRQHandler
                0x00006612        0x8 ./SDK/startup/startup_mk64f12.o
                0x00006612                LVD_LVW_IRQHandler
 .text.LLWU_IRQHandler
                0x0000661a        0x8 ./SDK/startup/startup_mk64f12.o
                0x0000661a                LLWU_IRQHandler
 .text.WDOG_EWM_IRQHandler
                0x00006622        0x8 ./SDK/startup/startup_mk64f12.o
                0x00006622                WDOG_EWM_IRQHandler
 .text.RNG_IRQHandler
                0x0000662a        0x8 ./SDK/startup/startup_mk64f12.o
                0x0000662a                RNG_IRQHandler
 .text.I2C1_IRQHandler
                0x00006632        0x8 ./SDK/startup/startup_mk64f12.o
                0x00006632                I2C1_IRQHandler
 .text.SPI1_IRQHandler
                0x0000663a        0x8 ./SDK/startup/startup_mk64f12.o
                0x0000663a                SPI1_IRQHandler
 .text.I2S0_Tx_IRQHandler
                0x00006642        0x8 ./SDK/startup/startup_mk64f12.o
                0x00006642                I2S0_Tx_IRQHandler
 .text.I2S0_Rx_IRQHandler
                0x0000664a        0x8 ./SDK/startup/startup_mk64f12.o
                0x0000664a                I2S0_Rx_IRQHandler
 .text.UART0_LON_IRQHandler
                0x00006652        0x8 ./SDK/startup/startup_mk64f12.o
                0x00006652                UART0_LON_IRQHandler
 .text.UART0_ERR_IRQHandler
                0x0000665a        0x8 ./SDK/startup/startup_mk64f12.o
                0x0000665a                UART0_ERR_IRQHandler
 .text.UART1_RX_TX_IRQHandler
                0x00006662        0x8 ./SDK/startup/startup_mk64f12.o
                0x00006662                UART1_RX_TX_IRQHandler
 .text.UART1_ERR_IRQHandler
                0x0000666a        0x8 ./SDK/startup/startup_mk64f12.o
                0x0000666a                UART1_ERR_IRQHandler
 .text.UART2_ERR_IRQHandler
                0x00006672        0x8 ./SDK/startup/startup_mk64f12.o
                0x00006672                UART2_ERR_IRQHandler
 .text.UART3_ERR_IRQHandler
                0x0000667a        0x8 ./SDK/startup/startup_mk64f12.o
                0x0000667a                UART3_ERR_IRQHandler
 .text.ADC0_IRQHandler
                0x00006682        0x8 ./SDK/startup/startup_mk64f12.o
                0x00006682                ADC0_IRQHandler
 .text.CMP0_IRQHandler
                0x0000668a        0x8 ./SDK/startup/startup_mk64f12.o
                0x0000668a                CMP0_IRQHandler
 .text.CMP1_IRQHandler
                0x00006692        0x8 ./SDK/startup/startup_mk64f12.o
                0x00006692                CMP1_IRQHandler
 .text.FTM2_IRQHandler
                0x0000669a        0x8 ./SDK/startup/startup_mk64f12.o
                0x0000669a                FTM2_IRQHandler
 .text.CMT_IRQHandler
                0x000066a2        0x8 ./SDK/startup/startup_mk64f12.o
                0x000066a2                CMT_IRQHandler
 .text.RTC_IRQHandler
                0x000066aa        0x8 ./SDK/startup/startup_mk64f12.o
                0x000066aa                RTC_IRQHandler
 .text.RTC_Seconds_IRQHandler
                0x000066b2        0x8 ./SDK/startup/startup_mk64f12.o
                0x000066b2                RTC_Seconds_IRQHandler
 .text.PDB0_IRQHandler
                0x000066ba        0x8 ./SDK/startup/startup_mk64f12.o
                0x000066ba                PDB0_IRQHandler
 .text.USB0_IRQHandler
                0x000066c2        0x8 ./SDK/startup/startup_mk64f12.o
                0x000066c2                USB0_IRQHandler
 .text.USBDCD_IRQHandler
                0x000066ca        0x8 ./SDK/startup/startup_mk64f12.o
                0x000066ca                USBDCD_IRQHandler
 .text.Reserved71_IRQHandler
                0x000066d2        0x8 ./SDK/startup/startup_mk64f12.o
                0x000066d2                Reserved71_IRQHandler
 .text.DAC0_IRQHandler
                0x000066da        0x8 ./SDK/startup/startup_mk64f12.o
                0x000066da                DAC0_IRQHandler
 .text.MCG_IRQHandler
                0x000066e2        0x8 ./SDK/startup/startup_mk64f12.o
                0x000066e2                MCG_IRQHandler
 .text.LPTMR0_IRQHandler
                0x000066ea        0x8 ./SDK/startup/startup_mk64f12.o
                0x000066ea                LPTMR0_IRQHandler
 .text.SWI_IRQHandler
                0x000066f2        0x8 ./SDK/startup/startup_mk64f12.o
                0x000066f2                SWI_IRQHandler
 .text.SPI2_IRQHandler
                0x000066fa        0x8 ./SDK/startup/startup_mk64f12.o
                0x000066fa                SPI2_IRQHandler
 .text.UART4_ERR_IRQHandler
                0x00006702        0x8 ./SDK/startup/startup_mk64f12.o
                0x00006702                UART4_ERR_IRQHandler
 .text.UART5_RX_TX_IRQHandler
                0x0000670a        0x8 ./SDK/startup/startup_mk64f12.o
                0x0000670a                UART5_RX_TX_IRQHandler
 .text.UART5_ERR_IRQHandler
                0x00006712        0x8 ./SDK/startup/startup_mk64f12.o
                0x00006712                UART5_ERR_IRQHandler
 .text.CMP2_IRQHandler
                0x0000671a        0x8 ./SDK/startup/startup_mk64f12.o
                0x0000671a                CMP2_IRQHandler
 .text.FTM3_IRQHandler
                0x00006722        0x8 ./SDK/startup/startup_mk64f12.o
                0x00006722                FTM3_IRQHandler
 .text.DAC1_IRQHandler
                0x0000672a        0x8 ./SDK/startup/startup_mk64f12.o
                0x0000672a                DAC1_IRQHandler
 .text.ADC1_IRQHandler
                0x00006732        0x8 ./SDK/startup/startup_mk64f12.o
                0x00006732                ADC1_IRQHandler
 .text.I2C2_IRQHandler
                0x0000673a        0x8 ./SDK/startup/startup_mk64f12.o
                0x0000673a                I2C2_IRQHandler
 .text.CAN0_ORed_Message_buffer_IRQHandler
                0x00006742        0x8 ./SDK/startup/startup_mk64f12.o
                0x00006742                CAN0_ORed_Message_buffer_IRQHandler
 .text.CAN0_Bus_Off_IRQHandler
                0x0000674a        0x8 ./SDK/startup/startup_mk64f12.o
                0x0000674a                CAN0_Bus_Off_IRQHandler
 .text.CAN0_Error_IRQHandler
                0x00006752        0x8 ./SDK/startup/startup_mk64f12.o
                0x00006752                CAN0_Error_IRQHandler
 .text.CAN0_Tx_Warning_IRQHandler
                0x0000675a        0x8 ./SDK/startup/startup_mk64f12.o
                0x0000675a                CAN0_Tx_Warning_IRQHandler
 .text.CAN0_Rx_Warning_IRQHandler
                0x00006762        0x8 ./SDK/startup/startup_mk64f12.o
                0x00006762                CAN0_Rx_Warning_IRQHandler
 .text.CAN0_Wake_Up_IRQHandler
                0x0000676a        0x8 ./SDK/startup/startup_mk64f12.o
                0x0000676a                CAN0_Wake_Up_IRQHandler
 .text.SDHC_IRQHandler
                0x00006772        0x8 ./SDK/startup/startup_mk64f12.o
                0x00006772                SDHC_IRQHandler
 .text.ENET_1588_Timer_IRQHandler
                0x0000677a        0x8 ./SDK/startup/startup_mk64f12.o
                0x0000677a                ENET_1588_Timer_IRQHandler
 .text.ENET_Transmit_IRQHandler
                0x00006782        0x8 ./SDK/startup/startup_mk64f12.o
                0x00006782                ENET_Transmit_IRQHandler
 .text.ENET_Receive_IRQHandler
                0x0000678a        0x8 ./SDK/startup/startup_mk64f12.o
                0x0000678a                ENET_Receive_IRQHandler
 .text.ENET_Error_IRQHandler
                0x00006792        0x8 ./SDK/startup/startup_mk64f12.o
                0x00006792                ENET_Error_IRQHandler
 .text.SystemInitHook
                0x0000679a        0xe ./SDK/CMSIS/system_MK64F12.o
                0x0000679a                SystemInitHook
 .text.asinf    0x000067a8        0x6 c:/nxp/mcuxpressoide_11.6.1_8255/ide/plugins/com.nxp.mcuxpresso.tools.win32_11.6.1.202207200623/tools/bin/../lib/gcc/arm-none-eabi/10.3.1/../../../../arm-none-eabi/lib/thumb/v7e-m+fp/hard\libcr_c.a(asinf.o)
                0x000067a8                asinf
 .text.fabsf    0x000067ae       0x10 c:/nxp/mcuxpressoide_11.6.1_8255/ide/plugins/com.nxp.mcuxpresso.tools.win32_11.6.1.202207200623/tools/bin/../lib/gcc/arm-none-eabi/10.3.1/../../../../arm-none-eabi/lib/thumb/v7e-m+fp/hard\libcr_c.a(fabsf.o)
                0x000067ae                fabsf
 .text.sinf     0x000067be       0x26 c:/nxp/mcuxpressoide_11.6.1_8255/ide/plugins/com.nxp.mcuxpresso.tools.win32_11.6.1.202207200623/tools/bin/../lib/gcc/arm-none-eabi/10.3.1/../../../../arm-none-eabi/lib/thumb/v7e-m+fp/hard\libcr_c.a(sinf.o)
                0x000067be                sinf
 .text.sqrtf    0x000067e4        0x6 c:/nxp/mcuxpressoide_11.6.1_8255/ide/plugins/com.nxp.mcuxpresso.tools.win32_11.6.1.202207200623/tools/bin/../lib/gcc/arm-none-eabi/10.3.1/../../../../arm-none-eabi/lib/thumb/v7e-m+fp/hard\libcr_c.a(sqrtf_m4_hardfp.o)
                0x000067e4                sqrtf
 .text.memcpy   0x000067ea        0x4 c:/nxp/mcuxpressoide_11.6.1_8255/ide/plugins/com.nxp.mcuxpresso.tools.win32_11.6.1.202207200623/tools/bin/../lib/gcc/arm-none-eabi/10.3.1/../../../../arm-none-eabi/lib/thumb/v7e-m+fp/hard\libcr_c.a(memcpy.o)
                0x000067ea                memcpy
 .text.memset   0x000067ee        0x4 c:/nxp/mcuxpressoide_11.6.1_8255/ide/plugins/com.nxp.mcuxpresso.tools.win32_11.6.1.202207200623/tools/bin/../lib/gcc/arm-none-eabi/10.3.1/../../../../arm-none-eabi/lib/thumb/v7e-m+fp/hard\libcr_c.a(memset.o)
                0x000067ee                memset
 .text.fp_round
                0x000067f2       0x4e c:/nxp/mcuxpressoide_11.6.1_8255/ide/plugins/com.nxp.mcuxpresso.tools.win32_11.6.1.202207200623/tools/bin/../lib/gcc/arm-none-eabi/10.3.1/../../../../arm-none-eabi/lib/thumb/v7e-m+fp/hard\libcr_c.a(fpprintf.o)
 .text.pr_dec.constprop.0
                0x00006840       0x26 c:/nxp/mcuxpressoide_11.6.1_8255/ide/plugins/com.nxp.mcuxpresso.tools.win32_11.6.1.202207200623/tools/bin/../lib/gcc/arm-none-eabi/10.3.1/../../../../arm-none-eabi/lib/thumb/v7e-m+fp/hard\libcr_c.a(fpprintf.o)
 .text.strlen   0x00006866       0x48 c:/nxp/mcuxpressoide_11.6.1_8255/ide/plugins/com.nxp.mcuxpresso.tools.win32_11.6.1.202207200623/tools/bin/../lib/gcc/arm-none-eabi/10.3.1/../../../../arm-none-eabi/lib/thumb/v7e-m+fp/hard\libcr_c.a(strlen.o)
                0x00006866                strlen
 .text._deferredlazyseek
                0x000068ae       0x40 c:/nxp/mcuxpressoide_11.6.1_8255/ide/plugins/com.nxp.mcuxpresso.tools.win32_11.6.1.202207200623/tools/bin/../lib/gcc/arm-none-eabi/10.3.1/../../../../arm-none-eabi/lib/thumb/v7e-m+fp/hard\libcr_c.a(_deferredlazyseek.o)
                0x000068ae                _deferredlazyseek
 .text.__flsbuf
                0x000068ee      0x140 c:/nxp/mcuxpressoide_11.6.1_8255/ide/plugins/com.nxp.mcuxpresso.tools.win32_11.6.1.202207200623/tools/bin/../lib/gcc/arm-none-eabi/10.3.1/../../../../arm-none-eabi/lib/thumb/v7e-m+fp/hard\libcr_c.a(_deferredlazyseek.o)
                0x000068ee                __flsbuf
 .text._fflush  0x00006a2e       0x52 c:/nxp/mcuxpressoide_11.6.1_8255/ide/plugins/com.nxp.mcuxpresso.tools.win32_11.6.1.202207200623/tools/bin/../lib/gcc/arm-none-eabi/10.3.1/../../../../arm-none-eabi/lib/thumb/v7e-m+fp/hard\libcr_c.a(_fflush.o)
                0x00006a2e                _fflush
 .text.__aeabi_division_uldivmod
                0x00006a80      0x174 c:/nxp/mcuxpressoide_11.6.1_8255/ide/plugins/com.nxp.mcuxpresso.tools.win32_11.6.1.202207200623/tools/bin/../lib/gcc/arm-none-eabi/10.3.1/thumb/v7e-m+fp/hard\libcr_eabihelpers.a(division_64.o)
                0x00006a80                __aeabi_uldivmod
                0x00006a84                __bhs_ldivmod1
 .text.__aeabi_division_idiv0
                0x00006bf4        0x2 c:/nxp/mcuxpressoide_11.6.1_8255/ide/plugins/com.nxp.mcuxpresso.tools.win32_11.6.1.202207200623/tools/bin/../lib/gcc/arm-none-eabi/10.3.1/thumb/v7e-m+fp/hard\libcr_eabihelpers.a(division_idiv0.o)
                0x00006bf4                __aeabi_idiv0
 .text.__aeabi_d2iz
                0x00006bf6       0x40 c:/nxp/mcuxpressoide_11.6.1_8255/ide/plugins/com.nxp.mcuxpresso.tools.win32_11.6.1.202207200623/tools/bin/../lib/gcc/arm-none-eabi/10.3.1/thumb/v7e-m+fp/hard\libcr_eabihelpers.a(double.o)
                0x00006bf6                __aeabi_d2iz
 .text.__aeabi_d2uiz
                0x00006c36       0x30 c:/nxp/mcuxpressoide_11.6.1_8255/ide/plugins/com.nxp.mcuxpresso.tools.win32_11.6.1.202207200623/tools/bin/../lib/gcc/arm-none-eabi/10.3.1/thumb/v7e-m+fp/hard\libcr_eabihelpers.a(double.o)
                0x00006c36                __aeabi_d2uiz
 .text.__bhs_ui2d
                0x00006c66       0x46 c:/nxp/mcuxpressoide_11.6.1_8255/ide/plugins/com.nxp.mcuxpresso.tools.win32_11.6.1.202207200623/tools/bin/../lib/gcc/arm-none-eabi/10.3.1/thumb/v7e-m+fp/hard\libcr_eabihelpers.a(double.o)
                0x00006c66                __bhs_ui2d
 .text.__aeabi_i2d
                0x00006cac       0x12 c:/nxp/mcuxpressoide_11.6.1_8255/ide/plugins/com.nxp.mcuxpresso.tools.win32_11.6.1.202207200623/tools/bin/../lib/gcc/arm-none-eabi/10.3.1/thumb/v7e-m+fp/hard\libcr_eabihelpers.a(double.o)
                0x00006cac                __aeabi_i2d
 .text.__aeabi_dcmpeq
                0x00006cbe       0x30 c:/nxp/mcuxpressoide_11.6.1_8255/ide/plugins/com.nxp.mcuxpresso.tools.win32_11.6.1.202207200623/tools/bin/../lib/gcc/arm-none-eabi/10.3.1/thumb/v7e-m+fp/hard\libcr_eabihelpers.a(double.o)
                0x00006cbe                __aeabi_dcmpeq
 .text.__aeabi_dcmplt
                0x00006cee       0x56 c:/nxp/mcuxpressoide_11.6.1_8255/ide/plugins/com.nxp.mcuxpresso.tools.win32_11.6.1.202207200623/tools/bin/../lib/gcc/arm-none-eabi/10.3.1/thumb/v7e-m+fp/hard\libcr_eabihelpers.a(double.o)
                0x00006cee                __aeabi_dcmplt
 .text.__aeabi_dcmple
                0x00006d44       0x56 c:/nxp/mcuxpressoide_11.6.1_8255/ide/plugins/com.nxp.mcuxpresso.tools.win32_11.6.1.202207200623/tools/bin/../lib/gcc/arm-none-eabi/10.3.1/thumb/v7e-m+fp/hard\libcr_eabihelpers.a(double.o)
                0x00006d44                __aeabi_dcmple
 .text.__aeabi_dcmpge
                0x00006d9a       0x56 c:/nxp/mcuxpressoide_11.6.1_8255/ide/plugins/com.nxp.mcuxpresso.tools.win32_11.6.1.202207200623/tools/bin/../lib/gcc/arm-none-eabi/10.3.1/thumb/v7e-m+fp/hard\libcr_eabihelpers.a(double.o)
                0x00006d9a                __aeabi_dcmpge
 .text.__aeabi_memcpy
                0x00006df0       0x34 c:/nxp/mcuxpressoide_11.6.1_8255/ide/plugins/com.nxp.mcuxpresso.tools.win32_11.6.1.202207200623/tools/bin/../lib/gcc/arm-none-eabi/10.3.1/thumb/v7e-m+fp/hard\libcr_eabihelpers.a(memcpy.o)
                0x00006df0                __aeabi_memcpy
                0x00006dfa                __aeabi_memcpy8
                0x00006dfa                __aeabi_memcpy4
 .text.__aeabi_memset_lowlevel
                0x00006e24       0x32 c:/nxp/mcuxpressoide_11.6.1_8255/ide/plugins/com.nxp.mcuxpresso.tools.win32_11.6.1.202207200623/tools/bin/../lib/gcc/arm-none-eabi/10.3.1/thumb/v7e-m+fp/hard\libcr_eabihelpers.a(memcpy.o)
                0x00006e24                __aeabi_lowlevel_memset
 .text.__sys_flen
                0x00006e56        0xc c:/nxp/mcuxpressoide_11.6.1_8255/ide/plugins/com.nxp.mcuxpresso.tools.win32_11.6.1.202207200623/tools/bin/../lib/gcc/arm-none-eabi/10.3.1/../../../../arm-none-eabi/lib/thumb/v7e-m+fp/hard\libcr_semihost_nf.a(__sys_flen.o)
                0x00006e56                __sys_flen
 .text.__sys_istty
                0x00006e62        0xc c:/nxp/mcuxpressoide_11.6.1_8255/ide/plugins/com.nxp.mcuxpresso.tools.win32_11.6.1.202207200623/tools/bin/../lib/gcc/arm-none-eabi/10.3.1/../../../../arm-none-eabi/lib/thumb/v7e-m+fp/hard\libcr_semihost_nf.a(__sys_istty.o)
                0x00006e62                __sys_istty
 .text.__sys_seek
                0x00006e6e        0xc c:/nxp/mcuxpressoide_11.6.1_8255/ide/plugins/com.nxp.mcuxpresso.tools.win32_11.6.1.202207200623/tools/bin/../lib/gcc/arm-none-eabi/10.3.1/../../../../arm-none-eabi/lib/thumb/v7e-m+fp/hard\libcr_semihost_nf.a(__sys_seek.o)
                0x00006e6e                __sys_seek
 .text.__sys_write
                0x00006e7a        0xc c:/nxp/mcuxpressoide_11.6.1_8255/ide/plugins/com.nxp.mcuxpresso.tools.win32_11.6.1.202207200623/tools/bin/../lib/gcc/arm-none-eabi/10.3.1/../../../../arm-none-eabi/lib/thumb/v7e-m+fp/hard\libcr_semihost_nf.a(__sys_write.o)
                0x00006e7a                __sys_write
 *(SORT_BY_ALIGNMENT(.rodata) SORT_BY_ALIGNMENT(.rodata.*) SORT_BY_ALIGNMENT(.constdata) SORT_BY_ALIGNMENT(.constdata.*))
 *fill*         0x00006e86        0x2 ff
 .rodata.UARTPorts
                0x00006e88       0x18 ./source/UART/uart.o
 .rodata.portPtr
                0x00006ea0       0x14 ./source/UART/uart.o
 .rodata.UARTClockSource
                0x00006eb4       0x18 ./source/UART/uart.o
 .rodata.UARTSIMR
                0x00006ecc       0x14 ./source/UART/uart.o
 .rodata.UARTSIMMask
                0x00006ee0       0x14 ./source/UART/uart.o
 .rodata.UART_RX_TX_Vectors
                0x00006ef4        0x6 ./source/UART/uart.o
 *fill*         0x00006efa        0x2 ff
 .rodata.UARTPinPort
                0x00006efc        0x5 ./source/UART/uart.o
 *fill*         0x00006f01        0x3 ff
 .rodata.UARTPinNumRX
                0x00006f04        0x5 ./source/UART/uart.o
 *fill*         0x00006f09        0x3 ff
 .rodata.UARTPinNumTX
                0x00006f0c        0x5 ./source/UART/uart.o
 *fill*         0x00006f11        0x3 ff
 .rodata.UARTPinMuxAlt
                0x00006f14        0x5 ./source/UART/uart.o
 *fill*         0x00006f19        0x3 ff
 .rodata.DPS_SCALE
                0x00006f1c        0x8 ./source/Sensores/MPU6050.o
 .rodata.G_SCALE
                0x00006f24        0x8 ./source/Sensores/MPU6050.o
 .rodata.portPtr
                0x00006f2c       0x14 ./source/SBUS/SBUS.o
 .rodata.gpioPtr
                0x00006f40       0x14 ./source/MCAL/gpio.o
 .rodata.portPtr
                0x00006f54       0x14 ./source/MCAL/gpio.o
 .rodata.SIMPortMasks
                0x00006f68       0x14 ./source/MCAL/gpio.o
 .rodata.I2CPtrs
                0x00006f7c        0xc ./source/I2Cm/I2Cm.o
 .rodata.I2CIRQs
                0x00006f88        0x3 ./source/I2Cm/I2Cm.o
 *fill*         0x00006f8b        0x1 ff
 .rodata.portPtr
                0x00006f8c       0x14 ./source/I2Cm/I2Cm.o
 .rodata.I2CPinPorts
                0x00006fa0        0x4 ./source/I2Cm/I2Cm.o
 .rodata.I2CPinPinsSCL
                0x00006fa4        0x4 ./source/I2Cm/I2Cm.o
 .rodata.I2CPinPinsSDA
                0x00006fa8        0x4 ./source/I2Cm/I2Cm.o
 .rodata.I2CPinAlts
                0x00006fac        0x4 ./source/I2Cm/I2Cm.o
 .rodata.I2CClkSimPtr
                0x00006fb0       0x10 ./source/I2Cm/I2Cm.o
 .rodata.I2CClkSimMask
                0x00006fc0       0x10 ./source/I2Cm/I2Cm.o
 .rodata.portPtr
                0x00006fd0       0x14 ./source/ESCDriver/ESCDriver.o
 .rodata.FTMPinPort
                0x00006fe4       0x20 ./source/ESCDriver/ESCDriver.o
 .rodata.FTMPinNum
                0x00007004       0x20 ./source/ESCDriver/ESCDriver.o
 .rodata.FTMPinMuxAlt
                0x00007024       0x20 ./source/ESCDriver/ESCDriver.o
 .rodata.motorChannel
                0x00007044        0x4 ./source/ESCDriver/ESCDriver.o
 .rodata.sendUartMessage3Channels.str1.4
                0x00007048       0x14 ./source/App.o
 .rodata.sinTable_f32
                0x0000705c      0x804 C:\Users\sch_b\OneDrive\Documentos\QUADCOPTER\Quadcopter\TPQUAD\SDK\CMSIS\DSP\libarm_cortexM4lf_math.a(arm_common_tables.o)
                0x0000705c                sinTable_f32
 .rodata.a.0    0x00007860       0x10 c:/nxp/mcuxpressoide_11.6.1_8255/ide/plugins/com.nxp.mcuxpresso.tools.win32_11.6.1.202207200623/tools/bin/../lib/gcc/arm-none-eabi/10.3.1/../../../../arm-none-eabi/lib/thumb/v7e-m+fp/hard\libcr_c.a(atanf.o)
 .rodata.a.1    0x00007870        0x8 c:/nxp/mcuxpressoide_11.6.1_8255/ide/plugins/com.nxp.mcuxpresso.tools.win32_11.6.1.202207200623/tools/bin/../lib/gcc/arm-none-eabi/10.3.1/../../../../arm-none-eabi/lib/thumb/v7e-m+fp/hard\libcr_c.a(_asinacosf.o)
 .rodata.b.0    0x00007878        0x8 c:/nxp/mcuxpressoide_11.6.1_8255/ide/plugins/com.nxp.mcuxpresso.tools.win32_11.6.1.202207200623/tools/bin/../lib/gcc/arm-none-eabi/10.3.1/../../../../arm-none-eabi/lib/thumb/v7e-m+fp/hard\libcr_c.a(_asinacosf.o)
 .rodata.fp_display.str1.1
                0x00007880       0x34 c:/nxp/mcuxpressoide_11.6.1_8255/ide/plugins/com.nxp.mcuxpresso.tools.win32_11.6.1.202207200623/tools/bin/../lib/gcc/arm-none-eabi/10.3.1/../../../../arm-none-eabi/lib/thumb/v7e-m+fp/hard\libcr_c.a(fpprintf.o)
                                 0x35 (size before relaxing)
 .rodata.__vfprintf.str1.1
                0x000078b4       0x31 c:/nxp/mcuxpressoide_11.6.1_8255/ide/plugins/com.nxp.mcuxpresso.tools.win32_11.6.1.202207200623/tools/bin/../lib/gcc/arm-none-eabi/10.3.1/../../../../arm-none-eabi/lib/thumb/v7e-m+fp/hard\libcr_c.a(printf.o)
                                 0x38 (size before relaxing)
 .rodata._Csys_alloc.str1.1
                0x000078e5       0x18 c:/nxp/mcuxpressoide_11.6.1_8255/ide/plugins/com.nxp.mcuxpresso.tools.win32_11.6.1.202207200623/tools/bin/../lib/gcc/arm-none-eabi/10.3.1/../../../../arm-none-eabi/lib/thumb/v7e-m+fp/hard\libcr_c.a(alloc.o)
                0x00007900                . = ALIGN (0x8)
 *fill*         0x000078fd        0x3 ff
                0x00007900                _etext = .

.glue_7         0x00007900        0x0
 .glue_7        0x00007900        0x0 linker stubs

.glue_7t        0x00007900        0x0
 .glue_7t       0x00007900        0x0 linker stubs

.vfp11_veneer   0x00007900        0x0
 .vfp11_veneer  0x00007900        0x0 linker stubs

.v4_bx          0x00007900        0x0
 .v4_bx         0x00007900        0x0 linker stubs

.iplt           0x00007900        0x0
 .iplt          0x00007900        0x0 ./source/timer/SysTick.o

.rel.dyn        0x00007900        0x0
 .rel.iplt      0x00007900        0x0 ./source/timer/SysTick.o

.m_usb_data
 *(SORT_BY_ALIGNMENT(m_usb_bdt))

.data_RAM2      0x1fff0000        0x0 load address 0x00007900
 FILL mask 0xff
                [!provide]                PROVIDE (__start_data_RAM2 = .)
                [!provide]                PROVIDE (__start_data_SRAM_LOWER = .)
 *(SORT_BY_ALIGNMENT(.ramfunc.$RAM2))
 *(SORT_BY_ALIGNMENT(.ramfunc.$SRAM_LOWER))
 *(SORT_BY_ALIGNMENT(.data.$RAM2))
 *(SORT_BY_ALIGNMENT(.data.$SRAM_LOWER))
 *(SORT_BY_ALIGNMENT(.data.$RAM2.*))
 *(SORT_BY_ALIGNMENT(.data.$SRAM_LOWER.*))
                0x1fff0000                . = ALIGN (0x8)
                [!provide]                PROVIDE (__end_data_RAM2 = .)
                [!provide]                PROVIDE (__end_data_SRAM_LOWER = .)

.data_RAM3      0x14000000        0x0 load address 0x00007900
 FILL mask 0xff
                [!provide]                PROVIDE (__start_data_RAM3 = .)
                [!provide]                PROVIDE (__start_data_FLEX_RAM = .)
 *(SORT_BY_ALIGNMENT(.ramfunc.$RAM3))
 *(SORT_BY_ALIGNMENT(.ramfunc.$FLEX_RAM))
 *(SORT_BY_ALIGNMENT(.data.$RAM3))
 *(SORT_BY_ALIGNMENT(.data.$FLEX_RAM))
 *(SORT_BY_ALIGNMENT(.data.$RAM3.*))
 *(SORT_BY_ALIGNMENT(.data.$FLEX_RAM.*))
                0x14000000                . = ALIGN (0x8)
                [!provide]                PROVIDE (__end_data_RAM3 = .)
                [!provide]                PROVIDE (__end_data_FLEX_RAM = .)

.uninit_RESERVED
                0x20000000        0x0
                0x20000000                _start_uninit_RESERVED = .
 *(SORT_BY_ALIGNMENT(.bss.$RESERVED*))
                0x20000000                . = ALIGN (0x8)
                0x20000000                _end_uninit_RESERVED = .

.data           0x20000000       0x10 load address 0x00007900
 FILL mask 0xff
                0x20000000                _data = .
                [!provide]                PROVIDE (__start_data_RAM = .)
                [!provide]                PROVIDE (__start_data_SRAM_UPPER = .)
 *(SORT_BY_ALIGNMENT(vtable))
 *(SORT_BY_ALIGNMENT(.ramfunc*))
 *(SORT_BY_ALIGNMENT(CodeQuickAccess))
 *(SORT_BY_ALIGNMENT(DataQuickAccess))
 *(SORT_BY_ALIGNMENT(RamFunction))
 *(SORT_BY_ALIGNMENT(.data*))
 .data.SPIPtrs  0x20000000        0xc ./source/SPI/SPI.o
 .data.i2cStates
                0x2000000c        0x2 ./source/I2Cm/I2Cm.o
                0x2000000c                i2cStates
 .data.timers_cant
                0x2000000e        0x1 ./source/timer/timer.o
 .data.Gscale   0x2000000f        0x1 ./source/Sensores/MPU6050.o
                0x20000010                . = ALIGN (0x8)
                0x20000010                _edata = .
                [!provide]                PROVIDE (__end_data_RAM = .)
                [!provide]                PROVIDE (__end_data_SRAM_UPPER = .)

.igot.plt       0x20000010        0x0 load address 0x00007910
 .igot.plt      0x20000010        0x0 ./source/timer/SysTick.o

.bss_RAM2       0x1fff0000        0x0
                [!provide]                PROVIDE (__start_bss_RAM2 = .)
                [!provide]                PROVIDE (__start_bss_SRAM_LOWER = .)
 *(SORT_BY_ALIGNMENT(.bss.$RAM2))
 *(SORT_BY_ALIGNMENT(.bss.$SRAM_LOWER))
 *(SORT_BY_ALIGNMENT(.bss.$RAM2.*))
 *(SORT_BY_ALIGNMENT(.bss.$SRAM_LOWER.*))
                0x1fff0000                . = ALIGN ((. != 0x0)?0x8:0x1)
                [!provide]                PROVIDE (__end_bss_RAM2 = .)
                [!provide]                PROVIDE (__end_bss_SRAM_LOWER = .)

.bss_RAM3       0x14000000        0x0
                [!provide]                PROVIDE (__start_bss_RAM3 = .)
                [!provide]                PROVIDE (__start_bss_FLEX_RAM = .)
 *(SORT_BY_ALIGNMENT(.bss.$RAM3))
 *(SORT_BY_ALIGNMENT(.bss.$FLEX_RAM))
 *(SORT_BY_ALIGNMENT(.bss.$RAM3.*))
 *(SORT_BY_ALIGNMENT(.bss.$FLEX_RAM.*))
                0x14000000                . = ALIGN ((. != 0x0)?0x8:0x1)
                [!provide]                PROVIDE (__end_bss_RAM3 = .)
                [!provide]                PROVIDE (__end_bss_FLEX_RAM = .)

.bss            0x20000010     0x1268
                0x20000010                _bss = .
                [!provide]                PROVIDE (__start_bss_RAM = .)
                [!provide]                PROVIDE (__start_bss_SRAM_UPPER = .)
 *(SORT_BY_ALIGNMENT(.bss*))
 .bss.gyroAverage
                0x20000010       0x18 ./source/Sensores/MPU6050.o
 .bss.accelAverage
                0x20000028       0x18 ./source/Sensores/MPU6050.o
 .bss.ICLastTicks
                0x20000040      0x100 ./source/FTM/FTM.o
 .bss.accelData
                0x20000140       0x20 ./source/App.o
                0x20000140                accelData
 .bss.gyroData  0x20000160       0x20 ./source/App.o
                0x20000160                gyroData
 .bss.SysTickCallback
                0x20000180        0x4 ./source/timer/SysTick.o
 .bss.timers    0x20000184       0xa0 ./source/timer/timer.o
 .bss.pckgNULL  0x20000224       0x10 ./source/buffer/SPI_buffer.o
                0x20000224                pckgNULL
 .bss.TxBuffer  0x20000234      0x267 ./source/UART/uart.o
 *fill*         0x2000049b        0x1 
 .bss.RxBuffer  0x2000049c      0x267 ./source/UART/uart.o
 *fill*         0x20000703        0x1 
 .bss.writeBuffer
                0x20000704        0x4 ./source/Sensores/MPU6050.o
 .bss.readBuffer
                0x20000708        0xa ./source/Sensores/MPU6050.o
 *fill*         0x20000712        0x2 
 .bss.LastRawDataGyroRead
                0x20000714        0x6 ./source/Sensores/MPU6050.o
 *fill*         0x2000071a        0x2 
 .bss.LastRawDataAccRead
                0x2000071c        0x6 ./source/Sensores/MPU6050.o
 *fill*         0x20000722        0x2 
 .bss.TxBuffer  0x20000724      0x408 ./source/SPI/SPI.o
 .bss.cont.1    0x20000b2c        0x4 ./source/SPI/SPI.o
 .bss.pckgAux.0
                0x20000b30       0x10 ./source/SPI/SPI.o
 .bss.pSBUSData
                0x20000b40        0x4 ./source/SBUS/SBUS.o
 .bss.RxBuffer  0x20000b44      0x267 ./source/SBUS/SBUS.o
 *fill*         0x20000dab        0x1 
 .bss.PITCbs    0x20000dac       0x10 ./source/PIT/PIT.o
 .bss.portIrqFunc
                0x20000dbc      0x280 ./source/MCAL/gpio.o
                0x20000dbc                portIrqFunc
 .bss.writeState
                0x2000103c       0x24 ./source/I2Cm/I2Cm.o
 .bss.readState
                0x20001060       0x18 ./source/I2Cm/I2Cm.o
 .bss.PWMPtrs   0x20001078       0x80 ./source/FTM/FTM.o
 .bss.ICCbPtrs  0x200010f8       0x80 ./source/FTM/FTM.o
 .bss.ICChannelValue
                0x20001178       0x40 ./source/FTM/FTM.o
 .bss.ICnewEdge
                0x200011b8       0x20 ./source/FTM/FTM.o
 .bss.sbus      0x200011d8       0x22 ./source/App.o
                0x200011d8                sbus
 *fill*         0x200011fa        0x2 
 .bss.strChannels
                0x200011fc       0x64 ./source/App.o
 .bss.__LDM_interruptDisableCount
                0x20001260        0x4 ./SDK/startup/hardware.o
 .bss.errno     0x20001264        0x4 c:/nxp/mcuxpressoide_11.6.1_8255/ide/plugins/com.nxp.mcuxpresso.tools.win32_11.6.1.202207200623/tools/bin/../lib/gcc/arm-none-eabi/10.3.1/../../../../arm-none-eabi/lib/thumb/v7e-m+fp/hard\libcr_c.a(errno.o)
                0x20001264                errno
 .bss.__end_of_heap
                0x20001268        0x4 c:/nxp/mcuxpressoide_11.6.1_8255/ide/plugins/com.nxp.mcuxpresso.tools.win32_11.6.1.202207200623/tools/bin/../lib/gcc/arm-none-eabi/10.3.1/../../../../arm-none-eabi/lib/thumb/v7e-m+fp/hard\libcr_c.a(__init_alloc.o)
                0x20001268                __end_of_heap
 .bss.__heaps   0x2000126c        0x4 c:/nxp/mcuxpressoide_11.6.1_8255/ide/plugins/com.nxp.mcuxpresso.tools.win32_11.6.1.202207200623/tools/bin/../lib/gcc/arm-none-eabi/10.3.1/../../../../arm-none-eabi/lib/thumb/v7e-m+fp/hard\libcr_c.a(__init_alloc.o)
                0x2000126c                __heaps
 .bss.yaInit.0  0x20001270        0x1 ./source/timer/timer.o
 .bss.Ascale    0x20001271        0x1 ./source/Sensores/MPU6050.o
 .bss.writeSize
                0x20001272        0x1 ./source/Sensores/MPU6050.o
 .bss.readSize  0x20001273        0x1 ./source/Sensores/MPU6050.o
 .bss.inInterrupt
                0x20001274        0x1 ./source/SPI/SPI.o
 .bss.contBytes
                0x20001275        0x1 ./source/SBUS/SBUS.o
 .bss.isBusBusy
                0x20001276        0x1 ./source/I2Cm/I2Cm.o
 .bss.I2CtriggerAcc
                0x20001277        0x1 ./source/App.o
                0x20001277                I2CtriggerAcc
 *(SORT_BY_ALIGNMENT(COMMON))
                0x20001278                . = ALIGN (0x8)
                0x20001278                _ebss = .
                [!provide]                PROVIDE (__end_bss_RAM = .)
                [!provide]                PROVIDE (__end_bss_SRAM_UPPER = .)
                [!provide]                PROVIDE (end = .)

.noinit_RAM2    0x1fff0000        0x0
                [!provide]                PROVIDE (__start_noinit_RAM2 = .)
                [!provide]                PROVIDE (__start_noinit_SRAM_LOWER = .)
 *(SORT_BY_ALIGNMENT(.noinit.$RAM2))
 *(SORT_BY_ALIGNMENT(.noinit.$SRAM_LOWER))
 *(SORT_BY_ALIGNMENT(.noinit.$RAM2.*))
 *(SORT_BY_ALIGNMENT(.noinit.$SRAM_LOWER.*))
                0x1fff0000                . = ALIGN (0x8)
                [!provide]                PROVIDE (__end_noinit_RAM2 = .)
                [!provide]                PROVIDE (__end_noinit_SRAM_LOWER = .)

.noinit_RAM3    0x14000000        0x0
                [!provide]                PROVIDE (__start_noinit_RAM3 = .)
                [!provide]                PROVIDE (__start_noinit_FLEX_RAM = .)
 *(SORT_BY_ALIGNMENT(.noinit.$RAM3))
 *(SORT_BY_ALIGNMENT(.noinit.$FLEX_RAM))
 *(SORT_BY_ALIGNMENT(.noinit.$RAM3.*))
 *(SORT_BY_ALIGNMENT(.noinit.$FLEX_RAM.*))
                0x14000000                . = ALIGN (0x8)
                [!provide]                PROVIDE (__end_noinit_RAM3 = .)
                [!provide]                PROVIDE (__end_noinit_FLEX_RAM = .)

.noinit         0x20001278        0x0
                0x20001278                _noinit = .
                [!provide]                PROVIDE (__start_noinit_RAM = .)
                [!provide]                PROVIDE (__start_noinit_SRAM_UPPER = .)
 *(SORT_BY_ALIGNMENT(.noinit*))
                0x20001278                . = ALIGN (0x8)
                0x20001278                _end_noinit = .
                [!provide]                PROVIDE (__end_noinit_RAM = .)
                [!provide]                PROVIDE (__end_noinit_SRAM_UPPER = .)

.ARM.extab
 *(SORT_BY_ALIGNMENT(.ARM.extab*) SORT_BY_ALIGNMENT(.gnu.linkonce.armextab.*))

.ARM.exidx      0x00007910        0x0
                0x00007910                __exidx_start = .
 *(SORT_BY_ALIGNMENT(.ARM.exidx*) SORT_BY_ALIGNMENT(.gnu.linkonce.armexidx.*))
                0x00007910                __exidx_end = .
                0x00001000                _HeapSize = 0x1000

.heap           0x20001278     0x1000
                0x20001278                _pvHeapStart = .
                0x20002278                . = (. + _HeapSize)
 *fill*         0x20001278     0x1000 
                0x20002278                . = ALIGN (0x8)
                0x20002278                _pvHeapLimit = .
                0x00001000                _StackSize = 0x1000

.heap2stackfill
                0x20002278     0x1000
                0x20003278                . = (. + _StackSize)
 *fill*         0x20002278     0x1000 

.stack          0x2002f000        0x0
                0x2002f000                _vStackBase = .
                0x2002f000                . = ALIGN (0x8)
                0x20030000                _vStackTop = (. + _StackSize)
                0x00000000                _image_start = LOADADDR (.text)
                0x00007910                _image_end = (LOADADDR (.data) + SIZEOF (.data))
                0x00007910                _image_size = (_image_end - _image_start)
OUTPUT(TPQUAD.axf elf32-littlearm)
LOAD linker stubs

.debug_info     0x00000000     0xf9c8
 .debug_info    0x00000000      0x506 ./source/timer/SysTick.o
 .debug_info    0x00000506      0x2d9 ./source/timer/timer.o
 .debug_info    0x000007df      0x329 ./source/buffer/SPI_buffer.o
 .debug_info    0x00000b08      0x2e6 ./source/buffer/circular_buffer.o
 .debug_info    0x00000dee      0xdbe ./source/UART/uart.o
 .debug_info    0x00001bac      0x524 ./source/Sensores/MPU6050.o
 .debug_info    0x000020d0      0xd5c ./source/SPI/SPI.o
 .debug_info    0x00002e2c      0xcae ./source/SBUS/SBUS.o
 .debug_info    0x00003ada      0x87a ./source/PIT/PIT.o
 .debug_info    0x00004354      0xc0f ./source/MCAL/gpio.o
 .debug_info    0x00004f63      0xd3a ./source/I2Cm/I2Cm.o
 .debug_info    0x00005c9d     0x168d ./source/Fusion/FusionAhrs.o
 .debug_info    0x0000732a      0x599 ./source/Fusion/FusionCompass.o
 .debug_info    0x000078c3      0xfab ./source/FTM/FTM.o
 .debug_info    0x0000886e      0x866 ./source/ESCDriver/ESCDriver.o
 .debug_info    0x000090d4      0xb63 ./source/App.o
 .debug_info    0x00009c37      0x6b2 ./SDK/startup/hardware.o
 .debug_info    0x0000a2e9       0x86 ./SDK/startup/main.o
 .debug_info    0x0000a36f       0x3c ./SDK/startup/semihost_hardfault.o
 .debug_info    0x0000a3ab      0x93a ./SDK/startup/startup_mk64f12.o
 .debug_info    0x0000ace5      0x63b ./SDK/CMSIS/system_MK64F12.o
 .debug_info    0x0000b320     0x1612 C:\Users\sch_b\OneDrive\Documentos\QUADCOPTER\Quadcopter\TPQUAD\SDK\CMSIS\DSP\libarm_cortexM4lf_math.a(arm_sin_f32.o)
 .debug_info    0x0000c932     0x1612 C:\Users\sch_b\OneDrive\Documentos\QUADCOPTER\Quadcopter\TPQUAD\SDK\CMSIS\DSP\libarm_cortexM4lf_math.a(arm_cos_f32.o)
 .debug_info    0x0000df44     0x1a84 C:\Users\sch_b\OneDrive\Documentos\QUADCOPTER\Quadcopter\TPQUAD\SDK\CMSIS\DSP\libarm_cortexM4lf_math.a(arm_common_tables.o)

.debug_abbrev   0x00000000     0x2d11
 .debug_abbrev  0x00000000      0x190 ./source/timer/SysTick.o
 .debug_abbrev  0x00000190      0x1b5 ./source/timer/timer.o
 .debug_abbrev  0x00000345      0x1b4 ./source/buffer/SPI_buffer.o
 .debug_abbrev  0x000004f9      0x162 ./source/buffer/circular_buffer.o
 .debug_abbrev  0x0000065b      0x267 ./source/UART/uart.o
 .debug_abbrev  0x000008c2      0x18f ./source/Sensores/MPU6050.o
 .debug_abbrev  0x00000a51      0x2d8 ./source/SPI/SPI.o
 .debug_abbrev  0x00000d29      0x258 ./source/SBUS/SBUS.o
 .debug_abbrev  0x00000f81      0x1d5 ./source/PIT/PIT.o
 .debug_abbrev  0x00001156      0x253 ./source/MCAL/gpio.o
 .debug_abbrev  0x000013a9      0x280 ./source/I2Cm/I2Cm.o
 .debug_abbrev  0x00001629      0x392 ./source/Fusion/FusionAhrs.o
 .debug_abbrev  0x000019bb      0x213 ./source/Fusion/FusionCompass.o
 .debug_abbrev  0x00001bce      0x297 ./source/FTM/FTM.o
 .debug_abbrev  0x00001e65      0x188 ./source/ESCDriver/ESCDriver.o
 .debug_abbrev  0x00001fed      0x27a ./source/App.o
 .debug_abbrev  0x00002267      0x12e ./SDK/startup/hardware.o
 .debug_abbrev  0x00002395       0x49 ./SDK/startup/main.o
 .debug_abbrev  0x000023de       0x31 ./SDK/startup/semihost_hardfault.o
 .debug_abbrev  0x0000240f      0x185 ./SDK/startup/startup_mk64f12.o
 .debug_abbrev  0x00002594      0x148 ./SDK/CMSIS/system_MK64F12.o
 .debug_abbrev  0x000026dc      0x22c C:\Users\sch_b\OneDrive\Documentos\QUADCOPTER\Quadcopter\TPQUAD\SDK\CMSIS\DSP\libarm_cortexM4lf_math.a(arm_sin_f32.o)
 .debug_abbrev  0x00002908      0x22c C:\Users\sch_b\OneDrive\Documentos\QUADCOPTER\Quadcopter\TPQUAD\SDK\CMSIS\DSP\libarm_cortexM4lf_math.a(arm_cos_f32.o)
 .debug_abbrev  0x00002b34      0x1dd C:\Users\sch_b\OneDrive\Documentos\QUADCOPTER\Quadcopter\TPQUAD\SDK\CMSIS\DSP\libarm_cortexM4lf_math.a(arm_common_tables.o)

.debug_aranges  0x00000000      0x9c0
 .debug_aranges
                0x00000000       0x30 ./source/timer/SysTick.o
 .debug_aranges
                0x00000030       0x50 ./source/timer/timer.o
 .debug_aranges
                0x00000080       0x58 ./source/buffer/SPI_buffer.o
 .debug_aranges
                0x000000d8       0x58 ./source/buffer/circular_buffer.o
 .debug_aranges
                0x00000130       0x70 ./source/UART/uart.o
 .debug_aranges
                0x000001a0       0x70 ./source/Sensores/MPU6050.o
 .debug_aranges
                0x00000210       0x58 ./source/SPI/SPI.o
 .debug_aranges
                0x00000268       0x38 ./source/SBUS/SBUS.o
 .debug_aranges
                0x000002a0       0x58 ./source/PIT/PIT.o
 .debug_aranges
                0x000002f8       0x78 ./source/MCAL/gpio.o
 .debug_aranges
                0x00000370       0x50 ./source/I2Cm/I2Cm.o
 .debug_aranges
                0x000003c0       0x78 ./source/Fusion/FusionAhrs.o
 .debug_aranges
                0x00000438       0x20 ./source/Fusion/FusionCompass.o
 .debug_aranges
                0x00000458       0x80 ./source/FTM/FTM.o
 .debug_aranges
                0x000004d8       0x40 ./source/ESCDriver/ESCDriver.o
 .debug_aranges
                0x00000518       0x80 ./source/App.o
 .debug_aranges
                0x00000598       0x30 ./SDK/startup/hardware.o
 .debug_aranges
                0x000005c8       0x20 ./SDK/startup/main.o
 .debug_aranges
                0x000005e8       0x20 ./SDK/startup/semihost_hardfault.o
 .debug_aranges
                0x00000608      0x330 ./SDK/startup/startup_mk64f12.o
 .debug_aranges
                0x00000938       0x30 ./SDK/CMSIS/system_MK64F12.o
 .debug_aranges
                0x00000968       0x20 C:\Users\sch_b\OneDrive\Documentos\QUADCOPTER\Quadcopter\TPQUAD\SDK\CMSIS\DSP\libarm_cortexM4lf_math.a(arm_sin_f32.o)
 .debug_aranges
                0x00000988       0x20 C:\Users\sch_b\OneDrive\Documentos\QUADCOPTER\Quadcopter\TPQUAD\SDK\CMSIS\DSP\libarm_cortexM4lf_math.a(arm_cos_f32.o)
 .debug_aranges
                0x000009a8       0x18 C:\Users\sch_b\OneDrive\Documentos\QUADCOPTER\Quadcopter\TPQUAD\SDK\CMSIS\DSP\libarm_cortexM4lf_math.a(arm_common_tables.o)

.debug_ranges   0x00000000     0x1048
 .debug_ranges  0x00000000       0x20 ./source/timer/SysTick.o
 .debug_ranges  0x00000020       0x40 ./source/timer/timer.o
 .debug_ranges  0x00000060       0x48 ./source/buffer/SPI_buffer.o
 .debug_ranges  0x000000a8       0x48 ./source/buffer/circular_buffer.o
 .debug_ranges  0x000000f0       0x60 ./source/UART/uart.o
 .debug_ranges  0x00000150       0x60 ./source/Sensores/MPU6050.o
 .debug_ranges  0x000001b0       0x48 ./source/SPI/SPI.o
 .debug_ranges  0x000001f8       0x28 ./source/SBUS/SBUS.o
 .debug_ranges  0x00000220       0x48 ./source/PIT/PIT.o
 .debug_ranges  0x00000268       0x68 ./source/MCAL/gpio.o
 .debug_ranges  0x000002d0       0x40 ./source/I2Cm/I2Cm.o
 .debug_ranges  0x00000310      0x688 ./source/Fusion/FusionAhrs.o
 .debug_ranges  0x00000998      0x200 ./source/Fusion/FusionCompass.o
 .debug_ranges  0x00000b98       0x70 ./source/FTM/FTM.o
 .debug_ranges  0x00000c08       0x30 ./source/ESCDriver/ESCDriver.o
 .debug_ranges  0x00000c38       0x70 ./source/App.o
 .debug_ranges  0x00000ca8       0x20 ./SDK/startup/hardware.o
 .debug_ranges  0x00000cc8       0x10 ./SDK/startup/main.o
 .debug_ranges  0x00000cd8       0x10 ./SDK/startup/semihost_hardfault.o
 .debug_ranges  0x00000ce8      0x320 ./SDK/startup/startup_mk64f12.o
 .debug_ranges  0x00001008       0x20 ./SDK/CMSIS/system_MK64F12.o
 .debug_ranges  0x00001028       0x10 C:\Users\sch_b\OneDrive\Documentos\QUADCOPTER\Quadcopter\TPQUAD\SDK\CMSIS\DSP\libarm_cortexM4lf_math.a(arm_sin_f32.o)
 .debug_ranges  0x00001038       0x10 C:\Users\sch_b\OneDrive\Documentos\QUADCOPTER\Quadcopter\TPQUAD\SDK\CMSIS\DSP\libarm_cortexM4lf_math.a(arm_cos_f32.o)

.debug_macro    0x00000000    0x15109
 .debug_macro   0x00000000       0xb6 ./source/timer/SysTick.o
 .debug_macro   0x000000b6      0xa7e ./source/timer/SysTick.o
 .debug_macro   0x00000b34       0x22 ./source/timer/SysTick.o
 .debug_macro   0x00000b56      0x34e ./source/timer/SysTick.o
 .debug_macro   0x00000ea4       0x10 ./source/timer/SysTick.o
 .debug_macro   0x00000eb4       0x5c ./source/timer/SysTick.o
 .debug_macro   0x00000f10       0x1c ./source/timer/SysTick.o
 .debug_macro   0x00000f2c       0x28 ./source/timer/SysTick.o
 .debug_macro   0x00000f54       0xd9 ./source/timer/SysTick.o
 .debug_macro   0x0000102d      0xecf ./source/timer/SysTick.o
 .debug_macro   0x00001efc       0x48 ./source/timer/SysTick.o
 .debug_macro   0x00001f44     0xe07b ./source/timer/SysTick.o
 .debug_macro   0x0000ffbf     0x122b ./source/timer/SysTick.o
 .debug_macro   0x000111ea       0x16 ./source/timer/SysTick.o
 .debug_macro   0x00011200      0x134 ./source/timer/timer.o
 .debug_macro   0x00011334       0x1e ./source/timer/timer.o
 .debug_macro   0x00011352       0x22 ./source/timer/timer.o
 .debug_macro   0x00011374       0x5e ./source/timer/timer.o
 .debug_macro   0x000113d2       0x94 ./source/timer/timer.o
 .debug_macro   0x00011466       0x35 ./source/timer/timer.o
 .debug_macro   0x0001149b       0x34 ./source/timer/timer.o
 .debug_macro   0x000114cf       0x16 ./source/timer/timer.o
 .debug_macro   0x000114e5      0x10e ./source/timer/timer.o
 .debug_macro   0x000115f3       0x8d ./source/timer/timer.o
 .debug_macro   0x00011680       0x16 ./source/timer/timer.o
 .debug_macro   0x00011696       0x43 ./source/timer/timer.o
 .debug_macro   0x000116d9       0x57 ./source/timer/timer.o
 .debug_macro   0x00011730       0x34 ./source/timer/timer.o
 .debug_macro   0x00011764       0x10 ./source/timer/timer.o
 .debug_macro   0x00011774       0x58 ./source/timer/timer.o
 .debug_macro   0x000117cc      0x182 ./source/timer/timer.o
 .debug_macro   0x0001194e      0x341 ./source/timer/timer.o
 .debug_macro   0x00011c8f       0x16 ./source/timer/timer.o
 .debug_macro   0x00011ca5       0x29 ./source/timer/timer.o
 .debug_macro   0x00011cce       0x28 ./source/timer/timer.o
 .debug_macro   0x00011cf6       0x10 ./source/timer/timer.o
 .debug_macro   0x00011d06      0x1e7 ./source/buffer/SPI_buffer.o
 .debug_macro   0x00011eed       0x16 ./source/buffer/SPI_buffer.o
 .debug_macro   0x00011f03       0x97 ./source/buffer/SPI_buffer.o
 .debug_macro   0x00011f9a       0xfd ./source/buffer/SPI_buffer.o
 .debug_macro   0x00012097       0x10 ./source/buffer/SPI_buffer.o
 .debug_macro   0x000120a7       0x10 ./source/buffer/SPI_buffer.o
 .debug_macro   0x000120b7       0x6a ./source/buffer/SPI_buffer.o
 .debug_macro   0x00012121       0x1c ./source/buffer/SPI_buffer.o
 .debug_macro   0x0001213d       0x52 ./source/buffer/SPI_buffer.o
 .debug_macro   0x0001218f       0x22 ./source/buffer/SPI_buffer.o
 .debug_macro   0x000121b1       0x10 ./source/buffer/SPI_buffer.o
 .debug_macro   0x000121c1       0x52 ./source/buffer/SPI_buffer.o
 .debug_macro   0x00012213       0xd5 ./source/buffer/SPI_buffer.o
 .debug_macro   0x000122e8       0x1c ./source/buffer/SPI_buffer.o
 .debug_macro   0x00012304       0x3d ./source/buffer/SPI_buffer.o
 .debug_macro   0x00012341       0x16 ./source/buffer/SPI_buffer.o
 .debug_macro   0x00012357      0x16f ./source/buffer/SPI_buffer.o
 .debug_macro   0x000124c6       0x16 ./source/buffer/SPI_buffer.o
 .debug_macro   0x000124dc       0x35 ./source/buffer/SPI_buffer.o
 .debug_macro   0x00012511       0xac ./source/buffer/circular_buffer.o
 .debug_macro   0x000125bd       0xe8 ./source/UART/uart.o
 .debug_macro   0x000126a5       0x10 ./source/UART/uart.o
 .debug_macro   0x000126b5       0x40 ./source/UART/uart.o
 .debug_macro   0x000126f5      0x175 ./source/Sensores/MPU6050.o
 .debug_macro   0x0001286a      0x338 ./source/Sensores/MPU6050.o
 .debug_macro   0x00012ba2      0x31f ./source/SPI/SPI.o
 .debug_macro   0x00012ec1       0x3a ./source/SPI/SPI.o
 .debug_macro   0x00012efb       0x10 ./source/SPI/SPI.o
 .debug_macro   0x00012f0b       0x10 ./source/SPI/SPI.o
 .debug_macro   0x00012f1b       0xf2 ./source/SBUS/SBUS.o
 .debug_macro   0x0001300d       0xd3 ./source/PIT/PIT.o
 .debug_macro   0x000130e0       0x28 ./source/PIT/PIT.o
 .debug_macro   0x00013108       0xc4 ./source/MCAL/gpio.o
 .debug_macro   0x000131cc      0x1fd ./source/I2Cm/I2Cm.o
 .debug_macro   0x000133c9       0x10 ./source/I2Cm/I2Cm.o
 .debug_macro   0x000133d9      0x16e ./source/Fusion/FusionAhrs.o
 .debug_macro   0x00013547      0xa7e ./source/Fusion/FusionAhrs.o
 .debug_macro   0x00013fc5      0x201 ./source/Fusion/FusionAhrs.o
 .debug_macro   0x000141c6      0x186 ./source/Fusion/FusionAhrs.o
 .debug_macro   0x0001434c       0x9a ./source/Fusion/FusionAhrs.o
 .debug_macro   0x000143e6      0x108 ./source/Fusion/FusionCompass.o
 .debug_macro   0x000144ee      0x19b ./source/Fusion/FusionCompass.o
 .debug_macro   0x00014689      0x1c5 ./source/FTM/FTM.o
 .debug_macro   0x0001484e       0x22 ./source/FTM/FTM.o
 .debug_macro   0x00014870      0x1ec ./source/ESCDriver/ESCDriver.o
 .debug_macro   0x00014a5c       0x1c ./source/ESCDriver/ESCDriver.o
 .debug_macro   0x00014a78      0x34f ./source/App.o
 .debug_macro   0x00014dc7       0x10 ./source/App.o
 .debug_macro   0x00014dd7       0x1c ./source/App.o
 .debug_macro   0x00014df3       0x22 ./source/App.o
 .debug_macro   0x00014e15       0x3a ./source/App.o
 .debug_macro   0x00014e4f       0xc8 ./source/App.o
 .debug_macro   0x00014f17       0x9c ./SDK/startup/hardware.o
 .debug_macro   0x00014fb3       0x9c ./SDK/startup/main.o
 .debug_macro   0x0001504f       0x11 ./SDK/startup/semihost_hardfault.o
 .debug_macro   0x00015060       0x29 ./SDK/startup/startup_mk64f12.o
 .debug_macro   0x00015089       0x80 ./SDK/CMSIS/system_MK64F12.o

.debug_line     0x00000000     0x8591
 .debug_line    0x00000000      0x232 ./source/timer/SysTick.o
 .debug_line    0x00000232      0x4e1 ./source/timer/timer.o
 .debug_line    0x00000713      0x5c3 ./source/buffer/SPI_buffer.o
 .debug_line    0x00000cd6      0x37c ./source/buffer/circular_buffer.o
 .debug_line    0x00001052      0x4c4 ./source/UART/uart.o
 .debug_line    0x00001516      0x933 ./source/Sensores/MPU6050.o
 .debug_line    0x00001e49      0xb3d ./source/SPI/SPI.o
 .debug_line    0x00002986      0x398 ./source/SBUS/SBUS.o
 .debug_line    0x00002d1e      0x317 ./source/PIT/PIT.o
 .debug_line    0x00003035      0x4ed ./source/MCAL/gpio.o
 .debug_line    0x00003522      0x788 ./source/I2Cm/I2Cm.o
 .debug_line    0x00003caa     0x10ae ./source/Fusion/FusionAhrs.o
 .debug_line    0x00004d58      0x4f0 ./source/Fusion/FusionCompass.o
 .debug_line    0x00005248      0x839 ./source/FTM/FTM.o
 .debug_line    0x00005a81      0x676 ./source/ESCDriver/ESCDriver.o
 .debug_line    0x000060f7      0xbbd ./source/App.o
 .debug_line    0x00006cb4      0x2a7 ./SDK/startup/hardware.o
 .debug_line    0x00006f5b      0x1b8 ./SDK/startup/main.o
 .debug_line    0x00007113       0x5f ./SDK/startup/semihost_hardfault.o
 .debug_line    0x00007172      0x917 ./SDK/startup/startup_mk64f12.o
 .debug_line    0x00007a89      0x322 ./SDK/CMSIS/system_MK64F12.o
 .debug_line    0x00007dab      0x2d0 C:\Users\sch_b\OneDrive\Documentos\QUADCOPTER\Quadcopter\TPQUAD\SDK\CMSIS\DSP\libarm_cortexM4lf_math.a(arm_sin_f32.o)
 .debug_line    0x0000807b      0x2d3 C:\Users\sch_b\OneDrive\Documentos\QUADCOPTER\Quadcopter\TPQUAD\SDK\CMSIS\DSP\libarm_cortexM4lf_math.a(arm_cos_f32.o)
 .debug_line    0x0000834e      0x243 C:\Users\sch_b\OneDrive\Documentos\QUADCOPTER\Quadcopter\TPQUAD\SDK\CMSIS\DSP\libarm_cortexM4lf_math.a(arm_common_tables.o)

.debug_str      0x00000000    0x81607
 .debug_str     0x00000000    0x773ec ./source/timer/SysTick.o
                              0x775b7 (size before relaxing)
 .debug_str     0x000773ec     0x30ae ./source/timer/timer.o
                               0x699c (size before relaxing)
 .debug_str     0x0007a49a     0x125e ./source/buffer/SPI_buffer.o
                               0x796b (size before relaxing)
 .debug_str     0x0007b6f8       0xa5 ./source/buffer/circular_buffer.o
                              0x7707d (size before relaxing)
 .debug_str     0x0007b79d      0x481 ./source/UART/uart.o
                              0x779f8 (size before relaxing)
 .debug_str     0x0007bc1e      0xc04 ./source/Sensores/MPU6050.o
                               0x7477 (size before relaxing)
 .debug_str     0x0007c822      0x76f ./source/SPI/SPI.o
                              0x7beba (size before relaxing)
 .debug_str     0x0007cf91      0x107 ./source/SBUS/SBUS.o
                              0x77987 (size before relaxing)
 .debug_str     0x0007d098      0x229 ./source/PIT/PIT.o
                              0x77bb8 (size before relaxing)
 .debug_str     0x0007d2c1      0x1b5 ./source/MCAL/gpio.o
                              0x77bf1 (size before relaxing)
 .debug_str     0x0007d476      0x2ab ./source/I2Cm/I2Cm.o
                              0x7aa24 (size before relaxing)
 .debug_str     0x0007d721     0x17de ./source/Fusion/FusionAhrs.o
                               0x7e4e (size before relaxing)
 .debug_str     0x0007eeff       0x53 ./source/Fusion/FusionCompass.o
                               0x727d (size before relaxing)
 .debug_str     0x0007ef52      0x4cc ./source/FTM/FTM.o
                              0x7aae5 (size before relaxing)
 .debug_str     0x0007f41e      0x1ba ./source/ESCDriver/ESCDriver.o
                              0x7a4da (size before relaxing)
 .debug_str     0x0007f5d8      0xa7f ./source/App.o
                               0xaaf0 (size before relaxing)
 .debug_str     0x00080057      0x16f ./SDK/startup/hardware.o
                              0x771d6 (size before relaxing)
 .debug_str     0x000801c6       0x1b ./SDK/startup/main.o
                              0x76fa1 (size before relaxing)
 .debug_str     0x000801e1       0x36 ./SDK/startup/semihost_hardfault.o
                               0x2d4a (size before relaxing)
 .debug_str     0x00080217      0x6d6 ./SDK/startup/startup_mk64f12.o
                               0x35a4 (size before relaxing)
 .debug_str     0x000808ed       0x72 ./SDK/CMSIS/system_MK64F12.o
                              0x770f5 (size before relaxing)
 .debug_str     0x0008095f      0xc3a C:\Users\sch_b\OneDrive\Documentos\QUADCOPTER\Quadcopter\TPQUAD\SDK\CMSIS\DSP\libarm_cortexM4lf_math.a(arm_sin_f32.o)
                                0xd42 (size before relaxing)
 .debug_str     0x00081599       0x40 C:\Users\sch_b\OneDrive\Documentos\QUADCOPTER\Quadcopter\TPQUAD\SDK\CMSIS\DSP\libarm_cortexM4lf_math.a(arm_cos_f32.o)
                                0xd42 (size before relaxing)
 .debug_str     0x000815d9       0x2e C:\Users\sch_b\OneDrive\Documentos\QUADCOPTER\Quadcopter\TPQUAD\SDK\CMSIS\DSP\libarm_cortexM4lf_math.a(arm_common_tables.o)
                                0xd1d (size before relaxing)

.comment        0x00000000       0xbe
 .comment       0x00000000       0x49 ./source/timer/SysTick.o
                                 0x4a (size before relaxing)
 .comment       0x00000049       0x4a ./source/timer/timer.o
 .comment       0x00000049       0x4a ./source/buffer/SPI_buffer.o
 .comment       0x00000049       0x4a ./source/buffer/circular_buffer.o
 .comment       0x00000049       0x4a ./source/UART/uart.o
 .comment       0x00000049       0x4a ./source/Sensores/MPU6050.o
 .comment       0x00000049       0x4a ./source/SPI/SPI.o
 .comment       0x00000049       0x4a ./source/SBUS/SBUS.o
 .comment       0x00000049       0x4a ./source/PIT/PIT.o
 .comment       0x00000049       0x4a ./source/MCAL/gpio.o
 .comment       0x00000049       0x4a ./source/I2Cm/I2Cm.o
 .comment       0x00000049       0x4a ./source/Fusion/FusionAhrs.o
 .comment       0x00000049       0x4a ./source/Fusion/FusionCompass.o
 .comment       0x00000049       0x4a ./source/FTM/FTM.o
 .comment       0x00000049       0x4a ./source/ESCDriver/ESCDriver.o
 .comment       0x00000049       0x4a ./source/App.o
 .comment       0x00000049       0x4a ./SDK/startup/hardware.o
 .comment       0x00000049       0x4a ./SDK/startup/main.o
 .comment       0x00000049       0x4a ./SDK/startup/semihost_hardfault.o
 .comment       0x00000049       0x4a ./SDK/startup/startup_mk64f12.o
 .comment       0x00000049       0x4a ./SDK/CMSIS/system_MK64F12.o
 .comment       0x00000049       0x75 C:\Users\sch_b\OneDrive\Documentos\QUADCOPTER\Quadcopter\TPQUAD\SDK\CMSIS\DSP\libarm_cortexM4lf_math.a(arm_sin_f32.o)
                                 0x76 (size before relaxing)
 .comment       0x000000be       0x76 C:\Users\sch_b\OneDrive\Documentos\QUADCOPTER\Quadcopter\TPQUAD\SDK\CMSIS\DSP\libarm_cortexM4lf_math.a(arm_cos_f32.o)
 .comment       0x000000be       0x76 C:\Users\sch_b\OneDrive\Documentos\QUADCOPTER\Quadcopter\TPQUAD\SDK\CMSIS\DSP\libarm_cortexM4lf_math.a(arm_common_tables.o)
 .comment       0x000000be       0x4a c:/nxp/mcuxpressoide_11.6.1_8255/ide/plugins/com.nxp.mcuxpresso.tools.win32_11.6.1.202207200623/tools/bin/../lib/gcc/arm-none-eabi/10.3.1/../../../../arm-none-eabi/lib/thumb/v7e-m+fp/hard\libcr_c.a(asinf.o)
 .comment       0x000000be       0x4a c:/nxp/mcuxpressoide_11.6.1_8255/ide/plugins/com.nxp.mcuxpresso.tools.win32_11.6.1.202207200623/tools/bin/../lib/gcc/arm-none-eabi/10.3.1/../../../../arm-none-eabi/lib/thumb/v7e-m+fp/hard\libcr_c.a(atan2f.o)
 .comment       0x000000be       0x4a c:/nxp/mcuxpressoide_11.6.1_8255/ide/plugins/com.nxp.mcuxpresso.tools.win32_11.6.1.202207200623/tools/bin/../lib/gcc/arm-none-eabi/10.3.1/../../../../arm-none-eabi/lib/thumb/v7e-m+fp/hard\libcr_c.a(atanf.o)
 .comment       0x000000be       0x4a c:/nxp/mcuxpressoide_11.6.1_8255/ide/plugins/com.nxp.mcuxpresso.tools.win32_11.6.1.202207200623/tools/bin/../lib/gcc/arm-none-eabi/10.3.1/../../../../arm-none-eabi/lib/thumb/v7e-m+fp/hard\libcr_c.a(cosf.o)
 .comment       0x000000be       0x4a c:/nxp/mcuxpressoide_11.6.1_8255/ide/plugins/com.nxp.mcuxpresso.tools.win32_11.6.1.202207200623/tools/bin/../lib/gcc/arm-none-eabi/10.3.1/../../../../arm-none-eabi/lib/thumb/v7e-m+fp/hard\libcr_c.a(fabsf.o)
 .comment       0x000000be       0x4a c:/nxp/mcuxpressoide_11.6.1_8255/ide/plugins/com.nxp.mcuxpresso.tools.win32_11.6.1.202207200623/tools/bin/../lib/gcc/arm-none-eabi/10.3.1/../../../../arm-none-eabi/lib/thumb/v7e-m+fp/hard\libcr_c.a(sinf.o)
 .comment       0x000000be       0x4a c:/nxp/mcuxpressoide_11.6.1_8255/ide/plugins/com.nxp.mcuxpresso.tools.win32_11.6.1.202207200623/tools/bin/../lib/gcc/arm-none-eabi/10.3.1/../../../../arm-none-eabi/lib/thumb/v7e-m+fp/hard\libcr_c.a(memcpy.o)
 .comment       0x000000be       0x4a c:/nxp/mcuxpressoide_11.6.1_8255/ide/plugins/com.nxp.mcuxpresso.tools.win32_11.6.1.202207200623/tools/bin/../lib/gcc/arm-none-eabi/10.3.1/../../../../arm-none-eabi/lib/thumb/v7e-m+fp/hard\libcr_c.a(memset.o)
 .comment       0x000000be       0x4a c:/nxp/mcuxpressoide_11.6.1_8255/ide/plugins/com.nxp.mcuxpresso.tools.win32_11.6.1.202207200623/tools/bin/../lib/gcc/arm-none-eabi/10.3.1/../../../../arm-none-eabi/lib/thumb/v7e-m+fp/hard\libcr_c.a(errno.o)
 .comment       0x000000be       0x4a c:/nxp/mcuxpressoide_11.6.1_8255/ide/plugins/com.nxp.mcuxpresso.tools.win32_11.6.1.202207200623/tools/bin/../lib/gcc/arm-none-eabi/10.3.1/../../../../arm-none-eabi/lib/thumb/v7e-m+fp/hard\libcr_c.a(fpprintf.o)
 .comment       0x000000be       0x4a c:/nxp/mcuxpressoide_11.6.1_8255/ide/plugins/com.nxp.mcuxpresso.tools.win32_11.6.1.202207200623/tools/bin/../lib/gcc/arm-none-eabi/10.3.1/../../../../arm-none-eabi/lib/thumb/v7e-m+fp/hard\libcr_c.a(printf.o)
 .comment       0x000000be       0x4a c:/nxp/mcuxpressoide_11.6.1_8255/ide/plugins/com.nxp.mcuxpresso.tools.win32_11.6.1.202207200623/tools/bin/../lib/gcc/arm-none-eabi/10.3.1/../../../../arm-none-eabi/lib/thumb/v7e-m+fp/hard\libcr_c.a(strlen.o)
 .comment       0x000000be       0x4a c:/nxp/mcuxpressoide_11.6.1_8255/ide/plugins/com.nxp.mcuxpresso.tools.win32_11.6.1.202207200623/tools/bin/../lib/gcc/arm-none-eabi/10.3.1/../../../../arm-none-eabi/lib/thumb/v7e-m+fp/hard\libcr_c.a(_asinacosf.o)
 .comment       0x000000be       0x4a c:/nxp/mcuxpressoide_11.6.1_8255/ide/plugins/com.nxp.mcuxpresso.tools.win32_11.6.1.202207200623/tools/bin/../lib/gcc/arm-none-eabi/10.3.1/../../../../arm-none-eabi/lib/thumb/v7e-m+fp/hard\libcr_c.a(_sincosf.o)
 .comment       0x000000be       0x4a c:/nxp/mcuxpressoide_11.6.1_8255/ide/plugins/com.nxp.mcuxpresso.tools.win32_11.6.1.202207200623/tools/bin/../lib/gcc/arm-none-eabi/10.3.1/../../../../arm-none-eabi/lib/thumb/v7e-m+fp/hard\libcr_c.a(_deferredlazyseek.o)
 .comment       0x000000be       0x4a c:/nxp/mcuxpressoide_11.6.1_8255/ide/plugins/com.nxp.mcuxpresso.tools.win32_11.6.1.202207200623/tools/bin/../lib/gcc/arm-none-eabi/10.3.1/../../../../arm-none-eabi/lib/thumb/v7e-m+fp/hard\libcr_c.a(_fflush.o)
 .comment       0x000000be       0x4a c:/nxp/mcuxpressoide_11.6.1_8255/ide/plugins/com.nxp.mcuxpresso.tools.win32_11.6.1.202207200623/tools/bin/../lib/gcc/arm-none-eabi/10.3.1/../../../../arm-none-eabi/lib/thumb/v7e-m+fp/hard\libcr_c.a(_frexpl.o)
 .comment       0x000000be       0x4a c:/nxp/mcuxpressoide_11.6.1_8255/ide/plugins/com.nxp.mcuxpresso.tools.win32_11.6.1.202207200623/tools/bin/../lib/gcc/arm-none-eabi/10.3.1/../../../../arm-none-eabi/lib/thumb/v7e-m+fp/hard\libcr_c.a(_ldexpl.o)
 .comment       0x000000be       0x4a c:/nxp/mcuxpressoide_11.6.1_8255/ide/plugins/com.nxp.mcuxpresso.tools.win32_11.6.1.202207200623/tools/bin/../lib/gcc/arm-none-eabi/10.3.1/../../../../arm-none-eabi/lib/thumb/v7e-m+fp/hard\libcr_c.a(_writebuf.o)
 .comment       0x000000be       0x4a c:/nxp/mcuxpressoide_11.6.1_8255/ide/plugins/com.nxp.mcuxpresso.tools.win32_11.6.1.202207200623/tools/bin/../lib/gcc/arm-none-eabi/10.3.1/../../../../arm-none-eabi/lib/thumb/v7e-m+fp/hard\libcr_c.a(alloc.o)
 .comment       0x000000be       0x4a c:/nxp/mcuxpressoide_11.6.1_8255/ide/plugins/com.nxp.mcuxpresso.tools.win32_11.6.1.202207200623/tools/bin/../lib/gcc/arm-none-eabi/10.3.1/../../../../arm-none-eabi/lib/thumb/v7e-m+fp/hard\libcr_c.a(fseek.o)