Archive member included to satisfy reference by file (symbol)

c:/nxp/mcuxpressoide_11.6.1_8255/ide/plugins/com.nxp.mcuxpresso.tools.win32_11.6.1.202207200623/tools/bin/../lib/gcc/arm-none-eabi/10.3.1/../../../../arm-none-eabi/lib/thumb/v7e-m+fp/hard\libcr_c.a(asinf.o)
                              ./source/Fusion/FusionAhrs.o (asinf)
c:/nxp/mcuxpressoide_11.6.1_8255/ide/plugins/com.nxp.mcuxpresso.tools.win32_11.6.1.202207200623/tools/bin/../lib/gcc/arm-none-eabi/10.3.1/../../../../arm-none-eabi/lib/thumb/v7e-m+fp/hard\libcr_c.a(atan2f.o)
                              ./source/Fusion/FusionAhrs.o (atan2f)
c:/nxp/mcuxpressoide_11.6.1_8255/ide/plugins/com.nxp.mcuxpresso.tools.win32_11.6.1.202207200623/tools/bin/../lib/gcc/arm-none-eabi/10.3.1/../../../../arm-none-eabi/lib/thumb/v7e-m+fp/hard\libcr_c.a(atanf.o)
                              c:/nxp/mcuxpressoide_11.6.1_8255/ide/plugins/com.nxp.mcuxpresso.tools.win32_11.6.1.202207200623/tools/bin/../lib/gcc/arm-none-eabi/10.3.1/../../../../arm-none-eabi/lib/thumb/v7e-m+fp/hard\libcr_c.a(atan2f.o) (atanf)
c:/nxp/mcuxpressoide_11.6.1_8255/ide/plugins/com.nxp.mcuxpresso.tools.win32_11.6.1.202207200623/tools/bin/../lib/gcc/arm-none-eabi/10.3.1/../../../../arm-none-eabi/lib/thumb/v7e-m+fp/hard\libcr_c.a(cosf.o)
                              ./source/Fusion/FusionAhrs.o (cosf)
c:/nxp/mcuxpressoide_11.6.1_8255/ide/plugins/com.nxp.mcuxpresso.tools.win32_11.6.1.202207200623/tools/bin/../lib/gcc/arm-none-eabi/10.3.1/../../../../arm-none-eabi/lib/thumb/v7e-m+fp/hard\libcr_c.a(fabsf.o)
                              c:/nxp/mcuxpressoide_11.6.1_8255/ide/plugins/com.nxp.mcuxpresso.tools.win32_11.6.1.202207200623/tools/bin/../lib/gcc/arm-none-eabi/10.3.1/../../../../arm-none-eabi/lib/thumb/v7e-m+fp/hard\libcr_c.a(atan2f.o) (fabsf)
c:/nxp/mcuxpressoide_11.6.1_8255/ide/plugins/com.nxp.mcuxpresso.tools.win32_11.6.1.202207200623/tools/bin/../lib/gcc/arm-none-eabi/10.3.1/../../../../arm-none-eabi/lib/thumb/v7e-m+fp/hard\libcr_c.a(powf.o)
                              ./source/Fusion/FusionAhrs.o (powf)
c:/nxp/mcuxpressoide_11.6.1_8255/ide/plugins/com.nxp.mcuxpresso.tools.win32_11.6.1.202207200623/tools/bin/../lib/gcc/arm-none-eabi/10.3.1/../../../../arm-none-eabi/lib/thumb/v7e-m+fp/hard\libcr_c.a(sinf.o)
                              ./source/Fusion/FusionAhrs.o (sinf)
c:/nxp/mcuxpressoide_11.6.1_8255/ide/plugins/com.nxp.mcuxpresso.tools.win32_11.6.1.202207200623/tools/bin/../lib/gcc/arm-none-eabi/10.3.1/../../../../arm-none-eabi/lib/thumb/v7e-m+fp/hard\libcr_c.a(sqrtf_m4_hardfp.o)
                              ./source/Fusion/FusionAhrs.o (sqrtf)
c:/nxp/mcuxpressoide_11.6.1_8255/ide/plugins/com.nxp.mcuxpresso.tools.win32_11.6.1.202207200623/tools/bin/../lib/gcc/arm-none-eabi/10.3.1/../../../../arm-none-eabi/lib/thumb/v7e-m+fp/hard\libcr_c.a(memcpy.o)
                              ./source/buffer/SPI_buffer.o (memcpy)
c:/nxp/mcuxpressoide_11.6.1_8255/ide/plugins/com.nxp.mcuxpresso.tools.win32_11.6.1.202207200623/tools/bin/../lib/gcc/arm-none-eabi/10.3.1/../../../../arm-none-eabi/lib/thumb/v7e-m+fp/hard\libcr_c.a(memset.o)
                              ./source/Sensores/MPU6050.o (memset)
c:/nxp/mcuxpressoide_11.6.1_8255/ide/plugins/com.nxp.mcuxpresso.tools.win32_11.6.1.202207200623/tools/bin/../lib/gcc/arm-none-eabi/10.3.1/../../../../arm-none-eabi/lib/thumb/v7e-m+fp/hard\libcr_c.a(errno.o)
                              c:/nxp/mcuxpressoide_11.6.1_8255/ide/plugins/com.nxp.mcuxpresso.tools.win32_11.6.1.202207200623/tools/bin/../lib/gcc/arm-none-eabi/10.3.1/../../../../arm-none-eabi/lib/thumb/v7e-m+fp/hard\libcr_c.a(atan2f.o) (errno)
c:/nxp/mcuxpressoide_11.6.1_8255/ide/plugins/com.nxp.mcuxpresso.tools.win32_11.6.1.202207200623/tools/bin/../lib/gcc/arm-none-eabi/10.3.1/../../../../arm-none-eabi/lib/thumb/v7e-m+fp/hard\libcr_c.a(fabs.o)
                              ./source/Fusion/FusionOffset.o (fabs)
c:/nxp/mcuxpressoide_11.6.1_8255/ide/plugins/com.nxp.mcuxpresso.tools.win32_11.6.1.202207200623/tools/bin/../lib/gcc/arm-none-eabi/10.3.1/../../../../arm-none-eabi/lib/thumb/v7e-m+fp/hard\libcr_c.a(_asinacosf.o)
                              c:/nxp/mcuxpressoide_11.6.1_8255/ide/plugins/com.nxp.mcuxpresso.tools.win32_11.6.1.202207200623/tools/bin/../lib/gcc/arm-none-eabi/10.3.1/../../../../arm-none-eabi/lib/thumb/v7e-m+fp/hard\libcr_c.a(asinf.o) (_asinacosf)
c:/nxp/mcuxpressoide_11.6.1_8255/ide/plugins/com.nxp.mcuxpresso.tools.win32_11.6.1.202207200623/tools/bin/../lib/gcc/arm-none-eabi/10.3.1/../../../../arm-none-eabi/lib/thumb/v7e-m+fp/hard\libcr_c.a(_sincosf.o)
                              c:/nxp/mcuxpressoide_11.6.1_8255/ide/plugins/com.nxp.mcuxpresso.tools.win32_11.6.1.202207200623/tools/bin/../lib/gcc/arm-none-eabi/10.3.1/../../../../arm-none-eabi/lib/thumb/v7e-m+fp/hard\libcr_c.a(cosf.o) (_sincosf)
[...]
Memory Configuration

Name             Origin             Length             Attributes
PROGRAM_FLASH    0x00000000         0x00100000         xr
SRAM_UPPER       0x20000000         0x00030000         xrw
SRAM_LOWER       0x1fff0000         0x00010000         xrw
FLEX_RAM         0x14000000         0x00001000         xrw
*default*        0x00000000         0xffffffff

Linker script and memory map

LOAD ./source/timer/SysTick.o
LOAD ./source/timer/timer.o
LOAD ./source/event_queue/event_queue.o
LOAD ./source/buffer/SPI_buffer.o
LOAD ./source/buffer/circular_buffer.o
LOAD ./source/buffer/circular_buffer_16.o
LOAD ./source/buffer/generic_circular_buffer.o
LOAD ./source/UART/uart.o
LOAD ./source/Sistema de Control/MatrixOps.o
LOAD ./source/Sistema de Control/SistemaDeControl.o
LOAD ./source/Sensores/MPU6050.o
LOAD ./source/Sensores/MPU9250_SPI.o
LOAD ./source/SPI/SPI.o
LOAD ./source/PIT/PIT.o
LOAD ./source/NRF/NRF.o
LOAD ./source/NRF/NRFTest.o
LOAD ./source/MCAL/gpio.o
LOAD ./source/I2Cm/I2Cm.o
LOAD ./source/Fusion/FusionAhrs.o
LOAD ./source/Fusion/FusionCompass.o
LOAD ./source/Fusion/FusionOffset.o
LOAD ./source/FTM/FTM.o
LOAD ./source/ESCDriver/ESCDriver.o
LOAD ./source/ControlPC/ControlPC.o
LOAD ./source/CMP/CMP.o
LOAD ./source/CAN/CAN.o
LOAD ./source/Biquad/Biquad.o
LOAD ./source/ADC/ADC.o
LOAD ./source/ADC/ADC_hal.o
LOAD ./SDK/startup/hardware.o
LOAD ./SDK/startup/main.o
LOAD ./SDK/startup/semihost_hardfault.o
LOAD ./SDK/startup/startup_mk64f12.o
LOAD ./SDK/CMSIS/system_MK64F12.o
LOAD C:\Users\sch_b\OneDrive\Documentos\QUADCOPTER\Quadcopter\TPQUAD\SDK\CMSIS\DSP\libarm_cortexM4lf_math.a
START GROUP
LOAD c:/nxp/mcuxpressoide_11.6.1_8255/ide/plugins/com.nxp.mcuxpresso.tools.win32_11.6.1.202207200623/tools/bin/../lib/gcc/arm-none-eabi/10.3.1/../../../../arm-none-eabi/lib/thumb/v7e-m+fp/hard\libcr_semihost_nf.a
LOAD c:/nxp/mcuxpressoide_11.6.1_8255/ide/plugins/com.nxp.mcuxpresso.tools.win32_11.6.1.202207200623/tools/bin/../lib/gcc/arm-none-eabi/10.3.1/../../../../arm-none-eabi/lib/thumb/v7e-m+fp/hard\libcr_c.a
LOAD c:/nxp/mcuxpressoide_11.6.1_8255/ide/plugins/com.nxp.mcuxpresso.tools.win32_11.6.1.202207200623/tools/bin/../lib/gcc/arm-none-eabi/10.3.1/thumb/v7e-m+fp/hard\libcr_eabihelpers.a
LOAD c:/nxp/mcuxpressoide_11.6.1_8255/ide/plugins/com.nxp.mcuxpresso.tools.win32_11.6.1.202207200623/tools/bin/../lib/gcc/arm-none-eabi/10.3.1/thumb/v7e-m+fp/hard\libgcc.a
END GROUP
                0x00000000                __base_PROGRAM_FLASH = 0x0
                0x00000000                __base_Flash = 0x0
                0x00100000                __top_PROGRAM_FLASH = 0x100000
                0x00100000                __top_Flash = 0x100000
                0x20000000                __base_SRAM_UPPER = 0x20000000
                0x20000000                __base_RAM = 0x20000000
                0x20030000                __top_SRAM_UPPER = 0x20030000
                0x20030000                __top_RAM = 0x20030000
                0x1fff0000                __base_SRAM_LOWER = 0x1fff0000
                0x1fff0000                __base_RAM2 = 0x1fff0000
                0x20000000                __top_SRAM_LOWER = 0x20000000
                0x20000000                __top_RAM2 = 0x20000000
                0x14000000                __base_FLEX_RAM = 0x14000000
                0x14000000                __base_RAM3 = 0x14000000
                0x14001000                __top_FLEX_RAM = 0x14001000
                0x14001000                __top_RAM3 = 0x14001000

.text           0x00000000     0x2c68
 FILL mask 0xff
                0x00000000                __vectors_start__ = ABSOLUTE (.)
 *(SORT_BY_ALIGNMENT(.isr_vector))
 .isr_vector    0x00000000      0x198 ./SDK/startup/startup_mk64f12.o
                0x00000000                g_pfnVectors
                0x00000000                __Vectors
                0x00000198                . = ALIGN (0x4)
                0x00000198                __section_table_start = .
                0x00000198                __data_section_table = .
                0x00000198        0x4 LONG 0x2c68 LOADADDR (.data)
                0x0000019c        0x4 LONG 0x20000000 ADDR (.data)
                0x000001a0        0x4 LONG 0x40 SIZEOF (.data)
                0x000001a4        0x4 LONG 0x2c68 LOADADDR (.data_RAM2)
                0x000001a8        0x4 LONG 0x1fff0000 ADDR (.data_RAM2)
                0x000001ac        0x4 LONG 0x0 SIZEOF (.data_RAM2)
                0x000001b0        0x4 LONG 0x2c68 LOADADDR (.data_RAM3)
                0x000001b4        0x4 LONG 0x14000000 ADDR (.data_RAM3)
                0x000001b8        0x4 LONG 0x0 SIZEOF (.data_RAM3)
                0x000001bc                __data_section_table_end = .
                0x000001bc                __bss_section_table = .
                0x000001bc        0x4 LONG 0x20000040 ADDR (.bss)
                0x000001c0        0x4 LONG 0xf08 SIZEOF (.bss)
                0x000001c4        0x4 LONG 0x1fff0000 ADDR (.bss_RAM2)
                0x000001c8        0x4 LONG 0x0 SIZEOF (.bss_RAM2)
                0x000001cc        0x4 LONG 0x14000000 ADDR (.bss_RAM3)
                0x000001d0        0x4 LONG 0x0 SIZEOF (.bss_RAM3)
                0x000001d4                __bss_section_table_end = .
                0x000001d4                __section_table_end = .
 *(SORT_BY_ALIGNMENT(.after_vectors*))
 .after_vectors.reset
                0x000001d4       0x4c ./SDK/startup/startup_mk64f12.o
                0x000001d4                ResetISR
 .after_vectors.init_data
                0x00000220       0x1e ./SDK/startup/startup_mk64f12.o
                0x00000220                data_init
 .after_vectors.init_bss
                0x0000023e       0x12 ./SDK/startup/startup_mk64f12.o
                0x0000023e                bss_init
 .after_vectors
                0x00000250       0x14 ./SDK/startup/startup_mk64f12.o
                0x00000250                NMI_Handler
                0x00000254                MemManage_Handler
                0x00000256                BusFault_Handler
                0x00000258                UsageFault_Handler
                0x0000025a                SVC_Handler
                0x0000025c                DebugMon_Handler
                0x0000025e                PendSV_Handler
                0x00000262                DMA_Error_DriverIRQHandler
                0x00000262                LPTMR0_DriverIRQHandler
                0x00000262                FTM1_DriverIRQHandler
                0x00000262                FTM2_DriverIRQHandler
                0x00000262                PIT2_DriverIRQHandler
                0x00000262                SDHC_DriverIRQHandler
                0x00000262                I2S0_Tx_DriverIRQHandler
                0x00000262                RTC_Seconds_DriverIRQHandler
                0x00000262                DMA6_DriverIRQHandler
                0x00000262                LLWU_DriverIRQHandler
                0x00000262                MCM_DriverIRQHandler
                0x00000262                MCG_DriverIRQHandler
                0x00000262                ENET_1588_Timer_DriverIRQHandler
                0x00000262                I2C2_DriverIRQHandler
                0x00000262                DAC1_DriverIRQHandler
                0x00000262                SPI1_DriverIRQHandler
                0x00000262                CMP1_DriverIRQHandler
                0x00000262                UART5_RX_TX_DriverIRQHandler
                0x00000262                FTM0_DriverIRQHandler
                0x00000262                IntDefaultHandler
                0x00000262                USB0_DriverIRQHandler
                0x00000262                UART5_ERR_DriverIRQHandler
                0x00000262                PORTC_DriverIRQHandler
                0x00000262                DMA11_DriverIRQHandler
                0x00000262                DAC0_DriverIRQHandler
                0x00000262                DMA10_DriverIRQHandler
                0x00000262                CMP2_DriverIRQHandler
                0x00000262                UART2_ERR_DriverIRQHandler
                0x00000262                SPI2_DriverIRQHandler
                0x00000262                LVD_LVW_DriverIRQHandler
                0x00000262                PIT0_DriverIRQHandler
                0x00000262                RNG_DriverIRQHandler
                0x00000262                DMA5_DriverIRQHandler
                0x00000262                DMA12_DriverIRQHandler
                0x00000262                UART2_RX_TX_DriverIRQHandler
                0x00000262                USBDCD_DriverIRQHandler
                0x00000262                UART3_ERR_DriverIRQHandler
                0x00000262                DMA3_DriverIRQHandler
                0x00000262                DMA8_DriverIRQHandler
                0x00000262                DMA9_DriverIRQHandler
                0x00000262                UART0_ERR_DriverIRQHandler
                0x00000262                CMT_DriverIRQHandler
                0x00000262                Reserved71_DriverIRQHandler
                0x00000262                ADC1_DriverIRQHandler
                0x00000262                PORTA_DriverIRQHandler
                0x00000262                DMA14_DriverIRQHandler
                0x00000262                PIT3_DriverIRQHandler
                0x00000262                PIT1_DriverIRQHandler
                0x00000262                WDOG_EWM_DriverIRQHandler
                0x00000262                PDB0_DriverIRQHandler
                0x00000262                RTC_DriverIRQHandler
                0x00000262                I2S0_Rx_DriverIRQHandler
                0x00000262                Read_Collision_DriverIRQHandler
                0x00000262                SWI_DriverIRQHandler
                0x00000262                UART4_RX_TX_DriverIRQHandler
                0x00000262                UART4_ERR_DriverIRQHandler
                0x00000262                PORTB_DriverIRQHandler
                0x00000262                UART0_LON_DriverIRQHandler
                0x00000262                DMA0_DriverIRQHandler
                0x00000262                DMA1_DriverIRQHandler
                0x00000262                I2C1_DriverIRQHandler
                0x00000262                UART3_RX_TX_DriverIRQHandler
                0x00000262                ENET_Receive_DriverIRQHandler
                0x00000262                DMA13_DriverIRQHandler
                0x00000262                ENET_Error_DriverIRQHandler
                0x00000262                DMA15_DriverIRQHandler
                0x00000262                UART0_RX_TX_DriverIRQHandler
                0x00000262                SPI0_DriverIRQHandler
                0x00000262                ADC0_DriverIRQHandler
                0x00000262                CMP0_DriverIRQHandler
                0x00000262                CAN0_DriverIRQHandler
                0x00000262                FTM3_DriverIRQHandler
                0x00000262                DMA4_DriverIRQHandler
                0x00000262                UART1_ERR_DriverIRQHandler
                0x00000262                DMA2_DriverIRQHandler
                0x00000262                ENET_Transmit_DriverIRQHandler
                0x00000262                PORTD_DriverIRQHandler
                0x00000262                PORTE_DriverIRQHandler
                0x00000262                FTFE_DriverIRQHandler
                0x00000262                I2C0_DriverIRQHandler
                0x00000262                DMA7_DriverIRQHandler
                0x00000262                UART1_RX_TX_DriverIRQHandler
                0x00000400                . = 0x400
 *fill*         0x00000264      0x19c ff
                0x00000400                PROVIDE (__FLASH_CONFIG_START__ = .)
 *(SORT_BY_ALIGNMENT(.FlashConfig))
 .FlashConfig   0x00000400       0x10 ./SDK/startup/startup_mk64f12.o
                0x00000400                Flash_Config
                0x00000410                PROVIDE (__FLASH_CONFIG_END__ = .)
                0x00000001                ASSERT (! ((__FLASH_CONFIG_START__ == __FLASH_CONFIG_END__)), Linker Flash Config Support Enabled, but no .FlashConfig section provided within application)
 *(SORT_BY_ALIGNMENT(.text*))
 .text.__NVIC_EnableIRQ
                0x00000410       0x3c ./source/timer/SysTick.o
 .text.SysTick_Init
                0x0000044c       0x48 ./source/timer/SysTick.o
                0x0000044c                SysTick_Init
 .text.SysTick_Handler
                0x00000494       0x24 ./source/timer/SysTick.o
                0x00000494                SysTick_Handler
 .text.timerInit
                0x000004b8       0x28 ./source/timer/timer.o
                0x000004b8                timerInit
 .text.timerStart
                0x000004e0       0xb8 ./source/timer/timer.o
                0x000004e0                timerStart
 .text.timerExpired
                0x00000598       0x54 ./source/timer/timer.o
                0x00000598                timerExpired
 .text.timer_isr
                0x000005ec       0xe0 ./source/timer/timer.o
 .text.SPIBgetPckg
                0x000006cc       0x84 ./source/buffer/SPI_buffer.o
                0x000006cc                SPIBgetPckg
 .text.UART_Rx_Tx_IRQ
                0x00000750       0xd0 ./source/UART/uart.o
 .text.__NVIC_EnableIRQ
                0x00000820       0x3c ./source/SPI/SPI.o
 .text.SPI_config
                0x0000085c      0x260 ./source/SPI/SPI.o
                0x0000085c                SPI_config
 .text.ClockGatingAndInterruptEnable
                0x00000abc       0x8c ./source/SPI/SPI.o
 .text.PinConfig
                0x00000b48       0xec ./source/SPI/SPI.o
 .text.PCSInit  0x00000c34      0x23c ./source/SPI/SPI.o
 .text.SPISend  0x00000e70       0xb0 ./source/SPI/SPI.o
                0x00000e70                SPISend
 .text.SPI0_IRQHandler
                0x00000f20      0x14c ./source/SPI/SPI.o
                0x00000f20                SPI0_IRQHandler
 .text.PIT0_IRQHandler
                0x0000106c       0x40 ./source/PIT/PIT.o
                0x0000106c                PIT0_IRQHandler
 .text.PIT1_IRQHandler
                0x000010ac       0x30 ./source/PIT/PIT.o
                0x000010ac                PIT1_IRQHandler
 .text.PIT2_IRQHandler
                0x000010dc       0x30 ./source/PIT/PIT.o
                0x000010dc                PIT2_IRQHandler
 .text.PIT3_IRQHandler
                0x0000110c       0x30 ./source/PIT/PIT.o
                0x0000110c                PIT3_IRQHandler
 .text.RF24begin
                0x0000113c      0x150 ./source/NRF/NRF.o
                0x0000113c                RF24begin
 .text.writeRegister
                0x0000128c       0x8c ./source/NRF/NRF.o
 .text.readRegister
                0x00001318       0x84 ./source/NRF/NRF.o
 .text.callBackSPI
                0x0000139c       0x18 ./source/NRF/NRF.o
 .text.toggle_features
                0x000013b4       0x70 ./source/NRF/NRF.o
 .text.setPayloadSize
                0x00001424       0x54 ./source/NRF/NRF.o
 .text.setAddressWidth
                0x00001478       0x54 ./source/NRF/NRF.o
 .text.powerUp  0x000014cc       0x3c ./source/NRF/NRF.o
 .text.openReadingPipe
                0x00001508       0x98 ./source/NRF/NRF.o
                0x00001508                openReadingPipe
 .text.startListening
                0x000015a0       0x58 ./source/NRF/NRF.o
                0x000015a0                startListening
 .text.writeSeveralRegisters
                0x000015f8      0x108 ./source/NRF/NRF.o
 .text.read_payLoad
                0x00001700      0x17c ./source/NRF/NRF.o
 .text.App_Run  0x0000187c       0x38 ./source/NRF/NRFTest.o
                0x0000187c                App_Run
 .text.gpioMode
                0x000018b4      0x174 ./source/MCAL/gpio.o
                0x000018b4                gpioMode
 .text.gpioWrite
                0x00001a28       0x68 ./source/MCAL/gpio.o
                0x00001a28                gpioWrite
 .text.PORTA_IRQHandler
                0x00001a90       0x64 ./source/MCAL/gpio.o
                0x00001a90                PORTA_IRQHandler
 .text.PORTB_IRQHandler
                0x00001af4       0x64 ./source/MCAL/gpio.o
                0x00001af4                PORTB_IRQHandler
 .text.PORTC_IRQHandler
                0x00001b58       0x64 ./source/MCAL/gpio.o
                0x00001b58                PORTC_IRQHandler
 .text.PORTD_IRQHandler
                0x00001bbc       0x64 ./source/MCAL/gpio.o
                0x00001bbc                PORTD_IRQHandler
 .text.PORTE_IRQHandler
                0x00001c20       0x64 ./source/MCAL/gpio.o
                0x00001c20                PORTE_IRQHandler
 .text.I2C0_IRQHandler
                0x00001c84      0x2cc ./source/I2Cm/I2Cm.o
                0x00001c84                I2C0_IRQHandler
 .text.FTM0_IRQHandler
                0x00001f50       0x9c ./source/FTM/FTM.o
                0x00001f50                FTM0_IRQHandler
 .text.FTM1_IRQHandler
                0x00001fec       0xa4 ./source/FTM/FTM.o
                0x00001fec                FTM1_IRQHandler
 .text.hw_Init  0x00002090      0x108 ./SDK/startup/hardware.o
                0x00002090                hw_Init
 .text.hw_EnableInterrupts
                0x00002198       0x30 ./SDK/startup/hardware.o
                0x00002198                hw_EnableInterrupts
 .text.hw_DisableInterrupts
                0x000021c8       0x20 ./SDK/startup/hardware.o
                0x000021c8                hw_DisableInterrupts
 .text.SystemInit
                0x000021e8       0x3c ./SDK/CMSIS/system_MK64F12.o
                0x000021e8                SystemInit
 .text.timerDelay
                0x00002224       0x32 ./source/timer/timer.o
                0x00002224                timerDelay
 .text.getCircularPointer
                0x00002256       0x1e ./source/buffer/SPI_buffer.o
 .text.SPIBinit
                0x00002274       0x24 ./source/buffer/SPI_buffer.o
                0x00002274                SPIBinit
 .text.SPIBisEmpty
                0x00002298       0x2a ./source/buffer/SPI_buffer.o
                0x00002298                SPIBisEmpty
 .text.SPIBputChain
                0x000022c2       0xa4 ./source/buffer/SPI_buffer.o
                0x000022c2                SPIBputChain
 .text.getCircularPointer
                0x00002366       0x2c ./source/buffer/circular_buffer.o
 .text.CBisEmpty
                0x00002392       0x2a ./source/buffer/circular_buffer.o
                0x00002392                CBisEmpty
 .text.CBputByte
                0x000023bc       0x8e ./source/buffer/circular_buffer.o
                0x000023bc                CBputByte
 .text.CBgetByte
                0x0000244a       0x62 ./source/buffer/circular_buffer.o
                0x0000244a                CBgetByte
 .text.UART0_RX_TX_IRQHandler
                0x000024ac       0x2e ./source/UART/uart.o
                0x000024ac                UART0_RX_TX_IRQHandler
 .text.UART1_RX_TX_IRQHandler
                0x000024da       0x2e ./source/UART/uart.o
                0x000024da                UART1_RX_TX_IRQHandler
 .text.UART2_RX_TX_IRQHandler
                0x00002508       0x2e ./source/UART/uart.o
                0x00002508                UART2_RX_TX_IRQHandler
 .text.UART3_RX_TX_IRQHandler
                0x00002536       0x2e ./source/UART/uart.o
                0x00002536                UART3_RX_TX_IRQHandler
 .text.UART4_RX_TX_IRQHandler
                0x00002564       0x2e ./source/UART/uart.o
                0x00002564                UART4_RX_TX_IRQHandler
 .text.PinsConfigMaster
                0x00002592       0xc0 ./source/SPI/SPI.o
 .text.setRetries
                0x00002652       0x40 ./source/NRF/NRF.o
 .text.setDataRate
                0x00002692       0x2e ./source/NRF/NRF.o
 .text.setChannel
                0x000026c0       0x2a ./source/NRF/NRF.o
 .text.flush_rx
                0x000026ea       0x10 ./source/NRF/NRF.o
 .text.flush_tx
                0x000026fa       0x10 ./source/NRF/NRF.o
 .text.setPALevel
                0x0000270a       0x44 ./source/NRF/NRF.o
                0x0000270a                setPALevel
 .text._pa_level_reg_value
                0x0000274e       0x30 ./source/NRF/NRF.o
 .text.available
                0x0000277e       0x2a ./source/NRF/NRF.o
                0x0000277e                available
 .text.get_status
                0x000027a8       0x10 ./source/NRF/NRF.o
 .text.read     0x000027b8       0x26 ./source/NRF/NRF.o
                0x000027b8                read
 .text.App_Init
                0x000027de        0xe ./source/NRF/NRFTest.o
                0x000027de                App_Init
 .text.main     0x000027ec       0x1a ./SDK/startup/main.o
                0x000027ec                main
 .text.HardFault_Handler
                0x00002806       0x2c ./SDK/startup/semihost_hardfault.o
                0x00002806                HardFault_Handler
 .text.DMA0_IRQHandler
                0x00002832        0x8 ./SDK/startup/startup_mk64f12.o
                0x00002832                DMA0_IRQHandler
 .text.DMA1_IRQHandler
                0x0000283a        0x8 ./SDK/startup/startup_mk64f12.o
                0x0000283a                DMA1_IRQHandler
 .text.DMA2_IRQHandler
                0x00002842        0x8 ./SDK/startup/startup_mk64f12.o
                0x00002842                DMA2_IRQHandler
 .text.DMA3_IRQHandler
                0x0000284a        0x8 ./SDK/startup/startup_mk64f12.o
                0x0000284a                DMA3_IRQHandler
 .text.DMA4_IRQHandler
                0x00002852        0x8 ./SDK/startup/startup_mk64f12.o
                0x00002852                DMA4_IRQHandler
 .text.DMA5_IRQHandler
                0x0000285a        0x8 ./SDK/startup/startup_mk64f12.o
                0x0000285a                DMA5_IRQHandler
 .text.DMA6_IRQHandler
                0x00002862        0x8 ./SDK/startup/startup_mk64f12.o
                0x00002862                DMA6_IRQHandler
 .text.DMA7_IRQHandler
                0x0000286a        0x8 ./SDK/startup/startup_mk64f12.o
                0x0000286a                DMA7_IRQHandler
 .text.DMA8_IRQHandler
                0x00002872        0x8 ./SDK/startup/startup_mk64f12.o
                0x00002872                DMA8_IRQHandler
 .text.DMA9_IRQHandler
                0x0000287a        0x8 ./SDK/startup/startup_mk64f12.o
                0x0000287a                DMA9_IRQHandler
 .text.DMA10_IRQHandler
                0x00002882        0x8 ./SDK/startup/startup_mk64f12.o
                0x00002882                DMA10_IRQHandler
 .text.DMA11_IRQHandler
                0x0000288a        0x8 ./SDK/startup/startup_mk64f12.o
                0x0000288a                DMA11_IRQHandler
 .text.DMA12_IRQHandler
                0x00002892        0x8 ./SDK/startup/startup_mk64f12.o
                0x00002892                DMA12_IRQHandler
 .text.DMA13_IRQHandler
                0x0000289a        0x8 ./SDK/startup/startup_mk64f12.o
                0x0000289a                DMA13_IRQHandler
 .text.DMA14_IRQHandler
                0x000028a2        0x8 ./SDK/startup/startup_mk64f12.o
                0x000028a2                DMA14_IRQHandler
 .text.DMA15_IRQHandler
                0x000028aa        0x8 ./SDK/startup/startup_mk64f12.o
                0x000028aa                DMA15_IRQHandler
 .text.DMA_Error_IRQHandler
                0x000028b2        0x8 ./SDK/startup/startup_mk64f12.o
                0x000028b2                DMA_Error_IRQHandler
 .text.MCM_IRQHandler
                0x000028ba        0x8 ./SDK/startup/startup_mk64f12.o
                0x000028ba                MCM_IRQHandler
 .text.FTFE_IRQHandler
                0x000028c2        0x8 ./SDK/startup/startup_mk64f12.o
                0x000028c2                FTFE_IRQHandler
 .text.Read_Collision_IRQHandler
                0x000028ca        0x8 ./SDK/startup/startup_mk64f12.o
                0x000028ca                Read_Collision_IRQHandler
 .text.LVD_LVW_IRQHandler
                0x000028d2        0x8 ./SDK/startup/startup_mk64f12.o
                0x000028d2                LVD_LVW_IRQHandler
 .text.LLWU_IRQHandler
                0x000028da        0x8 ./SDK/startup/startup_mk64f12.o
                0x000028da                LLWU_IRQHandler
 .text.WDOG_EWM_IRQHandler
                0x000028e2        0x8 ./SDK/startup/startup_mk64f12.o
                0x000028e2                WDOG_EWM_IRQHandler
 .text.RNG_IRQHandler
                0x000028ea        0x8 ./SDK/startup/startup_mk64f12.o
                0x000028ea                RNG_IRQHandler
 .text.I2C1_IRQHandler
                0x000028f2        0x8 ./SDK/startup/startup_mk64f12.o
                0x000028f2                I2C1_IRQHandler
 .text.SPI1_IRQHandler
                0x000028fa        0x8 ./SDK/startup/startup_mk64f12.o
                0x000028fa                SPI1_IRQHandler
 .text.I2S0_Tx_IRQHandler
                0x00002902        0x8 ./SDK/startup/startup_mk64f12.o
                0x00002902                I2S0_Tx_IRQHandler
 .text.I2S0_Rx_IRQHandler
                0x0000290a        0x8 ./SDK/startup/startup_mk64f12.o
                0x0000290a                I2S0_Rx_IRQHandler
 .text.UART0_LON_IRQHandler
                0x00002912        0x8 ./SDK/startup/startup_mk64f12.o
                0x00002912                UART0_LON_IRQHandler
 .text.UART0_ERR_IRQHandler
                0x0000291a        0x8 ./SDK/startup/startup_mk64f12.o
                0x0000291a                UART0_ERR_IRQHandler
 .text.UART1_ERR_IRQHandler
                0x00002922        0x8 ./SDK/startup/startup_mk64f12.o
                0x00002922                UART1_ERR_IRQHandler
 .text.UART2_ERR_IRQHandler
                0x0000292a        0x8 ./SDK/startup/startup_mk64f12.o
                0x0000292a                UART2_ERR_IRQHandler
 .text.UART3_ERR_IRQHandler
                0x00002932        0x8 ./SDK/startup/startup_mk64f12.o
                0x00002932                UART3_ERR_IRQHandler
 .text.ADC0_IRQHandler
                0x0000293a        0x8 ./SDK/startup/startup_mk64f12.o
                0x0000293a                ADC0_IRQHandler
 .text.CMP0_IRQHandler
                0x00002942        0x8 ./SDK/startup/startup_mk64f12.o
                0x00002942                CMP0_IRQHandler
 .text.CMP1_IRQHandler
                0x0000294a        0x8 ./SDK/startup/startup_mk64f12.o
                0x0000294a                CMP1_IRQHandler
 .text.FTM2_IRQHandler
                0x00002952        0x8 ./SDK/startup/startup_mk64f12.o
                0x00002952                FTM2_IRQHandler
 .text.CMT_IRQHandler
                0x0000295a        0x8 ./SDK/startup/startup_mk64f12.o
                0x0000295a                CMT_IRQHandler
 .text.RTC_IRQHandler
                0x00002962        0x8 ./SDK/startup/startup_mk64f12.o
                0x00002962                RTC_IRQHandler
 .text.RTC_Seconds_IRQHandler
                0x0000296a        0x8 ./SDK/startup/startup_mk64f12.o
                0x0000296a                RTC_Seconds_IRQHandler
 .text.PDB0_IRQHandler
                0x00002972        0x8 ./SDK/startup/startup_mk64f12.o
                0x00002972                PDB0_IRQHandler
 .text.USB0_IRQHandler
                0x0000297a        0x8 ./SDK/startup/startup_mk64f12.o
                0x0000297a                USB0_IRQHandler
 .text.USBDCD_IRQHandler
                0x00002982        0x8 ./SDK/startup/startup_mk64f12.o
                0x00002982                USBDCD_IRQHandler
 .text.Reserved71_IRQHandler
                0x0000298a        0x8 ./SDK/startup/startup_mk64f12.o
                0x0000298a                Reserved71_IRQHandler
 .text.DAC0_IRQHandler
                0x00002992        0x8 ./SDK/startup/startup_mk64f12.o
                0x00002992                DAC0_IRQHandler
 .text.MCG_IRQHandler
                0x0000299a        0x8 ./SDK/startup/startup_mk64f12.o
                0x0000299a                MCG_IRQHandler
 .text.LPTMR0_IRQHandler
                0x000029a2        0x8 ./SDK/startup/startup_mk64f12.o
                0x000029a2                LPTMR0_IRQHandler
 .text.SWI_IRQHandler
                0x000029aa        0x8 ./SDK/startup/startup_mk64f12.o
                0x000029aa                SWI_IRQHandler
 .text.SPI2_IRQHandler
                0x000029b2        0x8 ./SDK/startup/startup_mk64f12.o
                0x000029b2                SPI2_IRQHandler
 .text.UART4_ERR_IRQHandler
                0x000029ba        0x8 ./SDK/startup/startup_mk64f12.o
                0x000029ba                UART4_ERR_IRQHandler
 .text.UART5_RX_TX_IRQHandler
                0x000029c2        0x8 ./SDK/startup/startup_mk64f12.o
                0x000029c2                UART5_RX_TX_IRQHandler
 .text.UART5_ERR_IRQHandler
                0x000029ca        0x8 ./SDK/startup/startup_mk64f12.o
                0x000029ca                UART5_ERR_IRQHandler
 .text.CMP2_IRQHandler
                0x000029d2        0x8 ./SDK/startup/startup_mk64f12.o
                0x000029d2                CMP2_IRQHandler
 .text.FTM3_IRQHandler
                0x000029da        0x8 ./SDK/startup/startup_mk64f12.o
                0x000029da                FTM3_IRQHandler
 .text.DAC1_IRQHandler
                0x000029e2        0x8 ./SDK/startup/startup_mk64f12.o
                0x000029e2                DAC1_IRQHandler
 .text.ADC1_IRQHandler
                0x000029ea        0x8 ./SDK/startup/startup_mk64f12.o
                0x000029ea                ADC1_IRQHandler
 .text.I2C2_IRQHandler
                0x000029f2        0x8 ./SDK/startup/startup_mk64f12.o
                0x000029f2                I2C2_IRQHandler
 .text.CAN0_ORed_Message_buffer_IRQHandler
                0x000029fa        0x8 ./SDK/startup/startup_mk64f12.o
                0x000029fa                CAN0_ORed_Message_buffer_IRQHandler
 .text.CAN0_Bus_Off_IRQHandler
                0x00002a02        0x8 ./SDK/startup/startup_mk64f12.o
                0x00002a02                CAN0_Bus_Off_IRQHandler
 .text.CAN0_Error_IRQHandler
                0x00002a0a        0x8 ./SDK/startup/startup_mk64f12.o
                0x00002a0a                CAN0_Error_IRQHandler
 .text.CAN0_Tx_Warning_IRQHandler
                0x00002a12        0x8 ./SDK/startup/startup_mk64f12.o
                0x00002a12                CAN0_Tx_Warning_IRQHandler
 .text.CAN0_Rx_Warning_IRQHandler
                0x00002a1a        0x8 ./SDK/startup/startup_mk64f12.o
                0x00002a1a                CAN0_Rx_Warning_IRQHandler
 .text.CAN0_Wake_Up_IRQHandler
                0x00002a22        0x8 ./SDK/startup/startup_mk64f12.o
                0x00002a22                CAN0_Wake_Up_IRQHandler
 .text.SDHC_IRQHandler
                0x00002a2a        0x8 ./SDK/startup/startup_mk64f12.o
                0x00002a2a                SDHC_IRQHandler
 .text.ENET_1588_Timer_IRQHandler
                0x00002a32        0x8 ./SDK/startup/startup_mk64f12.o
                0x00002a32                ENET_1588_Timer_IRQHandler
 .text.ENET_Transmit_IRQHandler
                0x00002a3a        0x8 ./SDK/startup/startup_mk64f12.o
                0x00002a3a                ENET_Transmit_IRQHandler
 .text.ENET_Receive_IRQHandler
                0x00002a42        0x8 ./SDK/startup/startup_mk64f12.o
                0x00002a42                ENET_Receive_IRQHandler
 .text.ENET_Error_IRQHandler
                0x00002a4a        0x8 ./SDK/startup/startup_mk64f12.o
                0x00002a4a                ENET_Error_IRQHandler
 .text.SystemInitHook
                0x00002a52        0xe ./SDK/CMSIS/system_MK64F12.o
                0x00002a52                SystemInitHook
 .text.memcpy   0x00002a60        0x4 c:/nxp/mcuxpressoide_11.6.1_8255/ide/plugins/com.nxp.mcuxpresso.tools.win32_11.6.1.202207200623/tools/bin/../lib/gcc/arm-none-eabi/10.3.1/../../../../arm-none-eabi/lib/thumb/v7e-m+fp/hard\libcr_c.a(memcpy.o)
                0x00002a60                memcpy
 .text.__aeabi_division_uldivmod
                0x00002a64      0x174 c:/nxp/mcuxpressoide_11.6.1_8255/ide/plugins/com.nxp.mcuxpresso.tools.win32_11.6.1.202207200623/tools/bin/../lib/gcc/arm-none-eabi/10.3.1/thumb/v7e-m+fp/hard\libcr_eabihelpers.a(division_64.o)
                0x00002a64                __aeabi_uldivmod
                0x00002a68                __bhs_ldivmod1
 .text.__aeabi_division_idiv0
                0x00002bd8        0x2 c:/nxp/mcuxpressoide_11.6.1_8255/ide/plugins/com.nxp.mcuxpresso.tools.win32_11.6.1.202207200623/tools/bin/../lib/gcc/arm-none-eabi/10.3.1/thumb/v7e-m+fp/hard\libcr_eabihelpers.a(division_idiv0.o)
                0x00002bd8                __aeabi_idiv0
 .text.__aeabi_memcpy
                0x00002bda       0x34 c:/nxp/mcuxpressoide_11.6.1_8255/ide/plugins/com.nxp.mcuxpresso.tools.win32_11.6.1.202207200623/tools/bin/../lib/gcc/arm-none-eabi/10.3.1/thumb/v7e-m+fp/hard\libcr_eabihelpers.a(memcpy.o)
                0x00002bda                __aeabi_memcpy
                0x00002be4                __aeabi_memcpy8
                0x00002be4                __aeabi_memcpy4
 *(SORT_BY_ALIGNMENT(.rodata) SORT_BY_ALIGNMENT(.rodata.*) SORT_BY_ALIGNMENT(.constdata) SORT_BY_ALIGNMENT(.constdata.*))
 *fill*         0x00002c0e        0x2 ff
 .rodata.UARTPorts
                0x00002c10       0x18 ./source/UART/uart.o
 .rodata.gpioPtr
                0x00002c28       0x14 ./source/MCAL/gpio.o
 .rodata.portPtr
                0x00002c3c       0x14 ./source/MCAL/gpio.o
 .rodata.SIMPortMasks
                0x00002c50       0x14 ./source/MCAL/gpio.o
                0x00002c68                . = ALIGN (0x8)
 *fill*         0x00002c64        0x4 ff
                0x00002c68                _etext = .

.glue_7         0x00002c68        0x0
 .glue_7        0x00002c68        0x0 linker stubs

.glue_7t        0x00002c68        0x0
 .glue_7t       0x00002c68        0x0 linker stubs

.vfp11_veneer   0x00002c68        0x0
 .vfp11_veneer  0x00002c68        0x0 linker stubs

.v4_bx          0x00002c68        0x0
 .v4_bx         0x00002c68        0x0 linker stubs

.iplt           0x00002c68        0x0
 .iplt          0x00002c68        0x0 ./source/timer/SysTick.o

.rel.dyn        0x00002c68        0x0
 .rel.iplt      0x00002c68        0x0 ./source/timer/SysTick.o

.m_usb_data
 *(SORT_BY_ALIGNMENT(m_usb_bdt))

.data_RAM2      0x1fff0000        0x0 load address 0x00002c68
 FILL mask 0xff
                [!provide]                PROVIDE (__start_data_RAM2 = .)
                [!provide]                PROVIDE (__start_data_SRAM_LOWER = .)
 *(SORT_BY_ALIGNMENT(.ramfunc.$RAM2))
 *(SORT_BY_ALIGNMENT(.ramfunc.$SRAM_LOWER))
 *(SORT_BY_ALIGNMENT(.data.$RAM2))
 *(SORT_BY_ALIGNMENT(.data.$SRAM_LOWER))
 *(SORT_BY_ALIGNMENT(.data.$RAM2.*))
 *(SORT_BY_ALIGNMENT(.data.$SRAM_LOWER.*))
                0x1fff0000                . = ALIGN (0x8)
                [!provide]                PROVIDE (__end_data_RAM2 = .)
                [!provide]                PROVIDE (__end_data_SRAM_LOWER = .)

.data_RAM3      0x14000000        0x0 load address 0x00002c68
 FILL mask 0xff
                [!provide]                PROVIDE (__start_data_RAM3 = .)
                [!provide]                PROVIDE (__start_data_FLEX_RAM = .)
 *(SORT_BY_ALIGNMENT(.ramfunc.$RAM3))
 *(SORT_BY_ALIGNMENT(.ramfunc.$FLEX_RAM))
 *(SORT_BY_ALIGNMENT(.data.$RAM3))
 *(SORT_BY_ALIGNMENT(.data.$FLEX_RAM))
 *(SORT_BY_ALIGNMENT(.data.$RAM3.*))
 *(SORT_BY_ALIGNMENT(.data.$FLEX_RAM.*))
                0x14000000                . = ALIGN (0x8)
                [!provide]                PROVIDE (__end_data_RAM3 = .)
                [!provide]                PROVIDE (__end_data_FLEX_RAM = .)

.uninit_RESERVED
                0x20000000        0x0
                0x20000000                _start_uninit_RESERVED = .
 *(SORT_BY_ALIGNMENT(.bss.$RESERVED*))
                0x20000000                . = ALIGN (0x8)
                0x20000000                _end_uninit_RESERVED = .

.data           0x20000000       0x40 load address 0x00002c68
 FILL mask 0xff
                0x20000000                _data = .
                [!provide]                PROVIDE (__start_data_RAM = .)
                [!provide]                PROVIDE (__start_data_SRAM_UPPER = .)
 *(SORT_BY_ALIGNMENT(vtable))
 *(SORT_BY_ALIGNMENT(.ramfunc*))
 *(SORT_BY_ALIGNMENT(CodeQuickAccess))
 *(SORT_BY_ALIGNMENT(DataQuickAccess))
 *(SORT_BY_ALIGNMENT(RamFunction))
 *(SORT_BY_ALIGNMENT(.data*))
 .data.portPtrs
                0x20000000       0x14 ./source/SPI/SPI.o
 .data.SPIPtrs  0x20000014        0xc ./source/SPI/SPI.o
 .data.sim_ptr  0x20000020        0x4 ./source/SPI/SPI.o
 .data.child_pipe
                0x20000024        0x6 ./source/NRF/NRF.o
 *fill*         0x2000002a        0x2 ff
 .data.child_pipe_enable
                0x2000002c        0x6 ./source/NRF/NRF.o
 *fill*         0x20000032        0x2 ff
 .data.address  0x20000034        0x6 ./source/NRF/NRFTest.o
                0x20000034                address
 *fill*         0x2000003a        0x2 ff
 .data.i2cStates
                0x2000003c        0x2 ./source/I2Cm/I2Cm.o
                0x2000003c                i2cStates
 .data.timers_cant
                0x2000003e        0x1 ./source/timer/timer.o
 .data.status   0x2000003f        0x1 ./source/NRF/NRF.o
                0x20000040                . = ALIGN (0x8)
                0x20000040                _edata = .
                [!provide]                PROVIDE (__end_data_RAM = .)
                [!provide]                PROVIDE (__end_data_SRAM_UPPER = .)

.igot.plt       0x20000040        0x0 load address 0x00002ca8
 .igot.plt      0x20000040        0x0 ./source/timer/SysTick.o

.bss_RAM2       0x1fff0000        0x0
                [!provide]                PROVIDE (__start_bss_RAM2 = .)
                [!provide]                PROVIDE (__start_bss_SRAM_LOWER = .)
 *(SORT_BY_ALIGNMENT(.bss.$RAM2))
 *(SORT_BY_ALIGNMENT(.bss.$SRAM_LOWER))
 *(SORT_BY_ALIGNMENT(.bss.$RAM2.*))
 *(SORT_BY_ALIGNMENT(.bss.$SRAM_LOWER.*))
                0x1fff0000                . = ALIGN ((. != 0x0)?0x8:0x1)
                [!provide]                PROVIDE (__end_bss_RAM2 = .)
                [!provide]                PROVIDE (__end_bss_SRAM_LOWER = .)

.bss_RAM3       0x14000000        0x0
                [!provide]                PROVIDE (__start_bss_RAM3 = .)
                [!provide]                PROVIDE (__start_bss_FLEX_RAM = .)
 *(SORT_BY_ALIGNMENT(.bss.$RAM3))
 *(SORT_BY_ALIGNMENT(.bss.$FLEX_RAM))
 *(SORT_BY_ALIGNMENT(.bss.$RAM3.*))
 *(SORT_BY_ALIGNMENT(.bss.$FLEX_RAM.*))
                0x14000000                . = ALIGN ((. != 0x0)?0x8:0x1)
                [!provide]                PROVIDE (__end_bss_RAM3 = .)
                [!provide]                PROVIDE (__end_bss_FLEX_RAM = .)

.bss            0x20000040      0xf08
                0x20000040                _bss = .
                [!provide]                PROVIDE (__start_bss_RAM = .)
                [!provide]                PROVIDE (__start_bss_SRAM_UPPER = .)
 *(SORT_BY_ALIGNMENT(.bss*))
 .bss.ICLastTicks
                0x20000040      0x100 ./source/FTM/FTM.o
 .bss.SysTickCallback
                0x20000140        0x4 ./source/timer/SysTick.o
 .bss.timers    0x20000144       0xa0 ./source/timer/timer.o
 .bss.pckgNULL  0x200001e4       0x10 ./source/buffer/SPI_buffer.o
                0x200001e4                pckgNULL
 .bss.TxBuffer  0x200001f4      0x267 ./source/UART/uart.o
 *fill*         0x2000045b        0x1 
 .bss.RxBuffer  0x2000045c      0x267 ./source/UART/uart.o
 *fill*         0x200006c3        0x1 
 .bss.TxBuffer  0x200006c4      0x408 ./source/SPI/SPI.o
 .bss.cont.1    0x20000acc        0x4 ./source/SPI/SPI.o
 .bss.pckgAux.0
                0x20000ad0       0x10 ./source/SPI/SPI.o
 .bss.PITCbs    0x20000ae0       0x10 ./source/PIT/PIT.o
 .bss.SPIconfig
                0x20000af0        0x3 ./source/NRF/NRF.o
 *fill*         0x20000af3        0x1 
 .bss.pipe0_reading_address
                0x20000af4        0x5 ./source/NRF/NRF.o
 *fill*         0x20000af9        0x3 
 .bss.text      0x20000afc       0x20 ./source/NRF/NRFTest.o
                0x20000afc                text
 .bss.portIrqFunc
                0x20000b1c      0x280 ./source/MCAL/gpio.o
                0x20000b1c                portIrqFunc
 .bss.writeState
                0x20000d9c       0x24 ./source/I2Cm/I2Cm.o
 .bss.readState
                0x20000dc0       0x18 ./source/I2Cm/I2Cm.o
 .bss.PWMPtrs   0x20000dd8       0x80 ./source/FTM/FTM.o
 .bss.ICCbPtrs  0x20000e58       0x80 ./source/FTM/FTM.o
 .bss.ICChannelValue
                0x20000ed8       0x40 ./source/FTM/FTM.o
 .bss.ICnewEdge
                0x20000f18       0x20 ./source/FTM/FTM.o
 .bss.__LDM_interruptDisableCount
                0x20000f38        0x4 ./SDK/startup/hardware.o
 .bss.yaInit.0  0x20000f3c        0x1 ./source/timer/timer.o
 .bss.inInterrupt
                0x20000f3d        0x1 ./source/SPI/SPI.o
 .bss.finishSPI
                0x20000f3e        0x1 ./source/NRF/NRF.o
 .bss._is_p_variant
                0x20000f3f        0x1 ./source/NRF/NRF.o
 .bss.ack_payloads_enabled
                0x20000f40        0x1 ./source/NRF/NRF.o
 .bss.dynamic_payloads_enabled
                0x20000f41        0x1 ./source/NRF/NRF.o
 .bss.payload_size
                0x20000f42        0x1 ./source/NRF/NRF.o
 .bss.addr_width
                0x20000f43        0x1 ./source/NRF/NRF.o
 .bss.config_reg
                0x20000f44        0x1 ./source/NRF/NRF.o
 .bss._is_p0_rx
                0x20000f45        0x1 ./source/NRF/NRF.o
 .bss.isBusBusy
                0x20000f46        0x1 ./source/I2Cm/I2Cm.o
 *(SORT_BY_ALIGNMENT(COMMON))
                0x20000f48                . = ALIGN (0x8)
 *fill*         0x20000f47        0x1 
                0x20000f48                _ebss = .
                [!provide]                PROVIDE (__end_bss_RAM = .)
                [!provide]                PROVIDE (__end_bss_SRAM_UPPER = .)
                [!provide]                PROVIDE (end = .)

.noinit_RAM2    0x1fff0000        0x0
                [!provide]                PROVIDE (__start_noinit_RAM2 = .)
                [!provide]                PROVIDE (__start_noinit_SRAM_LOWER = .)
 *(SORT_BY_ALIGNMENT(.noinit.$RAM2))
 *(SORT_BY_ALIGNMENT(.noinit.$SRAM_LOWER))
 *(SORT_BY_ALIGNMENT(.noinit.$RAM2.*))
 *(SORT_BY_ALIGNMENT(.noinit.$SRAM_LOWER.*))
                0x1fff0000                . = ALIGN (0x8)
                [!provide]                PROVIDE (__end_noinit_RAM2 = .)
                [!provide]                PROVIDE (__end_noinit_SRAM_LOWER = .)

.noinit_RAM3    0x14000000        0x0
                [!provide]                PROVIDE (__start_noinit_RAM3 = .)
                [!provide]                PROVIDE (__start_noinit_FLEX_RAM = .)
 *(SORT_BY_ALIGNMENT(.noinit.$RAM3))
 *(SORT_BY_ALIGNMENT(.noinit.$FLEX_RAM))
 *(SORT_BY_ALIGNMENT(.noinit.$RAM3.*))
 *(SORT_BY_ALIGNMENT(.noinit.$FLEX_RAM.*))
                0x14000000                . = ALIGN (0x8)
                [!provide]                PROVIDE (__end_noinit_RAM3 = .)
                [!provide]                PROVIDE (__end_noinit_FLEX_RAM = .)

.noinit         0x20000f48        0x0
                0x20000f48                _noinit = .
                [!provide]                PROVIDE (__start_noinit_RAM = .)
                [!provide]                PROVIDE (__start_noinit_SRAM_UPPER = .)
 *(SORT_BY_ALIGNMENT(.noinit*))
                0x20000f48                . = ALIGN (0x8)
                0x20000f48                _end_noinit = .
                [!provide]                PROVIDE (__end_noinit_RAM = .)
                [!provide]                PROVIDE (__end_noinit_SRAM_UPPER = .)

.ARM.extab
 *(SORT_BY_ALIGNMENT(.ARM.extab*) SORT_BY_ALIGNMENT(.gnu.linkonce.armextab.*))

.ARM.exidx      0x00002ca8        0x0
                0x00002ca8                __exidx_start = .
 *(SORT_BY_ALIGNMENT(.ARM.exidx*) SORT_BY_ALIGNMENT(.gnu.linkonce.armexidx.*))
                0x00002ca8                __exidx_end = .
                0x00001000                _HeapSize = 0x1000

.heap           0x20000f48     0x1000
                0x20000f48                _pvHeapStart = .
                0x20001f48                . = (. + _HeapSize)
 *fill*         0x20000f48     0x1000 
                0x20001f48                . = ALIGN (0x8)
                0x20001f48                _pvHeapLimit = .
                0x00001000                _StackSize = 0x1000

.heap2stackfill
                0x20001f48     0x1000
                0x20002f48                . = (. + _StackSize)
 *fill*         0x20001f48     0x1000 

.stack          0x2002f000        0x0
                0x2002f000                _vStackBase = .
                0x2002f000                . = ALIGN (0x8)
                0x20030000                _vStackTop = (. + _StackSize)
                0x00000000                _image_start = LOADADDR (.text)
                0x00002ca8                _image_end = (LOADADDR (.data) + SIZEOF (.data))
                0x00002ca8                _image_size = (_image_end - _image_start)
OUTPUT(TPQUAD.axf elf32-littlearm)
LOAD linker stubs

.debug_info     0x00000000     0x7a9e
 .debug_info    0x00000000      0x506 ./source/timer/SysTick.o
 .debug_info    0x00000506      0x2d9 ./source/timer/timer.o
 .debug_info    0x000007df      0x329 ./source/buffer/SPI_buffer.o
 .debug_info    0x00000b08      0x2e6 ./source/buffer/circular_buffer.o
 .debug_info    0x00000dee      0xde4 ./source/UART/uart.o
 .debug_info    0x00001bd2      0xd5c ./source/SPI/SPI.o
 .debug_info    0x0000292e      0x87a ./source/PIT/PIT.o
 .debug_info    0x000031a8      0x808 ./source/NRF/NRF.o
 .debug_info    0x000039b0      0x111 ./source/NRF/NRFTest.o
 .debug_info    0x00003ac1      0xc0f ./source/MCAL/gpio.o
 .debug_info    0x000046d0      0xd3a ./source/I2Cm/I2Cm.o
 .debug_info    0x0000540a      0xfab ./source/FTM/FTM.o
 .debug_info    0x000063b5      0x6b2 ./SDK/startup/hardware.o
 .debug_info    0x00006a67       0x86 ./SDK/startup/main.o
 .debug_info    0x00006aed       0x3c ./SDK/startup/semihost_hardfault.o
 .debug_info    0x00006b29      0x93a ./SDK/startup/startup_mk64f12.o
 .debug_info    0x00007463      0x63b ./SDK/CMSIS/system_MK64F12.o

.debug_abbrev   0x00000000     0x1c9d
 .debug_abbrev  0x00000000      0x190 ./source/timer/SysTick.o
 .debug_abbrev  0x00000190      0x1b5 ./source/timer/timer.o
 .debug_abbrev  0x00000345      0x1b4 ./source/buffer/SPI_buffer.o
 .debug_abbrev  0x000004f9      0x162 ./source/buffer/circular_buffer.o
 .debug_abbrev  0x0000065b      0x267 ./source/UART/uart.o
 .debug_abbrev  0x000008c2      0x2d8 ./source/SPI/SPI.o
 .debug_abbrev  0x00000b9a      0x1d5 ./source/PIT/PIT.o
 .debug_abbrev  0x00000d6f      0x29e ./source/NRF/NRF.o
 .debug_abbrev  0x0000100d       0xb1 ./source/NRF/NRFTest.o
 .debug_abbrev  0x000010be      0x253 ./source/MCAL/gpio.o
 .debug_abbrev  0x00001311      0x280 ./source/I2Cm/I2Cm.o
 .debug_abbrev  0x00001591      0x297 ./source/FTM/FTM.o
 .debug_abbrev  0x00001828      0x12e ./SDK/startup/hardware.o
 .debug_abbrev  0x00001956       0x49 ./SDK/startup/main.o
 .debug_abbrev  0x0000199f       0x31 ./SDK/startup/semihost_hardfault.o
 .debug_abbrev  0x000019d0      0x185 ./SDK/startup/startup_mk64f12.o
 .debug_abbrev  0x00001b55      0x148 ./SDK/CMSIS/system_MK64F12.o

.debug_aranges  0x00000000      0x868
 .debug_aranges
                0x00000000       0x30 ./source/timer/SysTick.o
 .debug_aranges
                0x00000030       0x50 ./source/timer/timer.o
 .debug_aranges
                0x00000080       0x58 ./source/buffer/SPI_buffer.o
 .debug_aranges
                0x000000d8       0x58 ./source/buffer/circular_buffer.o
 .debug_aranges
                0x00000130       0x80 ./source/UART/uart.o
 .debug_aranges
                0x000001b0       0x58 ./source/SPI/SPI.o
 .debug_aranges
                0x00000208       0x58 ./source/PIT/PIT.o
 .debug_aranges
                0x00000260       0xc8 ./source/NRF/NRF.o
 .debug_aranges
                0x00000328       0x28 ./source/NRF/NRFTest.o
 .debug_aranges
                0x00000350       0x78 ./source/MCAL/gpio.o
 .debug_aranges
                0x000003c8       0x50 ./source/I2Cm/I2Cm.o
 .debug_aranges
                0x00000418       0x80 ./source/FTM/FTM.o
 .debug_aranges
                0x00000498       0x30 ./SDK/startup/hardware.o
 .debug_aranges
                0x000004c8       0x20 ./SDK/startup/main.o
 .debug_aranges
                0x000004e8       0x20 ./SDK/startup/semihost_hardfault.o
 .debug_aranges
                0x00000508      0x330 ./SDK/startup/startup_mk64f12.o
 .debug_aranges
                0x00000838       0x30 ./SDK/CMSIS/system_MK64F12.o

.debug_ranges   0x00000000      0x758
 .debug_ranges  0x00000000       0x20 ./source/timer/SysTick.o
 .debug_ranges  0x00000020       0x40 ./source/timer/timer.o
 .debug_ranges  0x00000060       0x48 ./source/buffer/SPI_buffer.o
 .debug_ranges  0x000000a8       0x48 ./source/buffer/circular_buffer.o
 .debug_ranges  0x000000f0       0x70 ./source/UART/uart.o
 .debug_ranges  0x00000160       0x48 ./source/SPI/SPI.o
 .debug_ranges  0x000001a8       0x48 ./source/PIT/PIT.o
 .debug_ranges  0x000001f0       0xb8 ./source/NRF/NRF.o
 .debug_ranges  0x000002a8       0x18 ./source/NRF/NRFTest.o
 .debug_ranges  0x000002c0       0x68 ./source/MCAL/gpio.o
 .debug_ranges  0x00000328       0x40 ./source/I2Cm/I2Cm.o
 .debug_ranges  0x00000368       0x70 ./source/FTM/FTM.o
 .debug_ranges  0x000003d8       0x20 ./SDK/startup/hardware.o
 .debug_ranges  0x000003f8       0x10 ./SDK/startup/main.o
 .debug_ranges  0x00000408       0x10 ./SDK/startup/semihost_hardfault.o
 .debug_ranges  0x00000418      0x320 ./SDK/startup/startup_mk64f12.o
 .debug_ranges  0x00000738       0x20 ./SDK/CMSIS/system_MK64F12.o

.debug_macro    0x00000000    0x13605
 .debug_macro   0x00000000       0xb6 ./source/timer/SysTick.o
 .debug_macro   0x000000b6      0xa7e ./source/timer/SysTick.o
 .debug_macro   0x00000b34       0x22 ./source/timer/SysTick.o
 .debug_macro   0x00000b56      0x34e ./source/timer/SysTick.o
 .debug_macro   0x00000ea4       0x10 ./source/timer/SysTick.o
 .debug_macro   0x00000eb4       0x5c ./source/timer/SysTick.o
 .debug_macro   0x00000f10       0x1c ./source/timer/SysTick.o
 .debug_macro   0x00000f2c       0x28 ./source/timer/SysTick.o
 .debug_macro   0x00000f54       0xd9 ./source/timer/SysTick.o
 .debug_macro   0x0000102d      0xecf ./source/timer/SysTick.o
 .debug_macro   0x00001efc       0x48 ./source/timer/SysTick.o
 .debug_macro   0x00001f44     0xe07b ./source/timer/SysTick.o
 .debug_macro   0x0000ffbf     0x122b ./source/timer/SysTick.o
 .debug_macro   0x000111ea       0x16 ./source/timer/SysTick.o
 .debug_macro   0x00011200      0x134 ./source/timer/timer.o
 .debug_macro   0x00011334       0x1e ./source/timer/timer.o
 .debug_macro   0x00011352       0x22 ./source/timer/timer.o
 .debug_macro   0x00011374       0x5e ./source/timer/timer.o
 .debug_macro   0x000113d2       0x94 ./source/timer/timer.o
 .debug_macro   0x00011466       0x35 ./source/timer/timer.o
 .debug_macro   0x0001149b       0x34 ./source/timer/timer.o
 .debug_macro   0x000114cf       0x16 ./source/timer/timer.o
 .debug_macro   0x000114e5      0x10e ./source/timer/timer.o
 .debug_macro   0x000115f3       0x8d ./source/timer/timer.o
 .debug_macro   0x00011680       0x16 ./source/timer/timer.o
 .debug_macro   0x00011696       0x43 ./source/timer/timer.o
 .debug_macro   0x000116d9       0x57 ./source/timer/timer.o
 .debug_macro   0x00011730       0x34 ./source/timer/timer.o
 .debug_macro   0x00011764       0x10 ./source/timer/timer.o
 .debug_macro   0x00011774       0x58 ./source/timer/timer.o
 .debug_macro   0x000117cc      0x182 ./source/timer/timer.o
 .debug_macro   0x0001194e      0x341 ./source/timer/timer.o
 .debug_macro   0x00011c8f       0x16 ./source/timer/timer.o
 .debug_macro   0x00011ca5       0x29 ./source/timer/timer.o
 .debug_macro   0x00011cce       0x28 ./source/timer/timer.o
 .debug_macro   0x00011cf6       0x10 ./source/timer/timer.o
 .debug_macro   0x00011d06      0x1e7 ./source/buffer/SPI_buffer.o
 .debug_macro   0x00011eed       0x16 ./source/buffer/SPI_buffer.o
 .debug_macro   0x00011f03       0x97 ./source/buffer/SPI_buffer.o
 .debug_macro   0x00011f9a       0xfd ./source/buffer/SPI_buffer.o
 .debug_macro   0x00012097       0x10 ./source/buffer/SPI_buffer.o
 .debug_macro   0x000120a7       0x10 ./source/buffer/SPI_buffer.o
 .debug_macro   0x000120b7       0x6a ./source/buffer/SPI_buffer.o
 .debug_macro   0x00012121       0x1c ./source/buffer/SPI_buffer.o
 .debug_macro   0x0001213d       0x52 ./source/buffer/SPI_buffer.o
 .debug_macro   0x0001218f       0x22 ./source/buffer/SPI_buffer.o
 .debug_macro   0x000121b1       0x10 ./source/buffer/SPI_buffer.o
 .debug_macro   0x000121c1       0x52 ./source/buffer/SPI_buffer.o
 .debug_macro   0x00012213       0xd5 ./source/buffer/SPI_buffer.o
 .debug_macro   0x000122e8       0x1c ./source/buffer/SPI_buffer.o
 .debug_macro   0x00012304       0x3d ./source/buffer/SPI_buffer.o
 .debug_macro   0x00012341       0x16 ./source/buffer/SPI_buffer.o
 .debug_macro   0x00012357      0x16f ./source/buffer/SPI_buffer.o
 .debug_macro   0x000124c6       0x16 ./source/buffer/SPI_buffer.o
 .debug_macro   0x000124dc       0x35 ./source/buffer/SPI_buffer.o
 .debug_macro   0x00012511       0xac ./source/buffer/circular_buffer.o
 .debug_macro   0x000125bd       0xe8 ./source/UART/uart.o
 .debug_macro   0x000126a5       0x10 ./source/UART/uart.o
 .debug_macro   0x000126b5       0x40 ./source/UART/uart.o
 .debug_macro   0x000126f5      0x31f ./source/SPI/SPI.o
 .debug_macro   0x00012a14       0x3a ./source/SPI/SPI.o
 .debug_macro   0x00012a4e       0x10 ./source/SPI/SPI.o
 .debug_macro   0x00012a5e       0x10 ./source/SPI/SPI.o
 .debug_macro   0x00012a6e       0xd3 ./source/PIT/PIT.o
 .debug_macro   0x00012b41       0x28 ./source/PIT/PIT.o
 .debug_macro   0x00012b69      0x3bb ./source/NRF/NRF.o
 .debug_macro   0x00012f24       0x37 ./source/NRF/NRFTest.o
 .debug_macro   0x00012f5b       0xc4 ./source/MCAL/gpio.o
 .debug_macro   0x0001301f      0x1fd ./source/I2Cm/I2Cm.o
 .debug_macro   0x0001321c       0x10 ./source/I2Cm/I2Cm.o
 .debug_macro   0x0001322c      0x1c5 ./source/FTM/FTM.o
 .debug_macro   0x000133f1       0x22 ./source/FTM/FTM.o
 .debug_macro   0x00013413       0x9c ./SDK/startup/hardware.o
 .debug_macro   0x000134af       0x9c ./SDK/startup/main.o
 .debug_macro   0x0001354b       0x11 ./SDK/startup/semihost_hardfault.o
 .debug_macro   0x0001355c       0x29 ./SDK/startup/startup_mk64f12.o
 .debug_macro   0x00013585       0x80 ./SDK/CMSIS/system_MK64F12.o

.debug_line     0x00000000     0x532c
 .debug_line    0x00000000      0x232 ./source/timer/SysTick.o
 .debug_line    0x00000232      0x4e1 ./source/timer/timer.o
 .debug_line    0x00000713      0x5c3 ./source/buffer/SPI_buffer.o
 .debug_line    0x00000cd6      0x37c ./source/buffer/circular_buffer.o
 .debug_line    0x00001052      0x4fc ./source/UART/uart.o
 .debug_line    0x0000154e      0xb3d ./source/SPI/SPI.o
 .debug_line    0x0000208b      0x317 ./source/PIT/PIT.o
 .debug_line    0x000023a2      0x8bb ./source/NRF/NRF.o
 .debug_line    0x00002c5d      0x12a ./source/NRF/NRFTest.o
 .debug_line    0x00002d87      0x4ed ./source/MCAL/gpio.o
 .debug_line    0x00003274      0x788 ./source/I2Cm/I2Cm.o
 .debug_line    0x000039fc      0x839 ./source/FTM/FTM.o
 .debug_line    0x00004235      0x2a7 ./SDK/startup/hardware.o
 .debug_line    0x000044dc      0x1b8 ./SDK/startup/main.o
 .debug_line    0x00004694       0x5f ./SDK/startup/semihost_hardfault.o
 .debug_line    0x000046f3      0x917 ./SDK/startup/startup_mk64f12.o
 .debug_line    0x0000500a      0x322 ./SDK/CMSIS/system_MK64F12.o

.debug_str      0x00000000    0x7e025
 .debug_str     0x00000000    0x773ec ./source/timer/SysTick.o
                              0x775b7 (size before relaxing)
 .debug_str     0x000773ec     0x30b5 ./source/timer/timer.o
                               0x699c (size before relaxing)
 .debug_str     0x0007a4a1     0x1277 ./source/buffer/SPI_buffer.o
                               0x796b (size before relaxing)
 .debug_str     0x0007b718       0xa5 ./source/buffer/circular_buffer.o
                              0x7707d (size before relaxing)
 .debug_str     0x0007b7bd      0x4af ./source/UART/uart.o
                              0x77a26 (size before relaxing)
 .debug_str     0x0007bc6c      0x76f ./source/SPI/SPI.o
                              0x7beba (size before relaxing)
 .debug_str     0x0007c3db      0x229 ./source/PIT/PIT.o
                              0x77bb8 (size before relaxing)
 .debug_str     0x0007c604      0x78a ./source/NRF/NRF.o
                               0x71ae (size before relaxing)
 .debug_str     0x0007cd8e       0x2e ./source/NRF/NRFTest.o
                               0x3895 (size before relaxing)
 .debug_str     0x0007cdbc      0x1b5 ./source/MCAL/gpio.o
                              0x77bf1 (size before relaxing)
 .debug_str     0x0007cf71      0x2f1 ./source/I2Cm/I2Cm.o
                              0x7aa24 (size before relaxing)
 .debug_str     0x0007d262      0x4c3 ./source/FTM/FTM.o
                              0x7aae5 (size before relaxing)
 .debug_str     0x0007d725      0x16f ./SDK/startup/hardware.o
                              0x771d6 (size before relaxing)
 .debug_str     0x0007d894       0x1b ./SDK/startup/main.o
                              0x76fa1 (size before relaxing)
 .debug_str     0x0007d8af       0x36 ./SDK/startup/semihost_hardfault.o
                               0x2d4a (size before relaxing)
 .debug_str     0x0007d8e5      0x6ce ./SDK/startup/startup_mk64f12.o
                               0x35a4 (size before relaxing)
 .debug_str     0x0007dfb3       0x72 ./SDK/CMSIS/system_MK64F12.o
                              0x770f5 (size before relaxing)

.comment        0x00000000       0x49
 .comment       0x00000000       0x49 ./source/timer/SysTick.o
                                 0x4a (size before relaxing)
 .comment       0x00000049       0x4a ./source/timer/timer.o
 .comment       0x00000049       0x4a ./source/buffer/SPI_buffer.o
 .comment       0x00000049       0x4a ./source/buffer/circular_buffer.o
 .comment       0x00000049       0x4a ./source/UART/uart.o
 .comment       0x00000049       0x4a ./source/SPI/SPI.o
 .comment       0x00000049       0x4a ./source/PIT/PIT.o
 .comment       0x00000049       0x4a ./source/NRF/NRF.o
 .comment       0x00000049       0x4a ./source/NRF/NRFTest.o
 .comment       0x00000049       0x4a ./source/MCAL/gpio.o
 .comment       0x00000049       0x4a ./source/I2Cm/I2Cm.o
 .comment       0x00000049       0x4a ./source/FTM/FTM.o
 .comment       0x00000049       0x4a ./SDK/startup/hardware.o
 .comment       0x00000049       0x4a ./SDK/startup/main.o
 .comment       0x00000049       0x4a ./SDK/startup/semihost_hardfault.o
 .comment       0x00000049       0x4a ./SDK/startup/startup_mk64f12.o
 .comment       0x00000049       0x4a ./SDK/CMSIS/system_MK64F12.o
 .comment       0x00000049       0x4a c:/nxp/mcuxpressoide_11.6.1_8255/ide/plugins/com.nxp.mcuxpresso.tools.win32_11.6.1.202207200623/tools/bin/../lib/gcc/arm-none-eabi/10.3.1/../../../../arm-none-eabi/lib/thumb/v7e-m+fp/hard\libcr_c.a(memcpy.o)

.ARM.attributes
                0x00000000       0x32
 .ARM.attributes
                0x00000000       0x34 ./source/timer/SysTick.o
 .ARM.attributes
                0x00000034       0x34 ./source/timer/timer.o
 .ARM.attributes
                0x00000068       0x34 ./source/buffer/SPI_buffer.o
 .ARM.attributes
                0x0000009c       0x34 ./source/buffer/circular_buffer.o
 .ARM.attributes
                0x000000d0       0x34 ./source/UART/uart.o
 .ARM.attributes
                0x00000104       0x34 ./source/SPI/SPI.o
 .ARM.attributes
                0x00000138       0x34 ./source/PIT/PIT.o
 .ARM.attributes
                0x0000016c       0x34 ./source/NRF/NRF.o
 .ARM.attributes
                0x000001a0       0x34 ./source/NRF/NRFTest.o
 .ARM.attributes
                0x000001d4       0x34 ./source/MCAL/gpio.o
 .ARM.attributes
                0x00000208       0x34 ./source/I2Cm/I2Cm.o
 .ARM.attributes
                0x0000023c       0x34 ./source/FTM/FTM.o
 .ARM.attributes
                0x00000270       0x34 ./SDK/startup/hardware.o
 .ARM.attributes
                0x000002a4       0x34 ./SDK/startup/main.o
 .ARM.attributes
                0x000002d8       0x34 ./SDK/startup/semihost_hardfault.o
 .ARM.attributes
                0x0000030c       0x34 ./SDK/startup/startup_mk64f12.o
 .ARM.attributes
                0x00000340       0x34 ./SDK/CMSIS/system_MK64F12.o
 .ARM.attributes
                0x00000374       0x34 c:/nxp/mcuxpressoide_11.6.1_8255/ide/plugins/com.nxp.mcuxpresso.tools.win32_11.6.1.202207200623/tools/bin/../lib/gcc/arm-none-eabi/10.3.1/../../../../arm-none-eabi/lib/thumb/v7e-m+fp/hard\libcr_c.a(memcpy.o)
 .ARM.attributes
                0x000003a8       0x20 c:/nxp/mcuxpressoide_11.6.1_8255/ide/plugins/com.nxp.mcuxpresso.tools.win32_11.6.1.202207200623/tools/bin/../lib/gcc/arm-none-eabi/10.3.1/thumb/v7e-m+fp/hard\libcr_eabihelpers.a(division_64.o)
 .ARM.attributes
                0x000003c8       0x20 c:/nxp/mcuxpressoide_11.6.1_8255/ide/plugins/com.nxp.mcuxpresso.tools.win32_11.6.1.202207200623/tools/bin/../lib/gcc/arm-none-eabi/10.3.1/thumb/v7e-m+fp/hard\libcr_eabihelpers.a(division_idiv0.o)
 .ARM.attributes
                0x000003e8       0x20 c:/nxp/mcuxpressoide_11.6.1_8255/ide/plugins/com.nxp.mcuxpresso.tools.win32_11.6.1.202207200623/tools/bin/../lib/gcc/arm-none-eabi/10.3.1/thumb/v7e-m+fp/hard\libcr_eabihelpers.a(memcpy.o)

.debug_frame    0x00000000     0x1bec
 .debug_frame   0x00000000       0x88 ./source/timer/SysTick.o
 .debug_frame   0x00000088      0x10c ./source/timer/timer.o
 .debug_frame   0x00000194      0x148 ./source/buffer/SPI_buffer.o
 .debug_frame   0x000002dc      0x140 ./source/buffer/circular_buffer.o
 .debug_frame   0x0000041c      0x214 ./source/UART/uart.o
 .debug_frame   0x00000630      0x154 ./source/SPI/SPI.o
 .debug_frame   0x00000784      0x15c ./source/PIT/PIT.o
 .debug_frame   0x000008e0      0x308 ./source/NRF/NRF.o
 .debug_frame   0x00000be8       0x4c ./source/NRF/NRFTest.o
 .debug_frame   0x00000c34      0x214 ./source/MCAL/gpio.o
 .debug_frame   0x00000e48      0x128 ./source/I2Cm/I2Cm.o
 .debug_frame   0x00000f70      0x248 ./source/FTM/FTM.o
 .debug_frame   0x000011b8       0x70 ./SDK/startup/hardware.o
 .debug_frame   0x00001228       0x2c ./SDK/startup/main.o
 .debug_frame   0x00001254       0x20 ./SDK/startup/semihost_hardfault.o
 .debug_frame   0x00001274      0x904 ./SDK/startup/startup_mk64f12.o
 .debug_frame   0x00001b78       0x74 ./SDK/CMSIS/system_MK64F12.o
