Archive member included to satisfy reference by file (symbol)

C:\Users\sch_b\OneDrive\Documentos\QUADCOPTER\Quadcopter\TPQUAD\SDK\CMSIS\DSP\libarm_cortexM4lf_math.a(arm_sin_f32.o)
                              ./source/App.o (arm_sin_f32)
C:\Users\sch_b\OneDrive\Documentos\QUADCOPTER\Quadcopter\TPQUAD\SDK\CMSIS\DSP\libarm_cortexM4lf_math.a(arm_cos_f32.o)
                              ./source/App.o (arm_cos_f32)
C:\Users\sch_b\OneDrive\Documentos\QUADCOPTER\Quadcopter\TPQUAD\SDK\CMSIS\DSP\libarm_cortexM4lf_math.a(arm_common_tables.o)
                              C:\Users\sch_b\OneDrive\Documentos\QUADCOPTER\Quadcopter\TPQUAD\SDK\CMSIS\DSP\libarm_cortexM4lf_math.a(arm_sin_f32.o) (sinTable_f32)
c:/nxp/mcuxpressoide_11.6.1_8255/ide/plugins/com.nxp.mcuxpresso.tools.win32_11.6.1.202207200623/tools/bin/../lib/gcc/arm-none-eabi/10.3.1/../../../../arm-none-eabi/lib/thumb/v7e-m+fp/hard\libcr_c.a(asinf.o)
                              ./source/Fusion/FusionAhrs.o (asinf)
c:/nxp/mcuxpressoide_11.6.1_8255/ide/plugins/com.nxp.mcuxpresso.tools.win32_11.6.1.202207200623/tools/bin/../lib/gcc/arm-none-eabi/10.3.1/../../../../arm-none-eabi/lib/thumb/v7e-m+fp/hard\libcr_c.a(atan2f.o)
                              ./source/Fusion/FusionAhrs.o (atan2f)
c:/nxp/mcuxpressoide_11.6.1_8255/ide/plugins/com.nxp.mcuxpresso.tools.win32_11.6.1.202207200623/tools/bin/../lib/gcc/arm-none-eabi/10.3.1/../../../../arm-none-eabi/lib/thumb/v7e-m+fp/hard\libcr_c.a(atanf.o)
                              c:/nxp/mcuxpressoide_11.6.1_8255/ide/plugins/com.nxp.mcuxpresso.tools.win32_11.6.1.202207200623/tools/bin/../lib/gcc/arm-none-eabi/10.3.1/../../../../arm-none-eabi/lib/thumb/v7e-m+fp/hard\libcr_c.a(atan2f.o) (atanf)
c:/nxp/mcuxpressoide_11.6.1_8255/ide/plugins/com.nxp.mcuxpresso.tools.win32_11.6.1.202207200623/tools/bin/../lib/gcc/arm-none-eabi/10.3.1/../../../../arm-none-eabi/lib/thumb/v7e-m+fp/hard\libcr_c.a(cosf.o)
                              ./source/Fusion/FusionAhrs.o (cosf)
c:/nxp/mcuxpressoide_11.6.1_8255/ide/plugins/com.nxp.mcuxpresso.tools.win32_11.6.1.202207200623/tools/bin/../lib/gcc/arm-none-eabi/10.3.1/../../../../arm-none-eabi/lib/thumb/v7e-m+fp/hard\libcr_c.a(fabsf.o)
                              c:/nxp/mcuxpressoide_11.6.1_8255/ide/plugins/com.nxp.mcuxpresso.tools.win32_11.6.1.202207200623/tools/bin/../lib/gcc/arm-none-eabi/10.3.1/../../../../arm-none-eabi/lib/thumb/v7e-m+fp/hard\libcr_c.a(atan2f.o) (fabsf)
c:/nxp/mcuxpressoide_11.6.1_8255/ide/plugins/com.nxp.mcuxpresso.tools.win32_11.6.1.202207200623/tools/bin/../lib/gcc/arm-none-eabi/10.3.1/../../../../arm-none-eabi/lib/thumb/v7e-m+fp/hard\libcr_c.a(powf.o)
                              ./source/Fusion/FusionAhrs.o (powf)
c:/nxp/mcuxpressoide_11.6.1_8255/ide/plugins/com.nxp.mcuxpresso.tools.win32_11.6.1.202207200623/tools/bin/../lib/gcc/arm-none-eabi/10.3.1/../../../../arm-none-eabi/lib/thumb/v7e-m+fp/hard\libcr_c.a(sinf.o)
                              ./source/Fusion/FusionAhrs.o (sinf)
c:/nxp/mcuxpressoide_11.6.1_8255/ide/plugins/com.nxp.mcuxpresso.tools.win32_11.6.1.202207200623/tools/bin/../lib/gcc/arm-none-eabi/10.3.1/../../../../arm-none-eabi/lib/thumb/v7e-m+fp/hard\libcr_c.a(sqrtf_m4_hardfp.o)
                              ./source/Fusion/FusionAhrs.o (sqrtf)
c:/nxp/mcuxpressoide_11.6.1_8255/ide/plugins/com.nxp.mcuxpresso.tools.win32_11.6.1.202207200623/tools/bin/../lib/gcc/arm-none-eabi/10.3.1/../../../../arm-none-eabi/lib/thumb/v7e-m+fp/hard\libcr_c.a(memcpy.o)
                              ./source/buffer/SPI_buffer.o (memcpy)
c:/nxp/mcuxpressoide_11.6.1_8255/ide/plugins/com.nxp.mcuxpresso.tools.win32_11.6.1.202207200623/tools/bin/../lib/gcc/arm-none-eabi/10.3.1/../../../../arm-none-eabi/lib/thumb/v7e-m+fp/hard\libcr_c.a(memset.o)
                              ./source/Sensores/MPU6050.o (memset)
c:/nxp/mcuxpressoide_11.6.1_8255/ide/plugins/com.nxp.mcuxpresso.tools.win32_11.6.1.202207200623/tools/bin/../lib/gcc/arm-none-eabi/10.3.1/../../../../arm-none-eabi/lib/thumb/v7e-m+fp/hard\libcr_c.a(cos.o)
                              ./source/App.o (cos)
c:/nxp/mcuxpressoide_11.6.1_8255/ide/plugins/com.nxp.mcuxpresso.tools.win32_11.6.1.202207200623/tools/bin/../lib/gcc/arm-none-eabi/10.3.1/../../../../arm-none-eabi/lib/thumb/v7e-m+fp/hard\libcr_c.a(errno.o)
                              c:/nxp/mcuxpressoide_11.6.1_8255/ide/plugins/com.nxp.mcuxpresso.tools.win32_11.6.1.202207200623/tools/bin/../lib/gcc/arm-none-eabi/10.3.1/../../../../arm-none-eabi/lib/thumb/v7e-m+fp/hard\libcr_c.a(atan2f.o) (errno)
c:/nxp/mcuxpressoide_11.6.1_8255/ide/plugins/com.nxp.mcuxpresso.tools.win32_11.6.1.202207200623/tools/bin/../lib/gcc/arm-none-eabi/10.3.1/../../../../arm-none-eabi/lib/thumb/v7e-m+fp/hard\libcr_c.a(fabs.o)
                              ./source/Fusion/FusionOffset.o (fabs)
[...]
Memory Configuration

Name             Origin             Length             Attributes
PROGRAM_FLASH    0x00000000         0x00100000         xr
SRAM_UPPER       0x20000000         0x00030000         xrw
SRAM_LOWER       0x1fff0000         0x00010000         xrw
FLEX_RAM         0x14000000         0x00001000         xrw
*default*        0x00000000         0xffffffff

Linker script and memory map

LOAD ./source/timer/SysTick.o
LOAD ./source/timer/timer.o
LOAD ./source/event_queue/event_queue.o
LOAD ./source/buffer/SPI_buffer.o
LOAD ./source/buffer/circular_buffer.o
LOAD ./source/buffer/circular_buffer_16.o
LOAD ./source/buffer/generic_circular_buffer.o
LOAD ./source/UART/uart.o
LOAD ./source/Sistema de Control/MatrixOps.o
LOAD ./source/Sistema de Control/SistemaDeControl.o
LOAD ./source/Sensores/MPU6050.o
LOAD ./source/Sensores/MPU9250_SPI.o
LOAD ./source/SPI/SPI.o
LOAD ./source/PIT/PIT.o
LOAD ./source/MCAL/gpio.o
LOAD ./source/I2Cm/I2Cm.o
LOAD ./source/Fusion/FusionAhrs.o
LOAD ./source/Fusion/FusionCompass.o
LOAD ./source/Fusion/FusionOffset.o
LOAD ./source/FTM/FTM.o
LOAD ./source/ESCDriver/ESCDriver.o
LOAD ./source/ControlPC/ControlPC.o
LOAD ./source/CMP/CMP.o
LOAD ./source/CAN/CAN.o
LOAD ./source/Biquad/Biquad.o
LOAD ./source/ADC/ADC.o
LOAD ./source/ADC/ADC_hal.o
LOAD ./source/App.o
LOAD ./SDK/startup/hardware.o
LOAD ./SDK/startup/main.o
LOAD ./SDK/startup/semihost_hardfault.o
LOAD ./SDK/startup/startup_mk64f12.o
LOAD ./SDK/CMSIS/system_MK64F12.o
LOAD C:\Users\sch_b\OneDrive\Documentos\QUADCOPTER\Quadcopter\TPQUAD\SDK\CMSIS\DSP\libarm_cortexM4lf_math.a
START GROUP
LOAD c:/nxp/mcuxpressoide_11.6.1_8255/ide/plugins/com.nxp.mcuxpresso.tools.win32_11.6.1.202207200623/tools/bin/../lib/gcc/arm-none-eabi/10.3.1/../../../../arm-none-eabi/lib/thumb/v7e-m+fp/hard\libcr_semihost_nf.a
LOAD c:/nxp/mcuxpressoide_11.6.1_8255/ide/plugins/com.nxp.mcuxpresso.tools.win32_11.6.1.202207200623/tools/bin/../lib/gcc/arm-none-eabi/10.3.1/../../../../arm-none-eabi/lib/thumb/v7e-m+fp/hard\libcr_c.a
LOAD c:/nxp/mcuxpressoide_11.6.1_8255/ide/plugins/com.nxp.mcuxpresso.tools.win32_11.6.1.202207200623/tools/bin/../lib/gcc/arm-none-eabi/10.3.1/thumb/v7e-m+fp/hard\libcr_eabihelpers.a
LOAD c:/nxp/mcuxpressoide_11.6.1_8255/ide/plugins/com.nxp.mcuxpresso.tools.win32_11.6.1.202207200623/tools/bin/../lib/gcc/arm-none-eabi/10.3.1/thumb/v7e-m+fp/hard\libgcc.a
END GROUP
                0x00000000                __base_PROGRAM_FLASH = 0x0
                0x00000000                __base_Flash = 0x0
                0x00100000                __top_PROGRAM_FLASH = 0x100000
                0x00100000                __top_Flash = 0x100000
                0x20000000                __base_SRAM_UPPER = 0x20000000
                0x20000000                __base_RAM = 0x20000000
                0x20030000                __top_SRAM_UPPER = 0x20030000
                0x20030000                __top_RAM = 0x20030000
                0x1fff0000                __base_SRAM_LOWER = 0x1fff0000
                0x1fff0000                __base_RAM2 = 0x1fff0000
                0x20000000                __top_SRAM_LOWER = 0x20000000
                0x20000000                __top_RAM2 = 0x20000000
                0x14000000                __base_FLEX_RAM = 0x14000000
                0x14000000                __base_RAM3 = 0x14000000
                0x14001000                __top_FLEX_RAM = 0x14001000
                0x14001000                __top_RAM3 = 0x14001000

.text           0x00000000     0x69b8
 FILL mask 0xff
                0x00000000                __vectors_start__ = ABSOLUTE (.)
 *(SORT_BY_ALIGNMENT(.isr_vector))
 .isr_vector    0x00000000      0x198 ./SDK/startup/startup_mk64f12.o
                0x00000000                g_pfnVectors
                0x00000000                __Vectors
                0x00000198                . = ALIGN (0x4)
                0x00000198                __section_table_start = .
                0x00000198                __data_section_table = .
                0x00000198        0x4 LONG 0x69b8 LOADADDR (.data)
                0x0000019c        0x4 LONG 0x20000000 ADDR (.data)
                0x000001a0        0x4 LONG 0x118 SIZEOF (.data)
                0x000001a4        0x4 LONG 0x69b8 LOADADDR (.data_RAM2)
                0x000001a8        0x4 LONG 0x1fff0000 ADDR (.data_RAM2)
                0x000001ac        0x4 LONG 0x0 SIZEOF (.data_RAM2)
                0x000001b0        0x4 LONG 0x69b8 LOADADDR (.data_RAM3)
                0x000001b4        0x4 LONG 0x14000000 ADDR (.data_RAM3)
                0x000001b8        0x4 LONG 0x0 SIZEOF (.data_RAM3)
                0x000001bc                __data_section_table_end = .
                0x000001bc                __bss_section_table = .
                0x000001bc        0x4 LONG 0x20000118 ADDR (.bss)
                0x000001c0        0x4 LONG 0x12c0 SIZEOF (.bss)
                0x000001c4        0x4 LONG 0x1fff0000 ADDR (.bss_RAM2)
                0x000001c8        0x4 LONG 0x0 SIZEOF (.bss_RAM2)
                0x000001cc        0x4 LONG 0x14000000 ADDR (.bss_RAM3)
                0x000001d0        0x4 LONG 0x0 SIZEOF (.bss_RAM3)
                0x000001d4                __bss_section_table_end = .
                0x000001d4                __section_table_end = .
 *(SORT_BY_ALIGNMENT(.after_vectors*))
 .after_vectors.reset
                0x000001d4       0x4c ./SDK/startup/startup_mk64f12.o
                0x000001d4                ResetISR
 .after_vectors.init_data
                0x00000220       0x1e ./SDK/startup/startup_mk64f12.o
                0x00000220                data_init
 .after_vectors.init_bss
                0x0000023e       0x12 ./SDK/startup/startup_mk64f12.o
                0x0000023e                bss_init
 .after_vectors
                0x00000250       0x14 ./SDK/startup/startup_mk64f12.o
                0x00000250                NMI_Handler
                0x00000254                MemManage_Handler
                0x00000256                BusFault_Handler
                0x00000258                UsageFault_Handler
                0x0000025a                SVC_Handler
                0x0000025c                DebugMon_Handler
                0x0000025e                PendSV_Handler
                0x00000262                DMA_Error_DriverIRQHandler
                0x00000262                LPTMR0_DriverIRQHandler
                0x00000262                FTM1_DriverIRQHandler
                0x00000262                FTM2_DriverIRQHandler
                0x00000262                PIT2_DriverIRQHandler
                0x00000262                SDHC_DriverIRQHandler
                0x00000262                I2S0_Tx_DriverIRQHandler
                0x00000262                RTC_Seconds_DriverIRQHandler
                0x00000262                DMA6_DriverIRQHandler
                0x00000262                LLWU_DriverIRQHandler
                0x00000262                MCM_DriverIRQHandler
                0x00000262                MCG_DriverIRQHandler
                0x00000262                ENET_1588_Timer_DriverIRQHandler
                0x00000262                I2C2_DriverIRQHandler
                0x00000262                DAC1_DriverIRQHandler
                0x00000262                SPI1_DriverIRQHandler
                0x00000262                CMP1_DriverIRQHandler
                0x00000262                UART5_RX_TX_DriverIRQHandler
                0x00000262                FTM0_DriverIRQHandler
                0x00000262                IntDefaultHandler
                0x00000262                USB0_DriverIRQHandler
                0x00000262                UART5_ERR_DriverIRQHandler
                0x00000262                PORTC_DriverIRQHandler
                0x00000262                DMA11_DriverIRQHandler
                0x00000262                DAC0_DriverIRQHandler
                0x00000262                DMA10_DriverIRQHandler
                0x00000262                CMP2_DriverIRQHandler
                0x00000262                UART2_ERR_DriverIRQHandler
                0x00000262                SPI2_DriverIRQHandler
                0x00000262                LVD_LVW_DriverIRQHandler
                0x00000262                PIT0_DriverIRQHandler
                0x00000262                RNG_DriverIRQHandler
                0x00000262                DMA5_DriverIRQHandler
                0x00000262                DMA12_DriverIRQHandler
                0x00000262                UART2_RX_TX_DriverIRQHandler
                0x00000262                USBDCD_DriverIRQHandler
                0x00000262                UART3_ERR_DriverIRQHandler
                0x00000262                DMA3_DriverIRQHandler
                0x00000262                DMA8_DriverIRQHandler
                0x00000262                DMA9_DriverIRQHandler
                0x00000262                UART0_ERR_DriverIRQHandler
                0x00000262                CMT_DriverIRQHandler
                0x00000262                Reserved71_DriverIRQHandler
                0x00000262                ADC1_DriverIRQHandler
                0x00000262                PORTA_DriverIRQHandler
                0x00000262                DMA14_DriverIRQHandler
                0x00000262                PIT3_DriverIRQHandler
                0x00000262                PIT1_DriverIRQHandler
                0x00000262                WDOG_EWM_DriverIRQHandler
                0x00000262                PDB0_DriverIRQHandler
                0x00000262                RTC_DriverIRQHandler
                0x00000262                I2S0_Rx_DriverIRQHandler
                0x00000262                Read_Collision_DriverIRQHandler
                0x00000262                SWI_DriverIRQHandler
                0x00000262                UART4_RX_TX_DriverIRQHandler
                0x00000262                UART4_ERR_DriverIRQHandler
                0x00000262                PORTB_DriverIRQHandler
                0x00000262                UART0_LON_DriverIRQHandler
                0x00000262                DMA0_DriverIRQHandler
                0x00000262                DMA1_DriverIRQHandler
                0x00000262                I2C1_DriverIRQHandler
                0x00000262                UART3_RX_TX_DriverIRQHandler
                0x00000262                ENET_Receive_DriverIRQHandler
                0x00000262                DMA13_DriverIRQHandler
                0x00000262                ENET_Error_DriverIRQHandler
                0x00000262                DMA15_DriverIRQHandler
                0x00000262                UART0_RX_TX_DriverIRQHandler
                0x00000262                SPI0_DriverIRQHandler
                0x00000262                ADC0_DriverIRQHandler
                0x00000262                CMP0_DriverIRQHandler
                0x00000262                CAN0_DriverIRQHandler
                0x00000262                FTM3_DriverIRQHandler
                0x00000262                DMA4_DriverIRQHandler
                0x00000262                UART1_ERR_DriverIRQHandler
                0x00000262                DMA2_DriverIRQHandler
                0x00000262                ENET_Transmit_DriverIRQHandler
                0x00000262                PORTD_DriverIRQHandler
                0x00000262                PORTE_DriverIRQHandler
                0x00000262                FTFE_DriverIRQHandler
                0x00000262                I2C0_DriverIRQHandler
                0x00000262                DMA7_DriverIRQHandler
                0x00000262                UART1_RX_TX_DriverIRQHandler
                0x00000400                . = 0x400
 *fill*         0x00000264      0x19c ff
                0x00000400                PROVIDE (__FLASH_CONFIG_START__ = .)
 *(SORT_BY_ALIGNMENT(.FlashConfig))
 .FlashConfig   0x00000400       0x10 ./SDK/startup/startup_mk64f12.o
                0x00000400                Flash_Config
                0x00000410                PROVIDE (__FLASH_CONFIG_END__ = .)
                0x00000001                ASSERT (! ((__FLASH_CONFIG_START__ == __FLASH_CONFIG_END__)), Linker Flash Config Support Enabled, but no .FlashConfig section provided within application)
 *(SORT_BY_ALIGNMENT(.text*))
 .text.integrateError
                0x00000410      0x1bc ./source/Sistema de Control/SistemaDeControl.o
                0x00000410                integrateError
 *fill*         0x000005cc        0x4 ff
 .text.denormalized_U_total
                0x000005d0       0x40 ./source/Sistema de Control/SistemaDeControl.o
                0x000005d0                denormalized_U_total
 .text.poly     0x00000610       0x90 ./source/Sistema de Control/SistemaDeControl.o
 .text.calibrateMPU6050
                0x000006a0      0x2b4 ./source/Sensores/MPU6050.o
                0x000006a0                calibrateMPU6050
 *fill*         0x00000954        0x4 ff
 .text.mpu6050_raw2trueGyro
                0x00000958      0x12c ./source/Sensores/MPU6050.o
 *fill*         0x00000a84        0x4 ff
 .text.mpu6050_raw2trueAcc
                0x00000a88      0x15c ./source/Sensores/MPU6050.o
 *fill*         0x00000be4        0x4 ff
 .text.ESCSetSpeed
                0x00000be8       0xa8 ./source/ESCDriver/ESCDriver.o
                0x00000be8                ESCSetSpeed
 .text.runControlStep
                0x00000c90      0x1bc ./source/App.o
 *fill*         0x00000e4c        0x4 ff
 .text.getEulerAnglesRatesFAST
                0x00000e50      0x350 ./source/App.o
 .text._sincosf
                0x000011a0      0x138 c:/nxp/mcuxpressoide_11.6.1_8255/ide/plugins/com.nxp.mcuxpresso.tools.win32_11.6.1.202207200623/tools/bin/../lib/gcc/arm-none-eabi/10.3.1/../../../../arm-none-eabi/lib/thumb/v7e-m+fp/hard\libcr_c.a(_sincosf.o)
                0x000011a0                _sincosf
 .text.__NVIC_EnableIRQ
                0x000012d8       0x3c ./source/timer/SysTick.o
 .text.SysTick_Init
                0x00001314       0x48 ./source/timer/SysTick.o
                0x00001314                SysTick_Init
 .text.SysTick_Handler
                0x0000135c       0x24 ./source/timer/SysTick.o
                0x0000135c                SysTick_Handler
 .text.timerInit
                0x00001380       0x28 ./source/timer/timer.o
                0x00001380                timerInit
 .text.timerGetId
                0x000013a8       0x2c ./source/timer/timer.o
                0x000013a8                timerGetId
 .text.timerStart
                0x000013d4       0xb8 ./source/timer/timer.o
                0x000013d4                timerStart
 .text.timerStop
                0x0000148c       0x44 ./source/timer/timer.o
                0x0000148c                timerStop
 .text.timerExpired
                0x000014d0       0x54 ./source/timer/timer.o
                0x000014d0                timerExpired
 .text.timer_isr
                0x00001524       0xe0 ./source/timer/timer.o
 .text.SPIBgetPckg
                0x00001604       0x84 ./source/buffer/SPI_buffer.o
                0x00001604                SPIBgetPckg
 .text.__NVIC_EnableIRQ
                0x00001688       0x3c ./source/UART/uart.o
 .text.uartInit
                0x000016c4      0x1c8 ./source/UART/uart.o
                0x000016c4                uartInit
 .text.uartIsRxMsg
                0x0000188c       0x44 ./source/UART/uart.o
                0x0000188c                uartIsRxMsg
 .text.uartGetRxMsgLength
                0x000018d0       0x30 ./source/UART/uart.o
                0x000018d0                uartGetRxMsgLength
 .text.uartReadMsg
                0x00001900       0x78 ./source/UART/uart.o
                0x00001900                uartReadMsg
 .text.UART_Rx_Tx_IRQ
                0x00001978       0xd0 ./source/UART/uart.o
 .text.U2PWM    0x00001a48      0x398 ./source/Sistema de Control/SistemaDeControl.o
                0x00001a48                U2PWM
 .text.initMPU6050
                0x00001de0      0x32c ./source/Sensores/MPU6050.o
                0x00001de0                initMPU6050
 .text.mpu6050_readAccelData
                0x0000210c       0xb4 ./source/Sensores/MPU6050.o
                0x0000210c                mpu6050_readAccelData
 .text.mpu6050_readGyroData
                0x000021c0       0xa8 ./source/Sensores/MPU6050.o
                0x000021c0                mpu6050_readGyroData
 .text.mpu6050_readGyroData_async
                0x00002268       0x48 ./source/Sensores/MPU6050.o
                0x00002268                mpu6050_readGyroData_async
 .text.mpu6050_readAccelData_async
                0x000022b0       0x48 ./source/Sensores/MPU6050.o
                0x000022b0                mpu6050_readAccelData_async
 .text.mpu6050_getLastGyroRead
                0x000022f8       0x5c ./source/Sensores/MPU6050.o
                0x000022f8                mpu6050_getLastGyroRead
 .text.mpu6050_getLastAccelRead
                0x00002354       0x5c ./source/Sensores/MPU6050.o
                0x00002354                mpu6050_getLastAccelRead
 .text.SPI0_IRQHandler
                0x000023b0      0x14c ./source/SPI/SPI.o
                0x000023b0                SPI0_IRQHandler
 .text.PIT0_IRQHandler
                0x000024fc       0x40 ./source/PIT/PIT.o
                0x000024fc                PIT0_IRQHandler
 .text.PIT1_IRQHandler
                0x0000253c       0x30 ./source/PIT/PIT.o
                0x0000253c                PIT1_IRQHandler
 .text.PIT2_IRQHandler
                0x0000256c       0x30 ./source/PIT/PIT.o
                0x0000256c                PIT2_IRQHandler
 .text.PIT3_IRQHandler
                0x0000259c       0x30 ./source/PIT/PIT.o
                0x0000259c                PIT3_IRQHandler
 .text.gpioMode
                0x000025cc      0x174 ./source/MCAL/gpio.o
                0x000025cc                gpioMode
 .text.gpioWrite
                0x00002740       0x68 ./source/MCAL/gpio.o
                0x00002740                gpioWrite
 .text.gpioToggle
                0x000027a8       0x40 ./source/MCAL/gpio.o
                0x000027a8                gpioToggle
 .text.gpioRead
                0x000027e8       0x4c ./source/MCAL/gpio.o
                0x000027e8                gpioRead
 .text.PORTA_IRQHandler
                0x00002834       0x64 ./source/MCAL/gpio.o
                0x00002834                PORTA_IRQHandler
 .text.PORTB_IRQHandler
                0x00002898       0x64 ./source/MCAL/gpio.o
                0x00002898                PORTB_IRQHandler
 .text.PORTC_IRQHandler
                0x000028fc       0x64 ./source/MCAL/gpio.o
                0x000028fc                PORTC_IRQHandler
 .text.PORTD_IRQHandler
                0x00002960       0x64 ./source/MCAL/gpio.o
                0x00002960                PORTD_IRQHandler
 .text.PORTE_IRQHandler
                0x000029c4       0x64 ./source/MCAL/gpio.o
                0x000029c4                PORTE_IRQHandler
 .text.__NVIC_EnableIRQ
                0x00002a28       0x3c ./source/I2Cm/I2Cm.o
 .text.I2CmInit
                0x00002a64       0xf0 ./source/I2Cm/I2Cm.o
                0x00002a64                I2CmInit
 .text.I2CmStartTransaction
                0x00002b54      0x248 ./source/I2Cm/I2Cm.o
                0x00002b54                I2CmStartTransaction
 .text.isI2CBusy
                0x00002d9c       0x68 ./source/I2Cm/I2Cm.o
                0x00002d9c                isI2CBusy
 .text.I2C0_IRQHandler
                0x00002e04      0x2cc ./source/I2Cm/I2Cm.o
                0x00002e04                I2C0_IRQHandler
 .text.FusionAhrsInitialise
                0x000030d0       0x68 ./source/Fusion/FusionAhrs.o
                0x000030d0                FusionAhrsInitialise
 .text.FusionAhrsGetQuaternion
                0x00003138       0x24 ./source/Fusion/FusionAhrs.o
                0x00003138                FusionAhrsGetQuaternion
 .text.FusionAhrsGetFlags
                0x0000315c       0x40 ./source/Fusion/FusionAhrs.o
                0x0000315c                FusionAhrsGetFlags
 .text.FusionAhrsSetHeading
                0x0000319c       0xd8 ./source/Fusion/FusionAhrs.o
                0x0000319c                FusionAhrsSetHeading
 .text.FusionAhrsUpdate
                0x00003274      0x46c ./source/Fusion/FusionAhrs.o
                0x00003274                FusionAhrsUpdate
 .text.FusionAhrsUpdateNoMagnetometer
                0x000036e0       0x50 ./source/Fusion/FusionAhrs.o
                0x000036e0                FusionAhrsUpdateNoMagnetometer
 .text.FusionCompassCalculateHeading
                0x00003730       0xcc ./source/Fusion/FusionCompass.o
                0x00003730                FusionCompassCalculateHeading
 .text.FTM0_IRQHandler
                0x000037fc       0x9c ./source/FTM/FTM.o
                0x000037fc                FTM0_IRQHandler
 .text.FTM1_IRQHandler
                0x00003898       0xa4 ./source/FTM/FTM.o
                0x00003898                FTM1_IRQHandler
 .text.ESCInit  0x0000393c       0xf0 ./source/ESCDriver/ESCDriver.o
                0x0000393c                ESCInit
 .text.ESCDisarm
                0x00003a2c       0x4c ./source/ESCDriver/ESCDriver.o
                0x00003a2c                ESCDisarm
 .text.ESCCalibrate
                0x00003a78       0xdc ./source/ESCDriver/ESCDriver.o
                0x00003a78                ESCCalibrate
 .text.controlPCInit
                0x00003b54       0x78 ./source/ControlPC/ControlPC.o
                0x00003b54                controlPCInit
 .text.getDataFromPC
                0x00003bcc       0xf0 ./source/ControlPC/ControlPC.o
                0x00003bcc                getDataFromPC
 .text.FusionRadiansToDegrees
                0x00003cbc       0x28 ./source/App.o
 .text.FusionAsin
                0x00003ce4       0x58 ./source/App.o
 .text.App_Init
                0x00003d3c      0x18c ./source/App.o
                0x00003d3c                App_Init
 .text.startI2CreadingCallBack
                0x00003ec8       0x24 ./source/App.o
 .text.startI2C_ACCELEROMETER_CallBack
                0x00003eec       0x2c ./source/App.o
 .text.App_Run  0x00003f18      0x438 ./source/App.o
                0x00003f18                App_Run
 .text.hw_Init  0x00004350      0x108 ./SDK/startup/hardware.o
                0x00004350                hw_Init
 .text.hw_EnableInterrupts
                0x00004458       0x30 ./SDK/startup/hardware.o
                0x00004458                hw_EnableInterrupts
 .text.hw_DisableInterrupts
                0x00004488       0x20 ./SDK/startup/hardware.o
                0x00004488                hw_DisableInterrupts
 .text.SystemInit
                0x000044a8       0x3c ./SDK/CMSIS/system_MK64F12.o
                0x000044a8                SystemInit
 .text.arm_sin_f32
                0x000044e4       0x8c C:\Users\sch_b\OneDrive\Documentos\QUADCOPTER\Quadcopter\TPQUAD\SDK\CMSIS\DSP\libarm_cortexM4lf_math.a(arm_sin_f32.o)
                0x000044e4                arm_sin_f32
 .text.arm_cos_f32
                0x00004570       0x94 C:\Users\sch_b\OneDrive\Documentos\QUADCOPTER\Quadcopter\TPQUAD\SDK\CMSIS\DSP\libarm_cortexM4lf_math.a(arm_cos_f32.o)
                0x00004570                arm_cos_f32
 .text.atan2f   0x00004604       0xc0 c:/nxp/mcuxpressoide_11.6.1_8255/ide/plugins/com.nxp.mcuxpresso.tools.win32_11.6.1.202207200623/tools/bin/../lib/gcc/arm-none-eabi/10.3.1/../../../../arm-none-eabi/lib/thumb/v7e-m+fp/hard\libcr_c.a(atan2f.o)
                0x00004604                atan2f
 .text.atanf    0x000046c4       0xec c:/nxp/mcuxpressoide_11.6.1_8255/ide/plugins/com.nxp.mcuxpresso.tools.win32_11.6.1.202207200623/tools/bin/../lib/gcc/arm-none-eabi/10.3.1/../../../../arm-none-eabi/lib/thumb/v7e-m+fp/hard\libcr_c.a(atanf.o)
                0x000046c4                atanf
 .text.cosf     0x000047b0       0x30 c:/nxp/mcuxpressoide_11.6.1_8255/ide/plugins/com.nxp.mcuxpresso.tools.win32_11.6.1.202207200623/tools/bin/../lib/gcc/arm-none-eabi/10.3.1/../../../../arm-none-eabi/lib/thumb/v7e-m+fp/hard\libcr_c.a(cosf.o)
                0x000047b0                cosf
 .text._asinacosf
                0x000047e0      0x158 c:/nxp/mcuxpressoide_11.6.1_8255/ide/plugins/com.nxp.mcuxpresso.tools.win32_11.6.1.202207200623/tools/bin/../lib/gcc/arm-none-eabi/10.3.1/../../../../arm-none-eabi/lib/thumb/v7e-m+fp/hard\libcr_c.a(_asinacosf.o)
                0x000047e0                _asinacosf
 .text.__aeabi_dmul
                0x00004938       0xfc c:/nxp/mcuxpressoide_11.6.1_8255/ide/plugins/com.nxp.mcuxpresso.tools.win32_11.6.1.202207200623/tools/bin/../lib/gcc/arm-none-eabi/10.3.1/thumb/v7e-m+fp/hard\libcr_eabihelpers.a(double.o)
                0x00004938                __aeabi_dmul
 .text.__aeabi_ddiv
                0x00004a34      0x138 c:/nxp/mcuxpressoide_11.6.1_8255/ide/plugins/com.nxp.mcuxpresso.tools.win32_11.6.1.202207200623/tools/bin/../lib/gcc/arm-none-eabi/10.3.1/thumb/v7e-m+fp/hard\libcr_eabihelpers.a(double.o)
                0x00004a34                __aeabi_ddiv
 .text.__aeabi_dsub
                0x00004b6c      0x1ac c:/nxp/mcuxpressoide_11.6.1_8255/ide/plugins/com.nxp.mcuxpresso.tools.win32_11.6.1.202207200623/tools/bin/../lib/gcc/arm-none-eabi/10.3.1/thumb/v7e-m+fp/hard\libcr_eabihelpers.a(double.o)
                0x00004b6c                __aeabi_dsub
 .text.__aeabi_dadd
                0x00004d18      0x114 c:/nxp/mcuxpressoide_11.6.1_8255/ide/plugins/com.nxp.mcuxpresso.tools.win32_11.6.1.202207200623/tools/bin/../lib/gcc/arm-none-eabi/10.3.1/thumb/v7e-m+fp/hard\libcr_eabihelpers.a(double.o)
                0x00004d18                __aeabi_dadd
 .text.__aeabi_d2f
                0x00004e2c       0x58 c:/nxp/mcuxpressoide_11.6.1_8255/ide/plugins/com.nxp.mcuxpresso.tools.win32_11.6.1.202207200623/tools/bin/../lib/gcc/arm-none-eabi/10.3.1/thumb/v7e-m+fp/hard\libcr_eabihelpers.a(double.o)
                0x00004e2c                __aeabi_d2f
 .text.__aeabi_f2d
                0x00004e84       0x38 c:/nxp/mcuxpressoide_11.6.1_8255/ide/plugins/com.nxp.mcuxpresso.tools.win32_11.6.1.202207200623/tools/bin/../lib/gcc/arm-none-eabi/10.3.1/thumb/v7e-m+fp/hard\libcr_eabihelpers.a(float.o)
                0x00004e84                __aeabi_f2d
 .text.timerDelay
                0x00004ebc       0x32 ./source/timer/timer.o
                0x00004ebc                timerDelay
 .text.getCircularPointer
                0x00004eee       0x1e ./source/buffer/SPI_buffer.o
 .text.SPIBisEmpty
                0x00004f0c       0x2a ./source/buffer/SPI_buffer.o
                0x00004f0c                SPIBisEmpty
 .text.getCircularPointer
                0x00004f36       0x2c ./source/buffer/circular_buffer.o
 .text.CBinit   0x00004f62       0x30 ./source/buffer/circular_buffer.o
                0x00004f62                CBinit
 .text.CBisEmpty
                0x00004f92       0x2a ./source/buffer/circular_buffer.o
                0x00004f92                CBisEmpty
 .text.CBputByte
                0x00004fbc       0x8e ./source/buffer/circular_buffer.o
                0x00004fbc                CBputByte
 .text.CBgetByte
                0x0000504a       0x62 ./source/buffer/circular_buffer.o
                0x0000504a                CBgetByte
 .text.CBgetBufferState
                0x000050ac       0x5c ./source/buffer/circular_buffer.o
                0x000050ac                CBgetBufferState
 .text.UART0_RX_TX_IRQHandler
                0x00005108       0x2e ./source/UART/uart.o
                0x00005108                UART0_RX_TX_IRQHandler
 .text.UART1_RX_TX_IRQHandler
                0x00005136       0x2e ./source/UART/uart.o
                0x00005136                UART1_RX_TX_IRQHandler
 .text.UART2_RX_TX_IRQHandler
                0x00005164       0x2e ./source/UART/uart.o
                0x00005164                UART2_RX_TX_IRQHandler
 .text.UART3_RX_TX_IRQHandler
                0x00005192       0x2e ./source/UART/uart.o
                0x00005192                UART3_RX_TX_IRQHandler
 .text.UART4_RX_TX_IRQHandler
                0x000051c0       0x2e ./source/UART/uart.o
                0x000051c0                UART4_RX_TX_IRQHandler
 .text.matrix_mult
                0x000051ee      0x14a ./source/Sistema de Control/MatrixOps.o
                0x000051ee                matrix_mult
 .text.scalar_mult
                0x00005338       0xa2 ./source/Sistema de Control/MatrixOps.o
                0x00005338                scalar_mult
 .text.matrix_add_sub
                0x000053da      0x15c ./source/Sistema de Control/MatrixOps.o
                0x000053da                matrix_add_sub
 .text.proportionalError
                0x00005536       0x28 ./source/Sistema de Control/SistemaDeControl.o
                0x00005536                proportionalError
 .text.denormalized_Kx_U_Values
                0x0000555e       0x28 ./source/Sistema de Control/SistemaDeControl.o
                0x0000555e                denormalized_Kx_U_Values
 .text.denormalized_Ki_U_Values
                0x00005586       0x28 ./source/Sistema de Control/SistemaDeControl.o
                0x00005586                denormalized_Ki_U_Values
 .text.ESCArm   0x000055ae       0x4a ./source/ESCDriver/ESCDriver.o
                0x000055ae                ESCArm
 .text.BiQuad_init
                0x000055f8       0xf2 ./source/Biquad/Biquad.o
                0x000055f8                BiQuad_init
 .text.BiQuad_filter
                0x000056ea       0xf4 ./source/Biquad/Biquad.o
                0x000056ea                BiQuad_filter
 .text.FusionQuaternionToEuler
                0x000057de      0x14c ./source/App.o
 .text.main     0x0000592a       0x1a ./SDK/startup/main.o
                0x0000592a                main
 .text.HardFault_Handler
                0x00005944       0x2c ./SDK/startup/semihost_hardfault.o
                0x00005944                HardFault_Handler
 .text.DMA0_IRQHandler
                0x00005970        0x8 ./SDK/startup/startup_mk64f12.o
                0x00005970                DMA0_IRQHandler
 .text.DMA1_IRQHandler
                0x00005978        0x8 ./SDK/startup/startup_mk64f12.o
                0x00005978                DMA1_IRQHandler
 .text.DMA2_IRQHandler
                0x00005980        0x8 ./SDK/startup/startup_mk64f12.o
                0x00005980                DMA2_IRQHandler
 .text.DMA3_IRQHandler
                0x00005988        0x8 ./SDK/startup/startup_mk64f12.o
                0x00005988                DMA3_IRQHandler
 .text.DMA4_IRQHandler
                0x00005990        0x8 ./SDK/startup/startup_mk64f12.o
                0x00005990                DMA4_IRQHandler
 .text.DMA5_IRQHandler
                0x00005998        0x8 ./SDK/startup/startup_mk64f12.o
                0x00005998                DMA5_IRQHandler
 .text.DMA6_IRQHandler
                0x000059a0        0x8 ./SDK/startup/startup_mk64f12.o
                0x000059a0                DMA6_IRQHandler
 .text.DMA7_IRQHandler
                0x000059a8        0x8 ./SDK/startup/startup_mk64f12.o
                0x000059a8                DMA7_IRQHandler
 .text.DMA8_IRQHandler
                0x000059b0        0x8 ./SDK/startup/startup_mk64f12.o
                0x000059b0                DMA8_IRQHandler
 .text.DMA9_IRQHandler
                0x000059b8        0x8 ./SDK/startup/startup_mk64f12.o
                0x000059b8                DMA9_IRQHandler
 .text.DMA10_IRQHandler
                0x000059c0        0x8 ./SDK/startup/startup_mk64f12.o
                0x000059c0                DMA10_IRQHandler
 .text.DMA11_IRQHandler
                0x000059c8        0x8 ./SDK/startup/startup_mk64f12.o
                0x000059c8                DMA11_IRQHandler
 .text.DMA12_IRQHandler
                0x000059d0        0x8 ./SDK/startup/startup_mk64f12.o
                0x000059d0                DMA12_IRQHandler
 .text.DMA13_IRQHandler
                0x000059d8        0x8 ./SDK/startup/startup_mk64f12.o
                0x000059d8                DMA13_IRQHandler
 .text.DMA14_IRQHandler
                0x000059e0        0x8 ./SDK/startup/startup_mk64f12.o
                0x000059e0                DMA14_IRQHandler
 .text.DMA15_IRQHandler
                0x000059e8        0x8 ./SDK/startup/startup_mk64f12.o
                0x000059e8                DMA15_IRQHandler
 .text.DMA_Error_IRQHandler
                0x000059f0        0x8 ./SDK/startup/startup_mk64f12.o
                0x000059f0                DMA_Error_IRQHandler
 .text.MCM_IRQHandler
                0x000059f8        0x8 ./SDK/startup/startup_mk64f12.o
                0x000059f8                MCM_IRQHandler
 .text.FTFE_IRQHandler
                0x00005a00        0x8 ./SDK/startup/startup_mk64f12.o
                0x00005a00                FTFE_IRQHandler
 .text.Read_Collision_IRQHandler
                0x00005a08        0x8 ./SDK/startup/startup_mk64f12.o
                0x00005a08                Read_Collision_IRQHandler
 .text.LVD_LVW_IRQHandler
                0x00005a10        0x8 ./SDK/startup/startup_mk64f12.o
                0x00005a10                LVD_LVW_IRQHandler
 .text.LLWU_IRQHandler
                0x00005a18        0x8 ./SDK/startup/startup_mk64f12.o
                0x00005a18                LLWU_IRQHandler
 .text.WDOG_EWM_IRQHandler
                0x00005a20        0x8 ./SDK/startup/startup_mk64f12.o
                0x00005a20                WDOG_EWM_IRQHandler
 .text.RNG_IRQHandler
                0x00005a28        0x8 ./SDK/startup/startup_mk64f12.o
                0x00005a28                RNG_IRQHandler
 .text.I2C1_IRQHandler
                0x00005a30        0x8 ./SDK/startup/startup_mk64f12.o
                0x00005a30                I2C1_IRQHandler
 .text.SPI1_IRQHandler
                0x00005a38        0x8 ./SDK/startup/startup_mk64f12.o
                0x00005a38                SPI1_IRQHandler
 .text.I2S0_Tx_IRQHandler
                0x00005a40        0x8 ./SDK/startup/startup_mk64f12.o
                0x00005a40                I2S0_Tx_IRQHandler
 .text.I2S0_Rx_IRQHandler
                0x00005a48        0x8 ./SDK/startup/startup_mk64f12.o
                0x00005a48                I2S0_Rx_IRQHandler
 .text.UART0_LON_IRQHandler
                0x00005a50        0x8 ./SDK/startup/startup_mk64f12.o
                0x00005a50                UART0_LON_IRQHandler
 .text.UART0_ERR_IRQHandler
                0x00005a58        0x8 ./SDK/startup/startup_mk64f12.o
                0x00005a58                UART0_ERR_IRQHandler
 .text.UART1_ERR_IRQHandler
                0x00005a60        0x8 ./SDK/startup/startup_mk64f12.o
                0x00005a60                UART1_ERR_IRQHandler
 .text.UART2_ERR_IRQHandler
                0x00005a68        0x8 ./SDK/startup/startup_mk64f12.o
                0x00005a68                UART2_ERR_IRQHandler
 .text.UART3_ERR_IRQHandler
                0x00005a70        0x8 ./SDK/startup/startup_mk64f12.o
                0x00005a70                UART3_ERR_IRQHandler
 .text.ADC0_IRQHandler
                0x00005a78        0x8 ./SDK/startup/startup_mk64f12.o
                0x00005a78                ADC0_IRQHandler
 .text.CMP0_IRQHandler
                0x00005a80        0x8 ./SDK/startup/startup_mk64f12.o
                0x00005a80                CMP0_IRQHandler
 .text.CMP1_IRQHandler
                0x00005a88        0x8 ./SDK/startup/startup_mk64f12.o
                0x00005a88                CMP1_IRQHandler
 .text.FTM2_IRQHandler
                0x00005a90        0x8 ./SDK/startup/startup_mk64f12.o
                0x00005a90                FTM2_IRQHandler
 .text.CMT_IRQHandler
                0x00005a98        0x8 ./SDK/startup/startup_mk64f12.o
                0x00005a98                CMT_IRQHandler
 .text.RTC_IRQHandler
                0x00005aa0        0x8 ./SDK/startup/startup_mk64f12.o
                0x00005aa0                RTC_IRQHandler
 .text.RTC_Seconds_IRQHandler
                0x00005aa8        0x8 ./SDK/startup/startup_mk64f12.o
                0x00005aa8                RTC_Seconds_IRQHandler
 .text.PDB0_IRQHandler
                0x00005ab0        0x8 ./SDK/startup/startup_mk64f12.o
                0x00005ab0                PDB0_IRQHandler
 .text.USB0_IRQHandler
                0x00005ab8        0x8 ./SDK/startup/startup_mk64f12.o
                0x00005ab8                USB0_IRQHandler
 .text.USBDCD_IRQHandler
                0x00005ac0        0x8 ./SDK/startup/startup_mk64f12.o
                0x00005ac0                USBDCD_IRQHandler
 .text.Reserved71_IRQHandler
                0x00005ac8        0x8 ./SDK/startup/startup_mk64f12.o
                0x00005ac8                Reserved71_IRQHandler
 .text.DAC0_IRQHandler
                0x00005ad0        0x8 ./SDK/startup/startup_mk64f12.o
                0x00005ad0                DAC0_IRQHandler
 .text.MCG_IRQHandler
                0x00005ad8        0x8 ./SDK/startup/startup_mk64f12.o
                0x00005ad8                MCG_IRQHandler
 .text.LPTMR0_IRQHandler
                0x00005ae0        0x8 ./SDK/startup/startup_mk64f12.o
                0x00005ae0                LPTMR0_IRQHandler
 .text.SWI_IRQHandler
                0x00005ae8        0x8 ./SDK/startup/startup_mk64f12.o
                0x00005ae8                SWI_IRQHandler
 .text.SPI2_IRQHandler
                0x00005af0        0x8 ./SDK/startup/startup_mk64f12.o
                0x00005af0                SPI2_IRQHandler
 .text.UART4_ERR_IRQHandler
                0x00005af8        0x8 ./SDK/startup/startup_mk64f12.o
                0x00005af8                UART4_ERR_IRQHandler
 .text.UART5_RX_TX_IRQHandler
                0x00005b00        0x8 ./SDK/startup/startup_mk64f12.o
                0x00005b00                UART5_RX_TX_IRQHandler
 .text.UART5_ERR_IRQHandler
                0x00005b08        0x8 ./SDK/startup/startup_mk64f12.o
                0x00005b08                UART5_ERR_IRQHandler
 .text.CMP2_IRQHandler
                0x00005b10        0x8 ./SDK/startup/startup_mk64f12.o
                0x00005b10                CMP2_IRQHandler
 .text.FTM3_IRQHandler
                0x00005b18        0x8 ./SDK/startup/startup_mk64f12.o
                0x00005b18                FTM3_IRQHandler
 .text.DAC1_IRQHandler
                0x00005b20        0x8 ./SDK/startup/startup_mk64f12.o
                0x00005b20                DAC1_IRQHandler
 .text.ADC1_IRQHandler
                0x00005b28        0x8 ./SDK/startup/startup_mk64f12.o
                0x00005b28                ADC1_IRQHandler
 .text.I2C2_IRQHandler
                0x00005b30        0x8 ./SDK/startup/startup_mk64f12.o
                0x00005b30                I2C2_IRQHandler
 .text.CAN0_ORed_Message_buffer_IRQHandler
                0x00005b38        0x8 ./SDK/startup/startup_mk64f12.o
                0x00005b38                CAN0_ORed_Message_buffer_IRQHandler
 .text.CAN0_Bus_Off_IRQHandler
                0x00005b40        0x8 ./SDK/startup/startup_mk64f12.o
                0x00005b40                CAN0_Bus_Off_IRQHandler
 .text.CAN0_Error_IRQHandler
                0x00005b48        0x8 ./SDK/startup/startup_mk64f12.o
                0x00005b48                CAN0_Error_IRQHandler
 .text.CAN0_Tx_Warning_IRQHandler
                0x00005b50        0x8 ./SDK/startup/startup_mk64f12.o
                0x00005b50                CAN0_Tx_Warning_IRQHandler
 .text.CAN0_Rx_Warning_IRQHandler
                0x00005b58        0x8 ./SDK/startup/startup_mk64f12.o
                0x00005b58                CAN0_Rx_Warning_IRQHandler
 .text.CAN0_Wake_Up_IRQHandler
                0x00005b60        0x8 ./SDK/startup/startup_mk64f12.o
                0x00005b60                CAN0_Wake_Up_IRQHandler
 .text.SDHC_IRQHandler
                0x00005b68        0x8 ./SDK/startup/startup_mk64f12.o
                0x00005b68                SDHC_IRQHandler
 .text.ENET_1588_Timer_IRQHandler
                0x00005b70        0x8 ./SDK/startup/startup_mk64f12.o
                0x00005b70                ENET_1588_Timer_IRQHandler
 .text.ENET_Transmit_IRQHandler
                0x00005b78        0x8 ./SDK/startup/startup_mk64f12.o
                0x00005b78                ENET_Transmit_IRQHandler
 .text.ENET_Receive_IRQHandler
                0x00005b80        0x8 ./SDK/startup/startup_mk64f12.o
                0x00005b80                ENET_Receive_IRQHandler
 .text.ENET_Error_IRQHandler
                0x00005b88        0x8 ./SDK/startup/startup_mk64f12.o
                0x00005b88                ENET_Error_IRQHandler
 .text.SystemInitHook
                0x00005b90        0xe ./SDK/CMSIS/system_MK64F12.o
                0x00005b90                SystemInitHook
 .text.asinf    0x00005b9e        0x6 c:/nxp/mcuxpressoide_11.6.1_8255/ide/plugins/com.nxp.mcuxpresso.tools.win32_11.6.1.202207200623/tools/bin/../lib/gcc/arm-none-eabi/10.3.1/../../../../arm-none-eabi/lib/thumb/v7e-m+fp/hard\libcr_c.a(asinf.o)
                0x00005b9e                asinf
 .text.fabsf    0x00005ba4       0x10 c:/nxp/mcuxpressoide_11.6.1_8255/ide/plugins/com.nxp.mcuxpresso.tools.win32_11.6.1.202207200623/tools/bin/../lib/gcc/arm-none-eabi/10.3.1/../../../../arm-none-eabi/lib/thumb/v7e-m+fp/hard\libcr_c.a(fabsf.o)
                0x00005ba4                fabsf
 .text.sinf     0x00005bb4       0x26 c:/nxp/mcuxpressoide_11.6.1_8255/ide/plugins/com.nxp.mcuxpresso.tools.win32_11.6.1.202207200623/tools/bin/../lib/gcc/arm-none-eabi/10.3.1/../../../../arm-none-eabi/lib/thumb/v7e-m+fp/hard\libcr_c.a(sinf.o)
                0x00005bb4                sinf
 .text.sqrtf    0x00005bda        0x6 c:/nxp/mcuxpressoide_11.6.1_8255/ide/plugins/com.nxp.mcuxpresso.tools.win32_11.6.1.202207200623/tools/bin/../lib/gcc/arm-none-eabi/10.3.1/../../../../arm-none-eabi/lib/thumb/v7e-m+fp/hard\libcr_c.a(sqrtf_m4_hardfp.o)
                0x00005bda                sqrtf
 .text.memcpy   0x00005be0        0x4 c:/nxp/mcuxpressoide_11.6.1_8255/ide/plugins/com.nxp.mcuxpresso.tools.win32_11.6.1.202207200623/tools/bin/../lib/gcc/arm-none-eabi/10.3.1/../../../../arm-none-eabi/lib/thumb/v7e-m+fp/hard\libcr_c.a(memcpy.o)
                0x00005be0                memcpy
 .text.memset   0x00005be4        0x4 c:/nxp/mcuxpressoide_11.6.1_8255/ide/plugins/com.nxp.mcuxpresso.tools.win32_11.6.1.202207200623/tools/bin/../lib/gcc/arm-none-eabi/10.3.1/../../../../arm-none-eabi/lib/thumb/v7e-m+fp/hard\libcr_c.a(memset.o)
                0x00005be4                memset
 .text.__aeabi_division_uldivmod
                0x00005be8      0x174 c:/nxp/mcuxpressoide_11.6.1_8255/ide/plugins/com.nxp.mcuxpresso.tools.win32_11.6.1.202207200623/tools/bin/../lib/gcc/arm-none-eabi/10.3.1/thumb/v7e-m+fp/hard\libcr_eabihelpers.a(division_64.o)
                0x00005be8                __aeabi_uldivmod
                0x00005bec                __bhs_ldivmod1
 .text.__aeabi_division_idiv0
                0x00005d5c        0x2 c:/nxp/mcuxpressoide_11.6.1_8255/ide/plugins/com.nxp.mcuxpresso.tools.win32_11.6.1.202207200623/tools/bin/../lib/gcc/arm-none-eabi/10.3.1/thumb/v7e-m+fp/hard\libcr_eabihelpers.a(division_idiv0.o)
                0x00005d5c                __aeabi_idiv0
 .text.__aeabi_d2uiz
                0x00005d5e       0x30 c:/nxp/mcuxpressoide_11.6.1_8255/ide/plugins/com.nxp.mcuxpresso.tools.win32_11.6.1.202207200623/tools/bin/../lib/gcc/arm-none-eabi/10.3.1/thumb/v7e-m+fp/hard\libcr_eabihelpers.a(double.o)
                0x00005d5e                __aeabi_d2uiz
 .text.__bhs_ui2d
                0x00005d8e       0x46 c:/nxp/mcuxpressoide_11.6.1_8255/ide/plugins/com.nxp.mcuxpresso.tools.win32_11.6.1.202207200623/tools/bin/../lib/gcc/arm-none-eabi/10.3.1/thumb/v7e-m+fp/hard\libcr_eabihelpers.a(double.o)
                0x00005d8e                __bhs_ui2d
 .text.__aeabi_i2d
                0x00005dd4       0x12 c:/nxp/mcuxpressoide_11.6.1_8255/ide/plugins/com.nxp.mcuxpresso.tools.win32_11.6.1.202207200623/tools/bin/../lib/gcc/arm-none-eabi/10.3.1/thumb/v7e-m+fp/hard\libcr_eabihelpers.a(double.o)
                0x00005dd4                __aeabi_i2d
 .text.__aeabi_dcmplt
                0x00005de6       0x56 c:/nxp/mcuxpressoide_11.6.1_8255/ide/plugins/com.nxp.mcuxpresso.tools.win32_11.6.1.202207200623/tools/bin/../lib/gcc/arm-none-eabi/10.3.1/thumb/v7e-m+fp/hard\libcr_eabihelpers.a(double.o)
                0x00005de6                __aeabi_dcmplt
 .text.__aeabi_dcmpgt
                0x00005e3c       0x56 c:/nxp/mcuxpressoide_11.6.1_8255/ide/plugins/com.nxp.mcuxpresso.tools.win32_11.6.1.202207200623/tools/bin/../lib/gcc/arm-none-eabi/10.3.1/thumb/v7e-m+fp/hard\libcr_eabihelpers.a(double.o)
                0x00005e3c                __aeabi_dcmpgt
 .text.__aeabi_memcpy
                0x00005e92       0x34 c:/nxp/mcuxpressoide_11.6.1_8255/ide/plugins/com.nxp.mcuxpresso.tools.win32_11.6.1.202207200623/tools/bin/../lib/gcc/arm-none-eabi/10.3.1/thumb/v7e-m+fp/hard\libcr_eabihelpers.a(memcpy.o)
                0x00005e92                __aeabi_memcpy
                0x00005e9c                __aeabi_memcpy8
                0x00005e9c                __aeabi_memcpy4
 .text.__aeabi_memset_lowlevel
                0x00005ec6       0x32 c:/nxp/mcuxpressoide_11.6.1_8255/ide/plugins/com.nxp.mcuxpresso.tools.win32_11.6.1.202207200623/tools/bin/../lib/gcc/arm-none-eabi/10.3.1/thumb/v7e-m+fp/hard\libcr_eabihelpers.a(memcpy.o)
                0x00005ec6                __aeabi_lowlevel_memset
 *(SORT_BY_ALIGNMENT(.rodata) SORT_BY_ALIGNMENT(.rodata.*) SORT_BY_ALIGNMENT(.constdata) SORT_BY_ALIGNMENT(.constdata.*))
 .rodata        0x00005ef8       0xf0 ./source/App.o
 .rodata.UARTPorts
                0x00005fe8       0x18 ./source/UART/uart.o
 .rodata.portPtr
                0x00006000       0x14 ./source/UART/uart.o
 .rodata.UARTClockSource
                0x00006014       0x18 ./source/UART/uart.o
 .rodata.UARTSIMR
                0x0000602c       0x14 ./source/UART/uart.o
 .rodata.UARTSIMMask
                0x00006040       0x14 ./source/UART/uart.o
 .rodata.UART_RX_TX_Vectors
                0x00006054        0x6 ./source/UART/uart.o
 *fill*         0x0000605a        0x2 ff
 .rodata.UARTPinPort
                0x0000605c        0x5 ./source/UART/uart.o
 *fill*         0x00006061        0x3 ff
 .rodata.UARTPinNumRX
                0x00006064        0x5 ./source/UART/uart.o
 *fill*         0x00006069        0x3 ff
 .rodata.UARTPinNumTX
                0x0000606c        0x5 ./source/UART/uart.o
 *fill*         0x00006071        0x3 ff
 .rodata.UARTPinMuxAlt
                0x00006074        0x5 ./source/UART/uart.o
 *fill*         0x00006079        0x3 ff
 .rodata.DPS_SCALE
                0x0000607c        0x8 ./source/Sensores/MPU6050.o
 .rodata.G_SCALE
                0x00006084        0x8 ./source/Sensores/MPU6050.o
 .rodata.gpioPtr
                0x0000608c       0x14 ./source/MCAL/gpio.o
 .rodata.portPtr
                0x000060a0       0x14 ./source/MCAL/gpio.o
 .rodata.SIMPortMasks
                0x000060b4       0x14 ./source/MCAL/gpio.o
 .rodata.I2CPtrs
                0x000060c8        0xc ./source/I2Cm/I2Cm.o
 .rodata.I2CIRQs
                0x000060d4        0x3 ./source/I2Cm/I2Cm.o
 *fill*         0x000060d7        0x1 ff
 .rodata.portPtr
                0x000060d8       0x14 ./source/I2Cm/I2Cm.o
 .rodata.I2CPinPorts
                0x000060ec        0x4 ./source/I2Cm/I2Cm.o
 .rodata.I2CPinPinsSCL
                0x000060f0        0x4 ./source/I2Cm/I2Cm.o
 .rodata.I2CPinPinsSDA
                0x000060f4        0x4 ./source/I2Cm/I2Cm.o
 .rodata.I2CPinAlts
                0x000060f8        0x4 ./source/I2Cm/I2Cm.o
 .rodata.I2CClkSimPtr
                0x000060fc       0x10 ./source/I2Cm/I2Cm.o
 .rodata.I2CClkSimMask
                0x0000610c       0x10 ./source/I2Cm/I2Cm.o
 .rodata.portPtr
                0x0000611c       0x14 ./source/ESCDriver/ESCDriver.o
 .rodata.FTMPinPort
                0x00006130       0x20 ./source/ESCDriver/ESCDriver.o
 .rodata.FTMPinNum
                0x00006150       0x20 ./source/ESCDriver/ESCDriver.o
 .rodata.FTMPinMuxAlt
                0x00006170       0x20 ./source/ESCDriver/ESCDriver.o
 .rodata.motorChannel
                0x00006190        0x4 ./source/ESCDriver/ESCDriver.o
 .rodata.sinTable_f32
                0x00006194      0x804 C:\Users\sch_b\OneDrive\Documentos\QUADCOPTER\Quadcopter\TPQUAD\SDK\CMSIS\DSP\libarm_cortexM4lf_math.a(arm_common_tables.o)
                0x00006194                sinTable_f32
 .rodata.a.0    0x00006998       0x10 c:/nxp/mcuxpressoide_11.6.1_8255/ide/plugins/com.nxp.mcuxpresso.tools.win32_11.6.1.202207200623/tools/bin/../lib/gcc/arm-none-eabi/10.3.1/../../../../arm-none-eabi/lib/thumb/v7e-m+fp/hard\libcr_c.a(atanf.o)
 .rodata.a.1    0x000069a8        0x8 c:/nxp/mcuxpressoide_11.6.1_8255/ide/plugins/com.nxp.mcuxpresso.tools.win32_11.6.1.202207200623/tools/bin/../lib/gcc/arm-none-eabi/10.3.1/../../../../arm-none-eabi/lib/thumb/v7e-m+fp/hard\libcr_c.a(_asinacosf.o)
 .rodata.b.0    0x000069b0        0x8 c:/nxp/mcuxpressoide_11.6.1_8255/ide/plugins/com.nxp.mcuxpresso.tools.win32_11.6.1.202207200623/tools/bin/../lib/gcc/arm-none-eabi/10.3.1/../../../../arm-none-eabi/lib/thumb/v7e-m+fp/hard\libcr_c.a(_asinacosf.o)
                0x000069b8                . = ALIGN (0x8)
                0x000069b8                _etext = .

.glue_7         0x000069b8        0x0
 .glue_7        0x000069b8        0x0 linker stubs

.glue_7t        0x000069b8        0x0
 .glue_7t       0x000069b8        0x0 linker stubs

.vfp11_veneer   0x000069b8        0x0
 .vfp11_veneer  0x000069b8        0x0 linker stubs

.v4_bx          0x000069b8        0x0
 .v4_bx         0x000069b8        0x0 linker stubs

.iplt           0x000069b8        0x0
 .iplt          0x000069b8        0x0 ./source/timer/SysTick.o

.rel.dyn        0x000069b8        0x0
 .rel.iplt      0x000069b8        0x0 ./source/timer/SysTick.o

.m_usb_data
 *(SORT_BY_ALIGNMENT(m_usb_bdt))

.data_RAM2      0x1fff0000        0x0 load address 0x000069b8
 FILL mask 0xff
                [!provide]                PROVIDE (__start_data_RAM2 = .)
                [!provide]                PROVIDE (__start_data_SRAM_LOWER = .)
 *(SORT_BY_ALIGNMENT(.ramfunc.$RAM2))
 *(SORT_BY_ALIGNMENT(.ramfunc.$SRAM_LOWER))
 *(SORT_BY_ALIGNMENT(.data.$RAM2))
 *(SORT_BY_ALIGNMENT(.data.$SRAM_LOWER))
 *(SORT_BY_ALIGNMENT(.data.$RAM2.*))
 *(SORT_BY_ALIGNMENT(.data.$SRAM_LOWER.*))
                0x1fff0000                . = ALIGN (0x8)
                [!provide]                PROVIDE (__end_data_RAM2 = .)
                [!provide]                PROVIDE (__end_data_SRAM_LOWER = .)

.data_RAM3      0x14000000        0x0 load address 0x000069b8
 FILL mask 0xff
                [!provide]                PROVIDE (__start_data_RAM3 = .)
                [!provide]                PROVIDE (__start_data_FLEX_RAM = .)
 *(SORT_BY_ALIGNMENT(.ramfunc.$RAM3))
 *(SORT_BY_ALIGNMENT(.ramfunc.$FLEX_RAM))
 *(SORT_BY_ALIGNMENT(.data.$RAM3))
 *(SORT_BY_ALIGNMENT(.data.$FLEX_RAM))
 *(SORT_BY_ALIGNMENT(.data.$RAM3.*))
 *(SORT_BY_ALIGNMENT(.data.$FLEX_RAM.*))
                0x14000000                . = ALIGN (0x8)
                [!provide]                PROVIDE (__end_data_RAM3 = .)
                [!provide]                PROVIDE (__end_data_FLEX_RAM = .)

.uninit_RESERVED
                0x20000000        0x0
                0x20000000                _start_uninit_RESERVED = .
 *(SORT_BY_ALIGNMENT(.bss.$RESERVED*))
                0x20000000                . = ALIGN (0x8)
                0x20000000                _end_uninit_RESERVED = .

.data           0x20000000      0x118 load address 0x000069b8
 FILL mask 0xff
                0x20000000                _data = .
                [!provide]                PROVIDE (__start_data_RAM = .)
                [!provide]                PROVIDE (__start_data_SRAM_UPPER = .)
 *(SORT_BY_ALIGNMENT(vtable))
 *(SORT_BY_ALIGNMENT(.ramfunc*))
 *(SORT_BY_ALIGNMENT(CodeQuickAccess))
 *(SORT_BY_ALIGNMENT(DataQuickAccess))
 *(SORT_BY_ALIGNMENT(RamFunction))
 *(SORT_BY_ALIGNMENT(.data*))
 .data.Kx       0x20000000       0xc0 ./source/App.o
                0x20000000                Kx
 .data.Ki       0x200000c0       0x40 ./source/App.o
                0x200000c0                Ki
 .data.SPIPtrs  0x20000100        0xc ./source/SPI/SPI.o
 .data.i2cStates
                0x2000010c        0x2 ./source/I2Cm/I2Cm.o
                0x2000010c                i2cStates
 .data.timers_cant
                0x2000010e        0x1 ./source/timer/timer.o
 .data.Gscale   0x2000010f        0x1 ./source/Sensores/MPU6050.o
 .data.initialising
                0x20000110        0x1 ./source/App.o
                0x20000110                initialising
                0x20000118                . = ALIGN (0x8)
 *fill*         0x20000111        0x7 ff
                0x20000118                _edata = .
                [!provide]                PROVIDE (__end_data_RAM = .)
                [!provide]                PROVIDE (__end_data_SRAM_UPPER = .)

.igot.plt       0x20000118        0x0 load address 0x00006ad0
 .igot.plt      0x20000118        0x0 ./source/timer/SysTick.o

.bss_RAM2       0x1fff0000        0x0
                [!provide]                PROVIDE (__start_bss_RAM2 = .)
                [!provide]                PROVIDE (__start_bss_SRAM_LOWER = .)
 *(SORT_BY_ALIGNMENT(.bss.$RAM2))
 *(SORT_BY_ALIGNMENT(.bss.$SRAM_LOWER))
 *(SORT_BY_ALIGNMENT(.bss.$RAM2.*))
 *(SORT_BY_ALIGNMENT(.bss.$SRAM_LOWER.*))
                0x1fff0000                . = ALIGN ((. != 0x0)?0x8:0x1)
                [!provide]                PROVIDE (__end_bss_RAM2 = .)
                [!provide]                PROVIDE (__end_bss_SRAM_LOWER = .)

.bss_RAM3       0x14000000        0x0
                [!provide]                PROVIDE (__start_bss_RAM3 = .)
                [!provide]                PROVIDE (__start_bss_FLEX_RAM = .)
 *(SORT_BY_ALIGNMENT(.bss.$RAM3))
 *(SORT_BY_ALIGNMENT(.bss.$FLEX_RAM))
 *(SORT_BY_ALIGNMENT(.bss.$RAM3.*))
 *(SORT_BY_ALIGNMENT(.bss.$FLEX_RAM.*))
                0x14000000                . = ALIGN ((. != 0x0)?0x8:0x1)
                [!provide]                PROVIDE (__end_bss_RAM3 = .)
                [!provide]                PROVIDE (__end_bss_FLEX_RAM = .)

.bss            0x20000118     0x12c0
                0x20000118                _bss = .
                [!provide]                PROVIDE (__start_bss_RAM = .)
                [!provide]                PROVIDE (__start_bss_SRAM_UPPER = .)
 *(SORT_BY_ALIGNMENT(.bss*))
 .bss.lastIntegrateError
                0x20000118       0x10 ./source/Sistema de Control/SistemaDeControl.o
 .bss.gyroAverage
                0x20000128       0x18 ./source/Sensores/MPU6050.o
 .bss.accelAverage
                0x20000140       0x18 ./source/Sensores/MPU6050.o
 .bss.ICLastTicks
                0x20000158      0x100 ./source/FTM/FTM.o
 .bss.accelData
                0x20000258       0x20 ./source/App.o
                0x20000258                accelData
 .bss.gyroData  0x20000278       0x20 ./source/App.o
                0x20000278                gyroData
 .bss.speed     0x20000298       0x20 ./source/App.o
                0x20000298                speed
 .bss.filter_roll_dot_stgs
                0x200002b8      0x168 ./source/App.o
                0x200002b8                filter_roll_dot_stgs
 .bss.filter_pitch_dot_stgs
                0x20000420      0x168 ./source/App.o
                0x20000420                filter_pitch_dot_stgs
 .bss.referenceIntegrator
                0x20000588       0x10 ./source/App.o
                0x20000588                referenceIntegrator
 .bss.referenceProportional
                0x20000598       0x30 ./source/App.o
                0x20000598                referenceProportional
 .bss.SysTickCallback
                0x200005c8        0x4 ./source/timer/SysTick.o
 .bss.timers    0x200005cc       0xa0 ./source/timer/timer.o
 .bss.pckgNULL  0x2000066c       0x10 ./source/buffer/SPI_buffer.o
                0x2000066c                pckgNULL
 .bss.TxBuffer  0x2000067c      0x267 ./source/UART/uart.o
 *fill*         0x200008e3        0x1 
 .bss.RxBuffer  0x200008e4      0x267 ./source/UART/uart.o
 *fill*         0x20000b4b        0x1 
 .bss.writeBuffer
                0x20000b4c        0x4 ./source/Sensores/MPU6050.o
 .bss.readBuffer
                0x20000b50        0xa ./source/Sensores/MPU6050.o
 *fill*         0x20000b5a        0x2 
 .bss.LastRawDataGyroRead
                0x20000b5c        0x6 ./source/Sensores/MPU6050.o
 *fill*         0x20000b62        0x2 
 .bss.LastRawDataAccRead
                0x20000b64        0x6 ./source/Sensores/MPU6050.o
 *fill*         0x20000b6a        0x2 
 .bss.TxBuffer  0x20000b6c      0x408 ./source/SPI/SPI.o
 .bss.cont.1    0x20000f74        0x4 ./source/SPI/SPI.o
 .bss.pckgAux.0
                0x20000f78       0x10 ./source/SPI/SPI.o
 .bss.PITCbs    0x20000f88       0x10 ./source/PIT/PIT.o
 .bss.portIrqFunc
                0x20000f98      0x280 ./source/MCAL/gpio.o
                0x20000f98                portIrqFunc
 .bss.writeState
                0x20001218       0x24 ./source/I2Cm/I2Cm.o
 .bss.readState
                0x2000123c       0x18 ./source/I2Cm/I2Cm.o
 .bss.PWMPtrs   0x20001254       0x80 ./source/FTM/FTM.o
 .bss.ICCbPtrs  0x200012d4       0x80 ./source/FTM/FTM.o
 .bss.ICChannelValue
                0x20001354       0x40 ./source/FTM/FTM.o
 .bss.ICnewEdge
                0x20001394       0x20 ./source/FTM/FTM.o
 .bss.steps     0x200013b4        0x4 ./source/ControlPC/ControlPC.o
 .bss.fusionFlags
                0x200013b8        0x5 ./source/App.o
                0x200013b8                fusionFlags
 *fill*         0x200013bd        0x3 
 .bss.__LDM_interruptDisableCount
                0x200013c0        0x4 ./SDK/startup/hardware.o
 .bss.errno     0x200013c4        0x4 c:/nxp/mcuxpressoide_11.6.1_8255/ide/plugins/com.nxp.mcuxpresso.tools.win32_11.6.1.202207200623/tools/bin/../lib/gcc/arm-none-eabi/10.3.1/../../../../arm-none-eabi/lib/thumb/v7e-m+fp/hard\libcr_c.a(errno.o)
                0x200013c4                errno
 .bss.uartBaudrate
                0x200013c8        0x2 ./source/ControlPC/ControlPC.o
 .bss.yaInit.0  0x200013ca        0x1 ./source/timer/timer.o
 .bss.Ascale    0x200013cb        0x1 ./source/Sensores/MPU6050.o
 .bss.writeSize
                0x200013cc        0x1 ./source/Sensores/MPU6050.o
 .bss.readSize  0x200013cd        0x1 ./source/Sensores/MPU6050.o
 .bss.inInterrupt
                0x200013ce        0x1 ./source/SPI/SPI.o
 .bss.isBusBusy
                0x200013cf        0x1 ./source/I2Cm/I2Cm.o
 .bss.init      0x200013d0        0x1 ./source/ControlPC/ControlPC.o
 .bss.uartId    0x200013d1        0x1 ./source/ControlPC/ControlPC.o
 .bss.sUp       0x200013d2        0x1 ./source/ControlPC/ControlPC.o
 .bss.sDown     0x200013d3        0x1 ./source/ControlPC/ControlPC.o
 .bss.I2CtriggerAcc
                0x200013d4        0x1 ./source/App.o
                0x200013d4                I2CtriggerAcc
 *(SORT_BY_ALIGNMENT(COMMON))
                0x200013d8                . = ALIGN (0x8)
 *fill*         0x200013d5        0x3 
                0x200013d8                _ebss = .
                [!provide]                PROVIDE (__end_bss_RAM = .)
                [!provide]                PROVIDE (__end_bss_SRAM_UPPER = .)
                [!provide]                PROVIDE (end = .)

.noinit_RAM2    0x1fff0000        0x0
                [!provide]                PROVIDE (__start_noinit_RAM2 = .)
                [!provide]                PROVIDE (__start_noinit_SRAM_LOWER = .)
 *(SORT_BY_ALIGNMENT(.noinit.$RAM2))
 *(SORT_BY_ALIGNMENT(.noinit.$SRAM_LOWER))
 *(SORT_BY_ALIGNMENT(.noinit.$RAM2.*))
 *(SORT_BY_ALIGNMENT(.noinit.$SRAM_LOWER.*))
                0x1fff0000                . = ALIGN (0x8)
                [!provide]                PROVIDE (__end_noinit_RAM2 = .)
                [!provide]                PROVIDE (__end_noinit_SRAM_LOWER = .)

.noinit_RAM3    0x14000000        0x0
                [!provide]                PROVIDE (__start_noinit_RAM3 = .)
                [!provide]                PROVIDE (__start_noinit_FLEX_RAM = .)
 *(SORT_BY_ALIGNMENT(.noinit.$RAM3))
 *(SORT_BY_ALIGNMENT(.noinit.$FLEX_RAM))
 *(SORT_BY_ALIGNMENT(.noinit.$RAM3.*))
 *(SORT_BY_ALIGNMENT(.noinit.$FLEX_RAM.*))
                0x14000000                . = ALIGN (0x8)
                [!provide]                PROVIDE (__end_noinit_RAM3 = .)
                [!provide]                PROVIDE (__end_noinit_FLEX_RAM = .)

.noinit         0x200013d8        0x0
                0x200013d8                _noinit = .
                [!provide]                PROVIDE (__start_noinit_RAM = .)
                [!provide]                PROVIDE (__start_noinit_SRAM_UPPER = .)
 *(SORT_BY_ALIGNMENT(.noinit*))
                0x200013d8                . = ALIGN (0x8)
                0x200013d8                _end_noinit = .
                [!provide]                PROVIDE (__end_noinit_RAM = .)
                [!provide]                PROVIDE (__end_noinit_SRAM_UPPER = .)

.ARM.extab
 *(SORT_BY_ALIGNMENT(.ARM.extab*) SORT_BY_ALIGNMENT(.gnu.linkonce.armextab.*))

.ARM.exidx      0x00006ad0        0x0
                0x00006ad0                __exidx_start = .
 *(SORT_BY_ALIGNMENT(.ARM.exidx*) SORT_BY_ALIGNMENT(.gnu.linkonce.armexidx.*))
                0x00006ad0                __exidx_end = .
                0x00001000                _HeapSize = 0x1000

.heap           0x200013d8     0x1000
                0x200013d8                _pvHeapStart = .
                0x200023d8                . = (. + _HeapSize)
 *fill*         0x200013d8     0x1000 
                0x200023d8                . = ALIGN (0x8)
                0x200023d8                _pvHeapLimit = .
                0x00001000                _StackSize = 0x1000

.heap2stackfill
                0x200023d8     0x1000
                0x200033d8                . = (. + _StackSize)
 *fill*         0x200023d8     0x1000 

.stack          0x2002f000        0x0
                0x2002f000                _vStackBase = .
                0x2002f000                . = ALIGN (0x8)
                0x20030000                _vStackTop = (. + _StackSize)
                0x00000000                _image_start = LOADADDR (.text)
                0x00006ad0                _image_end = (LOADADDR (.data) + SIZEOF (.data))
                0x00006ad0                _image_size = (_image_end - _image_start)
OUTPUT(TPQUAD.axf elf32-littlearm)
LOAD linker stubs

.debug_info     0x00000000     0xf9e7
 .debug_info    0x00000000      0x506 ./source/timer/SysTick.o
 .debug_info    0x00000506      0x2d9 ./source/timer/timer.o
 .debug_info    0x000007df      0x329 ./source/buffer/SPI_buffer.o
 .debug_info    0x00000b08      0x2e6 ./source/buffer/circular_buffer.o
 .debug_info    0x00000dee      0xde4 ./source/UART/uart.o
 .debug_info    0x00001bd2      0x337 ./source/Sistema de Control/MatrixOps.o
 .debug_info    0x00001f09      0x35e ./source/Sistema de Control/SistemaDeControl.o
 .debug_info    0x00002267      0x524 ./source/Sensores/MPU6050.o
 .debug_info    0x0000278b      0xd5c ./source/SPI/SPI.o
 .debug_info    0x000034e7      0x87a ./source/PIT/PIT.o
 .debug_info    0x00003d61      0xc0f ./source/MCAL/gpio.o
 .debug_info    0x00004970      0xd3a ./source/I2Cm/I2Cm.o
 .debug_info    0x000056aa     0x168d ./source/Fusion/FusionAhrs.o
 .debug_info    0x00006d37      0x599 ./source/Fusion/FusionCompass.o
 .debug_info    0x000072d0      0xfab ./source/FTM/FTM.o
 .debug_info    0x0000827b      0x866 ./source/ESCDriver/ESCDriver.o
 .debug_info    0x00008ae1      0x246 ./source/ControlPC/ControlPC.o
 .debug_info    0x00008d27      0x19a ./source/Biquad/Biquad.o
 .debug_info    0x00008ec1      0xd95 ./source/App.o
 .debug_info    0x00009c56      0x6b2 ./SDK/startup/hardware.o
 .debug_info    0x0000a308       0x86 ./SDK/startup/main.o
 .debug_info    0x0000a38e       0x3c ./SDK/startup/semihost_hardfault.o
 .debug_info    0x0000a3ca      0x93a ./SDK/startup/startup_mk64f12.o
 .debug_info    0x0000ad04      0x63b ./SDK/CMSIS/system_MK64F12.o
 .debug_info    0x0000b33f     0x1612 C:\Users\sch_b\OneDrive\Documentos\QUADCOPTER\Quadcopter\TPQUAD\SDK\CMSIS\DSP\libarm_cortexM4lf_math.a(arm_sin_f32.o)
 .debug_info    0x0000c951     0x1612 C:\Users\sch_b\OneDrive\Documentos\QUADCOPTER\Quadcopter\TPQUAD\SDK\CMSIS\DSP\libarm_cortexM4lf_math.a(arm_cos_f32.o)
 .debug_info    0x0000df63     0x1a84 C:\Users\sch_b\OneDrive\Documentos\QUADCOPTER\Quadcopter\TPQUAD\SDK\CMSIS\DSP\libarm_cortexM4lf_math.a(arm_common_tables.o)

.debug_abbrev   0x00000000     0x2e7d
 .debug_abbrev  0x00000000      0x190 ./source/timer/SysTick.o
 .debug_abbrev  0x00000190      0x1b5 ./source/timer/timer.o
 .debug_abbrev  0x00000345      0x1b4 ./source/buffer/SPI_buffer.o
 .debug_abbrev  0x000004f9      0x162 ./source/buffer/circular_buffer.o
 .debug_abbrev  0x0000065b      0x267 ./source/UART/uart.o
 .debug_abbrev  0x000008c2       0xc7 ./source/Sistema de Control/MatrixOps.o
 .debug_abbrev  0x00000989       0xe9 ./source/Sistema de Control/SistemaDeControl.o
 .debug_abbrev  0x00000a72      0x18f ./source/Sensores/MPU6050.o
 .debug_abbrev  0x00000c01      0x2d8 ./source/SPI/SPI.o
 .debug_abbrev  0x00000ed9      0x1d5 ./source/PIT/PIT.o
 .debug_abbrev  0x000010ae      0x253 ./source/MCAL/gpio.o
 .debug_abbrev  0x00001301      0x280 ./source/I2Cm/I2Cm.o
 .debug_abbrev  0x00001581      0x392 ./source/Fusion/FusionAhrs.o
 .debug_abbrev  0x00001913      0x213 ./source/Fusion/FusionCompass.o
 .debug_abbrev  0x00001b26      0x297 ./source/FTM/FTM.o
 .debug_abbrev  0x00001dbd      0x188 ./source/ESCDriver/ESCDriver.o
 .debug_abbrev  0x00001f45      0x10f ./source/ControlPC/ControlPC.o
 .debug_abbrev  0x00002054       0xd8 ./source/Biquad/Biquad.o
 .debug_abbrev  0x0000212c      0x2a7 ./source/App.o
 .debug_abbrev  0x000023d3      0x12e ./SDK/startup/hardware.o
 .debug_abbrev  0x00002501       0x49 ./SDK/startup/main.o
 .debug_abbrev  0x0000254a       0x31 ./SDK/startup/semihost_hardfault.o
 .debug_abbrev  0x0000257b      0x185 ./SDK/startup/startup_mk64f12.o
 .debug_abbrev  0x00002700      0x148 ./SDK/CMSIS/system_MK64F12.o
 .debug_abbrev  0x00002848      0x22c C:\Users\sch_b\OneDrive\Documentos\QUADCOPTER\Quadcopter\TPQUAD\SDK\CMSIS\DSP\libarm_cortexM4lf_math.a(arm_sin_f32.o)
 .debug_abbrev  0x00002a74      0x22c C:\Users\sch_b\OneDrive\Documentos\QUADCOPTER\Quadcopter\TPQUAD\SDK\CMSIS\DSP\libarm_cortexM4lf_math.a(arm_cos_f32.o)
 .debug_abbrev  0x00002ca0      0x1dd C:\Users\sch_b\OneDrive\Documentos\QUADCOPTER\Quadcopter\TPQUAD\SDK\CMSIS\DSP\libarm_cortexM4lf_math.a(arm_common_tables.o)

.debug_aranges  0x00000000      0xa70
 .debug_aranges
                0x00000000       0x30 ./source/timer/SysTick.o
 .debug_aranges
                0x00000030       0x50 ./source/timer/timer.o
 .debug_aranges
                0x00000080       0x58 ./source/buffer/SPI_buffer.o
 .debug_aranges
                0x000000d8       0x58 ./source/buffer/circular_buffer.o
 .debug_aranges
                0x00000130       0x80 ./source/UART/uart.o
 .debug_aranges
                0x000001b0       0x30 ./source/Sistema de Control/MatrixOps.o
 .debug_aranges
                0x000001e0       0x50 ./source/Sistema de Control/SistemaDeControl.o
 .debug_aranges
                0x00000230       0x70 ./source/Sensores/MPU6050.o
 .debug_aranges
                0x000002a0       0x58 ./source/SPI/SPI.o
 .debug_aranges
                0x000002f8       0x58 ./source/PIT/PIT.o
 .debug_aranges
                0x00000350       0x78 ./source/MCAL/gpio.o
 .debug_aranges
                0x000003c8       0x50 ./source/I2Cm/I2Cm.o
 .debug_aranges
                0x00000418       0x78 ./source/Fusion/FusionAhrs.o
 .debug_aranges
                0x00000490       0x20 ./source/Fusion/FusionCompass.o
 .debug_aranges
                0x000004b0       0x80 ./source/FTM/FTM.o
 .debug_aranges
                0x00000530       0x40 ./source/ESCDriver/ESCDriver.o
 .debug_aranges
                0x00000570       0x28 ./source/ControlPC/ControlPC.o
 .debug_aranges
                0x00000598       0x28 ./source/Biquad/Biquad.o
 .debug_aranges
                0x000005c0       0x88 ./source/App.o
 .debug_aranges
                0x00000648       0x30 ./SDK/startup/hardware.o
 .debug_aranges
                0x00000678       0x20 ./SDK/startup/main.o
 .debug_aranges
                0x00000698       0x20 ./SDK/startup/semihost_hardfault.o
 .debug_aranges
                0x000006b8      0x330 ./SDK/startup/startup_mk64f12.o
 .debug_aranges
                0x000009e8       0x30 ./SDK/CMSIS/system_MK64F12.o
 .debug_aranges
                0x00000a18       0x20 C:\Users\sch_b\OneDrive\Documentos\QUADCOPTER\Quadcopter\TPQUAD\SDK\CMSIS\DSP\libarm_cortexM4lf_math.a(arm_sin_f32.o)
 .debug_aranges
                0x00000a38       0x20 C:\Users\sch_b\OneDrive\Documentos\QUADCOPTER\Quadcopter\TPQUAD\SDK\CMSIS\DSP\libarm_cortexM4lf_math.a(arm_cos_f32.o)
 .debug_aranges
                0x00000a58       0x18 C:\Users\sch_b\OneDrive\Documentos\QUADCOPTER\Quadcopter\TPQUAD\SDK\CMSIS\DSP\libarm_cortexM4lf_math.a(arm_common_tables.o)

.debug_ranges   0x00000000     0x10c8
 .debug_ranges  0x00000000       0x20 ./source/timer/SysTick.o
 .debug_ranges  0x00000020       0x40 ./source/timer/timer.o
 .debug_ranges  0x00000060       0x48 ./source/buffer/SPI_buffer.o
 .debug_ranges  0x000000a8       0x48 ./source/buffer/circular_buffer.o
 .debug_ranges  0x000000f0       0x70 ./source/UART/uart.o
 .debug_ranges  0x00000160       0x20 ./source/Sistema de Control/MatrixOps.o
 .debug_ranges  0x00000180       0x40 ./source/Sistema de Control/SistemaDeControl.o
 .debug_ranges  0x000001c0       0x60 ./source/Sensores/MPU6050.o
 .debug_ranges  0x00000220       0x48 ./source/SPI/SPI.o
 .debug_ranges  0x00000268       0x48 ./source/PIT/PIT.o
 .debug_ranges  0x000002b0       0x68 ./source/MCAL/gpio.o
 .debug_ranges  0x00000318       0x40 ./source/I2Cm/I2Cm.o
 .debug_ranges  0x00000358      0x688 ./source/Fusion/FusionAhrs.o
 .debug_ranges  0x000009e0      0x200 ./source/Fusion/FusionCompass.o
 .debug_ranges  0x00000be0       0x70 ./source/FTM/FTM.o
 .debug_ranges  0x00000c50       0x30 ./source/ESCDriver/ESCDriver.o
 .debug_ranges  0x00000c80       0x18 ./source/ControlPC/ControlPC.o
 .debug_ranges  0x00000c98       0x18 ./source/Biquad/Biquad.o
 .debug_ranges  0x00000cb0       0x78 ./source/App.o
 .debug_ranges  0x00000d28       0x20 ./SDK/startup/hardware.o
 .debug_ranges  0x00000d48       0x10 ./SDK/startup/main.o
 .debug_ranges  0x00000d58       0x10 ./SDK/startup/semihost_hardfault.o
 .debug_ranges  0x00000d68      0x320 ./SDK/startup/startup_mk64f12.o
 .debug_ranges  0x00001088       0x20 ./SDK/CMSIS/system_MK64F12.o
 .debug_ranges  0x000010a8       0x10 C:\Users\sch_b\OneDrive\Documentos\QUADCOPTER\Quadcopter\TPQUAD\SDK\CMSIS\DSP\libarm_cortexM4lf_math.a(arm_sin_f32.o)
 .debug_ranges  0x000010b8       0x10 C:\Users\sch_b\OneDrive\Documentos\QUADCOPTER\Quadcopter\TPQUAD\SDK\CMSIS\DSP\libarm_cortexM4lf_math.a(arm_cos_f32.o)

.debug_macro    0x00000000    0x153d2
 .debug_macro   0x00000000       0xb6 ./source/timer/SysTick.o
 .debug_macro   0x000000b6      0xa7e ./source/timer/SysTick.o
 .debug_macro   0x00000b34       0x22 ./source/timer/SysTick.o
 .debug_macro   0x00000b56      0x34e ./source/timer/SysTick.o
 .debug_macro   0x00000ea4       0x10 ./source/timer/SysTick.o
 .debug_macro   0x00000eb4       0x5c ./source/timer/SysTick.o
 .debug_macro   0x00000f10       0x1c ./source/timer/SysTick.o
 .debug_macro   0x00000f2c       0x28 ./source/timer/SysTick.o
 .debug_macro   0x00000f54       0xd9 ./source/timer/SysTick.o
 .debug_macro   0x0000102d      0xecf ./source/timer/SysTick.o
 .debug_macro   0x00001efc       0x48 ./source/timer/SysTick.o
 .debug_macro   0x00001f44     0xe07b ./source/timer/SysTick.o
 .debug_macro   0x0000ffbf     0x122b ./source/timer/SysTick.o
 .debug_macro   0x000111ea       0x16 ./source/timer/SysTick.o
 .debug_macro   0x00011200      0x134 ./source/timer/timer.o
 .debug_macro   0x00011334       0x1e ./source/timer/timer.o
 .debug_macro   0x00011352       0x22 ./source/timer/timer.o
 .debug_macro   0x00011374       0x5e ./source/timer/timer.o
 .debug_macro   0x000113d2       0x94 ./source/timer/timer.o
 .debug_macro   0x00011466       0x35 ./source/timer/timer.o
 .debug_macro   0x0001149b       0x34 ./source/timer/timer.o
 .debug_macro   0x000114cf       0x16 ./source/timer/timer.o
 .debug_macro   0x000114e5      0x10e ./source/timer/timer.o
 .debug_macro   0x000115f3       0x8d ./source/timer/timer.o
 .debug_macro   0x00011680       0x16 ./source/timer/timer.o
 .debug_macro   0x00011696       0x43 ./source/timer/timer.o
 .debug_macro   0x000116d9       0x57 ./source/timer/timer.o
 .debug_macro   0x00011730       0x34 ./source/timer/timer.o
 .debug_macro   0x00011764       0x10 ./source/timer/timer.o
 .debug_macro   0x00011774       0x58 ./source/timer/timer.o
 .debug_macro   0x000117cc      0x182 ./source/timer/timer.o
 .debug_macro   0x0001194e      0x341 ./source/timer/timer.o
 .debug_macro   0x00011c8f       0x16 ./source/timer/timer.o
 .debug_macro   0x00011ca5       0x29 ./source/timer/timer.o
 .debug_macro   0x00011cce       0x28 ./source/timer/timer.o
 .debug_macro   0x00011cf6       0x10 ./source/timer/timer.o
 .debug_macro   0x00011d06      0x1e7 ./source/buffer/SPI_buffer.o
 .debug_macro   0x00011eed       0x16 ./source/buffer/SPI_buffer.o
 .debug_macro   0x00011f03       0x97 ./source/buffer/SPI_buffer.o
 .debug_macro   0x00011f9a       0xfd ./source/buffer/SPI_buffer.o
 .debug_macro   0x00012097       0x10 ./source/buffer/SPI_buffer.o
 .debug_macro   0x000120a7       0x10 ./source/buffer/SPI_buffer.o
 .debug_macro   0x000120b7       0x6a ./source/buffer/SPI_buffer.o
 .debug_macro   0x00012121       0x1c ./source/buffer/SPI_buffer.o
 .debug_macro   0x0001213d       0x52 ./source/buffer/SPI_buffer.o
 .debug_macro   0x0001218f       0x22 ./source/buffer/SPI_buffer.o
 .debug_macro   0x000121b1       0x10 ./source/buffer/SPI_buffer.o
 .debug_macro   0x000121c1       0x52 ./source/buffer/SPI_buffer.o
 .debug_macro   0x00012213       0xd5 ./source/buffer/SPI_buffer.o
 .debug_macro   0x000122e8       0x1c ./source/buffer/SPI_buffer.o
 .debug_macro   0x00012304       0x3d ./source/buffer/SPI_buffer.o
 .debug_macro   0x00012341       0x16 ./source/buffer/SPI_buffer.o
 .debug_macro   0x00012357      0x16f ./source/buffer/SPI_buffer.o
 .debug_macro   0x000124c6       0x16 ./source/buffer/SPI_buffer.o
 .debug_macro   0x000124dc       0x35 ./source/buffer/SPI_buffer.o
 .debug_macro   0x00012511       0xac ./source/buffer/circular_buffer.o
 .debug_macro   0x000125bd       0xe8 ./source/UART/uart.o
 .debug_macro   0x000126a5       0x10 ./source/UART/uart.o
 .debug_macro   0x000126b5       0x40 ./source/UART/uart.o
 .debug_macro   0x000126f5       0x2e ./source/Sistema de Control/MatrixOps.o
 .debug_macro   0x00012723      0x132 ./source/Sistema de Control/SistemaDeControl.o
 .debug_macro   0x00012855       0x28 ./source/Sistema de Control/SistemaDeControl.o
 .debug_macro   0x0001287d      0x174 ./source/Sistema de Control/SistemaDeControl.o
 .debug_macro   0x000129f1       0x10 ./source/Sistema de Control/SistemaDeControl.o
 .debug_macro   0x00012a01      0x175 ./source/Sensores/MPU6050.o
 .debug_macro   0x00012b76      0x338 ./source/Sensores/MPU6050.o
 .debug_macro   0x00012eae      0x31f ./source/SPI/SPI.o
 .debug_macro   0x000131cd       0x3a ./source/SPI/SPI.o
 .debug_macro   0x00013207       0x10 ./source/SPI/SPI.o
 .debug_macro   0x00013217       0x10 ./source/SPI/SPI.o
 .debug_macro   0x00013227       0xd3 ./source/PIT/PIT.o
 .debug_macro   0x000132fa       0x28 ./source/PIT/PIT.o
 .debug_macro   0x00013322       0xc4 ./source/MCAL/gpio.o
 .debug_macro   0x000133e6      0x1fd ./source/I2Cm/I2Cm.o
 .debug_macro   0x000135e3       0x10 ./source/I2Cm/I2Cm.o
 .debug_macro   0x000135f3      0x16e ./source/Fusion/FusionAhrs.o
 .debug_macro   0x00013761      0xa7e ./source/Fusion/FusionAhrs.o
 .debug_macro   0x000141df      0x201 ./source/Fusion/FusionAhrs.o
 .debug_macro   0x000143e0      0x186 ./source/Fusion/FusionAhrs.o
 .debug_macro   0x00014566       0x9a ./source/Fusion/FusionAhrs.o
 .debug_macro   0x00014600      0x108 ./source/Fusion/FusionCompass.o
 .debug_macro   0x00014708      0x19b ./source/Fusion/FusionCompass.o
 .debug_macro   0x000148a3      0x1c5 ./source/FTM/FTM.o
 .debug_macro   0x00014a68       0x22 ./source/FTM/FTM.o
 .debug_macro   0x00014a8a      0x1ec ./source/ESCDriver/ESCDriver.o
 .debug_macro   0x00014c76       0x1c ./source/ESCDriver/ESCDriver.o
 .debug_macro   0x00014c92       0x4c ./source/ControlPC/ControlPC.o
 .debug_macro   0x00014cde       0x10 ./source/ControlPC/ControlPC.o
 .debug_macro   0x00014cee       0x1b ./source/Biquad/Biquad.o
 .debug_macro   0x00014d09      0x369 ./source/App.o
 .debug_macro   0x00015072       0x1c ./source/App.o
 .debug_macro   0x0001508e       0x22 ./source/App.o
 .debug_macro   0x000150b0       0x3a ./source/App.o
 .debug_macro   0x000150ea       0x2e ./source/App.o
 .debug_macro   0x00015118       0xc8 ./source/App.o
 .debug_macro   0x000151e0       0x9c ./SDK/startup/hardware.o
 .debug_macro   0x0001527c       0x9c ./SDK/startup/main.o
 .debug_macro   0x00015318       0x11 ./SDK/startup/semihost_hardfault.o
 .debug_macro   0x00015329       0x29 ./SDK/startup/startup_mk64f12.o
 .debug_macro   0x00015352       0x80 ./SDK/CMSIS/system_MK64F12.o

.debug_line     0x00000000     0x8f3a
 .debug_line    0x00000000      0x232 ./source/timer/SysTick.o
 .debug_line    0x00000232      0x4e1 ./source/timer/timer.o
 .debug_line    0x00000713      0x5c3 ./source/buffer/SPI_buffer.o
 .debug_line    0x00000cd6      0x37c ./source/buffer/circular_buffer.o
 .debug_line    0x00001052      0x4fc ./source/UART/uart.o
 .debug_line    0x0000154e      0x2c1 ./source/Sistema de Control/MatrixOps.o
 .debug_line    0x0000180f      0x643 ./source/Sistema de Control/SistemaDeControl.o
 .debug_line    0x00001e52      0x937 ./source/Sensores/MPU6050.o
 .debug_line    0x00002789      0xb3d ./source/SPI/SPI.o
 .debug_line    0x000032c6      0x317 ./source/PIT/PIT.o
 .debug_line    0x000035dd      0x4ed ./source/MCAL/gpio.o
 .debug_line    0x00003aca      0x788 ./source/I2Cm/I2Cm.o
 .debug_line    0x00004252     0x10ae ./source/Fusion/FusionAhrs.o
 .debug_line    0x00005300      0x4f0 ./source/Fusion/FusionCompass.o
 .debug_line    0x000057f0      0x839 ./source/FTM/FTM.o
 .debug_line    0x00006029      0x676 ./source/ESCDriver/ESCDriver.o
 .debug_line    0x0000669f      0x1b7 ./source/ControlPC/ControlPC.o
 .debug_line    0x00006856       0xeb ./source/Biquad/Biquad.o
 .debug_line    0x00006941      0xd1c ./source/App.o
 .debug_line    0x0000765d      0x2a7 ./SDK/startup/hardware.o
 .debug_line    0x00007904      0x1b8 ./SDK/startup/main.o
 .debug_line    0x00007abc       0x5f ./SDK/startup/semihost_hardfault.o
 .debug_line    0x00007b1b      0x917 ./SDK/startup/startup_mk64f12.o
 .debug_line    0x00008432      0x322 ./SDK/CMSIS/system_MK64F12.o
 .debug_line    0x00008754      0x2d0 C:\Users\sch_b\OneDrive\Documentos\QUADCOPTER\Quadcopter\TPQUAD\SDK\CMSIS\DSP\libarm_cortexM4lf_math.a(arm_sin_f32.o)
 .debug_line    0x00008a24      0x2d3 C:\Users\sch_b\OneDrive\Documentos\QUADCOPTER\Quadcopter\TPQUAD\SDK\CMSIS\DSP\libarm_cortexM4lf_math.a(arm_cos_f32.o)
 .debug_line    0x00008cf7      0x243 C:\Users\sch_b\OneDrive\Documentos\QUADCOPTER\Quadcopter\TPQUAD\SDK\CMSIS\DSP\libarm_cortexM4lf_math.a(arm_common_tables.o)

.debug_str      0x00000000    0x818a0
 .debug_str     0x00000000    0x773ec ./source/timer/SysTick.o
                              0x775b7 (size before relaxing)
 .debug_str     0x000773ec     0x30ae ./source/timer/timer.o
                               0x699c (size before relaxing)
 .debug_str     0x0007a49a     0x125e ./source/buffer/SPI_buffer.o
                               0x796b (size before relaxing)
 .debug_str     0x0007b6f8       0xa5 ./source/buffer/circular_buffer.o
                              0x7707d (size before relaxing)
 .debug_str     0x0007b79d      0x4af ./source/UART/uart.o
                              0x77a26 (size before relaxing)
 .debug_str     0x0007bc4c       0x75 ./source/Sistema de Control/MatrixOps.o
                               0x3860 (size before relaxing)
 .debug_str     0x0007bcc1      0x1d7 ./source/Sistema de Control/SistemaDeControl.o
                               0x68b4 (size before relaxing)
 .debug_str     0x0007be98      0xc04 ./source/Sensores/MPU6050.o
                               0x7477 (size before relaxing)
 .debug_str     0x0007ca9c      0x76f ./source/SPI/SPI.o
                              0x7beba (size before relaxing)
 .debug_str     0x0007d20b      0x229 ./source/PIT/PIT.o
                              0x77bb8 (size before relaxing)
 .debug_str     0x0007d434      0x1b5 ./source/MCAL/gpio.o
                              0x77bf1 (size before relaxing)
 .debug_str     0x0007d5e9      0x2ab ./source/I2Cm/I2Cm.o
                              0x7aa24 (size before relaxing)
 .debug_str     0x0007d894     0x17d7 ./source/Fusion/FusionAhrs.o
                               0x7e4e (size before relaxing)
 .debug_str     0x0007f06b       0x53 ./source/Fusion/FusionCompass.o
                               0x727d (size before relaxing)
 .debug_str     0x0007f0be      0x4cc ./source/FTM/FTM.o
                              0x7aae5 (size before relaxing)
 .debug_str     0x0007f58a      0x1ba ./source/ESCDriver/ESCDriver.o
                              0x7a4da (size before relaxing)
 .debug_str     0x0007f744       0xa5 ./source/ControlPC/ControlPC.o
                               0x3959 (size before relaxing)
 .debug_str     0x0007f7e9       0x4d ./source/Biquad/Biquad.o
                               0x2d75 (size before relaxing)
 .debug_str     0x0007f836      0xad7 ./source/App.o
                               0xac1c (size before relaxing)
 .debug_str     0x0008030d      0x16f ./SDK/startup/hardware.o
                              0x771d6 (size before relaxing)
 .debug_str     0x0008047c       0x1b ./SDK/startup/main.o
                              0x76fa1 (size before relaxing)
 .debug_str     0x00080497       0x36 ./SDK/startup/semihost_hardfault.o
                               0x2d4a (size before relaxing)
 .debug_str     0x000804cd      0x6bf ./SDK/startup/startup_mk64f12.o
                               0x35a4 (size before relaxing)
 .debug_str     0x00080b8c       0x72 ./SDK/CMSIS/system_MK64F12.o
                              0x770f5 (size before relaxing)
 .debug_str     0x00080bfe      0xc34 C:\Users\sch_b\OneDrive\Documentos\QUADCOPTER\Quadcopter\TPQUAD\SDK\CMSIS\DSP\libarm_cortexM4lf_math.a(arm_sin_f32.o)
                                0xd42 (size before relaxing)
 .debug_str     0x00081832       0x40 C:\Users\sch_b\OneDrive\Documentos\QUADCOPTER\Quadcopter\TPQUAD\SDK\CMSIS\DSP\libarm_cortexM4lf_math.a(arm_cos_f32.o)
                                0xd42 (size before relaxing)
 .debug_str     0x00081872       0x2e C:\Users\sch_b\OneDrive\Documentos\QUADCOPTER\Quadcopter\TPQUAD\SDK\CMSIS\DSP\libarm_cortexM4lf_math.a(arm_common_tables.o)
                                0xd1d (size before relaxing)

.comment        0x00000000       0xbe
 .comment       0x00000000       0x49 ./source/timer/SysTick.o
                                 0x4a (size before relaxing)
 .comment       0x00000049       0x4a ./source/timer/timer.o
 .comment       0x00000049       0x4a ./source/buffer/SPI_buffer.o
 .comment       0x00000049       0x4a ./source/buffer/circular_buffer.o
 .comment       0x00000049       0x4a ./source/UART/uart.o
 .comment       0x00000049       0x4a ./source/Sistema de Control/MatrixOps.o
 .comment       0x00000049       0x4a ./source/Sistema de Control/SistemaDeControl.o
 .comment       0x00000049       0x4a ./source/Sensores/MPU6050.o
 .comment       0x00000049       0x4a ./source/SPI/SPI.o
 .comment       0x00000049       0x4a ./source/PIT/PIT.o
 .comment       0x00000049       0x4a ./source/MCAL/gpio.o
 .comment       0x00000049       0x4a ./source/I2Cm/I2Cm.o
 .comment       0x00000049       0x4a ./source/Fusion/FusionAhrs.o
 .comment       0x00000049       0x4a ./source/Fusion/FusionCompass.o
 .comment       0x00000049       0x4a ./source/FTM/FTM.o
 .comment       0x00000049       0x4a ./source/ESCDriver/ESCDriver.o
 .comment       0x00000049       0x4a ./source/ControlPC/ControlPC.o
 .comment       0x00000049       0x4a ./source/Biquad/Biquad.o
 .comment       0x00000049       0x4a ./source/App.o
 .comment       0x00000049       0x4a ./SDK/startup/hardware.o
 .comment       0x00000049       0x4a ./SDK/startup/main.o
 .comment       0x00000049       0x4a ./SDK/startup/semihost_hardfault.o
 .comment       0x00000049       0x4a ./SDK/startup/startup_mk64f12.o
 .comment       0x00000049       0x4a ./SDK/CMSIS/system_MK64F12.o
 .comment       0x00000049       0x75 C:\Users\sch_b\OneDrive\Documentos\QUADCOPTER\Quadcopter\TPQUAD\SDK\CMSIS\DSP\libarm_cortexM4lf_math.a(arm_sin_f32.o)
                                 0x76 (size before relaxing)
 .comment       0x000000be       0x76 C:\Users\sch_b\OneDrive\Documentos\QUADCOPTER\Quadcopter\TPQUAD\SDK\CMSIS\DSP\libarm_cortexM4lf_math.a(arm_cos_f32.o)
 .comment       0x000000be       0x76 C:\Users\sch_b\OneDrive\Documentos\QUADCOPTER\Quadcopter\TPQUAD\SDK\CMSIS\DSP\libarm_cortexM4lf_math.a(arm_common_tables.o)
 .comment       0x000000be       0x4a c:/nxp/mcuxpressoide_11.6.1_8255/ide/plugins/com.nxp.mcuxpresso.tools.win32_11.6.1.202207200623/tools/bin/../lib/gcc/arm-none-eabi/10.3.1/../../../../arm-none-eabi/lib/thumb/v7e-m+fp/hard\libcr_c.a(asinf.o)
 .comment       0x000000be       0x4a c:/nxp/mcuxpressoide_11.6.1_8255/ide/plugins/com.nxp.mcuxpresso.tools.win32_11.6.1.202207200623/tools/bin/../lib/gcc/arm-none-eabi/10.3.1/../../../../arm-none-eabi/lib/thumb/v7e-m+fp/hard\libcr_c.a(atan2f.o)
 .comment       0x000000be       0x4a c:/nxp/mcuxpressoide_11.6.1_8255/ide/plugins/com.nxp.mcuxpresso.tools.win32_11.6.1.202207200623/tools/bin/../lib/gcc/arm-none-eabi/10.3.1/../../../../arm-none-eabi/lib/thumb/v7e-m+fp/hard\libcr_c.a(atanf.o)
 .comment       0x000000be       0x4a c:/nxp/mcuxpressoide_11.6.1_8255/ide/plugins/com.nxp.mcuxpresso.tools.win32_11.6.1.202207200623/tools/bin/../lib/gcc/arm-none-eabi/10.3.1/../../../../arm-none-eabi/lib/thumb/v7e-m+fp/hard\libcr_c.a(cosf.o)
 .comment       0x000000be       0x4a c:/nxp/mcuxpressoide_11.6.1_8255/ide/plugins/com.nxp.mcuxpresso.tools.win32_11.6.1.202207200623/tools/bin/../lib/gcc/arm-none-eabi/10.3.1/../../../../arm-none-eabi/lib/thumb/v7e-m+fp/hard\libcr_c.a(fabsf.o)
 .comment       0x000000be       0x4a c:/nxp/mcuxpressoide_11.6.1_8255/ide/plugins/com.nxp.mcuxpresso.tools.win32_11.6.1.202207200623/tools/bin/../lib/gcc/arm-none-eabi/10.3.1/../../../../arm-none-eabi/lib/thumb/v7e-m+fp/hard\libcr_c.a(sinf.o)
 .comment       0x000000be       0x4a c:/nxp/mcuxpressoide_11.6.1_8255/ide/plugins/com.nxp.mcuxpresso.tools.win32_11.6.1.202207200623/tools/bin/../lib/gcc/arm-none-eabi/10.3.1/../../../../arm-none-eabi/lib/thumb/v7e-m+fp/hard\libcr_c.a(memcpy.o)
 .comment       0x000000be       0x4a c:/nxp/mcuxpressoide_11.6.1_8255/ide/plugins/com.nxp.mcuxpresso.tools.win32_11.6.1.202207200623/tools/bin/../lib/gcc/arm-none-eabi/10.3.1/../../../../arm-none-eabi/lib/thumb/v7e-m+fp/hard\libcr_c.a(memset.o)
 .comment       0x000000be       0x4a c:/nxp/mcuxpressoide_11.6.1_8255/ide/plugins/com.nxp.mcuxpresso.tools.win32_11.6.1.202207200623/tools/bin/../lib/gcc/arm-none-eabi/10.3.1/../../../../arm-none-eabi/lib/thumb/v7e-m+fp/hard\libcr_c.a(errno.o)
 .comment       0x000000be       0x4a c:/nxp/mcuxpressoide_11.6.1_8255/ide/plugins/com.nxp.mcuxpresso.tools.win32_11.6.1.202207200623/tools/bin/../lib/gcc/arm-none-eabi/10.3.1/../../../../arm-none-eabi/lib/thumb/v7e-m+fp/hard\libcr_c.a(_asinacosf.o)
 .comment       0x000000be       0x4a c:/nxp/mcuxpressoide_11.6.1_8255/ide/plugins/com.nxp.mcuxpresso.tools.win32_11.6.1.202207200623/tools/bin/../lib/gcc/arm-none-eabi/10.3.1/../../../../arm-none-eabi/lib/thumb/v7e-m+fp/hard\libcr_c.a(_sincosf.o)
 .comment       0x000000be       0x4a c:/nxp/mcuxpressoide_11.6.1_8255/ide/plugins/com.nxp.mcuxpresso.tools.win32_11.6.1.202207200623/tools/bin/../lib/gcc/arm-none-eabi/10.3.1/thumb/v7e-m+fp/hard\libcr_eabihelpers.a(double.o)
 .comment       0x000000be       0x4a c:/nxp/mcuxpressoide_11.6.1_8255/ide/plugins/com.nxp.mcuxpresso.tools.win32_11.6.1.202207200623/tools/bin/../lib/gcc/arm-none-eabi/10.3.1/thumb/v7e-m+fp/hard\libcr_eabihelpers.a(float.o)

.ARM.attributes
                0x00000000       0x32
 .ARM.attributes
                0x00000000       0x34 ./source/timer/SysTick.o
 .ARM.attributes
                0x00000034       0x34 ./source/timer/timer.o
 .ARM.attributes
                0x00000068       0x34 ./source/buffer/SPI_buffer.o
 .ARM.attributes
                0x0000009c       0x34 ./source/buffer/circular_buffer.o
 .ARM.attributes
                0x000000d0       0x34 ./source/UART/uart.o
 .ARM.attributes
                0x00000104       0x34 ./source/Sistema de Control/MatrixOps.o
 .ARM.attributes
                0x00000138       0x34 ./source/Sistema de Control/SistemaDeControl.o
 .ARM.attributes
                0x0000016c       0x34 ./source/Sensores/MPU6050.o
 .ARM.attributes
                0x000001a0       0x34 ./source/SPI/SPI.o
 .ARM.attributes
                0x000001d4       0x34 ./source/PIT/PIT.o
 .ARM.attributes
                0x00000208       0x34 ./source/MCAL/gpio.o
 .ARM.attributes
                0x0000023c       0x34 ./source/I2Cm/I2Cm.o
 .ARM.attributes
                0x00000270       0x34 ./source/Fusion/FusionAhrs.o
 .ARM.attributes
                0x000002a4       0x34 ./source/Fusion/FusionCompass.o
 .ARM.attributes
                0x000002d8       0x34 ./source/FTM/FTM.o
 .ARM.attributes
                0x0000030c       0x34 ./source/ESCDriver/ESCDriver.o
 .ARM.attributes
                0x00000340       0x34 ./source/ControlPC/ControlPC.o
 .ARM.attributes
                0x00000374       0x34 ./source/Biquad/Biquad.o
 .ARM.attributes
                0x000003a8       0x34 ./source/App.o
 .ARM.attributes
                0x000003dc       0x34 ./SDK/startup/hardware.o
 .ARM.attributes
                0x00000410       0x34 ./SDK/startup/main.o
 .ARM.attributes
                0x00000444       0x34 ./SDK/startup/semihost_hardfault.o
 .ARM.attributes
                0x00000478       0x34 ./SDK/startup/startup_mk64f12.o
 .ARM.attributes
                0x000004ac       0x34 ./SDK/CMSIS/system_MK64F12.o
 .ARM.attributes
                0x000004e0       0x34 C:\Users\sch_b\OneDrive\Documentos\QUADCOPTER\Quadcopter\TPQUAD\SDK\CMSIS\DSP\libarm_cortexM4lf_math.a(arm_sin_f32.o)
 .ARM.attributes
                0x00000514       0x34 C:\Users\sch_b\OneDrive\Documentos\QUADCOPTER\Quadcopter\TPQUAD\SDK\CMSIS\DSP\libarm_cortexM4lf_math.a(arm_cos_f32.o)
 .ARM.attributes
                0x00000548       0x39 C:\Users\sch_b\OneDrive\Documentos\QUADCOPTER\Quadcopter\TPQUAD\SDK\CMSIS\DSP\libarm_cortexM4lf_math.a(arm_common_tables.o)
 .ARM.attributes
                0x00000581       0x34 c:/nxp/mcuxpressoide_11.6.1_8255/ide/plugins/com.nxp.mcuxpresso.tools.win32_11.6.1.202207200623/tools/bin/../lib/gcc/arm-none-eabi/10.3.1/../../../../arm-none-eabi/lib/thumb/v7e-m+fp/hard\libcr_c.a(asinf.o)
 .ARM.attributes
                0x000005b5       0x34 c:/nxp/mcuxpressoide_11.6.1_8255/ide/plugins/com.nxp.mcuxpresso.tools.win32_11.6.1.202207200623/tools/bin/../lib/gcc/arm-none-eabi/10.3.1/../../../../arm-none-eabi/lib/thumb/v7e-m+fp/hard\libcr_c.a(atan2f.o)
 .ARM.attributes
                0x000005e9       0x34 c:/nxp/mcuxpressoide_11.6.1_8255/ide/plugins/com.nxp.mcuxpresso.tools.win32_11.6.1.202207200623/tools/bin/../lib/gcc/arm-none-eabi/10.3.1/../../../../arm-none-eabi/lib/thumb/v7e-m+fp/hard\libcr_c.a(atanf.o)
 .ARM.attributes
                0x0000061d       0x34 c:/nxp/mcuxpressoide_11.6.1_8255/ide/plugins/com.nxp.mcuxpresso.tools.win32_11.6.1.202207200623/tools/bin/../lib/gcc/arm-none-eabi/10.3.1/../../../../arm-none-eabi/lib/thumb/v7e-m+fp/hard\libcr_c.a(cosf.o)
 .ARM.attributes
                0x00000651       0x34 c:/nxp/mcuxpressoide_11.6.1_8255/ide/plugins/com.nxp.mcuxpresso.tools.win32_11.6.1.202207200623/tools/bin/../lib/gcc/arm-none-eabi/10.3.1/../../../../arm-none-eabi/lib/thumb/v7e-m+fp/hard\libcr_c.a(fabsf.o)
 .ARM.attributes
                0x00000685       0x34 c:/nxp/mcuxpressoide_11.6.1_8255/ide/plugins/com.nxp.mcuxpresso.tools.win32_11.6.1.202207200623/tools/bin/../lib/gcc/arm-none-eabi/10.3.1/../../../../arm-none-eabi/lib/thumb/v7e-m+fp/hard\libcr_c.a(sinf.o)
 .ARM.attributes
                0x000006b9       0x20 c:/nxp/mcuxpressoide_11.6.1_8255/ide/plugins/com.nxp.mcuxpresso.tools.win32_11.6.1.202207200623/tools/bin/../lib/gcc/arm-none-eabi/10.3.1/../../../../arm-none-eabi/lib/thumb/v7e-m+fp/hard\libcr_c.a(sqrtf_m4_hardfp.o)
 .ARM.attributes
                0x000006d9       0x34 c:/nxp/mcuxpressoide_11.6.1_8255/ide/plugins/com.nxp.mcuxpresso.tools.win32_11.6.1.202207200623/tools/bin/../lib/gcc/arm-none-eabi/10.3.1/../../../../arm-none-eabi/lib/thumb/v7e-m+fp/hard\libcr_c.a(memcpy.o)
 .ARM.attributes
                0x0000070d       0x34 c:/nxp/mcuxpressoide_11.6.1_8255/ide/plugins/com.nxp.mcuxpresso.tools.win32_11.6.1.202207200623/tools/bin/../lib/gcc/arm-none-eabi/10.3.1/../../../../arm-none-eabi/lib/thumb/v7e-m+fp/hard\libcr_c.a(memset.o)
 .ARM.attributes
                0x00000741       0x34 c:/nxp/mcuxpressoide_11.6.1_8255/ide/plugins/com.nxp.mcuxpresso.tools.win32_11.6.1.202207200623/tools/bin/../lib/gcc/arm-none-eabi/10.3.1/../../../../arm-none-eabi/lib/thumb/v7e-m+fp/hard\libcr_c.a(errno.o)
 .ARM.attributes
                0x00000775       0x34 c:/nxp/mcuxpressoide_11.6.1_8255/ide/plugins/com.nxp.mcuxpresso.tools.win32_11.6.1.202207200623/tools/bin/../lib/gcc/arm-none-eabi/10.3.1/../../../../arm-none-eabi/lib/thumb/v7e-m+fp/hard\libcr_c.a(_asinacosf.o)
 .ARM.attributes
                0x000007a9       0x34 c:/nxp/mcuxpressoide_11.6.1_8255/ide/plugins/com.nxp.mcuxpresso.tools.win32_11.6.1.202207200623/tools/bin/../lib/gcc/arm-none-eabi/10.3.1/../../../../arm-none-eabi/lib/thumb/v7e-m+fp/hard\libcr_c.a(_sincosf.o)
 .ARM.attributes
                0x000007dd       0x20 c:/nxp/mcuxpressoide_11.6.1_8255/ide/plugins/com.nxp.mcuxpresso.tools.win32_11.6.1.202207200623/tools/bin/../lib/gcc/arm-none-eabi/10.3.1/thumb/v7e-m+fp/hard\libcr_eabihelpers.a(division_64.o)
 .ARM.attributes
                0x000007fd       0x20 c:/nxp/mcuxpressoide_11.6.1_8255/ide/plugins/com.nxp.mcuxpresso.tools.win32_11.6.1.202207200623/tools/bin/../lib/gcc/arm-none-eabi/10.3.1/thumb/v7e-m+fp/hard\libcr_eabihelpers.a(division_idiv0.o)