Archive member included to satisfy reference by file (symbol)

c:/nxp/mcuxpressoide_11.6.1_8255/ide/plugins/com.nxp.mcuxpresso.tools.win32_11.6.1.202207200623/tools/bin/../lib/gcc/arm-none-eabi/10.3.1/../../../../arm-none-eabi/lib/thumb/v7e-m+fp/hard\libcr_c.a(memcpy.o)
                              ./source/buffer/SPI_buffer.o (memcpy)
c:/nxp/mcuxpressoide_11.6.1_8255/ide/plugins/com.nxp.mcuxpresso.tools.win32_11.6.1.202207200623/tools/bin/../lib/gcc/arm-none-eabi/10.3.1/../../../../arm-none-eabi/lib/thumb/v7e-m+fp/hard\libcr_c.a(asin.o)
                              ./source/App.o (asin)
c:/nxp/mcuxpressoide_11.6.1_8255/ide/plugins/com.nxp.mcuxpresso.tools.win32_11.6.1.202207200623/tools/bin/../lib/gcc/arm-none-eabi/10.3.1/../../../../arm-none-eabi/lib/thumb/v7e-m+fp/hard\libcr_c.a(atan2.o)
                              ./source/App.o (atan2)
c:/nxp/mcuxpressoide_11.6.1_8255/ide/plugins/com.nxp.mcuxpresso.tools.win32_11.6.1.202207200623/tools/bin/../lib/gcc/arm-none-eabi/10.3.1/../../../../arm-none-eabi/lib/thumb/v7e-m+fp/hard\libcr_c.a(cos.o)
                              ./source/App.o (cos)
c:/nxp/mcuxpressoide_11.6.1_8255/ide/plugins/com.nxp.mcuxpresso.tools.win32_11.6.1.202207200623/tools/bin/../lib/gcc/arm-none-eabi/10.3.1/../../../../arm-none-eabi/lib/thumb/v7e-m+fp/hard\libcr_c.a(errno.o)
                              c:/nxp/mcuxpressoide_11.6.1_8255/ide/plugins/com.nxp.mcuxpresso.tools.win32_11.6.1.202207200623/tools/bin/../lib/gcc/arm-none-eabi/10.3.1/../../../../arm-none-eabi/lib/thumb/v7e-m+fp/hard\libcr_c.a(atan2.o) (errno)
c:/nxp/mcuxpressoide_11.6.1_8255/ide/plugins/com.nxp.mcuxpresso.tools.win32_11.6.1.202207200623/tools/bin/../lib/gcc/arm-none-eabi/10.3.1/../../../../arm-none-eabi/lib/thumb/v7e-m+fp/hard\libcr_c.a(fabs.o)
                              c:/nxp/mcuxpressoide_11.6.1_8255/ide/plugins/com.nxp.mcuxpresso.tools.win32_11.6.1.202207200623/tools/bin/../lib/gcc/arm-none-eabi/10.3.1/../../../../arm-none-eabi/lib/thumb/v7e-m+fp/hard\libcr_c.a(atan2.o) (fabs)
c:/nxp/mcuxpressoide_11.6.1_8255/ide/plugins/com.nxp.mcuxpresso.tools.win32_11.6.1.202207200623/tools/bin/../lib/gcc/arm-none-eabi/10.3.1/../../../../arm-none-eabi/lib/thumb/v7e-m+fp/hard\libcr_c.a(fpprintf.o)
                              ./source/App.o (sprintf)
c:/nxp/mcuxpressoide_11.6.1_8255/ide/plugins/com.nxp.mcuxpresso.tools.win32_11.6.1.202207200623/tools/bin/../lib/gcc/arm-none-eabi/10.3.1/../../../../arm-none-eabi/lib/thumb/v7e-m+fp/hard\libcr_c.a(pow.o)
                              ./source/App.o (pow)
c:/nxp/mcuxpressoide_11.6.1_8255/ide/plugins/com.nxp.mcuxpresso.tools.win32_11.6.1.202207200623/tools/bin/../lib/gcc/arm-none-eabi/10.3.1/../../../../arm-none-eabi/lib/thumb/v7e-m+fp/hard\libcr_c.a(printf.o)
                              c:/nxp/mcuxpressoide_11.6.1_8255/ide/plugins/com.nxp.mcuxpresso.tools.win32_11.6.1.202207200623/tools/bin/../lib/gcc/arm-none-eabi/10.3.1/../../../../arm-none-eabi/lib/thumb/v7e-m+fp/hard\libcr_c.a(fpprintf.o) (__vfprintf)
c:/nxp/mcuxpressoide_11.6.1_8255/ide/plugins/com.nxp.mcuxpresso.tools.win32_11.6.1.202207200623/tools/bin/../lib/gcc/arm-none-eabi/10.3.1/../../../../arm-none-eabi/lib/thumb/v7e-m+fp/hard\libcr_c.a(sin.o)
                              ./source/App.o (sin)
c:/nxp/mcuxpressoide_11.6.1_8255/ide/plugins/com.nxp.mcuxpresso.tools.win32_11.6.1.202207200623/tools/bin/../lib/gcc/arm-none-eabi/10.3.1/../../../../arm-none-eabi/lib/thumb/v7e-m+fp/hard\libcr_c.a(sqrt.o)
                              ./source/App.o (sqrt)
c:/nxp/mcuxpressoide_11.6.1_8255/ide/plugins/com.nxp.mcuxpresso.tools.win32_11.6.1.202207200623/tools/bin/../lib/gcc/arm-none-eabi/10.3.1/../../../../arm-none-eabi/lib/thumb/v7e-m+fp/hard\libcr_c.a(strlen.o)
                              c:/nxp/mcuxpressoide_11.6.1_8255/ide/plugins/com.nxp.mcuxpresso.tools.win32_11.6.1.202207200623/tools/bin/../lib/gcc/arm-none-eabi/10.3.1/../../../../arm-none-eabi/lib/thumb/v7e-m+fp/hard\libcr_c.a(printf.o) (strlen)
c:/nxp/mcuxpressoide_11.6.1_8255/ide/plugins/com.nxp.mcuxpresso.tools.win32_11.6.1.202207200623/tools/bin/../lib/gcc/arm-none-eabi/10.3.1/../../../../arm-none-eabi/lib/thumb/v7e-m+fp/hard\libcr_c.a(tan.o)
                              ./source/App.o (tan)
c:/nxp/mcuxpressoide_11.6.1_8255/ide/plugins/com.nxp.mcuxpresso.tools.win32_11.6.1.202207200623/tools/bin/../lib/gcc/arm-none-eabi/10.3.1/../../../../arm-none-eabi/lib/thumb/v7e-m+fp/hard\libcr_c.a(memset.o)
                              c:/nxp/mcuxpressoide_11.6.1_8255/ide/plugins/com.nxp.mcuxpresso.tools.win32_11.6.1.202207200623/tools/bin/../lib/gcc/arm-none-eabi/10.3.1/../../../../arm-none-eabi/lib/thumb/v7e-m+fp/hard\libcr_c.a(fpprintf.o) (memset)
c:/nxp/mcuxpressoide_11.6.1_8255/ide/plugins/com.nxp.mcuxpresso.tools.win32_11.6.1.202207200623/tools/bin/../lib/gcc/arm-none-eabi/10.3.1/../../../../arm-none-eabi/lib/thumb/v7e-m+fp/hard\libcr_c.a(_asinacos.o)
[...]
Memory Configuration

Name             Origin             Length             Attributes
PROGRAM_FLASH    0x00000000         0x00100000         xr
SRAM_UPPER       0x20000000         0x00030000         xrw
SRAM_LOWER       0x1fff0000         0x00010000         xrw
FLEX_RAM         0x14000000         0x00001000         xrw
*default*        0x00000000         0xffffffff

Linker script and memory map

LOAD ./source/timer/SysTick.o
LOAD ./source/timer/timer.o
LOAD ./source/event_queue/event_queue.o
LOAD ./source/buffer/SPI_buffer.o
LOAD ./source/buffer/circular_buffer.o
LOAD ./source/buffer/circular_buffer_16.o
LOAD ./source/buffer/generic_circular_buffer.o
LOAD ./source/UART/uart.o
LOAD ./source/SPI/SPI.o
LOAD ./source/PIT/PIT.o
LOAD ./source/MPU9250/MPU9250.o
LOAD ./source/MCAL/gpio.o
LOAD ./source/I2Cm/I2Cm.o
LOAD ./source/FTM/FTM.o
LOAD ./source/CMP/CMP.o
LOAD ./source/CAN/CAN.o
LOAD ./source/ADC/ADC.o
LOAD ./source/ADC/ADC_hal.o
LOAD ./source/App.o
LOAD ./SDK/startup/hardware.o
LOAD ./SDK/startup/main.o
LOAD ./SDK/startup/semihost_hardfault.o
LOAD ./SDK/startup/startup_mk64f12.o
LOAD ./SDK/CMSIS/system_MK64F12.o
START GROUP
LOAD c:/nxp/mcuxpressoide_11.6.1_8255/ide/plugins/com.nxp.mcuxpresso.tools.win32_11.6.1.202207200623/tools/bin/../lib/gcc/arm-none-eabi/10.3.1/../../../../arm-none-eabi/lib/thumb/v7e-m+fp/hard\libcr_semihost_nf.a
LOAD c:/nxp/mcuxpressoide_11.6.1_8255/ide/plugins/com.nxp.mcuxpresso.tools.win32_11.6.1.202207200623/tools/bin/../lib/gcc/arm-none-eabi/10.3.1/../../../../arm-none-eabi/lib/thumb/v7e-m+fp/hard\libcr_c.a
LOAD c:/nxp/mcuxpressoide_11.6.1_8255/ide/plugins/com.nxp.mcuxpresso.tools.win32_11.6.1.202207200623/tools/bin/../lib/gcc/arm-none-eabi/10.3.1/thumb/v7e-m+fp/hard\libcr_eabihelpers.a
LOAD c:/nxp/mcuxpressoide_11.6.1_8255/ide/plugins/com.nxp.mcuxpresso.tools.win32_11.6.1.202207200623/tools/bin/../lib/gcc/arm-none-eabi/10.3.1/thumb/v7e-m+fp/hard\libgcc.a
END GROUP
                0x00000000                __base_PROGRAM_FLASH = 0x0
                0x00000000                __base_Flash = 0x0
                0x00100000                __top_PROGRAM_FLASH = 0x100000
                0x00100000                __top_Flash = 0x100000
                0x20000000                __base_SRAM_UPPER = 0x20000000
                0x20000000                __base_RAM = 0x20000000
                0x20030000                __top_SRAM_UPPER = 0x20030000
                0x20030000                __top_RAM = 0x20030000
                0x1fff0000                __base_SRAM_LOWER = 0x1fff0000
                0x1fff0000                __base_RAM2 = 0x1fff0000
                0x20000000                __top_SRAM_LOWER = 0x20000000
                0x20000000                __top_RAM2 = 0x20000000
                0x14000000                __base_FLEX_RAM = 0x14000000
                0x14000000                __base_RAM3 = 0x14000000
                0x14001000                __top_FLEX_RAM = 0x14001000
                0x14001000                __top_RAM3 = 0x14001000

.text           0x00000000     0x5990
 FILL mask 0xff
                0x00000000                __vectors_start__ = ABSOLUTE (.)
 *(SORT_BY_ALIGNMENT(.isr_vector))
 .isr_vector    0x00000000      0x198 ./SDK/startup/startup_mk64f12.o
                0x00000000                g_pfnVectors
                0x00000000                __Vectors
                0x00000198                . = ALIGN (0x4)
                0x00000198                __section_table_start = .
                0x00000198                __data_section_table = .
                0x00000198        0x4 LONG 0x5990 LOADADDR (.data)
                0x0000019c        0x4 LONG 0x20000000 ADDR (.data)
                0x000001a0        0x4 LONG 0x10 SIZEOF (.data)
                0x000001a4        0x4 LONG 0x5990 LOADADDR (.data_RAM2)
                0x000001a8        0x4 LONG 0x1fff0000 ADDR (.data_RAM2)
                0x000001ac        0x4 LONG 0x0 SIZEOF (.data_RAM2)
                0x000001b0        0x4 LONG 0x5990 LOADADDR (.data_RAM3)
                0x000001b4        0x4 LONG 0x14000000 ADDR (.data_RAM3)
                0x000001b8        0x4 LONG 0x0 SIZEOF (.data_RAM3)
                0x000001bc                __data_section_table_end = .
                0x000001bc                __bss_section_table = .
                0x000001bc        0x4 LONG 0x20000010 ADDR (.bss)
                0x000001c0        0x4 LONG 0x1340 SIZEOF (.bss)
                0x000001c4        0x4 LONG 0x1fff0000 ADDR (.bss_RAM2)
                0x000001c8        0x4 LONG 0x0 SIZEOF (.bss_RAM2)
                0x000001cc        0x4 LONG 0x14000000 ADDR (.bss_RAM3)
                0x000001d0        0x4 LONG 0x0 SIZEOF (.bss_RAM3)
                0x000001d4                __bss_section_table_end = .
                0x000001d4                __section_table_end = .
 *(SORT_BY_ALIGNMENT(.after_vectors*))
 .after_vectors.reset
                0x000001d4       0x4c ./SDK/startup/startup_mk64f12.o
                0x000001d4                ResetISR
 .after_vectors.init_data
                0x00000220       0x1e ./SDK/startup/startup_mk64f12.o
                0x00000220                data_init
 .after_vectors.init_bss
                0x0000023e       0x12 ./SDK/startup/startup_mk64f12.o
                0x0000023e                bss_init
 .after_vectors
                0x00000250       0x14 ./SDK/startup/startup_mk64f12.o
                0x00000250                NMI_Handler
                0x00000254                MemManage_Handler
                0x00000256                BusFault_Handler
                0x00000258                UsageFault_Handler
                0x0000025a                SVC_Handler
                0x0000025c                DebugMon_Handler
                0x0000025e                PendSV_Handler
                0x00000262                DMA_Error_DriverIRQHandler
                0x00000262                LPTMR0_DriverIRQHandler
                0x00000262                FTM1_DriverIRQHandler
                0x00000262                FTM2_DriverIRQHandler
                0x00000262                PIT2_DriverIRQHandler
                0x00000262                SDHC_DriverIRQHandler
                0x00000262                I2S0_Tx_DriverIRQHandler
                0x00000262                RTC_Seconds_DriverIRQHandler
                0x00000262                DMA6_DriverIRQHandler
                0x00000262                LLWU_DriverIRQHandler
                0x00000262                MCM_DriverIRQHandler
                0x00000262                MCG_DriverIRQHandler
                0x00000262                ENET_1588_Timer_DriverIRQHandler
                0x00000262                I2C2_DriverIRQHandler
                0x00000262                DAC1_DriverIRQHandler
                0x00000262                SPI1_DriverIRQHandler
                0x00000262                CMP1_DriverIRQHandler
                0x00000262                UART5_RX_TX_DriverIRQHandler
                0x00000262                FTM0_DriverIRQHandler
                0x00000262                IntDefaultHandler
                0x00000262                USB0_DriverIRQHandler
                0x00000262                UART5_ERR_DriverIRQHandler
                0x00000262                PORTC_DriverIRQHandler
                0x00000262                DMA11_DriverIRQHandler
                0x00000262                DAC0_DriverIRQHandler
                0x00000262                DMA10_DriverIRQHandler
                0x00000262                CMP2_DriverIRQHandler
                0x00000262                UART2_ERR_DriverIRQHandler
                0x00000262                SPI2_DriverIRQHandler
                0x00000262                LVD_LVW_DriverIRQHandler
                0x00000262                PIT0_DriverIRQHandler
                0x00000262                RNG_DriverIRQHandler
                0x00000262                DMA5_DriverIRQHandler
                0x00000262                DMA12_DriverIRQHandler
                0x00000262                UART2_RX_TX_DriverIRQHandler
                0x00000262                USBDCD_DriverIRQHandler
                0x00000262                UART3_ERR_DriverIRQHandler
                0x00000262                DMA3_DriverIRQHandler
                0x00000262                DMA8_DriverIRQHandler
                0x00000262                DMA9_DriverIRQHandler
                0x00000262                UART0_ERR_DriverIRQHandler
                0x00000262                CMT_DriverIRQHandler
                0x00000262                Reserved71_DriverIRQHandler
                0x00000262                ADC1_DriverIRQHandler
                0x00000262                PORTA_DriverIRQHandler
                0x00000262                DMA14_DriverIRQHandler
                0x00000262                PIT3_DriverIRQHandler
                0x00000262                PIT1_DriverIRQHandler
                0x00000262                WDOG_EWM_DriverIRQHandler
                0x00000262                PDB0_DriverIRQHandler
                0x00000262                RTC_DriverIRQHandler
                0x00000262                I2S0_Rx_DriverIRQHandler
                0x00000262                Read_Collision_DriverIRQHandler
                0x00000262                SWI_DriverIRQHandler
                0x00000262                UART4_RX_TX_DriverIRQHandler
                0x00000262                UART4_ERR_DriverIRQHandler
                0x00000262                PORTB_DriverIRQHandler
                0x00000262                UART0_LON_DriverIRQHandler
                0x00000262                DMA0_DriverIRQHandler
                0x00000262                DMA1_DriverIRQHandler
                0x00000262                I2C1_DriverIRQHandler
                0x00000262                UART3_RX_TX_DriverIRQHandler
                0x00000262                ENET_Receive_DriverIRQHandler
                0x00000262                DMA13_DriverIRQHandler
                0x00000262                ENET_Error_DriverIRQHandler
                0x00000262                DMA15_DriverIRQHandler
                0x00000262                UART0_RX_TX_DriverIRQHandler
                0x00000262                SPI0_DriverIRQHandler
                0x00000262                ADC0_DriverIRQHandler
                0x00000262                CMP0_DriverIRQHandler
                0x00000262                CAN0_DriverIRQHandler
                0x00000262                FTM3_DriverIRQHandler
                0x00000262                DMA4_DriverIRQHandler
                0x00000262                UART1_ERR_DriverIRQHandler
                0x00000262                DMA2_DriverIRQHandler
                0x00000262                ENET_Transmit_DriverIRQHandler
                0x00000262                PORTD_DriverIRQHandler
                0x00000262                PORTE_DriverIRQHandler
                0x00000262                FTFE_DriverIRQHandler
                0x00000262                I2C0_DriverIRQHandler
                0x00000262                DMA7_DriverIRQHandler
                0x00000262                UART1_RX_TX_DriverIRQHandler
                0x00000400                . = 0x400
 *fill*         0x00000264      0x19c ff
                0x00000400                PROVIDE (__FLASH_CONFIG_START__ = .)
 *(SORT_BY_ALIGNMENT(.FlashConfig))
 .FlashConfig   0x00000400       0x10 ./SDK/startup/startup_mk64f12.o
                0x00000400                Flash_Config
                0x00000410                PROVIDE (__FLASH_CONFIG_END__ = .)
                0x00000001                ASSERT (! ((__FLASH_CONFIG_START__ == __FLASH_CONFIG_END__)), Linker Flash Config Support Enabled, but no .FlashConfig section provided within application)
 *(SORT_BY_ALIGNMENT(.text*))
 .text.calibrateMPU9250
                0x00000410      0x14c ./source/MPU9250/MPU9250.o
                0x00000410                calibrateMPU9250
 *fill*         0x0000055c        0x4 ff
 .text.int2doubleGyro
                0x00000560       0xe0 ./source/MPU9250/MPU9250.o
                0x00000560                int2doubleGyro
 .text.App_Run  0x00000640      0x1d4 ./source/App.o
                0x00000640                App_Run
 *fill*         0x00000814        0x4 ff
 .text.cos      0x00000818       0x68 c:/nxp/mcuxpressoide_11.6.1_8255/ide/plugins/com.nxp.mcuxpresso.tools.win32_11.6.1.202207200623/tools/bin/../lib/gcc/arm-none-eabi/10.3.1/../../../../arm-none-eabi/lib/thumb/v7e-m+fp/hard\libcr_c.a(cos.o)
                0x00000818                cos
 .text.fp_display
                0x00000880      0x964 c:/nxp/mcuxpressoide_11.6.1_8255/ide/plugins/com.nxp.mcuxpresso.tools.win32_11.6.1.202207200623/tools/bin/../lib/gcc/arm-none-eabi/10.3.1/../../../../arm-none-eabi/lib/thumb/v7e-m+fp/hard\libcr_c.a(fpprintf.o)
 *fill*         0x000011e4        0x4 ff
 .text._frexpl  0x000011e8       0x68 c:/nxp/mcuxpressoide_11.6.1_8255/ide/plugins/com.nxp.mcuxpresso.tools.win32_11.6.1.202207200623/tools/bin/../lib/gcc/arm-none-eabi/10.3.1/../../../../arm-none-eabi/lib/thumb/v7e-m+fp/hard\libcr_c.a(_frexpl.o)
                0x000011e8                _frexpl
 .text._ldexpl  0x00001250       0x5c c:/nxp/mcuxpressoide_11.6.1_8255/ide/plugins/com.nxp.mcuxpresso.tools.win32_11.6.1.202207200623/tools/bin/../lib/gcc/arm-none-eabi/10.3.1/../../../../arm-none-eabi/lib/thumb/v7e-m+fp/hard\libcr_c.a(_ldexpl.o)
                0x00001250                _ldexpl
 *fill*         0x000012ac        0x4 ff
 .text._sincos  0x000012b0      0x20c c:/nxp/mcuxpressoide_11.6.1_8255/ide/plugins/com.nxp.mcuxpresso.tools.win32_11.6.1.202207200623/tools/bin/../lib/gcc/arm-none-eabi/10.3.1/../../../../arm-none-eabi/lib/thumb/v7e-m+fp/hard\libcr_c.a(_sincos.o)
                0x000012b0                _sincos
 *fill*         0x000014bc        0x4 ff
 .text._tancot  0x000014c0      0x228 c:/nxp/mcuxpressoide_11.6.1_8255/ide/plugins/com.nxp.mcuxpresso.tools.win32_11.6.1.202207200623/tools/bin/../lib/gcc/arm-none-eabi/10.3.1/../../../../arm-none-eabi/lib/thumb/v7e-m+fp/hard\libcr_c.a(_tancot.o)
                0x000014c0                _tancot
 .text.__NVIC_EnableIRQ
                0x000016e8       0x3c ./source/timer/SysTick.o
 .text.SysTick_Init
                0x00001724       0x48 ./source/timer/SysTick.o
                0x00001724                SysTick_Init
 .text.SysTick_Handler
                0x0000176c       0x24 ./source/timer/SysTick.o
                0x0000176c                SysTick_Handler
 .text.timerInit
                0x00001790       0x28 ./source/timer/timer.o
                0x00001790                timerInit
 .text.timerGetId
                0x000017b8       0x2c ./source/timer/timer.o
                0x000017b8                timerGetId
 .text.timerStart
                0x000017e4       0xb8 ./source/timer/timer.o
                0x000017e4                timerStart
 .text.timerExpired
                0x0000189c       0x54 ./source/timer/timer.o
                0x0000189c                timerExpired
 .text.timer_isr
                0x000018f0       0xe0 ./source/timer/timer.o
 .text.SPIBgetPckg
                0x000019d0       0x84 ./source/buffer/SPI_buffer.o
                0x000019d0                SPIBgetPckg
 .text.__NVIC_EnableIRQ
                0x00001a54       0x3c ./source/UART/uart.o
 .text.uartInit
                0x00001a90      0x1c8 ./source/UART/uart.o
                0x00001a90                uartInit
 .text.uartWriteMsg
                0x00001c58       0x78 ./source/UART/uart.o
                0x00001c58                uartWriteMsg
 .text.UART_Rx_Tx_IRQ
                0x00001cd0       0xd0 ./source/UART/uart.o
 .text.SPI0_IRQHandler
                0x00001da0      0x14c ./source/SPI/SPI.o
                0x00001da0                SPI0_IRQHandler
 .text.PIT0_IRQHandler
                0x00001eec       0x40 ./source/PIT/PIT.o
                0x00001eec                PIT0_IRQHandler
 .text.PIT1_IRQHandler
                0x00001f2c       0x30 ./source/PIT/PIT.o
                0x00001f2c                PIT1_IRQHandler
 .text.PIT2_IRQHandler
                0x00001f5c       0x30 ./source/PIT/PIT.o
                0x00001f5c                PIT2_IRQHandler
 .text.PIT3_IRQHandler
                0x00001f8c       0x30 ./source/PIT/PIT.o
                0x00001f8c                PIT3_IRQHandler
 .text.initMPU9250
                0x00001fbc      0x3ac ./source/MPU9250/MPU9250.o
                0x00001fbc                initMPU9250
 .text.whoAmI   0x00002368       0x58 ./source/MPU9250/MPU9250.o
                0x00002368                whoAmI
 .text.readAccelData
                0x000023c0       0x94 ./source/MPU9250/MPU9250.o
                0x000023c0                readAccelData
 .text.readGyroData
                0x00002454       0x94 ./source/MPU9250/MPU9250.o
                0x00002454                readGyroData
 .text.resetMPU9250
                0x000024e8       0x60 ./source/MPU9250/MPU9250.o
                0x000024e8                resetMPU9250
 .text.gpioMode
                0x00002548      0x174 ./source/MCAL/gpio.o
                0x00002548                gpioMode
 .text.gpioWrite
                0x000026bc       0x68 ./source/MCAL/gpio.o
                0x000026bc                gpioWrite
 .text.PORTA_IRQHandler
                0x00002724       0x64 ./source/MCAL/gpio.o
                0x00002724                PORTA_IRQHandler
 .text.PORTB_IRQHandler
                0x00002788       0x64 ./source/MCAL/gpio.o
                0x00002788                PORTB_IRQHandler
 .text.PORTC_IRQHandler
                0x000027ec       0x64 ./source/MCAL/gpio.o
                0x000027ec                PORTC_IRQHandler
 .text.PORTD_IRQHandler
                0x00002850       0x64 ./source/MCAL/gpio.o
                0x00002850                PORTD_IRQHandler
 .text.PORTE_IRQHandler
                0x000028b4       0x64 ./source/MCAL/gpio.o
                0x000028b4                PORTE_IRQHandler
 .text.__NVIC_EnableIRQ
                0x00002918       0x3c ./source/I2Cm/I2Cm.o
 .text.I2CmInit
                0x00002954      0x114 ./source/I2Cm/I2Cm.o
                0x00002954                I2CmInit
 .text.I2CmStartTransaction
                0x00002a68      0x248 ./source/I2Cm/I2Cm.o
                0x00002a68                I2CmStartTransaction
 .text.isI2CBusy
                0x00002cb0       0x68 ./source/I2Cm/I2Cm.o
                0x00002cb0                isI2CBusy
 .text.I2C0_IRQHandler
                0x00002d18      0x2cc ./source/I2Cm/I2Cm.o
                0x00002d18                I2C0_IRQHandler
 .text.FTM0_IRQHandler
                0x00002fe4       0x9c ./source/FTM/FTM.o
                0x00002fe4                FTM0_IRQHandler
 .text.FTM1_IRQHandler
                0x00003080       0xa4 ./source/FTM/FTM.o
                0x00003080                FTM1_IRQHandler
 .text.sendUartMessage3Channels
                0x00003124       0x5c ./source/App.o
 .text.hw_Init  0x00003180      0x108 ./SDK/startup/hardware.o
                0x00003180                hw_Init
 .text.hw_EnableInterrupts
                0x00003288       0x30 ./SDK/startup/hardware.o
                0x00003288                hw_EnableInterrupts
 .text.hw_DisableInterrupts
                0x000032b8       0x20 ./SDK/startup/hardware.o
                0x000032b8                hw_DisableInterrupts
 .text.SystemInit
                0x000032d8       0x3c ./SDK/CMSIS/system_MK64F12.o
                0x000032d8                SystemInit
 .text.sprintf  0x00003314       0x6c c:/nxp/mcuxpressoide_11.6.1_8255/ide/plugins/com.nxp.mcuxpresso.tools.win32_11.6.1.202207200623/tools/bin/../lib/gcc/arm-none-eabi/10.3.1/../../../../arm-none-eabi/lib/thumb/v7e-m+fp/hard\libcr_c.a(fpprintf.o)
                0x00003314                sprintf
 .text.__vfprintf
                0x00003380      0xbf8 c:/nxp/mcuxpressoide_11.6.1_8255/ide/plugins/com.nxp.mcuxpresso.tools.win32_11.6.1.202207200623/tools/bin/../lib/gcc/arm-none-eabi/10.3.1/../../../../arm-none-eabi/lib/thumb/v7e-m+fp/hard\libcr_c.a(printf.o)
                0x00003380                __vfprintf
 .text._Cwritebuf
                0x00003f78       0x6c c:/nxp/mcuxpressoide_11.6.1_8255/ide/plugins/com.nxp.mcuxpresso.tools.win32_11.6.1.202207200623/tools/bin/../lib/gcc/arm-none-eabi/10.3.1/../../../../arm-none-eabi/lib/thumb/v7e-m+fp/hard\libcr_c.a(_writebuf.o)
                0x00003f78                _Cwritebuf
 .text.malloc   0x00003fe4       0xc8 c:/nxp/mcuxpressoide_11.6.1_8255/ide/plugins/com.nxp.mcuxpresso.tools.win32_11.6.1.202207200623/tools/bin/../lib/gcc/arm-none-eabi/10.3.1/../../../../arm-none-eabi/lib/thumb/v7e-m+fp/hard\libcr_c.a(alloc.o)
                0x00003fe4                malloc
 .text._Csys_alloc
                0x000040ac       0x20 c:/nxp/mcuxpressoide_11.6.1_8255/ide/plugins/com.nxp.mcuxpresso.tools.win32_11.6.1.202207200623/tools/bin/../lib/gcc/arm-none-eabi/10.3.1/../../../../arm-none-eabi/lib/thumb/v7e-m+fp/hard\libcr_c.a(alloc.o)
                0x000040ac                _Csys_alloc
 .text.fseek    0x000040cc       0xfc c:/nxp/mcuxpressoide_11.6.1_8255/ide/plugins/com.nxp.mcuxpresso.tools.win32_11.6.1.202207200623/tools/bin/../lib/gcc/arm-none-eabi/10.3.1/../../../../arm-none-eabi/lib/thumb/v7e-m+fp/hard\libcr_c.a(fseek.o)
                0x000040cc                fseek
 .text.ftell    0x000041c8       0x44 c:/nxp/mcuxpressoide_11.6.1_8255/ide/plugins/com.nxp.mcuxpresso.tools.win32_11.6.1.202207200623/tools/bin/../lib/gcc/arm-none-eabi/10.3.1/../../../../arm-none-eabi/lib/thumb/v7e-m+fp/hard\libcr_c.a(ftell.o)
                0x000041c8                ftell
 .text._sbrk    0x0000420c       0x3c c:/nxp/mcuxpressoide_11.6.1_8255/ide/plugins/com.nxp.mcuxpresso.tools.win32_11.6.1.202207200623/tools/bin/../lib/gcc/arm-none-eabi/10.3.1/../../../../arm-none-eabi/lib/thumb/v7e-m+fp/hard\libcr_c.a(_cr_sbrk.o)
                0x0000420c                _sbrk
 .text.__check_heap_overflow
                0x00004248       0x18 c:/nxp/mcuxpressoide_11.6.1_8255/ide/plugins/com.nxp.mcuxpresso.tools.win32_11.6.1.202207200623/tools/bin/../lib/gcc/arm-none-eabi/10.3.1/../../../../arm-none-eabi/lib/thumb/v7e-m+fp/hard\libcr_c.a(_cr_check_heap.o)
                0x00004248                __check_heap_overflow
 .text.__aeabi_dmul
                0x00004260       0xfc c:/nxp/mcuxpressoide_11.6.1_8255/ide/plugins/com.nxp.mcuxpresso.tools.win32_11.6.1.202207200623/tools/bin/../lib/gcc/arm-none-eabi/10.3.1/thumb/v7e-m+fp/hard\libcr_eabihelpers.a(double.o)
                0x00004260                __aeabi_dmul
 .text.__aeabi_ddiv
                0x0000435c      0x138 c:/nxp/mcuxpressoide_11.6.1_8255/ide/plugins/com.nxp.mcuxpresso.tools.win32_11.6.1.202207200623/tools/bin/../lib/gcc/arm-none-eabi/10.3.1/thumb/v7e-m+fp/hard\libcr_eabihelpers.a(double.o)
                0x0000435c                __aeabi_ddiv
 .text.__aeabi_dsub
                0x00004494      0x1ac c:/nxp/mcuxpressoide_11.6.1_8255/ide/plugins/com.nxp.mcuxpresso.tools.win32_11.6.1.202207200623/tools/bin/../lib/gcc/arm-none-eabi/10.3.1/thumb/v7e-m+fp/hard\libcr_eabihelpers.a(double.o)
                0x00004494                __aeabi_dsub
 .text.__aeabi_dadd
                0x00004640      0x114 c:/nxp/mcuxpressoide_11.6.1_8255/ide/plugins/com.nxp.mcuxpresso.tools.win32_11.6.1.202207200623/tools/bin/../lib/gcc/arm-none-eabi/10.3.1/thumb/v7e-m+fp/hard\libcr_eabihelpers.a(double.o)
                0x00004640                __aeabi_dadd
 .text.__sys_appexit
                0x00004754        0xc c:/nxp/mcuxpressoide_11.6.1_8255/ide/plugins/com.nxp.mcuxpresso.tools.win32_11.6.1.202207200623/tools/bin/../lib/gcc/arm-none-eabi/10.3.1/../../../../arm-none-eabi/lib/thumb/v7e-m+fp/hard\libcr_semihost_nf.a(__sys_appexit.o)
                0x00004754                __sys_appexit
                0x00004754                __exit
 .text.timerDelay
                0x00004760       0x32 ./source/timer/timer.o
                0x00004760                timerDelay
 .text.getCircularPointer
                0x00004792       0x1e ./source/buffer/SPI_buffer.o
 .text.SPIBisEmpty
                0x000047b0       0x2a ./source/buffer/SPI_buffer.o
                0x000047b0                SPIBisEmpty
 .text.getCircularPointer
                0x000047da       0x2c ./source/buffer/circular_buffer.o
 .text.CBinit   0x00004806       0x30 ./source/buffer/circular_buffer.o
                0x00004806                CBinit
 .text.CBisEmpty
                0x00004836       0x2a ./source/buffer/circular_buffer.o
                0x00004836                CBisEmpty
 .text.CBputChain
                0x00004860       0xaa ./source/buffer/circular_buffer.o
                0x00004860                CBputChain
 .text.CBputByte
                0x0000490a       0x8e ./source/buffer/circular_buffer.o
                0x0000490a                CBputByte
 .text.CBgetByte
                0x00004998       0x62 ./source/buffer/circular_buffer.o
                0x00004998                CBgetByte
 .text.CBgetBufferState
                0x000049fa       0x5c ./source/buffer/circular_buffer.o
                0x000049fa                CBgetBufferState
 .text.GCBinit  0x00004a56       0x5a ./source/buffer/generic_circular_buffer.o
                0x00004a56                GCBinit
 .text.UART0_RX_TX_IRQHandler
                0x00004ab0       0x2e ./source/UART/uart.o
                0x00004ab0                UART0_RX_TX_IRQHandler
 .text.UART1_RX_TX_IRQHandler
                0x00004ade       0x2e ./source/UART/uart.o
                0x00004ade                UART1_RX_TX_IRQHandler
 .text.UART2_RX_TX_IRQHandler
                0x00004b0c       0x2e ./source/UART/uart.o
                0x00004b0c                UART2_RX_TX_IRQHandler
 .text.UART3_RX_TX_IRQHandler
                0x00004b3a       0x2e ./source/UART/uart.o
                0x00004b3a                UART3_RX_TX_IRQHandler
 .text.UART4_RX_TX_IRQHandler
                0x00004b68       0x2e ./source/UART/uart.o
                0x00004b68                UART4_RX_TX_IRQHandler
 .text.App_Init
                0x00004b96       0x28 ./source/App.o
                0x00004b96                App_Init
 .text.getAnglesGyro
                0x00004bbe      0x278 ./source/App.o
 .text.main     0x00004e36       0x1a ./SDK/startup/main.o
                0x00004e36                main
 .text.HardFault_Handler
                0x00004e50       0x2c ./SDK/startup/semihost_hardfault.o
                0x00004e50                HardFault_Handler
 .text.DMA0_IRQHandler
                0x00004e7c        0x8 ./SDK/startup/startup_mk64f12.o
                0x00004e7c                DMA0_IRQHandler
 .text.DMA1_IRQHandler
                0x00004e84        0x8 ./SDK/startup/startup_mk64f12.o
                0x00004e84                DMA1_IRQHandler
 .text.DMA2_IRQHandler
                0x00004e8c        0x8 ./SDK/startup/startup_mk64f12.o
                0x00004e8c                DMA2_IRQHandler
 .text.DMA3_IRQHandler
                0x00004e94        0x8 ./SDK/startup/startup_mk64f12.o
                0x00004e94                DMA3_IRQHandler
 .text.DMA4_IRQHandler
                0x00004e9c        0x8 ./SDK/startup/startup_mk64f12.o
                0x00004e9c                DMA4_IRQHandler
 .text.DMA5_IRQHandler
                0x00004ea4        0x8 ./SDK/startup/startup_mk64f12.o
                0x00004ea4                DMA5_IRQHandler
 .text.DMA6_IRQHandler
                0x00004eac        0x8 ./SDK/startup/startup_mk64f12.o
                0x00004eac                DMA6_IRQHandler
 .text.DMA7_IRQHandler
                0x00004eb4        0x8 ./SDK/startup/startup_mk64f12.o
                0x00004eb4                DMA7_IRQHandler
 .text.DMA8_IRQHandler
                0x00004ebc        0x8 ./SDK/startup/startup_mk64f12.o
                0x00004ebc                DMA8_IRQHandler
 .text.DMA9_IRQHandler
                0x00004ec4        0x8 ./SDK/startup/startup_mk64f12.o
                0x00004ec4                DMA9_IRQHandler
 .text.DMA10_IRQHandler
                0x00004ecc        0x8 ./SDK/startup/startup_mk64f12.o
                0x00004ecc                DMA10_IRQHandler
 .text.DMA11_IRQHandler
                0x00004ed4        0x8 ./SDK/startup/startup_mk64f12.o
                0x00004ed4                DMA11_IRQHandler
 .text.DMA12_IRQHandler
                0x00004edc        0x8 ./SDK/startup/startup_mk64f12.o
                0x00004edc                DMA12_IRQHandler
 .text.DMA13_IRQHandler
                0x00004ee4        0x8 ./SDK/startup/startup_mk64f12.o
                0x00004ee4                DMA13_IRQHandler
 .text.DMA14_IRQHandler
                0x00004eec        0x8 ./SDK/startup/startup_mk64f12.o
                0x00004eec                DMA14_IRQHandler
 .text.DMA15_IRQHandler
                0x00004ef4        0x8 ./SDK/startup/startup_mk64f12.o
                0x00004ef4                DMA15_IRQHandler
 .text.DMA_Error_IRQHandler
                0x00004efc        0x8 ./SDK/startup/startup_mk64f12.o
                0x00004efc                DMA_Error_IRQHandler
 .text.MCM_IRQHandler
                0x00004f04        0x8 ./SDK/startup/startup_mk64f12.o
                0x00004f04                MCM_IRQHandler
 .text.FTFE_IRQHandler
                0x00004f0c        0x8 ./SDK/startup/startup_mk64f12.o
                0x00004f0c                FTFE_IRQHandler
 .text.Read_Collision_IRQHandler
                0x00004f14        0x8 ./SDK/startup/startup_mk64f12.o
                0x00004f14                Read_Collision_IRQHandler
 .text.LVD_LVW_IRQHandler
                0x00004f1c        0x8 ./SDK/startup/startup_mk64f12.o
                0x00004f1c                LVD_LVW_IRQHandler
 .text.LLWU_IRQHandler
                0x00004f24        0x8 ./SDK/startup/startup_mk64f12.o
                0x00004f24                LLWU_IRQHandler
 .text.WDOG_EWM_IRQHandler
                0x00004f2c        0x8 ./SDK/startup/startup_mk64f12.o
                0x00004f2c                WDOG_EWM_IRQHandler
 .text.RNG_IRQHandler
                0x00004f34        0x8 ./SDK/startup/startup_mk64f12.o
                0x00004f34                RNG_IRQHandler
 .text.I2C1_IRQHandler
                0x00004f3c        0x8 ./SDK/startup/startup_mk64f12.o
                0x00004f3c                I2C1_IRQHandler
 .text.SPI1_IRQHandler
                0x00004f44        0x8 ./SDK/startup/startup_mk64f12.o
                0x00004f44                SPI1_IRQHandler
 .text.I2S0_Tx_IRQHandler
                0x00004f4c        0x8 ./SDK/startup/startup_mk64f12.o
                0x00004f4c                I2S0_Tx_IRQHandler
 .text.I2S0_Rx_IRQHandler
                0x00004f54        0x8 ./SDK/startup/startup_mk64f12.o
                0x00004f54                I2S0_Rx_IRQHandler
 .text.UART0_LON_IRQHandler
                0x00004f5c        0x8 ./SDK/startup/startup_mk64f12.o
                0x00004f5c                UART0_LON_IRQHandler
 .text.UART0_ERR_IRQHandler
                0x00004f64        0x8 ./SDK/startup/startup_mk64f12.o
                0x00004f64                UART0_ERR_IRQHandler
 .text.UART1_ERR_IRQHandler
                0x00004f6c        0x8 ./SDK/startup/startup_mk64f12.o
                0x00004f6c                UART1_ERR_IRQHandler
 .text.UART2_ERR_IRQHandler
                0x00004f74        0x8 ./SDK/startup/startup_mk64f12.o
                0x00004f74                UART2_ERR_IRQHandler
 .text.UART3_ERR_IRQHandler
                0x00004f7c        0x8 ./SDK/startup/startup_mk64f12.o
                0x00004f7c                UART3_ERR_IRQHandler
 .text.ADC0_IRQHandler
                0x00004f84        0x8 ./SDK/startup/startup_mk64f12.o
                0x00004f84                ADC0_IRQHandler
 .text.CMP0_IRQHandler
                0x00004f8c        0x8 ./SDK/startup/startup_mk64f12.o
                0x00004f8c                CMP0_IRQHandler
 .text.CMP1_IRQHandler
                0x00004f94        0x8 ./SDK/startup/startup_mk64f12.o
                0x00004f94                CMP1_IRQHandler
 .text.FTM2_IRQHandler
                0x00004f9c        0x8 ./SDK/startup/startup_mk64f12.o
                0x00004f9c                FTM2_IRQHandler
 .text.CMT_IRQHandler
                0x00004fa4        0x8 ./SDK/startup/startup_mk64f12.o
                0x00004fa4                CMT_IRQHandler
 .text.RTC_IRQHandler
                0x00004fac        0x8 ./SDK/startup/startup_mk64f12.o
                0x00004fac                RTC_IRQHandler
 .text.RTC_Seconds_IRQHandler
                0x00004fb4        0x8 ./SDK/startup/startup_mk64f12.o
                0x00004fb4                RTC_Seconds_IRQHandler
 .text.PDB0_IRQHandler
                0x00004fbc        0x8 ./SDK/startup/startup_mk64f12.o
                0x00004fbc                PDB0_IRQHandler
 .text.USB0_IRQHandler
                0x00004fc4        0x8 ./SDK/startup/startup_mk64f12.o
                0x00004fc4                USB0_IRQHandler
 .text.USBDCD_IRQHandler
                0x00004fcc        0x8 ./SDK/startup/startup_mk64f12.o
                0x00004fcc                USBDCD_IRQHandler
 .text.Reserved71_IRQHandler
                0x00004fd4        0x8 ./SDK/startup/startup_mk64f12.o
                0x00004fd4                Reserved71_IRQHandler
 .text.DAC0_IRQHandler
                0x00004fdc        0x8 ./SDK/startup/startup_mk64f12.o
                0x00004fdc                DAC0_IRQHandler
 .text.MCG_IRQHandler
                0x00004fe4        0x8 ./SDK/startup/startup_mk64f12.o
                0x00004fe4                MCG_IRQHandler
 .text.LPTMR0_IRQHandler
                0x00004fec        0x8 ./SDK/startup/startup_mk64f12.o
                0x00004fec                LPTMR0_IRQHandler
 .text.SWI_IRQHandler
                0x00004ff4        0x8 ./SDK/startup/startup_mk64f12.o
                0x00004ff4                SWI_IRQHandler
 .text.SPI2_IRQHandler
                0x00004ffc        0x8 ./SDK/startup/startup_mk64f12.o
                0x00004ffc                SPI2_IRQHandler
 .text.UART4_ERR_IRQHandler
                0x00005004        0x8 ./SDK/startup/startup_mk64f12.o
                0x00005004                UART4_ERR_IRQHandler
 .text.UART5_RX_TX_IRQHandler
                0x0000500c        0x8 ./SDK/startup/startup_mk64f12.o
                0x0000500c                UART5_RX_TX_IRQHandler
 .text.UART5_ERR_IRQHandler
                0x00005014        0x8 ./SDK/startup/startup_mk64f12.o
                0x00005014                UART5_ERR_IRQHandler
 .text.CMP2_IRQHandler
                0x0000501c        0x8 ./SDK/startup/startup_mk64f12.o
                0x0000501c                CMP2_IRQHandler
 .text.FTM3_IRQHandler
                0x00005024        0x8 ./SDK/startup/startup_mk64f12.o
                0x00005024                FTM3_IRQHandler
 .text.DAC1_IRQHandler
                0x0000502c        0x8 ./SDK/startup/startup_mk64f12.o
                0x0000502c                DAC1_IRQHandler
 .text.ADC1_IRQHandler
                0x00005034        0x8 ./SDK/startup/startup_mk64f12.o
                0x00005034                ADC1_IRQHandler
 .text.I2C2_IRQHandler
                0x0000503c        0x8 ./SDK/startup/startup_mk64f12.o
                0x0000503c                I2C2_IRQHandler
 .text.CAN0_ORed_Message_buffer_IRQHandler
                0x00005044        0x8 ./SDK/startup/startup_mk64f12.o
                0x00005044                CAN0_ORed_Message_buffer_IRQHandler
 .text.CAN0_Bus_Off_IRQHandler
                0x0000504c        0x8 ./SDK/startup/startup_mk64f12.o
                0x0000504c                CAN0_Bus_Off_IRQHandler
 .text.CAN0_Error_IRQHandler
                0x00005054        0x8 ./SDK/startup/startup_mk64f12.o
                0x00005054                CAN0_Error_IRQHandler
 .text.CAN0_Tx_Warning_IRQHandler
                0x0000505c        0x8 ./SDK/startup/startup_mk64f12.o
                0x0000505c                CAN0_Tx_Warning_IRQHandler
 .text.CAN0_Rx_Warning_IRQHandler
                0x00005064        0x8 ./SDK/startup/startup_mk64f12.o
                0x00005064                CAN0_Rx_Warning_IRQHandler
 .text.CAN0_Wake_Up_IRQHandler
                0x0000506c        0x8 ./SDK/startup/startup_mk64f12.o
                0x0000506c                CAN0_Wake_Up_IRQHandler
 .text.SDHC_IRQHandler
                0x00005074        0x8 ./SDK/startup/startup_mk64f12.o
                0x00005074                SDHC_IRQHandler
 .text.ENET_1588_Timer_IRQHandler
                0x0000507c        0x8 ./SDK/startup/startup_mk64f12.o
                0x0000507c                ENET_1588_Timer_IRQHandler
 .text.ENET_Transmit_IRQHandler
                0x00005084        0x8 ./SDK/startup/startup_mk64f12.o
                0x00005084                ENET_Transmit_IRQHandler
 .text.ENET_Receive_IRQHandler
                0x0000508c        0x8 ./SDK/startup/startup_mk64f12.o
                0x0000508c                ENET_Receive_IRQHandler
 .text.ENET_Error_IRQHandler
                0x00005094        0x8 ./SDK/startup/startup_mk64f12.o
                0x00005094                ENET_Error_IRQHandler
 .text.SystemInitHook
                0x0000509c        0xe ./SDK/CMSIS/system_MK64F12.o
                0x0000509c                SystemInitHook
 .text.memcpy   0x000050aa        0x4 c:/nxp/mcuxpressoide_11.6.1_8255/ide/plugins/com.nxp.mcuxpresso.tools.win32_11.6.1.202207200623/tools/bin/../lib/gcc/arm-none-eabi/10.3.1/../../../../arm-none-eabi/lib/thumb/v7e-m+fp/hard\libcr_c.a(memcpy.o)
                0x000050aa                memcpy
 .text.fabs     0x000050ae       0x22 c:/nxp/mcuxpressoide_11.6.1_8255/ide/plugins/com.nxp.mcuxpresso.tools.win32_11.6.1.202207200623/tools/bin/../lib/gcc/arm-none-eabi/10.3.1/../../../../arm-none-eabi/lib/thumb/v7e-m+fp/hard\libcr_c.a(fabs.o)
                0x000050ae                fabs
 .text.fp_round
                0x000050d0       0x4e c:/nxp/mcuxpressoide_11.6.1_8255/ide/plugins/com.nxp.mcuxpresso.tools.win32_11.6.1.202207200623/tools/bin/../lib/gcc/arm-none-eabi/10.3.1/../../../../arm-none-eabi/lib/thumb/v7e-m+fp/hard\libcr_c.a(fpprintf.o)
 .text.pr_dec.constprop.0
                0x0000511e       0x26 c:/nxp/mcuxpressoide_11.6.1_8255/ide/plugins/com.nxp.mcuxpresso.tools.win32_11.6.1.202207200623/tools/bin/../lib/gcc/arm-none-eabi/10.3.1/../../../../arm-none-eabi/lib/thumb/v7e-m+fp/hard\libcr_c.a(fpprintf.o)
 .text.sin      0x00005144       0x40 c:/nxp/mcuxpressoide_11.6.1_8255/ide/plugins/com.nxp.mcuxpresso.tools.win32_11.6.1.202207200623/tools/bin/../lib/gcc/arm-none-eabi/10.3.1/../../../../arm-none-eabi/lib/thumb/v7e-m+fp/hard\libcr_c.a(sin.o)
                0x00005144                sin
 .text.strlen   0x00005184       0x48 c:/nxp/mcuxpressoide_11.6.1_8255/ide/plugins/com.nxp.mcuxpresso.tools.win32_11.6.1.202207200623/tools/bin/../lib/gcc/arm-none-eabi/10.3.1/../../../../arm-none-eabi/lib/thumb/v7e-m+fp/hard\libcr_c.a(strlen.o)
                0x00005184                strlen
 .text.tan      0x000051cc        0x6 c:/nxp/mcuxpressoide_11.6.1_8255/ide/plugins/com.nxp.mcuxpresso.tools.win32_11.6.1.202207200623/tools/bin/../lib/gcc/arm-none-eabi/10.3.1/../../../../arm-none-eabi/lib/thumb/v7e-m+fp/hard\libcr_c.a(tan.o)
                0x000051cc                tan
 .text.memset   0x000051d2        0x4 c:/nxp/mcuxpressoide_11.6.1_8255/ide/plugins/com.nxp.mcuxpresso.tools.win32_11.6.1.202207200623/tools/bin/../lib/gcc/arm-none-eabi/10.3.1/../../../../arm-none-eabi/lib/thumb/v7e-m+fp/hard\libcr_c.a(memset.o)
                0x000051d2                memset
 .text._deferredlazyseek
                0x000051d6       0x40 c:/nxp/mcuxpressoide_11.6.1_8255/ide/plugins/com.nxp.mcuxpresso.tools.win32_11.6.1.202207200623/tools/bin/../lib/gcc/arm-none-eabi/10.3.1/../../../../arm-none-eabi/lib/thumb/v7e-m+fp/hard\libcr_c.a(_deferredlazyseek.o)
                0x000051d6                _deferredlazyseek
 .text.__flsbuf
                0x00005216      0x140 c:/nxp/mcuxpressoide_11.6.1_8255/ide/plugins/com.nxp.mcuxpresso.tools.win32_11.6.1.202207200623/tools/bin/../lib/gcc/arm-none-eabi/10.3.1/../../../../arm-none-eabi/lib/thumb/v7e-m+fp/hard\libcr_c.a(_deferredlazyseek.o)
                0x00005216                __flsbuf
 .text._fflush  0x00005356       0x52 c:/nxp/mcuxpressoide_11.6.1_8255/ide/plugins/com.nxp.mcuxpresso.tools.win32_11.6.1.202207200623/tools/bin/../lib/gcc/arm-none-eabi/10.3.1/../../../../arm-none-eabi/lib/thumb/v7e-m+fp/hard\libcr_c.a(_fflush.o)
                0x00005356                _fflush
 .text.__aeabi_division_uldivmod
                0x000053a8      0x174 c:/nxp/mcuxpressoide_11.6.1_8255/ide/plugins/com.nxp.mcuxpresso.tools.win32_11.6.1.202207200623/tools/bin/../lib/gcc/arm-none-eabi/10.3.1/thumb/v7e-m+fp/hard\libcr_eabihelpers.a(division_64.o)
                0x000053a8                __aeabi_uldivmod
                0x000053ac                __bhs_ldivmod1
 .text.__aeabi_division_idiv0
                0x0000551c        0x2 c:/nxp/mcuxpressoide_11.6.1_8255/ide/plugins/com.nxp.mcuxpresso.tools.win32_11.6.1.202207200623/tools/bin/../lib/gcc/arm-none-eabi/10.3.1/thumb/v7e-m+fp/hard\libcr_eabihelpers.a(division_idiv0.o)
                0x0000551c                __aeabi_idiv0
 .text.__aeabi_d2iz
                0x0000551e       0x40 c:/nxp/mcuxpressoide_11.6.1_8255/ide/plugins/com.nxp.mcuxpresso.tools.win32_11.6.1.202207200623/tools/bin/../lib/gcc/arm-none-eabi/10.3.1/thumb/v7e-m+fp/hard\libcr_eabihelpers.a(double.o)
                0x0000551e                __aeabi_d2iz
 .text.__bhs_ui2d
                0x0000555e       0x46 c:/nxp/mcuxpressoide_11.6.1_8255/ide/plugins/com.nxp.mcuxpresso.tools.win32_11.6.1.202207200623/tools/bin/../lib/gcc/arm-none-eabi/10.3.1/thumb/v7e-m+fp/hard\libcr_eabihelpers.a(double.o)
                0x0000555e                __bhs_ui2d
 .text.__aeabi_i2d
                0x000055a4       0x12 c:/nxp/mcuxpressoide_11.6.1_8255/ide/plugins/com.nxp.mcuxpresso.tools.win32_11.6.1.202207200623/tools/bin/../lib/gcc/arm-none-eabi/10.3.1/thumb/v7e-m+fp/hard\libcr_eabihelpers.a(double.o)
                0x000055a4                __aeabi_i2d
 .text.__aeabi_dcmpeq
                0x000055b6       0x30 c:/nxp/mcuxpressoide_11.6.1_8255/ide/plugins/com.nxp.mcuxpresso.tools.win32_11.6.1.202207200623/tools/bin/../lib/gcc/arm-none-eabi/10.3.1/thumb/v7e-m+fp/hard\libcr_eabihelpers.a(double.o)
                0x000055b6                __aeabi_dcmpeq
 .text.__aeabi_dcmplt
                0x000055e6       0x56 c:/nxp/mcuxpressoide_11.6.1_8255/ide/plugins/com.nxp.mcuxpresso.tools.win32_11.6.1.202207200623/tools/bin/../lib/gcc/arm-none-eabi/10.3.1/thumb/v7e-m+fp/hard\libcr_eabihelpers.a(double.o)
                0x000055e6                __aeabi_dcmplt
 .text.__aeabi_dcmpgt
                0x0000563c       0x56 c:/nxp/mcuxpressoide_11.6.1_8255/ide/plugins/com.nxp.mcuxpresso.tools.win32_11.6.1.202207200623/tools/bin/../lib/gcc/arm-none-eabi/10.3.1/thumb/v7e-m+fp/hard\libcr_eabihelpers.a(double.o)
                0x0000563c                __aeabi_dcmpgt
 .text.__aeabi_dcmple
                0x00005692       0x56 c:/nxp/mcuxpressoide_11.6.1_8255/ide/plugins/com.nxp.mcuxpresso.tools.win32_11.6.1.202207200623/tools/bin/../lib/gcc/arm-none-eabi/10.3.1/thumb/v7e-m+fp/hard\libcr_eabihelpers.a(double.o)
                0x00005692                __aeabi_dcmple
 .text.__aeabi_dcmpge
                0x000056e8       0x56 c:/nxp/mcuxpressoide_11.6.1_8255/ide/plugins/com.nxp.mcuxpresso.tools.win32_11.6.1.202207200623/tools/bin/../lib/gcc/arm-none-eabi/10.3.1/thumb/v7e-m+fp/hard\libcr_eabihelpers.a(double.o)
                0x000056e8                __aeabi_dcmpge
 .text.__aeabi_memcpy
                0x0000573e       0x34 c:/nxp/mcuxpressoide_11.6.1_8255/ide/plugins/com.nxp.mcuxpresso.tools.win32_11.6.1.202207200623/tools/bin/../lib/gcc/arm-none-eabi/10.3.1/thumb/v7e-m+fp/hard\libcr_eabihelpers.a(memcpy.o)
                0x0000573e                __aeabi_memcpy
                0x00005748                __aeabi_memcpy8
                0x00005748                __aeabi_memcpy4
 .text.__aeabi_memset_lowlevel
                0x00005772       0x32 c:/nxp/mcuxpressoide_11.6.1_8255/ide/plugins/com.nxp.mcuxpresso.tools.win32_11.6.1.202207200623/tools/bin/../lib/gcc/arm-none-eabi/10.3.1/thumb/v7e-m+fp/hard\libcr_eabihelpers.a(memcpy.o)
                0x00005772                __aeabi_lowlevel_memset
 .text.__sys_flen
                0x000057a4        0xc c:/nxp/mcuxpressoide_11.6.1_8255/ide/plugins/com.nxp.mcuxpresso.tools.win32_11.6.1.202207200623/tools/bin/../lib/gcc/arm-none-eabi/10.3.1/../../../../arm-none-eabi/lib/thumb/v7e-m+fp/hard\libcr_semihost_nf.a(__sys_flen.o)
                0x000057a4                __sys_flen
 .text.__sys_istty
                0x000057b0        0xc c:/nxp/mcuxpressoide_11.6.1_8255/ide/plugins/com.nxp.mcuxpresso.tools.win32_11.6.1.202207200623/tools/bin/../lib/gcc/arm-none-eabi/10.3.1/../../../../arm-none-eabi/lib/thumb/v7e-m+fp/hard\libcr_semihost_nf.a(__sys_istty.o)
                0x000057b0                __sys_istty
 .text.__sys_seek
                0x000057bc        0xc c:/nxp/mcuxpressoide_11.6.1_8255/ide/plugins/com.nxp.mcuxpresso.tools.win32_11.6.1.202207200623/tools/bin/../lib/gcc/arm-none-eabi/10.3.1/../../../../arm-none-eabi/lib/thumb/v7e-m+fp/hard\libcr_semihost_nf.a(__sys_seek.o)
                0x000057bc                __sys_seek
 .text.__sys_write
                0x000057c8        0xc c:/nxp/mcuxpressoide_11.6.1_8255/ide/plugins/com.nxp.mcuxpresso.tools.win32_11.6.1.202207200623/tools/bin/../lib/gcc/arm-none-eabi/10.3.1/../../../../arm-none-eabi/lib/thumb/v7e-m+fp/hard\libcr_semihost_nf.a(__sys_write.o)
                0x000057c8                __sys_write
 *(SORT_BY_ALIGNMENT(.rodata) SORT_BY_ALIGNMENT(.rodata.*) SORT_BY_ALIGNMENT(.constdata) SORT_BY_ALIGNMENT(.constdata.*))
 .rodata.UARTPorts
                0x000057d4       0x18 ./source/UART/uart.o
 .rodata.portPtr
                0x000057ec       0x14 ./source/UART/uart.o
 .rodata.UARTClockSource
                0x00005800       0x18 ./source/UART/uart.o
 .rodata.UARTSIMR
                0x00005818       0x14 ./source/UART/uart.o
 .rodata.UARTSIMMask
                0x0000582c       0x14 ./source/UART/uart.o
 .rodata.UART_RX_TX_Vectors
                0x00005840        0x6 ./source/UART/uart.o
 *fill*         0x00005846        0x2 ff
 .rodata.UARTPinPort
                0x00005848        0x5 ./source/UART/uart.o
 *fill*         0x0000584d        0x3 ff
 .rodata.UARTPinNumRX
                0x00005850        0x5 ./source/UART/uart.o
 *fill*         0x00005855        0x3 ff
 .rodata.UARTPinNumTX
                0x00005858        0x5 ./source/UART/uart.o
 *fill*         0x0000585d        0x3 ff
 .rodata.UARTPinMuxAlt
                0x00005860        0x5 ./source/UART/uart.o
 *fill*         0x00005865        0x3 ff
 .rodata.gpioPtr
                0x00005868       0x14 ./source/MCAL/gpio.o
 .rodata.portPtr
                0x0000587c       0x14 ./source/MCAL/gpio.o
 .rodata.SIMPortMasks
                0x00005890       0x14 ./source/MCAL/gpio.o
 .rodata.I2CPtrs
                0x000058a4        0xc ./source/I2Cm/I2Cm.o
 .rodata.I2CIRQs
                0x000058b0        0x3 ./source/I2Cm/I2Cm.o
 *fill*         0x000058b3        0x1 ff
 .rodata.portPtr
                0x000058b4       0x14 ./source/I2Cm/I2Cm.o
 .rodata.I2CPinPorts
                0x000058c8        0x4 ./source/I2Cm/I2Cm.o
 .rodata.I2CPinPinsSCL
                0x000058cc        0x4 ./source/I2Cm/I2Cm.o
 .rodata.I2CPinPinsSDA
                0x000058d0        0x4 ./source/I2Cm/I2Cm.o
 .rodata.I2CPinAlts
                0x000058d4        0x4 ./source/I2Cm/I2Cm.o
 .rodata.I2CClkSimPtr
                0x000058d8       0x10 ./source/I2Cm/I2Cm.o
 .rodata.I2CClkSimMask
                0x000058e8       0x10 ./source/I2Cm/I2Cm.o
 .rodata.sendUartMessage3Channels.str1.4
                0x000058f8       0x14 ./source/App.o
 .rodata.fp_display.str1.1
                0x0000590c       0x34 c:/nxp/mcuxpressoide_11.6.1_8255/ide/plugins/com.nxp.mcuxpresso.tools.win32_11.6.1.202207200623/tools/bin/../lib/gcc/arm-none-eabi/10.3.1/../../../../arm-none-eabi/lib/thumb/v7e-m+fp/hard\libcr_c.a(fpprintf.o)
                                 0x35 (size before relaxing)
 .rodata.__vfprintf.str1.1
                0x00005940       0x31 c:/nxp/mcuxpressoide_11.6.1_8255/ide/plugins/com.nxp.mcuxpresso.tools.win32_11.6.1.202207200623/tools/bin/../lib/gcc/arm-none-eabi/10.3.1/../../../../arm-none-eabi/lib/thumb/v7e-m+fp/hard\libcr_c.a(printf.o)
                                 0x38 (size before relaxing)
 .rodata._Csys_alloc.str1.1
                0x00005971       0x18 c:/nxp/mcuxpressoide_11.6.1_8255/ide/plugins/com.nxp.mcuxpresso.tools.win32_11.6.1.202207200623/tools/bin/../lib/gcc/arm-none-eabi/10.3.1/../../../../arm-none-eabi/lib/thumb/v7e-m+fp/hard\libcr_c.a(alloc.o)
                0x00005990                . = ALIGN (0x8)
 *fill*         0x00005989        0x7 ff
                0x00005990                _etext = .

.glue_7         0x00005990        0x0
 .glue_7        0x00005990        0x0 linker stubs

.glue_7t        0x00005990        0x0
 .glue_7t       0x00005990        0x0 linker stubs

.vfp11_veneer   0x00005990        0x0
 .vfp11_veneer  0x00005990        0x0 linker stubs

.v4_bx          0x00005990        0x0
 .v4_bx         0x00005990        0x0 linker stubs

.iplt           0x00005990        0x0
 .iplt          0x00005990        0x0 ./source/timer/SysTick.o

.rel.dyn        0x00005990        0x0
 .rel.iplt      0x00005990        0x0 ./source/timer/SysTick.o

.m_usb_data
 *(SORT_BY_ALIGNMENT(m_usb_bdt))

.data_RAM2      0x1fff0000        0x0 load address 0x00005990
 FILL mask 0xff
                [!provide]                PROVIDE (__start_data_RAM2 = .)
                [!provide]                PROVIDE (__start_data_SRAM_LOWER = .)
 *(SORT_BY_ALIGNMENT(.ramfunc.$RAM2))
 *(SORT_BY_ALIGNMENT(.ramfunc.$SRAM_LOWER))
 *(SORT_BY_ALIGNMENT(.data.$RAM2))
 *(SORT_BY_ALIGNMENT(.data.$SRAM_LOWER))
 *(SORT_BY_ALIGNMENT(.data.$RAM2.*))
 *(SORT_BY_ALIGNMENT(.data.$SRAM_LOWER.*))
                0x1fff0000                . = ALIGN (0x8)
                [!provide]                PROVIDE (__end_data_RAM2 = .)
                [!provide]                PROVIDE (__end_data_SRAM_LOWER = .)

.data_RAM3      0x14000000        0x0 load address 0x00005990
 FILL mask 0xff
                [!provide]                PROVIDE (__start_data_RAM3 = .)
                [!provide]                PROVIDE (__start_data_FLEX_RAM = .)
 *(SORT_BY_ALIGNMENT(.ramfunc.$RAM3))
 *(SORT_BY_ALIGNMENT(.ramfunc.$FLEX_RAM))
 *(SORT_BY_ALIGNMENT(.data.$RAM3))
 *(SORT_BY_ALIGNMENT(.data.$FLEX_RAM))
 *(SORT_BY_ALIGNMENT(.data.$RAM3.*))
 *(SORT_BY_ALIGNMENT(.data.$FLEX_RAM.*))
                0x14000000                . = ALIGN (0x8)
                [!provide]                PROVIDE (__end_data_RAM3 = .)
                [!provide]                PROVIDE (__end_data_FLEX_RAM = .)

.uninit_RESERVED
                0x20000000        0x0
                0x20000000                _start_uninit_RESERVED = .
 *(SORT_BY_ALIGNMENT(.bss.$RESERVED*))
                0x20000000                . = ALIGN (0x8)
                0x20000000                _end_uninit_RESERVED = .

.data           0x20000000       0x10 load address 0x00005990
 FILL mask 0xff
                0x20000000                _data = .
                [!provide]                PROVIDE (__start_data_RAM = .)
                [!provide]                PROVIDE (__start_data_SRAM_UPPER = .)
 *(SORT_BY_ALIGNMENT(vtable))
 *(SORT_BY_ALIGNMENT(.ramfunc*))
 *(SORT_BY_ALIGNMENT(CodeQuickAccess))
 *(SORT_BY_ALIGNMENT(DataQuickAccess))
 *(SORT_BY_ALIGNMENT(RamFunction))
 *(SORT_BY_ALIGNMENT(.data*))
 .data.SPIPtrs  0x20000000        0xc ./source/SPI/SPI.o
 .data.i2cStates
                0x2000000c        0x2 ./source/I2Cm/I2Cm.o
                0x2000000c                i2cStates
 .data.timers_cant
                0x2000000e        0x1 ./source/timer/timer.o
                0x20000010                . = ALIGN (0x8)
 *fill*         0x2000000f        0x1 ff
                0x20000010                _edata = .
                [!provide]                PROVIDE (__end_data_RAM = .)
                [!provide]                PROVIDE (__end_data_SRAM_UPPER = .)

.igot.plt       0x20000010        0x0 load address 0x000059a0
 .igot.plt      0x20000010        0x0 ./source/timer/SysTick.o

.bss_RAM2       0x1fff0000        0x0
                [!provide]                PROVIDE (__start_bss_RAM2 = .)
                [!provide]                PROVIDE (__start_bss_SRAM_LOWER = .)
 *(SORT_BY_ALIGNMENT(.bss.$RAM2))
 *(SORT_BY_ALIGNMENT(.bss.$SRAM_LOWER))
 *(SORT_BY_ALIGNMENT(.bss.$RAM2.*))
 *(SORT_BY_ALIGNMENT(.bss.$SRAM_LOWER.*))
                0x1fff0000                . = ALIGN ((. != 0x0)?0x8:0x1)
                [!provide]                PROVIDE (__end_bss_RAM2 = .)
                [!provide]                PROVIDE (__end_bss_SRAM_LOWER = .)

.bss_RAM3       0x14000000        0x0
                [!provide]                PROVIDE (__start_bss_RAM3 = .)
                [!provide]                PROVIDE (__start_bss_FLEX_RAM = .)
 *(SORT_BY_ALIGNMENT(.bss.$RAM3))
 *(SORT_BY_ALIGNMENT(.bss.$FLEX_RAM))
 *(SORT_BY_ALIGNMENT(.bss.$RAM3.*))
 *(SORT_BY_ALIGNMENT(.bss.$FLEX_RAM.*))
                0x14000000                . = ALIGN ((. != 0x0)?0x8:0x1)
                [!provide]                PROVIDE (__end_bss_RAM3 = .)
                [!provide]                PROVIDE (__end_bss_FLEX_RAM = .)

.bss            0x20000010     0x1340
                0x20000010                _bss = .
                [!provide]                PROVIDE (__start_bss_RAM = .)
                [!provide]                PROVIDE (__start_bss_SRAM_UPPER = .)
 *(SORT_BY_ALIGNMENT(.bss*))
 .bss.ICLastTicks
                0x20000010      0x100 ./source/FTM/FTM.o
 .bss.newAngles_rad
                0x20000110       0x18 ./source/App.o
                0x20000110                newAngles_rad
 .bss.lastAngles_rad
                0x20000128       0x18 ./source/App.o
                0x20000128                lastAngles_rad
 .bss.SysTickCallback
                0x20000140        0x4 ./source/timer/SysTick.o
 .bss.timers    0x20000144       0xa0 ./source/timer/timer.o
 .bss.pckgNULL  0x200001e4       0x10 ./source/buffer/SPI_buffer.o
                0x200001e4                pckgNULL
 .bss.TxBuffer  0x200001f4      0x267 ./source/UART/uart.o
 *fill*         0x2000045b        0x1 
 .bss.RxBuffer  0x2000045c      0x267 ./source/UART/uart.o
 *fill*         0x200006c3        0x1 
 .bss.TxBuffer  0x200006c4      0x408 ./source/SPI/SPI.o
 .bss.cont.1    0x20000acc        0x4 ./source/SPI/SPI.o
 .bss.pckgAux.0
                0x20000ad0       0x10 ./source/SPI/SPI.o
 .bss.PITCbs    0x20000ae0       0x10 ./source/PIT/PIT.o
 .bss.writeBuffer
                0x20000af0        0x4 ./source/MPU9250/MPU9250.o
                0x20000af0                writeBuffer
 .bss.readBuffer
                0x20000af4        0xa ./source/MPU9250/MPU9250.o
                0x20000af4                readBuffer
 *fill*         0x20000afe        0x2 
 .bss.gyroPartialSum
                0x20000b00        0xc ./source/MPU9250/MPU9250.o
                0x20000b00                gyroPartialSum
 .bss.accelPartialSum
                0x20000b0c        0xc ./source/MPU9250/MPU9250.o
                0x20000b0c                accelPartialSum
 .bss.portIrqFunc
                0x20000b18      0x280 ./source/MCAL/gpio.o
                0x20000b18                portIrqFunc
 .bss.I2C_CircularBuffer
                0x20000d98      0x3fa ./source/I2Cm/I2Cm.o
 *fill*         0x20001192        0x2 
 .bss.writeState
                0x20001194       0x24 ./source/I2Cm/I2Cm.o
 .bss.readState
                0x200011b8       0x18 ./source/I2Cm/I2Cm.o
 .bss.PWMPtrs   0x200011d0       0x80 ./source/FTM/FTM.o
 .bss.ICCbPtrs  0x20001250       0x80 ./source/FTM/FTM.o
 .bss.ICChannelValue
                0x200012d0       0x40 ./source/FTM/FTM.o
 .bss.ICnewEdge
                0x20001310       0x20 ./source/FTM/FTM.o
 .bss.gyroData  0x20001330        0x6 ./source/App.o
                0x20001330                gyroData
 *fill*         0x20001336        0x2 
 .bss.__LDM_interruptDisableCount
                0x20001338        0x4 ./SDK/startup/hardware.o
 .bss.errno     0x2000133c        0x4 c:/nxp/mcuxpressoide_11.6.1_8255/ide/plugins/com.nxp.mcuxpresso.tools.win32_11.6.1.202207200623/tools/bin/../lib/gcc/arm-none-eabi/10.3.1/../../../../arm-none-eabi/lib/thumb/v7e-m+fp/hard\libcr_c.a(errno.o)
                0x2000133c                errno
 .bss.__end_of_heap
                0x20001340        0x4 c:/nxp/mcuxpressoide_11.6.1_8255/ide/plugins/com.nxp.mcuxpresso.tools.win32_11.6.1.202207200623/tools/bin/../lib/gcc/arm-none-eabi/10.3.1/../../../../arm-none-eabi/lib/thumb/v7e-m+fp/hard\libcr_c.a(__init_alloc.o)
                0x20001340                __end_of_heap
 .bss.__heaps   0x20001344        0x4 c:/nxp/mcuxpressoide_11.6.1_8255/ide/plugins/com.nxp.mcuxpresso.tools.win32_11.6.1.202207200623/tools/bin/../lib/gcc/arm-none-eabi/10.3.1/../../../../arm-none-eabi/lib/thumb/v7e-m+fp/hard\libcr_c.a(__init_alloc.o)
                0x20001344                __heaps
 .bss.yaInit.0  0x20001348        0x1 ./source/timer/timer.o
 .bss.inInterrupt
                0x20001349        0x1 ./source/SPI/SPI.o
 .bss.Ascale    0x2000134a        0x1 ./source/MPU9250/MPU9250.o
                0x2000134a                Ascale
 .bss.Gscale    0x2000134b        0x1 ./source/MPU9250/MPU9250.o
                0x2000134b                Gscale
 .bss.writeSize
                0x2000134c        0x1 ./source/MPU9250/MPU9250.o
                0x2000134c                writeSize
 .bss.readSize  0x2000134d        0x1 ./source/MPU9250/MPU9250.o
                0x2000134d                readSize
 .bss.I2CTimerID
                0x2000134e        0x1 ./source/I2Cm/I2Cm.o
 .bss.isBusBusy
                0x2000134f        0x1 ./source/I2Cm/I2Cm.o
 *(SORT_BY_ALIGNMENT(COMMON))
                0x20001350                . = ALIGN (0x8)
                0x20001350                _ebss = .
                [!provide]                PROVIDE (__end_bss_RAM = .)
                [!provide]                PROVIDE (__end_bss_SRAM_UPPER = .)
                [!provide]                PROVIDE (end = .)

.noinit_RAM2    0x1fff0000        0x0
                [!provide]                PROVIDE (__start_noinit_RAM2 = .)
                [!provide]                PROVIDE (__start_noinit_SRAM_LOWER = .)
 *(SORT_BY_ALIGNMENT(.noinit.$RAM2))
 *(SORT_BY_ALIGNMENT(.noinit.$SRAM_LOWER))
 *(SORT_BY_ALIGNMENT(.noinit.$RAM2.*))
 *(SORT_BY_ALIGNMENT(.noinit.$SRAM_LOWER.*))
                0x1fff0000                . = ALIGN (0x8)
                [!provide]                PROVIDE (__end_noinit_RAM2 = .)
                [!provide]                PROVIDE (__end_noinit_SRAM_LOWER = .)

.noinit_RAM3    0x14000000        0x0
                [!provide]                PROVIDE (__start_noinit_RAM3 = .)
                [!provide]                PROVIDE (__start_noinit_FLEX_RAM = .)
 *(SORT_BY_ALIGNMENT(.noinit.$RAM3))
 *(SORT_BY_ALIGNMENT(.noinit.$FLEX_RAM))
 *(SORT_BY_ALIGNMENT(.noinit.$RAM3.*))
 *(SORT_BY_ALIGNMENT(.noinit.$FLEX_RAM.*))
                0x14000000                . = ALIGN (0x8)
                [!provide]                PROVIDE (__end_noinit_RAM3 = .)
                [!provide]                PROVIDE (__end_noinit_FLEX_RAM = .)

.noinit         0x20001350        0x0
                0x20001350                _noinit = .
                [!provide]                PROVIDE (__start_noinit_RAM = .)
                [!provide]                PROVIDE (__start_noinit_SRAM_UPPER = .)
 *(SORT_BY_ALIGNMENT(.noinit*))
                0x20001350                . = ALIGN (0x8)
                0x20001350                _end_noinit = .
                [!provide]                PROVIDE (__end_noinit_RAM = .)
                [!provide]                PROVIDE (__end_noinit_SRAM_UPPER = .)

.ARM.extab
 *(SORT_BY_ALIGNMENT(.ARM.extab*) SORT_BY_ALIGNMENT(.gnu.linkonce.armextab.*))

.ARM.exidx      0x000059a0        0x0
                0x000059a0                __exidx_start = .
 *(SORT_BY_ALIGNMENT(.ARM.exidx*) SORT_BY_ALIGNMENT(.gnu.linkonce.armexidx.*))
                0x000059a0                __exidx_end = .
                0x00001000                _HeapSize = 0x1000

.heap           0x20001350     0x1000
                0x20001350                _pvHeapStart = .
                0x20002350                . = (. + _HeapSize)
 *fill*         0x20001350     0x1000 
                0x20002350                . = ALIGN (0x8)
                0x20002350                _pvHeapLimit = .
                0x00001000                _StackSize = 0x1000

.heap2stackfill
                0x20002350     0x1000
                0x20003350                . = (. + _StackSize)
 *fill*         0x20002350     0x1000 

.stack          0x2002f000        0x0
                0x2002f000                _vStackBase = .
                0x2002f000                . = ALIGN (0x8)
                0x20030000                _vStackTop = (. + _StackSize)
                0x00000000                _image_start = LOADADDR (.text)
                0x000059a0                _image_end = (LOADADDR (.data) + SIZEOF (.data))
                0x000059a0                _image_size = (_image_end - _image_start)
OUTPUT(TPQUAD.axf elf32-littlearm)
LOAD linker stubs

.debug_info     0x00000000     0x7de4
 .debug_info    0x00000000      0x506 ./source/timer/SysTick.o
 .debug_info    0x00000506      0x2d9 ./source/timer/timer.o
 .debug_info    0x000007df      0x31d ./source/buffer/SPI_buffer.o
 .debug_info    0x00000afc      0x2e6 ./source/buffer/circular_buffer.o
 .debug_info    0x00000de2      0x303 ./source/buffer/generic_circular_buffer.o
 .debug_info    0x000010e5      0xde4 ./source/UART/uart.o
 .debug_info    0x00001ec9      0xd5c ./source/SPI/SPI.o
 .debug_info    0x00002c25      0x87a ./source/PIT/PIT.o
 .debug_info    0x0000349f      0x49f ./source/MPU9250/MPU9250.o
 .debug_info    0x0000393e      0xc0f ./source/MCAL/gpio.o
 .debug_info    0x0000454d      0xd3a ./source/I2Cm/I2Cm.o
 .debug_info    0x00005287      0xfab ./source/FTM/FTM.o
 .debug_info    0x00006232      0x4c9 ./source/App.o
 .debug_info    0x000066fb      0x6b2 ./SDK/startup/hardware.o
 .debug_info    0x00006dad       0x86 ./SDK/startup/main.o
 .debug_info    0x00006e33       0x3c ./SDK/startup/semihost_hardfault.o
 .debug_info    0x00006e6f      0x93a ./SDK/startup/startup_mk64f12.o
 .debug_info    0x000077a9      0x63b ./SDK/CMSIS/system_MK64F12.o

.debug_abbrev   0x00000000     0x1d19
 .debug_abbrev  0x00000000      0x190 ./source/timer/SysTick.o
 .debug_abbrev  0x00000190      0x1b5 ./source/timer/timer.o
 .debug_abbrev  0x00000345      0x1b4 ./source/buffer/SPI_buffer.o
 .debug_abbrev  0x000004f9      0x162 ./source/buffer/circular_buffer.o
 .debug_abbrev  0x0000065b      0x140 ./source/buffer/generic_circular_buffer.o
 .debug_abbrev  0x0000079b      0x267 ./source/UART/uart.o
 .debug_abbrev  0x00000a02      0x2d8 ./source/SPI/SPI.o
 .debug_abbrev  0x00000cda      0x1d5 ./source/PIT/PIT.o
 .debug_abbrev  0x00000eaf      0x14a ./source/MPU9250/MPU9250.o
 .debug_abbrev  0x00000ff9      0x253 ./source/MCAL/gpio.o
 .debug_abbrev  0x0000124c      0x280 ./source/I2Cm/I2Cm.o
 .debug_abbrev  0x000014cc      0x297 ./source/FTM/FTM.o
 .debug_abbrev  0x00001763      0x141 ./source/App.o
 .debug_abbrev  0x000018a4      0x12e ./SDK/startup/hardware.o
 .debug_abbrev  0x000019d2       0x49 ./SDK/startup/main.o
 .debug_abbrev  0x00001a1b       0x31 ./SDK/startup/semihost_hardfault.o
 .debug_abbrev  0x00001a4c      0x185 ./SDK/startup/startup_mk64f12.o
 .debug_abbrev  0x00001bd1      0x148 ./SDK/CMSIS/system_MK64F12.o

.debug_aranges  0x00000000      0x888
 .debug_aranges
                0x00000000       0x30 ./source/timer/SysTick.o
 .debug_aranges
                0x00000030       0x50 ./source/timer/timer.o
 .debug_aranges
                0x00000080       0x58 ./source/buffer/SPI_buffer.o
 .debug_aranges
                0x000000d8       0x58 ./source/buffer/circular_buffer.o
 .debug_aranges
                0x00000130       0x58 ./source/buffer/generic_circular_buffer.o
 .debug_aranges
                0x00000188       0x80 ./source/UART/uart.o
 .debug_aranges
                0x00000208       0x58 ./source/SPI/SPI.o
 .debug_aranges
                0x00000260       0x58 ./source/PIT/PIT.o
 .debug_aranges
                0x000002b8       0x60 ./source/MPU9250/MPU9250.o
 .debug_aranges
                0x00000318       0x78 ./source/MCAL/gpio.o
 .debug_aranges
                0x00000390       0x50 ./source/I2Cm/I2Cm.o
 .debug_aranges
                0x000003e0       0x80 ./source/FTM/FTM.o
 .debug_aranges
                0x00000460       0x58 ./source/App.o
 .debug_aranges
                0x000004b8       0x30 ./SDK/startup/hardware.o
 .debug_aranges
                0x000004e8       0x20 ./SDK/startup/main.o
 .debug_aranges
                0x00000508       0x20 ./SDK/startup/semihost_hardfault.o
 .debug_aranges
                0x00000528      0x330 ./SDK/startup/startup_mk64f12.o
 .debug_aranges
                0x00000858       0x30 ./SDK/CMSIS/system_MK64F12.o

.debug_ranges   0x00000000      0x768
 .debug_ranges  0x00000000       0x20 ./source/timer/SysTick.o
 .debug_ranges  0x00000020       0x40 ./source/timer/timer.o
 .debug_ranges  0x00000060       0x48 ./source/buffer/SPI_buffer.o
 .debug_ranges  0x000000a8       0x48 ./source/buffer/circular_buffer.o
 .debug_ranges  0x000000f0       0x48 ./source/buffer/generic_circular_buffer.o
 .debug_ranges  0x00000138       0x70 ./source/UART/uart.o
 .debug_ranges  0x000001a8       0x48 ./source/SPI/SPI.o
 .debug_ranges  0x000001f0       0x48 ./source/PIT/PIT.o
 .debug_ranges  0x00000238       0x50 ./source/MPU9250/MPU9250.o
 .debug_ranges  0x00000288       0x68 ./source/MCAL/gpio.o
 .debug_ranges  0x000002f0       0x40 ./source/I2Cm/I2Cm.o
 .debug_ranges  0x00000330       0x70 ./source/FTM/FTM.o
 .debug_ranges  0x000003a0       0x48 ./source/App.o
 .debug_ranges  0x000003e8       0x20 ./SDK/startup/hardware.o
 .debug_ranges  0x00000408       0x10 ./SDK/startup/main.o
 .debug_ranges  0x00000418       0x10 ./SDK/startup/semihost_hardfault.o
 .debug_ranges  0x00000428      0x320 ./SDK/startup/startup_mk64f12.o
 .debug_ranges  0x00000748       0x20 ./SDK/CMSIS/system_MK64F12.o

.debug_macro    0x00000000    0x13c8f
 .debug_macro   0x00000000       0xb6 ./source/timer/SysTick.o
 .debug_macro   0x000000b6      0xa7e ./source/timer/SysTick.o
 .debug_macro   0x00000b34       0x22 ./source/timer/SysTick.o
 .debug_macro   0x00000b56      0x34e ./source/timer/SysTick.o
 .debug_macro   0x00000ea4       0x10 ./source/timer/SysTick.o
 .debug_macro   0x00000eb4       0x5c ./source/timer/SysTick.o
 .debug_macro   0x00000f10       0x1c ./source/timer/SysTick.o
 .debug_macro   0x00000f2c       0x28 ./source/timer/SysTick.o
 .debug_macro   0x00000f54       0xd9 ./source/timer/SysTick.o
 .debug_macro   0x0000102d      0xecf ./source/timer/SysTick.o
 .debug_macro   0x00001efc       0x48 ./source/timer/SysTick.o
 .debug_macro   0x00001f44     0xe07b ./source/timer/SysTick.o
 .debug_macro   0x0000ffbf     0x122b ./source/timer/SysTick.o
 .debug_macro   0x000111ea       0x16 ./source/timer/SysTick.o
 .debug_macro   0x00011200      0x134 ./source/timer/timer.o
 .debug_macro   0x00011334       0x1e ./source/timer/timer.o
 .debug_macro   0x00011352       0x22 ./source/timer/timer.o
 .debug_macro   0x00011374       0x5e ./source/timer/timer.o
 .debug_macro   0x000113d2       0x94 ./source/timer/timer.o
 .debug_macro   0x00011466       0x35 ./source/timer/timer.o
 .debug_macro   0x0001149b       0x34 ./source/timer/timer.o
 .debug_macro   0x000114cf       0x16 ./source/timer/timer.o
 .debug_macro   0x000114e5      0x10e ./source/timer/timer.o
 .debug_macro   0x000115f3       0x8d ./source/timer/timer.o
 .debug_macro   0x00011680       0x16 ./source/timer/timer.o
 .debug_macro   0x00011696       0x43 ./source/timer/timer.o
 .debug_macro   0x000116d9       0x57 ./source/timer/timer.o
 .debug_macro   0x00011730       0x34 ./source/timer/timer.o
 .debug_macro   0x00011764       0x10 ./source/timer/timer.o
 .debug_macro   0x00011774       0x58 ./source/timer/timer.o
 .debug_macro   0x000117cc      0x182 ./source/timer/timer.o
 .debug_macro   0x0001194e      0x341 ./source/timer/timer.o
 .debug_macro   0x00011c8f       0x16 ./source/timer/timer.o
 .debug_macro   0x00011ca5       0x29 ./source/timer/timer.o
 .debug_macro   0x00011cce       0x28 ./source/timer/timer.o
 .debug_macro   0x00011cf6       0x10 ./source/timer/timer.o
 .debug_macro   0x00011d06      0x1e7 ./source/buffer/SPI_buffer.o
 .debug_macro   0x00011eed       0x16 ./source/buffer/SPI_buffer.o
 .debug_macro   0x00011f03       0x97 ./source/buffer/SPI_buffer.o
 .debug_macro   0x00011f9a       0xfd ./source/buffer/SPI_buffer.o
 .debug_macro   0x00012097       0x10 ./source/buffer/SPI_buffer.o
 .debug_macro   0x000120a7       0x10 ./source/buffer/SPI_buffer.o
 .debug_macro   0x000120b7       0x6a ./source/buffer/SPI_buffer.o
 .debug_macro   0x00012121       0x1c ./source/buffer/SPI_buffer.o
 .debug_macro   0x0001213d       0x52 ./source/buffer/SPI_buffer.o
 .debug_macro   0x0001218f       0x22 ./source/buffer/SPI_buffer.o
 .debug_macro   0x000121b1       0x10 ./source/buffer/SPI_buffer.o
 .debug_macro   0x000121c1       0x52 ./source/buffer/SPI_buffer.o
 .debug_macro   0x00012213       0xd5 ./source/buffer/SPI_buffer.o
 .debug_macro   0x000122e8       0x1c ./source/buffer/SPI_buffer.o
 .debug_macro   0x00012304       0x3d ./source/buffer/SPI_buffer.o
 .debug_macro   0x00012341       0x16 ./source/buffer/SPI_buffer.o
 .debug_macro   0x00012357      0x16f ./source/buffer/SPI_buffer.o
 .debug_macro   0x000124c6       0x16 ./source/buffer/SPI_buffer.o
 .debug_macro   0x000124dc       0x35 ./source/buffer/SPI_buffer.o
 .debug_macro   0x00012511       0xac ./source/buffer/circular_buffer.o
 .debug_macro   0x000125bd       0xac ./source/buffer/generic_circular_buffer.o
 .debug_macro   0x00012669       0xe8 ./source/UART/uart.o
 .debug_macro   0x00012751       0x10 ./source/UART/uart.o
 .debug_macro   0x00012761       0x40 ./source/UART/uart.o
 .debug_macro   0x000127a1      0x31f ./source/SPI/SPI.o
 .debug_macro   0x00012ac0       0x3a ./source/SPI/SPI.o
 .debug_macro   0x00012afa       0x10 ./source/SPI/SPI.o
 .debug_macro   0x00012b0a       0x10 ./source/SPI/SPI.o
 .debug_macro   0x00012b1a       0xd3 ./source/PIT/PIT.o
 .debug_macro   0x00012bed       0x28 ./source/PIT/PIT.o
 .debug_macro   0x00012c15      0x174 ./source/PIT/PIT.o
 .debug_macro   0x00012d89      0x46e ./source/MPU9250/MPU9250.o
 .debug_macro   0x000131f7      0x19b ./source/MPU9250/MPU9250.o
 .debug_macro   0x00013392       0xc4 ./source/MCAL/gpio.o
 .debug_macro   0x00013456      0x1fd ./source/I2Cm/I2Cm.o
 .debug_macro   0x00013653       0x10 ./source/I2Cm/I2Cm.o
 .debug_macro   0x00013663      0x1c5 ./source/FTM/FTM.o
 .debug_macro   0x00013828       0x22 ./source/FTM/FTM.o
 .debug_macro   0x0001384a      0x243 ./source/App.o
 .debug_macro   0x00013a8d       0x10 ./source/App.o
 .debug_macro   0x00013a9d       0x9c ./SDK/startup/hardware.o
 .debug_macro   0x00013b39       0x9c ./SDK/startup/main.o
 .debug_macro   0x00013bd5       0x11 ./SDK/startup/semihost_hardfault.o
 .debug_macro   0x00013be6       0x29 ./SDK/startup/startup_mk64f12.o
 .debug_macro   0x00013c0f       0x80 ./SDK/CMSIS/system_MK64F12.o

.debug_line     0x00000000     0x5e77
 .debug_line    0x00000000      0x232 ./source/timer/SysTick.o
 .debug_line    0x00000232      0x4e1 ./source/timer/timer.o
 .debug_line    0x00000713      0x5c3 ./source/buffer/SPI_buffer.o
 .debug_line    0x00000cd6      0x37c ./source/buffer/circular_buffer.o
 .debug_line    0x00001052      0x3f7 ./source/buffer/generic_circular_buffer.o
 .debug_line    0x00001449      0x4fc ./source/UART/uart.o
 .debug_line    0x00001945      0xb3d ./source/SPI/SPI.o
 .debug_line    0x00002482      0x317 ./source/PIT/PIT.o
 .debug_line    0x00002799      0x928 ./source/MPU9250/MPU9250.o
 .debug_line    0x000030c1      0x4ed ./source/MCAL/gpio.o
 .debug_line    0x000035ae      0x790 ./source/I2Cm/I2Cm.o
 .debug_line    0x00003d3e      0x839 ./source/FTM/FTM.o
 .debug_line    0x00004577      0x809 ./source/App.o
 .debug_line    0x00004d80      0x2a7 ./SDK/startup/hardware.o
 .debug_line    0x00005027      0x1b8 ./SDK/startup/main.o
 .debug_line    0x000051df       0x5f ./SDK/startup/semihost_hardfault.o
 .debug_line    0x0000523e      0x917 ./SDK/startup/startup_mk64f12.o
 .debug_line    0x00005b55      0x322 ./SDK/CMSIS/system_MK64F12.o

.debug_str      0x00000000    0x7edad
 .debug_str     0x00000000    0x773ec ./source/timer/SysTick.o
                              0x775b7 (size before relaxing)
 .debug_str     0x000773ec     0x30b0 ./source/timer/timer.o
                               0x699c (size before relaxing)
 .debug_str     0x0007a49c     0x126e ./source/buffer/SPI_buffer.o
                               0x7962 (size before relaxing)
 .debug_str     0x0007b70a       0x7b ./source/buffer/circular_buffer.o
                              0x7707d (size before relaxing)
 .debug_str     0x0007b785      0x121 ./source/buffer/generic_circular_buffer.o
                              0x770df (size before relaxing)
 .debug_str     0x0007b8a6      0x4af ./source/UART/uart.o
                              0x77a26 (size before relaxing)
 .debug_str     0x0007bd55      0x76f ./source/SPI/SPI.o
                              0x7beba (size before relaxing)
 .debug_str     0x0007c4c4      0x229 ./source/PIT/PIT.o
                              0x77bb8 (size before relaxing)
 .debug_str     0x0007c6ed     0x133e ./source/MPU9250/MPU9250.o
                               0x7b8b (size before relaxing)
 .debug_str     0x0007da2b      0x1bb ./source/MCAL/gpio.o
                              0x77bf1 (size before relaxing)
 .debug_str     0x0007dbe6      0x246 ./source/I2Cm/I2Cm.o
                              0x7aa24 (size before relaxing)
 .debug_str     0x0007de2c      0x4d2 ./source/FTM/FTM.o
                              0x7aae5 (size before relaxing)
 .debug_str     0x0007e2fe      0x1af ./source/App.o
                               0x8480 (size before relaxing)
 .debug_str     0x0007e4ad      0x16f ./SDK/startup/hardware.o
                              0x771d6 (size before relaxing)
 .debug_str     0x0007e61c       0x1b ./SDK/startup/main.o
                              0x76fa1 (size before relaxing)
 .debug_str     0x0007e637       0x36 ./SDK/startup/semihost_hardfault.o
                               0x2d4a (size before relaxing)
 .debug_str     0x0007e66d      0x6ce ./SDK/startup/startup_mk64f12.o
                               0x35a4 (size before relaxing)
 .debug_str     0x0007ed3b       0x72 ./SDK/CMSIS/system_MK64F12.o
                              0x770f5 (size before relaxing)

.comment        0x00000000       0x49
 .comment       0x00000000       0x49 ./source/timer/SysTick.o
                                 0x4a (size before relaxing)
 .comment       0x00000049       0x4a ./source/timer/timer.o
 .comment       0x00000049       0x4a ./source/buffer/SPI_buffer.o
 .comment       0x00000049       0x4a ./source/buffer/circular_buffer.o
 .comment       0x00000049       0x4a ./source/buffer/generic_circular_buffer.o
 .comment       0x00000049       0x4a ./source/UART/uart.o
 .comment       0x00000049       0x4a ./source/SPI/SPI.o
 .comment       0x00000049       0x4a ./source/PIT/PIT.o
 .comment       0x00000049       0x4a ./source/MPU9250/MPU9250.o
 .comment       0x00000049       0x4a ./source/MCAL/gpio.o
 .comment       0x00000049       0x4a ./source/I2Cm/I2Cm.o
 .comment       0x00000049       0x4a ./source/FTM/FTM.o
 .comment       0x00000049       0x4a ./source/App.o
 .comment       0x00000049       0x4a ./SDK/startup/hardware.o
 .comment       0x00000049       0x4a ./SDK/startup/main.o
 .comment       0x00000049       0x4a ./SDK/startup/semihost_hardfault.o
 .comment       0x00000049       0x4a ./SDK/startup/startup_mk64f12.o
 .comment       0x00000049       0x4a ./SDK/CMSIS/system_MK64F12.o
 .comment       0x00000049       0x4a c:/nxp/mcuxpressoide_11.6.1_8255/ide/plugins/com.nxp.mcuxpresso.tools.win32_11.6.1.202207200623/tools/bin/../lib/gcc/arm-none-eabi/10.3.1/../../../../arm-none-eabi/lib/thumb/v7e-m+fp/hard\libcr_c.a(memcpy.o)
 .comment       0x00000049       0x4a c:/nxp/mcuxpressoide_11.6.1_8255/ide/plugins/com.nxp.mcuxpresso.tools.win32_11.6.1.202207200623/tools/bin/../lib/gcc/arm-none-eabi/10.3.1/../../../../arm-none-eabi/lib/thumb/v7e-m+fp/hard\libcr_c.a(cos.o)
 .comment       0x00000049       0x4a c:/nxp/mcuxpressoide_11.6.1_8255/ide/plugins/com.nxp.mcuxpresso.tools.win32_11.6.1.202207200623/tools/bin/../lib/gcc/arm-none-eabi/10.3.1/../../../../arm-none-eabi/lib/thumb/v7e-m+fp/hard\libcr_c.a(errno.o)
 .comment       0x00000049       0x4a c:/nxp/mcuxpressoide_11.6.1_8255/ide/plugins/com.nxp.mcuxpresso.tools.win32_11.6.1.202207200623/tools/bin/../lib/gcc/arm-none-eabi/10.3.1/../../../../arm-none-eabi/lib/thumb/v7e-m+fp/hard\libcr_c.a(fabs.o)
 .comment       0x00000049       0x4a c:/nxp/mcuxpressoide_11.6.1_8255/ide/plugins/com.nxp.mcuxpresso.tools.win32_11.6.1.202207200623/tools/bin/../lib/gcc/arm-none-eabi/10.3.1/../../../../arm-none-eabi/lib/thumb/v7e-m+fp/hard\libcr_c.a(fpprintf.o)
 .comment       0x00000049       0x4a c:/nxp/mcuxpressoide_11.6.1_8255/ide/plugins/com.nxp.mcuxpresso.tools.win32_11.6.1.202207200623/tools/bin/../lib/gcc/arm-none-eabi/10.3.1/../../../../arm-none-eabi/lib/thumb/v7e-m+fp/hard\libcr_c.a(printf.o)
 .comment       0x00000049       0x4a c:/nxp/mcuxpressoide_11.6.1_8255/ide/plugins/com.nxp.mcuxpresso.tools.win32_11.6.1.202207200623/tools/bin/../lib/gcc/arm-none-eabi/10.3.1/../../../../arm-none-eabi/lib/thumb/v7e-m+fp/hard\libcr_c.a(sin.o)
 .comment       0x00000049       0x4a c:/nxp/mcuxpressoide_11.6.1_8255/ide/plugins/com.nxp.mcuxpresso.tools.win32_11.6.1.202207200623/tools/bin/../lib/gcc/arm-none-eabi/10.3.1/../../../../arm-none-eabi/lib/thumb/v7e-m+fp/hard\libcr_c.a(strlen.o)
 .comment       0x00000049       0x4a c:/nxp/mcuxpressoide_11.6.1_8255/ide/plugins/com.nxp.mcuxpresso.tools.win32_11.6.1.202207200623/tools/bin/../lib/gcc/arm-none-eabi/10.3.1/../../../../arm-none-eabi/lib/thumb/v7e-m+fp/hard\libcr_c.a(tan.o)
 .comment       0x00000049       0x4a c:/nxp/mcuxpressoide_11.6.1_8255/ide/plugins/com.nxp.mcuxpresso.tools.win32_11.6.1.202207200623/tools/bin/../lib/gcc/arm-none-eabi/10.3.1/../../../../arm-none-eabi/lib/thumb/v7e-m+fp/hard\libcr_c.a(memset.o)
 .comment       0x00000049       0x4a c:/nxp/mcuxpressoide_11.6.1_8255/ide/plugins/com.nxp.mcuxpresso.tools.win32_11.6.1.202207200623/tools/bin/../lib/gcc/arm-none-eabi/10.3.1/../../../../arm-none-eabi/lib/thumb/v7e-m+fp/hard\libcr_c.a(_deferredlazyseek.o)
 .comment       0x00000049       0x4a c:/nxp/mcuxpressoide_11.6.1_8255/ide/plugins/com.nxp.mcuxpresso.tools.win32_11.6.1.202207200623/tools/bin/../lib/gcc/arm-none-eabi/10.3.1/../../../../arm-none-eabi/lib/thumb/v7e-m+fp/hard\libcr_c.a(_fflush.o)
 .comment       0x00000049       0x4a c:/nxp/mcuxpressoide_11.6.1_8255/ide/plugins/com.nxp.mcuxpresso.tools.win32_11.6.1.202207200623/tools/bin/../lib/gcc/arm-none-eabi/10.3.1/../../../../arm-none-eabi/lib/thumb/v7e-m+fp/hard\libcr_c.a(_frexpl.o)
 .comment       0x00000049       0x4a c:/nxp/mcuxpressoide_11.6.1_8255/ide/plugins/com.nxp.mcuxpresso.tools.win32_11.6.1.202207200623/tools/bin/../lib/gcc/arm-none-eabi/10.3.1/../../../../arm-none-eabi/lib/thumb/v7e-m+fp/hard\libcr_c.a(_ldexpl.o)
 .comment       0x00000049       0x4a c:/nxp/mcuxpressoide_11.6.1_8255/ide/plugins/com.nxp.mcuxpresso.tools.win32_11.6.1.202207200623/tools/bin/../lib/gcc/arm-none-eabi/10.3.1/../../../../arm-none-eabi/lib/thumb/v7e-m+fp/hard\libcr_c.a(_sincos.o)
 .comment       0x00000049       0x4a c:/nxp/mcuxpressoide_11.6.1_8255/ide/plugins/com.nxp.mcuxpresso.tools.win32_11.6.1.202207200623/tools/bin/../lib/gcc/arm-none-eabi/10.3.1/../../../../arm-none-eabi/lib/thumb/v7e-m+fp/hard\libcr_c.a(_tancot.o)
 .comment       0x00000049       0x4a c:/nxp/mcuxpressoide_11.6.1_8255/ide/plugins/com.nxp.mcuxpresso.tools.win32_11.6.1.202207200623/tools/bin/../lib/gcc/arm-none-eabi/10.3.1/../../../../arm-none-eabi/lib/thumb/v7e-m+fp/hard\libcr_c.a(_writebuf.o)
 .comment       0x00000049       0x4a c:/nxp/mcuxpressoide_11.6.1_8255/ide/plugins/com.nxp.mcuxpresso.tools.win32_11.6.1.202207200623/tools/bin/../lib/gcc/arm-none-eabi/10.3.1/../../../../arm-none-eabi/lib/thumb/v7e-m+fp/hard\libcr_c.a(alloc.o)
 .comment       0x00000049       0x4a c:/nxp/mcuxpressoide_11.6.1_8255/ide/plugins/com.nxp.mcuxpresso.tools.win32_11.6.1.202207200623/tools/bin/../lib/gcc/arm-none-eabi/10.3.1/../../../../arm-none-eabi/lib/thumb/v7e-m+fp/hard\libcr_c.a(fseek.o)
 .comment       0x00000049       0x4a c:/nxp/mcuxpressoide_11.6.1_8255/ide/plugins/com.nxp.mcuxpresso.tools.win32_11.6.1.202207200623/tools/bin/../lib/gcc/arm-none-eabi/10.3.1/../../../../arm-none-eabi/lib/thumb/v7e-m+fp/hard\libcr_c.a(ftell.o)
 .comment       0x00000049       0x4a c:/nxp/mcuxpressoide_11.6.1_8255/ide/plugins/com.nxp.mcuxpresso.tools.win32_11.6.1.202207200623/tools/bin/../lib/gcc/arm-none-eabi/10.3.1/../../../../arm-none-eabi/lib/thumb/v7e-m+fp/hard\libcr_c.a(__init_alloc.o)
 .comment       0x00000049       0x4a c:/nxp/mcuxpressoide_11.6.1_8255/ide/plugins/com.nxp.mcuxpresso.tools.win32_11.6.1.202207200623/tools/bin/../lib/gcc/arm-none-eabi/10.3.1/../../../../arm-none-eabi/lib/thumb/v7e-m+fp/hard\libcr_c.a(_cr_sbrk.o)
 .comment       0x00000049       0x4a c:/nxp/mcuxpressoide_11.6.1_8255/ide/plugins/com.nxp.mcuxpresso.tools.win32_11.6.1.202207200623/tools/bin/../lib/gcc/arm-none-eabi/10.3.1/../../../../arm-none-eabi/lib/thumb/v7e-m+fp/hard\libcr_c.a(_cr_check_heap.o)
 .comment       0x00000049       0x4a c:/nxp/mcuxpressoide_11.6.1_8255/ide/plugins/com.nxp.mcuxpresso.tools.win32_11.6.1.202207200623/tools/bin/../lib/gcc/arm-none-eabi/10.3.1/thumb/v7e-m+fp/hard\libcr_eabihelpers.a(double.o)

.ARM.attributes
                0x00000000       0x32
 .ARM.attributes
                0x00000000       0x34 ./source/timer/SysTick.o
 .ARM.attributes
                0x00000034       0x34 ./source/timer/timer.o
 .ARM.attributes
                0x00000068       0x34 ./source/buffer/SPI_buffer.o
 .ARM.attributes
                0x0000009c       0x34 ./source/buffer/circular_buffer.o
 .ARM.attributes
                0x000000d0       0x34 ./source/buffer/generic_circular_buffer.o
 .ARM.attributes
                0x00000104       0x34 ./source/UART/uart.o
 .ARM.attributes
                0x00000138       0x34 ./source/SPI/SPI.o
 .ARM.attributes
                0x0000016c       0x34 ./source/PIT/PIT.o
 .ARM.attributes
                0x000001a0       0x34 ./source/MPU9250/MPU9250.o
 .ARM.attributes
                0x000001d4       0x34 ./source/MCAL/gpio.o
 .ARM.attributes
                0x00000208       0x34 ./source/I2Cm/I2Cm.o
 .ARM.attributes
                0x0000023c       0x34 ./source/FTM/FTM.o
 .ARM.attributes
                0x00000270       0x34 ./source/App.o
 .ARM.attributes
                0x000002a4       0x34 ./SDK/startup/hardware.o
 .ARM.attributes
                0x000002d8       0x34 ./SDK/startup/main.o
 .ARM.attributes
                0x0000030c       0x34 ./SDK/startup/semihost_hardfault.o
 .ARM.attributes
                0x00000340       0x34 ./SDK/startup/startup_mk64f12.o
 .ARM.attributes
                0x00000374       0x34 ./SDK/CMSIS/system_MK64F12.o
 .ARM.attributes
                0x000003a8       0x34 c:/nxp/mcuxpressoide_11.6.1_8255/ide/plugins/com.nxp.mcuxpresso.tools.win32_11.6.1.202207200623/tools/bin/../lib/gcc/arm-none-eabi/10.3.1/../../../../arm-none-eabi/lib/thumb/v7e-m+fp/hard\libcr_c.a(memcpy.o)
 .ARM.attributes
                0x000003dc       0x34 c:/nxp/mcuxpressoide_11.6.1_8255/ide/plugins/com.nxp.mcuxpresso.tools.win32_11.6.1.202207200623/tools/bin/../lib/gcc/arm-none-eabi/10.3.1/../../../../arm-none-eabi/lib/thumb/v7e-m+fp/hard\libcr_c.a(cos.o)
 .ARM.attributes
                0x00000410       0x34 c:/nxp/mcuxpressoide_11.6.1_8255/ide/plugins/com.nxp.mcuxpresso.tools.win32_11.6.1.202207200623/tools/bin/../lib/gcc/arm-none-eabi/10.3.1/../../../../arm-none-eabi/lib/thumb/v7e-m+fp/hard\libcr_c.a(errno.o)
 .ARM.attributes
                0x00000444       0x34 c:/nxp/mcuxpressoide_11.6.1_8255/ide/plugins/com.nxp.mcuxpresso.tools.win32_11.6.1.202207200623/tools/bin/../lib/gcc/arm-none-eabi/10.3.1/../../../../arm-none-eabi/lib/thumb/v7e-m+fp/hard\libcr_c.a(fabs.o)
 .ARM.attributes
                0x00000478       0x34 c:/nxp/mcuxpressoide_11.6.1_8255/ide/plugins/com.nxp.mcuxpresso.tools.win32_11.6.1.202207200623/tools/bin/../lib/gcc/arm-none-eabi/10.3.1/../../../../arm-none-eabi/lib/thumb/v7e-m+fp/hard\libcr_c.a(fpprintf.o)
 .ARM.attributes
                0x000004ac       0x34 c:/nxp/mcuxpressoide_11.6.1_8255/ide/plugins/com.nxp.mcuxpresso.tools.win32_11.6.1.202207200623/tools/bin/../lib/gcc/arm-none-eabi/10.3.1/../../../../arm-none-eabi/lib/thumb/v7e-m+fp/hard\libcr_c.a(printf.o)
 .ARM.attributes
                0x000004e0       0x34 c:/nxp/mcuxpressoide_11.6.1_8255/ide/plugins/com.nxp.mcuxpresso.tools.win32_11.6.1.202207200623/tools/bin/../lib/gcc/arm-none-eabi/10.3.1/../../../../arm-none-eabi/lib/thumb/v7e-m+fp/hard\libcr_c.a(sin.o)
 .ARM.attributes
                0x00000514       0x34 c:/nxp/mcuxpressoide_11.6.1_8255/ide/plugins/com.nxp.mcuxpresso.tools.win32_11.6.1.202207200623/tools/bin/../lib/gcc/arm-none-eabi/10.3.1/../../../../arm-none-eabi/lib/thumb/v7e-m+fp/hard\libcr_c.a(strlen.o)
 .ARM.attributes
                0x00000548       0x34 c:/nxp/mcuxpressoide_11.6.1_8255/ide/plugins/com.nxp.mcuxpresso.tools.win32_11.6.1.202207200623/tools/bin/../lib/gcc/arm-none-eabi/10.3.1/../../../../arm-none-eabi/lib/thumb/v7e-m+fp/hard\libcr_c.a(tan.o)
 .ARM.attributes
                0x0000057c       0x34 c:/nxp/mcuxpressoide_11.6.1_8255/ide/plugins/com.nxp.mcuxpresso.tools.win32_11.6.1.202207200623/tools/bin/../lib/gcc/arm-none-eabi/10.3.1/../../../../arm-none-eabi/lib/thumb/v7e-m+fp/hard\libcr_c.a(memset.o)
 .ARM.attributes
                0x000005b0       0x34 c:/nxp/mcuxpressoide_11.6.1_8255/ide/plugins/com.nxp.mcuxpresso.tools.win32_11.6.1.202207200623/tools/bin/../lib/gcc/arm-none-eabi/10.3.1/../../../../arm-none-eabi/lib/thumb/v7e-m+fp/hard\libcr_c.a(_deferredlazyseek.o)
 .ARM.attributes
                0x000005e4       0x34 c:/nxp/mcuxpressoide_11.6.1_8255/ide/plugins/com.nxp.mcuxpresso.tools.win32_11.6.1.202207200623/tools/bin/../lib/gcc/arm-none-eabi/10.3.1/../../../../arm-none-eabi/lib/thumb/v7e-m+fp/hard\libcr_c.a(_fflush.o)
 .ARM.attributes
                0x00000618       0x34 c:/nxp/mcuxpressoide_11.6.1_8255/ide/plugins/com.nxp.mcuxpresso.tools.win32_11.6.1.202207200623/tools/bin/../lib/gcc/arm-none-eabi/10.3.1/../../../../arm-none-eabi/lib/thumb/v7e-m+fp/hard\libcr_c.a(_frexpl.o)
 .ARM.attributes
                0x0000064c       0x34 c:/nxp/mcuxpressoide_11.6.1_8255/ide/plugins/com.nxp.mcuxpresso.tools.win32_11.6.1.202207200623/tools/bin/../lib/gcc/arm-none-eabi/10.3.1/../../../../arm-none-eabi/lib/thumb/v7e-m+fp/hard\libcr_c.a(_ldexpl.o)
 .ARM.attributes
                0x00000680       0x34 c:/nxp/mcuxpressoide_11.6.1_8255/ide/plugins/com.nxp.mcuxpresso.tools.win32_11.6.1.202207200623/tools/bin/../lib/gcc/arm-none-eabi/10.3.1/../../../../arm-none-eabi/lib/thumb/v7e-m+fp/hard\libcr_c.a(_sincos.o)
 .ARM.attributes
                0x000006b4       0x34 c:/nxp/mcuxpressoide_11.6.1_8255/ide/plugins/com.nxp.mcuxpresso.tools.win32_11.6.1.202207200623/tools/bin/../lib/gcc/arm-none-eabi/10.3.1/../../../../arm-none-eabi/lib/thumb/v7e-m+fp/hard\libcr_c.a(_tancot.o)
 .ARM.attributes
                0x000006e8       0x34 c:/nxp/mcuxpressoide_11.6.1_8255/ide/plugins/com.nxp.mcuxpresso.tools.win32_11.6.1.202207200623/tools/bin/../lib/gcc/arm-none-eabi/10.3.1/../../../../arm-none-eabi/lib/thumb/v7e-m+fp/hard\libcr_c.a(_writebuf.o)
 .ARM.attributes
                0x0000071c       0x34 c:/nxp/mcuxpressoide_11.6.1_8255/ide/plugins/com.nxp.mcuxpresso.tools.win32_11.6.1.202207200623/tools/bin/../lib/gcc/arm-none-eabi/10.3.1/../../../../arm-none-eabi/lib/thumb/v7e-m+fp/hard\libcr_c.a(alloc.o)
 .ARM.attributes
                0x00000750       0x34 c:/nxp/mcuxpressoide_11.6.1_8255/ide/plugins/com.nxp.mcuxpresso.tools.win32_11.6.1.202207200623/tools/bin/../lib/gcc/arm-none-eabi/10.3.1/../../../../arm-none-eabi/lib/thumb/v7e-m+fp/hard\libcr_c.a(fseek.o)
 .ARM.attributes
                0x00000784       0x34 c:/nxp/mcuxpressoide_11.6.1_8255/ide/plugins/com.nxp.mcuxpresso.tools.win32_11.6.1.202207200623/tools/bin/../lib/gcc/arm-none-eabi/10.3.1/../../../../arm-none-eabi/lib/thumb/v7e-m+fp/hard\libcr_c.a(ftell.o)
 .ARM.attributes
                0x000007b8       0x34 c:/nxp/mcuxpressoide_11.6.1_8255/ide/plugins/com.nxp.mcuxpresso.tools.win32_11.6.1.202207200623/tools/bin/../lib/gcc/arm-none-eabi/10.3.1/../../../../arm-none-eabi/lib/thumb/v7e-m+fp/hard\libcr_c.a(__init_alloc.o)
 .ARM.attributes
                0x000007ec       0x34 c:/nxp/mcuxpressoide_11.6.1_8255/ide/plugins/com.nxp.mcuxpresso.tools.win32_11.6.1.202207200623/tools/bin/../lib/gcc/arm-none-eabi/10.3.1/../../../../arm-none-eabi/lib/thumb/v7e-m+fp/hard\libcr_c.a(_cr_sbrk.o)
 .ARM.attributes
                0x00000820       0x34 c:/nxp/mcuxpressoide_11.6.1_8255/ide/plugins/com.nxp.mcuxpresso.tools.win32_11.6.1.202207200623/tools/bin/../lib/gcc/arm-none-eabi/10.3.1/../../../../arm-none-eabi/lib/thumb/v7e-m+fp/hard\libcr_c.a(_cr_check_heap.o)
 .ARM.attributes
                0x00000854       0x20 c:/nxp/mcuxpressoide_11.6.1_8255/ide/plugins/com.nxp.mcuxpresso.tools.win32_11.6.1.202207200623/tools/bin/../lib/gcc/arm-none-eabi/10.3.1/thumb/v7e-m+fp/hard\libcr_eabihelpers.a(division_64.o)
 .ARM.attributes
                0x00000874       0x20 c:/nxp/mcuxpressoide_11.6.1_8255/ide/plugins/com.nxp.mcuxpresso.tools.win32_11.6.1.202207200623/tools/bin/../lib/gcc/arm-none-eabi/10.3.1/thumb/v7e-m+fp/hard\libcr_eabihelpers.a(division_idiv0.o)
 .ARM.attributes
                0x00000894       0x34 c:/nxp/mcuxpressoide_11.6.1_8255/ide/plugins/com.nxp.mcuxpresso.tools.win32_11.6.1.202207200623/tools/bin/../lib/gcc/arm-none-eabi/10.3.1/thumb/v7e-m+fp/hard\libcr_eabihelpers.a(double.o)
 .ARM.attributes
                0x000008c8       0x20 c:/nxp/mcuxpressoide_11.6.1_8255/ide/plugins/com.nxp.mcuxpresso.tools.win32_11.6.1.202207200623/tools/bin/../lib/gcc/arm-none-eabi/10.3.1/thumb/v7e-m+fp/hard\libcr_eabihelpers.a(memcpy.o)
 .ARM.attributes
                0x000008e8       0x20 c:/nxp/mcuxpressoide_11.6.1_8255/ide/plugins/com.nxp.mcuxpresso.tools.win32_11.6.1.202207200623/tools/bin/../lib/gcc/arm-none-eabi/10.3.1/../../../../arm-none-eabi/lib/thumb/v7e-m+fp/hard\libcr_semihost_nf.a(__sys_appexit.o)
 .ARM.attributes
                0x00000908       0x20 c:/nxp/mcuxpressoide_11.6.1_8255/ide/plugins/com.nxp.mcuxpresso.tools.win32_11.6.1.202207200623/tools/bin/../lib/gcc/arm-none-eabi/10.3.1/../../../../arm-none-eabi/lib/thumb/v7e-m+fp/hard\libcr_semihost_nf.a(__sys_flen.o)
 .ARM.attributes
                0x00000928       0x20 c:/nxp/mcuxpressoide_11.6.1_8255/ide/plugins/com.nxp.mcuxpresso.tools.win32_11.6.1.202207200623/tools/bin/../lib/gcc/arm-none-eabi/10.3.1/../../../../arm-none-eabi/lib/thumb/v7e-m+fp/hard\libcr_semihost_nf.a(__sys_istty.o)
 .ARM.attributes
                0x00000948       0x20 c:/nxp/mcuxpressoide_11.6.1_8255/ide/plugins/com.nxp.mcuxpresso.tools.win32_11.6.1.202207200623/tools/bin/../lib/gcc/arm-none-eabi/10.3.1/../../../../arm-none-eabi/lib/thumb/v7e-m+fp/hard\libcr_semihost_nf.a(__sys_seek.o)
 .ARM.attributes
                0x00000968       0x20 c:/nxp/mcuxpressoide_11.6.1_8255/ide/plugins/com.nxp.mcuxpresso.tools.win32_11.6.1.202207200623/tools/bin/../lib/gcc/arm-none-eabi/10.3.1/../../../../arm-none-eabi/lib/thumb/v7e-m+fp/hard\libcr_semihost_nf.a(__sys_write.o)

.debug_frame    0x00000000     0x1ccc
 .debug_frame   0x00000000       0x88 ./source/timer/SysTick.o
 .debug_frame   0x00000088      0x10c ./source/timer/timer.o
 .debug_frame   0x00000194      0x148 ./source/buffer/SPI_buffer.o
 .debug_frame   0x000002dc      0x140 ./source/buffer/circular_buffer.o
 .debug_frame   0x0000041c      0x144 ./source/buffer/generic_circular_buffer.o
 .debug_frame   0x00000560      0x214 ./source/UART/uart.o
 .debug_frame   0x00000774      0x154 ./source/SPI/SPI.o
 .debug_frame   0x000008c8      0x15c ./source/PIT/PIT.o
 .debug_frame   0x00000a24      0x160 ./source/MPU9250/MPU9250.o
 .debug_frame   0x00000b84      0x214 ./source/MCAL/gpio.o
 .debug_frame   0x00000d98      0x128 ./source/I2Cm/I2Cm.o
 .debug_frame   0x00000ec0      0x248 ./source/FTM/FTM.o
 .debug_frame   0x00001108      0x190 ./source/App.o
 .debug_frame   0x00001298       0x70 ./SDK/startup/hardware.o
 .debug_frame   0x00001308       0x2c ./SDK/startup/main.o
 .debug_frame   0x00001334       0x20 ./SDK/startup/semihost_hardfault.o
 .debug_frame   0x00001354      0x904 ./SDK/startup/startup_mk64f12.o
 .debug_frame   0x00001c58       0x74 ./SDK/CMSIS/system_MK64F12.o