Archive member included to satisfy reference by file (symbol)

C:\Users\sch_b\OneDrive\Documentos\QUADCOPTER\Quadcopter\TPQUAD\SDK\CMSIS\DSP\libarm_cortexM4lf_math.a(arm_sin_f32.o)
                              ./source/App.o (arm_sin_f32)
C:\Users\sch_b\OneDrive\Documentos\QUADCOPTER\Quadcopter\TPQUAD\SDK\CMSIS\DSP\libarm_cortexM4lf_math.a(arm_cos_f32.o)
                              ./source/App.o (arm_cos_f32)
C:\Users\sch_b\OneDrive\Documentos\QUADCOPTER\Quadcopter\TPQUAD\SDK\CMSIS\DSP\libarm_cortexM4lf_math.a(arm_common_tables.o)
                              C:\Users\sch_b\OneDrive\Documentos\QUADCOPTER\Quadcopter\TPQUAD\SDK\CMSIS\DSP\libarm_cortexM4lf_math.a(arm_sin_f32.o) (sinTable_f32)
c:/nxp/mcuxpressoide_11.6.1_8255/ide/plugins/com.nxp.mcuxpresso.tools.win32_11.6.1.202207200623/tools/bin/../lib/gcc/arm-none-eabi/10.3.1/../../../../arm-none-eabi/lib/thumb/v7e-m+fp/hard\libcr_c.a(asinf.o)
                              ./source/Fusion/FusionAhrs.o (asinf)
c:/nxp/mcuxpressoide_11.6.1_8255/ide/plugins/com.nxp.mcuxpresso.tools.win32_11.6.1.202207200623/tools/bin/../lib/gcc/arm-none-eabi/10.3.1/../../../../arm-none-eabi/lib/thumb/v7e-m+fp/hard\libcr_c.a(atan2f.o)
                              ./source/Fusion/FusionAhrs.o (atan2f)
c:/nxp/mcuxpressoide_11.6.1_8255/ide/plugins/com.nxp.mcuxpresso.tools.win32_11.6.1.202207200623/tools/bin/../lib/gcc/arm-none-eabi/10.3.1/../../../../arm-none-eabi/lib/thumb/v7e-m+fp/hard\libcr_c.a(atanf.o)
                              c:/nxp/mcuxpressoide_11.6.1_8255/ide/plugins/com.nxp.mcuxpresso.tools.win32_11.6.1.202207200623/tools/bin/../lib/gcc/arm-none-eabi/10.3.1/../../../../arm-none-eabi/lib/thumb/v7e-m+fp/hard\libcr_c.a(atan2f.o) (atanf)
c:/nxp/mcuxpressoide_11.6.1_8255/ide/plugins/com.nxp.mcuxpresso.tools.win32_11.6.1.202207200623/tools/bin/../lib/gcc/arm-none-eabi/10.3.1/../../../../arm-none-eabi/lib/thumb/v7e-m+fp/hard\libcr_c.a(cosf.o)
                              ./source/Fusion/FusionAhrs.o (cosf)
c:/nxp/mcuxpressoide_11.6.1_8255/ide/plugins/com.nxp.mcuxpresso.tools.win32_11.6.1.202207200623/tools/bin/../lib/gcc/arm-none-eabi/10.3.1/../../../../arm-none-eabi/lib/thumb/v7e-m+fp/hard\libcr_c.a(fabsf.o)
                              c:/nxp/mcuxpressoide_11.6.1_8255/ide/plugins/com.nxp.mcuxpresso.tools.win32_11.6.1.202207200623/tools/bin/../lib/gcc/arm-none-eabi/10.3.1/../../../../arm-none-eabi/lib/thumb/v7e-m+fp/hard\libcr_c.a(atan2f.o) (fabsf)
c:/nxp/mcuxpressoide_11.6.1_8255/ide/plugins/com.nxp.mcuxpresso.tools.win32_11.6.1.202207200623/tools/bin/../lib/gcc/arm-none-eabi/10.3.1/../../../../arm-none-eabi/lib/thumb/v7e-m+fp/hard\libcr_c.a(powf.o)
                              ./source/Fusion/FusionAhrs.o (powf)
c:/nxp/mcuxpressoide_11.6.1_8255/ide/plugins/com.nxp.mcuxpresso.tools.win32_11.6.1.202207200623/tools/bin/../lib/gcc/arm-none-eabi/10.3.1/../../../../arm-none-eabi/lib/thumb/v7e-m+fp/hard\libcr_c.a(sinf.o)
                              ./source/Fusion/FusionAhrs.o (sinf)
c:/nxp/mcuxpressoide_11.6.1_8255/ide/plugins/com.nxp.mcuxpresso.tools.win32_11.6.1.202207200623/tools/bin/../lib/gcc/arm-none-eabi/10.3.1/../../../../arm-none-eabi/lib/thumb/v7e-m+fp/hard\libcr_c.a(sqrtf_m4_hardfp.o)
                              ./source/Fusion/FusionAhrs.o (sqrtf)
c:/nxp/mcuxpressoide_11.6.1_8255/ide/plugins/com.nxp.mcuxpresso.tools.win32_11.6.1.202207200623/tools/bin/../lib/gcc/arm-none-eabi/10.3.1/../../../../arm-none-eabi/lib/thumb/v7e-m+fp/hard\libcr_c.a(memcpy.o)
                              ./source/buffer/SPI_buffer.o (memcpy)
c:/nxp/mcuxpressoide_11.6.1_8255/ide/plugins/com.nxp.mcuxpresso.tools.win32_11.6.1.202207200623/tools/bin/../lib/gcc/arm-none-eabi/10.3.1/../../../../arm-none-eabi/lib/thumb/v7e-m+fp/hard\libcr_c.a(memset.o)
                              ./source/Sensores/MPU6050.o (memset)
c:/nxp/mcuxpressoide_11.6.1_8255/ide/plugins/com.nxp.mcuxpresso.tools.win32_11.6.1.202207200623/tools/bin/../lib/gcc/arm-none-eabi/10.3.1/../../../../arm-none-eabi/lib/thumb/v7e-m+fp/hard\libcr_c.a(cos.o)
                              ./source/App.o (cos)
c:/nxp/mcuxpressoide_11.6.1_8255/ide/plugins/com.nxp.mcuxpresso.tools.win32_11.6.1.202207200623/tools/bin/../lib/gcc/arm-none-eabi/10.3.1/../../../../arm-none-eabi/lib/thumb/v7e-m+fp/hard\libcr_c.a(errno.o)
                              c:/nxp/mcuxpressoide_11.6.1_8255/ide/plugins/com.nxp.mcuxpresso.tools.win32_11.6.1.202207200623/tools/bin/../lib/gcc/arm-none-eabi/10.3.1/../../../../arm-none-eabi/lib/thumb/v7e-m+fp/hard\libcr_c.a(atan2f.o) (errno)
c:/nxp/mcuxpressoide_11.6.1_8255/ide/plugins/com.nxp.mcuxpresso.tools.win32_11.6.1.202207200623/tools/bin/../lib/gcc/arm-none-eabi/10.3.1/../../../../arm-none-eabi/lib/thumb/v7e-m+fp/hard\libcr_c.a(fabs.o)
                              ./source/Fusion/FusionOffset.o (fabs)
[...]
Memory Configuration

Name             Origin             Length             Attributes
PROGRAM_FLASH    0x00000000         0x00100000         xr
SRAM_UPPER       0x20000000         0x00030000         xrw
SRAM_LOWER       0x1fff0000         0x00010000         xrw
FLEX_RAM         0x14000000         0x00001000         xrw
*default*        0x00000000         0xffffffff

Linker script and memory map

LOAD ./source/timer/SysTick.o
LOAD ./source/timer/timer.o
LOAD ./source/event_queue/event_queue.o
LOAD ./source/buffer/SPI_buffer.o
LOAD ./source/buffer/circular_buffer.o
LOAD ./source/buffer/circular_buffer_16.o
LOAD ./source/buffer/generic_circular_buffer.o
LOAD ./source/UART/uart.o
LOAD ./source/Sistema de Control/MatrixOps.o
LOAD ./source/Sistema de Control/SistemaDeControl.o
LOAD ./source/Sensores/MPU6050.o
LOAD ./source/Sensores/MPU9250_SPI.o
LOAD ./source/SPI/SPI.o
LOAD ./source/PIT/PIT.o
LOAD ./source/NRF/NRF.o
LOAD ./source/NRF/RF.o
LOAD ./source/MCAL/gpio.o
LOAD ./source/I2Cm/I2Cm.o
LOAD ./source/Fusion/FusionAhrs.o
LOAD ./source/Fusion/FusionCompass.o
LOAD ./source/Fusion/FusionOffset.o
LOAD ./source/FTM/FTM.o
LOAD ./source/ESCDriver/ESCDriver.o
LOAD ./source/ControlPC/ControlPC.o
LOAD ./source/CMP/CMP.o
LOAD ./source/CAN/CAN.o
LOAD ./source/Biquad/Biquad.o
LOAD ./source/ADC/ADC.o
LOAD ./source/ADC/ADC_hal.o
LOAD ./source/App.o
LOAD ./SDK/startup/hardware.o
LOAD ./SDK/startup/main.o
LOAD ./SDK/startup/semihost_hardfault.o
LOAD ./SDK/startup/startup_mk64f12.o
LOAD ./SDK/CMSIS/system_MK64F12.o
LOAD C:\Users\sch_b\OneDrive\Documentos\QUADCOPTER\Quadcopter\TPQUAD\SDK\CMSIS\DSP\libarm_cortexM4lf_math.a
START GROUP
LOAD c:/nxp/mcuxpressoide_11.6.1_8255/ide/plugins/com.nxp.mcuxpresso.tools.win32_11.6.1.202207200623/tools/bin/../lib/gcc/arm-none-eabi/10.3.1/../../../../arm-none-eabi/lib/thumb/v7e-m+fp/hard\libcr_semihost_nf.a
LOAD c:/nxp/mcuxpressoide_11.6.1_8255/ide/plugins/com.nxp.mcuxpresso.tools.win32_11.6.1.202207200623/tools/bin/../lib/gcc/arm-none-eabi/10.3.1/../../../../arm-none-eabi/lib/thumb/v7e-m+fp/hard\libcr_c.a
LOAD c:/nxp/mcuxpressoide_11.6.1_8255/ide/plugins/com.nxp.mcuxpresso.tools.win32_11.6.1.202207200623/tools/bin/../lib/gcc/arm-none-eabi/10.3.1/thumb/v7e-m+fp/hard\libcr_eabihelpers.a
LOAD c:/nxp/mcuxpressoide_11.6.1_8255/ide/plugins/com.nxp.mcuxpresso.tools.win32_11.6.1.202207200623/tools/bin/../lib/gcc/arm-none-eabi/10.3.1/thumb/v7e-m+fp/hard\libgcc.a
END GROUP
                0x00000000                __base_PROGRAM_FLASH = 0x0
                0x00000000                __base_Flash = 0x0
                0x00100000                __top_PROGRAM_FLASH = 0x100000
                0x00100000                __top_Flash = 0x100000
                0x20000000                __base_SRAM_UPPER = 0x20000000
                0x20000000                __base_RAM = 0x20000000
                0x20030000                __top_SRAM_UPPER = 0x20030000
                0x20030000                __top_RAM = 0x20030000
                0x1fff0000                __base_SRAM_LOWER = 0x1fff0000
                0x1fff0000                __base_RAM2 = 0x1fff0000
                0x20000000                __top_SRAM_LOWER = 0x20000000
                0x20000000                __top_RAM2 = 0x20000000
                0x14000000                __base_FLEX_RAM = 0x14000000
                0x14000000                __base_RAM3 = 0x14000000
                0x14001000                __top_FLEX_RAM = 0x14001000
                0x14001000                __top_RAM3 = 0x14001000

.text           0x00000000     0x9ef8
 FILL mask 0xff
                0x00000000                __vectors_start__ = ABSOLUTE (.)
 *(SORT_BY_ALIGNMENT(.isr_vector))
 .isr_vector    0x00000000      0x198 ./SDK/startup/startup_mk64f12.o
                0x00000000                g_pfnVectors
                0x00000000                __Vectors
                0x00000198                . = ALIGN (0x4)
                0x00000198                __section_table_start = .
                0x00000198                __data_section_table = .
                0x00000198        0x4 LONG 0x9ef8 LOADADDR (.data)
                0x0000019c        0x4 LONG 0x20000000 ADDR (.data)
                0x000001a0        0x4 LONG 0x168 SIZEOF (.data)
                0x000001a4        0x4 LONG 0x9ef8 LOADADDR (.data_RAM2)
                0x000001a8        0x4 LONG 0x1fff0000 ADDR (.data_RAM2)
                0x000001ac        0x4 LONG 0x0 SIZEOF (.data_RAM2)
                0x000001b0        0x4 LONG 0x9ef8 LOADADDR (.data_RAM3)
                0x000001b4        0x4 LONG 0x14000000 ADDR (.data_RAM3)
                0x000001b8        0x4 LONG 0x0 SIZEOF (.data_RAM3)
                0x000001bc                __data_section_table_end = .
                0x000001bc                __bss_section_table = .
                0x000001bc        0x4 LONG 0x20000168 ADDR (.bss)
                0x000001c0        0x4 LONG 0x1600 SIZEOF (.bss)
                0x000001c4        0x4 LONG 0x1fff0000 ADDR (.bss_RAM2)
                0x000001c8        0x4 LONG 0x0 SIZEOF (.bss_RAM2)
                0x000001cc        0x4 LONG 0x14000000 ADDR (.bss_RAM3)
                0x000001d0        0x4 LONG 0x0 SIZEOF (.bss_RAM3)
                0x000001d4                __bss_section_table_end = .
                0x000001d4                __section_table_end = .
 *(SORT_BY_ALIGNMENT(.after_vectors*))
 .after_vectors.reset
                0x000001d4       0x4c ./SDK/startup/startup_mk64f12.o
                0x000001d4                ResetISR
 .after_vectors.init_data
                0x00000220       0x1e ./SDK/startup/startup_mk64f12.o
                0x00000220                data_init
 .after_vectors.init_bss
                0x0000023e       0x12 ./SDK/startup/startup_mk64f12.o
                0x0000023e                bss_init
 .after_vectors
                0x00000250       0x14 ./SDK/startup/startup_mk64f12.o
                0x00000250                NMI_Handler
                0x00000254                MemManage_Handler
                0x00000256                BusFault_Handler
                0x00000258                UsageFault_Handler
                0x0000025a                SVC_Handler
                0x0000025c                DebugMon_Handler
                0x0000025e                PendSV_Handler
                0x00000262                DMA_Error_DriverIRQHandler
                0x00000262                LPTMR0_DriverIRQHandler
                0x00000262                FTM1_DriverIRQHandler
                0x00000262                FTM2_DriverIRQHandler
                0x00000262                PIT2_DriverIRQHandler
                0x00000262                SDHC_DriverIRQHandler
                0x00000262                I2S0_Tx_DriverIRQHandler
                0x00000262                RTC_Seconds_DriverIRQHandler
                0x00000262                DMA6_DriverIRQHandler
                0x00000262                LLWU_DriverIRQHandler
                0x00000262                MCM_DriverIRQHandler
                0x00000262                MCG_DriverIRQHandler
                0x00000262                ENET_1588_Timer_DriverIRQHandler
                0x00000262                I2C2_DriverIRQHandler
                0x00000262                DAC1_DriverIRQHandler
                0x00000262                SPI1_DriverIRQHandler
                0x00000262                CMP1_DriverIRQHandler
                0x00000262                UART5_RX_TX_DriverIRQHandler
                0x00000262                FTM0_DriverIRQHandler
                0x00000262                IntDefaultHandler
                0x00000262                USB0_DriverIRQHandler
                0x00000262                UART5_ERR_DriverIRQHandler
                0x00000262                PORTC_DriverIRQHandler
                0x00000262                DMA11_DriverIRQHandler
                0x00000262                DAC0_DriverIRQHandler
                0x00000262                DMA10_DriverIRQHandler
                0x00000262                CMP2_DriverIRQHandler
                0x00000262                UART2_ERR_DriverIRQHandler
                0x00000262                SPI2_DriverIRQHandler
                0x00000262                LVD_LVW_DriverIRQHandler
                0x00000262                PIT0_DriverIRQHandler
                0x00000262                RNG_DriverIRQHandler
                0x00000262                DMA5_DriverIRQHandler
                0x00000262                DMA12_DriverIRQHandler
                0x00000262                UART2_RX_TX_DriverIRQHandler
                0x00000262                USBDCD_DriverIRQHandler
                0x00000262                UART3_ERR_DriverIRQHandler
                0x00000262                DMA3_DriverIRQHandler
                0x00000262                DMA8_DriverIRQHandler
                0x00000262                DMA9_DriverIRQHandler
                0x00000262                UART0_ERR_DriverIRQHandler
                0x00000262                CMT_DriverIRQHandler
                0x00000262                Reserved71_DriverIRQHandler
                0x00000262                ADC1_DriverIRQHandler
                0x00000262                PORTA_DriverIRQHandler
                0x00000262                DMA14_DriverIRQHandler
                0x00000262                PIT3_DriverIRQHandler
                0x00000262                PIT1_DriverIRQHandler
                0x00000262                WDOG_EWM_DriverIRQHandler
                0x00000262                PDB0_DriverIRQHandler
                0x00000262                RTC_DriverIRQHandler
                0x00000262                I2S0_Rx_DriverIRQHandler
                0x00000262                Read_Collision_DriverIRQHandler
                0x00000262                SWI_DriverIRQHandler
                0x00000262                UART4_RX_TX_DriverIRQHandler
                0x00000262                UART4_ERR_DriverIRQHandler
                0x00000262                PORTB_DriverIRQHandler
                0x00000262                UART0_LON_DriverIRQHandler
                0x00000262                DMA0_DriverIRQHandler
                0x00000262                DMA1_DriverIRQHandler
                0x00000262                I2C1_DriverIRQHandler
                0x00000262                UART3_RX_TX_DriverIRQHandler
                0x00000262                ENET_Receive_DriverIRQHandler
                0x00000262                DMA13_DriverIRQHandler
                0x00000262                ENET_Error_DriverIRQHandler
                0x00000262                DMA15_DriverIRQHandler
                0x00000262                UART0_RX_TX_DriverIRQHandler
                0x00000262                SPI0_DriverIRQHandler
                0x00000262                ADC0_DriverIRQHandler
                0x00000262                CMP0_DriverIRQHandler
                0x00000262                CAN0_DriverIRQHandler
                0x00000262                FTM3_DriverIRQHandler
                0x00000262                DMA4_DriverIRQHandler
                0x00000262                UART1_ERR_DriverIRQHandler
                0x00000262                DMA2_DriverIRQHandler
                0x00000262                ENET_Transmit_DriverIRQHandler
                0x00000262                PORTD_DriverIRQHandler
                0x00000262                PORTE_DriverIRQHandler
                0x00000262                FTFE_DriverIRQHandler
                0x00000262                I2C0_DriverIRQHandler
                0x00000262                DMA7_DriverIRQHandler
                0x00000262                UART1_RX_TX_DriverIRQHandler
                0x00000400                . = 0x400
 *fill*         0x00000264      0x19c ff
                0x00000400                PROVIDE (__FLASH_CONFIG_START__ = .)
 *(SORT_BY_ALIGNMENT(.FlashConfig))
 .FlashConfig   0x00000400       0x10 ./SDK/startup/startup_mk64f12.o
                0x00000400                Flash_Config
                0x00000410                PROVIDE (__FLASH_CONFIG_END__ = .)
                0x00000001                ASSERT (! ((__FLASH_CONFIG_START__ == __FLASH_CONFIG_END__)), Linker Flash Config Support Enabled, but no .FlashConfig section provided within application)
 *(SORT_BY_ALIGNMENT(.text*))
 .text.denormalized_U_total
                0x00000410       0x40 ./source/Sistema de Control/SistemaDeControl.o
                0x00000410                denormalized_U_total
 .text.poly     0x00000450       0x90 ./source/Sistema de Control/SistemaDeControl.o
 .text.calibrateMPU6050
                0x000004e0      0x2b4 ./source/Sensores/MPU6050.o
                0x000004e0                calibrateMPU6050
 *fill*         0x00000794        0x4 ff
 .text.mpu6050_raw2trueGyro
                0x00000798      0x12c ./source/Sensores/MPU6050.o
 *fill*         0x000008c4        0x4 ff
 .text.mpu6050_raw2trueAcc
                0x000008c8      0x15c ./source/Sensores/MPU6050.o
 *fill*         0x00000a24        0x4 ff
 .text.RF2Newton
                0x00000a28      0x23c ./source/NRF/RF.o
                0x00000a28                RF2Newton
 *fill*         0x00000c64        0x4 ff
 .text.ESCSetSpeed
                0x00000c68       0xa8 ./source/ESCDriver/ESCDriver.o
                0x00000c68                ESCSetSpeed
 .text.runControlStep
                0x00000d10      0x218 ./source/App.o
 .text.getEulerAnglesRatesFAST
                0x00000f28      0x350 ./source/App.o
 .text.fp_display
                0x00001278      0x964 c:/nxp/mcuxpressoide_11.6.1_8255/ide/plugins/com.nxp.mcuxpresso.tools.win32_11.6.1.202207200623/tools/bin/../lib/gcc/arm-none-eabi/10.3.1/../../../../arm-none-eabi/lib/thumb/v7e-m+fp/hard\libcr_c.a(fpprintf.o)
 *fill*         0x00001bdc        0x4 ff
 .text._sincosf
                0x00001be0      0x138 c:/nxp/mcuxpressoide_11.6.1_8255/ide/plugins/com.nxp.mcuxpresso.tools.win32_11.6.1.202207200623/tools/bin/../lib/gcc/arm-none-eabi/10.3.1/../../../../arm-none-eabi/lib/thumb/v7e-m+fp/hard\libcr_c.a(_sincosf.o)
                0x00001be0                _sincosf
 .text._frexpl  0x00001d18       0x68 c:/nxp/mcuxpressoide_11.6.1_8255/ide/plugins/com.nxp.mcuxpresso.tools.win32_11.6.1.202207200623/tools/bin/../lib/gcc/arm-none-eabi/10.3.1/../../../../arm-none-eabi/lib/thumb/v7e-m+fp/hard\libcr_c.a(_frexpl.o)
                0x00001d18                _frexpl
 .text._ldexpl  0x00001d80       0x5c c:/nxp/mcuxpressoide_11.6.1_8255/ide/plugins/com.nxp.mcuxpresso.tools.win32_11.6.1.202207200623/tools/bin/../lib/gcc/arm-none-eabi/10.3.1/../../../../arm-none-eabi/lib/thumb/v7e-m+fp/hard\libcr_c.a(_ldexpl.o)
                0x00001d80                _ldexpl
 .text.__NVIC_EnableIRQ
                0x00001ddc       0x3c ./source/timer/SysTick.o
 .text.SysTick_Init
                0x00001e18       0x48 ./source/timer/SysTick.o
                0x00001e18                SysTick_Init
 .text.SysTick_Handler
                0x00001e60       0x24 ./source/timer/SysTick.o
                0x00001e60                SysTick_Handler
 .text.timerInit
                0x00001e84       0x28 ./source/timer/timer.o
                0x00001e84                timerInit
 .text.timerGetId
                0x00001eac       0x2c ./source/timer/timer.o
                0x00001eac                timerGetId
 .text.timerStart
                0x00001ed8       0xb8 ./source/timer/timer.o
                0x00001ed8                timerStart
 .text.timerStop
                0x00001f90       0x44 ./source/timer/timer.o
                0x00001f90                timerStop
 .text.timerExpired
                0x00001fd4       0x54 ./source/timer/timer.o
                0x00001fd4                timerExpired
 .text.timer_isr
                0x00002028       0xe0 ./source/timer/timer.o
 .text.getCircularPointer
                0x00002108       0x30 ./source/buffer/SPI_buffer.o
 .text.SPIBgetPckg
                0x00002138       0x84 ./source/buffer/SPI_buffer.o
                0x00002138                SPIBgetPckg
 .text.__NVIC_EnableIRQ
                0x000021bc       0x3c ./source/UART/uart.o
 .text.uartInit
                0x000021f8      0x1c8 ./source/UART/uart.o
                0x000021f8                uartInit
 .text.uartWriteMsg
                0x000023c0       0x78 ./source/UART/uart.o
                0x000023c0                uartWriteMsg
 .text.UART_Rx_Tx_IRQ
                0x00002438       0xd0 ./source/UART/uart.o
 .text.integrateError
                0x00002508      0x1b0 ./source/Sistema de Control/SistemaDeControl.o
                0x00002508                integrateError
 .text.U2PWM    0x000026b8      0x398 ./source/Sistema de Control/SistemaDeControl.o
                0x000026b8                U2PWM
 .text.initMPU6050
                0x00002a50      0x32c ./source/Sensores/MPU6050.o
                0x00002a50                initMPU6050
 .text.mpu6050_readAccelData
                0x00002d7c       0xb4 ./source/Sensores/MPU6050.o
                0x00002d7c                mpu6050_readAccelData
 .text.mpu6050_readGyroData
                0x00002e30       0xa8 ./source/Sensores/MPU6050.o
                0x00002e30                mpu6050_readGyroData
 .text.mpu6050_readGyroData_async
                0x00002ed8       0x48 ./source/Sensores/MPU6050.o
                0x00002ed8                mpu6050_readGyroData_async
 .text.mpu6050_readAccelData_async
                0x00002f20       0x48 ./source/Sensores/MPU6050.o
                0x00002f20                mpu6050_readAccelData_async
 .text.mpu6050_getLastGyroRead
                0x00002f68       0x5c ./source/Sensores/MPU6050.o
                0x00002f68                mpu6050_getLastGyroRead
 .text.mpu6050_getLastAccelRead
                0x00002fc4       0x5c ./source/Sensores/MPU6050.o
                0x00002fc4                mpu6050_getLastAccelRead
 .text.__NVIC_EnableIRQ
                0x00003020       0x3c ./source/SPI/SPI.o
 .text.SPI_config
                0x0000305c      0x260 ./source/SPI/SPI.o
                0x0000305c                SPI_config
 .text.ClockGatingAndInterruptEnable
                0x000032bc       0x8c ./source/SPI/SPI.o
 .text.PinConfig
                0x00003348       0xec ./source/SPI/SPI.o
 .text.PCSInit  0x00003434      0x2b8 ./source/SPI/SPI.o
 .text.SPISend  0x000036ec       0xb0 ./source/SPI/SPI.o
                0x000036ec                SPISend
 .text.SPI0_IRQHandler
                0x0000379c      0x14c ./source/SPI/SPI.o
                0x0000379c                SPI0_IRQHandler
 .text.PIT0_IRQHandler
                0x000038e8       0x40 ./source/PIT/PIT.o
                0x000038e8                PIT0_IRQHandler
 .text.PIT1_IRQHandler
                0x00003928       0x30 ./source/PIT/PIT.o
                0x00003928                PIT1_IRQHandler
 .text.PIT2_IRQHandler
                0x00003958       0x30 ./source/PIT/PIT.o
                0x00003958                PIT2_IRQHandler
 .text.PIT3_IRQHandler
                0x00003988       0x30 ./source/PIT/PIT.o
                0x00003988                PIT3_IRQHandler
 .text.RF24begin
                0x000039b8      0x150 ./source/NRF/NRF.o
                0x000039b8                RF24begin
 .text.writeRegister
                0x00003b08       0x8c ./source/NRF/NRF.o
 .text.readRegister
                0x00003b94       0x84 ./source/NRF/NRF.o
 .text.callBackSPI
                0x00003c18       0x18 ./source/NRF/NRF.o
 .text.callBackSPIRead
                0x00003c30       0x18 ./source/NRF/NRF.o
 .text.toggle_features
                0x00003c48       0x70 ./source/NRF/NRF.o
 .text.setPayloadSize
                0x00003cb8       0x54 ./source/NRF/NRF.o
 .text.setAddressWidth
                0x00003d0c       0x54 ./source/NRF/NRF.o
 .text.powerUp  0x00003d60       0x3c ./source/NRF/NRF.o
 .text.openReadingPipe
                0x00003d9c       0x98 ./source/NRF/NRF.o
                0x00003d9c                openReadingPipe
 .text.startListening
                0x00003e34       0x58 ./source/NRF/NRF.o
                0x00003e34                startListening
 .text.writeSeveralRegisters
                0x00003e8c      0x108 ./source/NRF/NRF.o
 .text.read_payLoad
                0x00003f94      0x178 ./source/NRF/NRF.o
                0x00003f94                read_payLoad
 .text.readLastData
                0x0000410c       0x40 ./source/NRF/NRF.o
                0x0000410c                readLastData
 .text.RFinit   0x0000414c       0x34 ./source/NRF/RF.o
                0x0000414c                RFinit
 .text.RFcalibrate
                0x00004180      0x128 ./source/NRF/RF.o
                0x00004180                RFcalibrate
 .text.callBackTimeOut
                0x000042a8       0x18 ./source/NRF/RF.o
                0x000042a8                callBackTimeOut
 .text.RFgetDeNormalizedData
                0x000042c0       0xcc ./source/NRF/RF.o
                0x000042c0                RFgetDeNormalizedData
 .text.gpioMode
                0x0000438c      0x174 ./source/MCAL/gpio.o
                0x0000438c                gpioMode
 .text.gpioWrite
                0x00004500       0x68 ./source/MCAL/gpio.o
                0x00004500                gpioWrite
 .text.gpioToggle
                0x00004568       0x40 ./source/MCAL/gpio.o
                0x00004568                gpioToggle
 .text.gpioRead
                0x000045a8       0x4c ./source/MCAL/gpio.o
                0x000045a8                gpioRead
 .text.PORTA_IRQHandler
                0x000045f4       0x64 ./source/MCAL/gpio.o
                0x000045f4                PORTA_IRQHandler
 .text.PORTB_IRQHandler
                0x00004658       0x64 ./source/MCAL/gpio.o
                0x00004658                PORTB_IRQHandler
 .text.PORTC_IRQHandler
                0x000046bc       0x64 ./source/MCAL/gpio.o
                0x000046bc                PORTC_IRQHandler
 .text.PORTD_IRQHandler
                0x00004720       0x64 ./source/MCAL/gpio.o
                0x00004720                PORTD_IRQHandler
 .text.PORTE_IRQHandler
                0x00004784       0x64 ./source/MCAL/gpio.o
                0x00004784                PORTE_IRQHandler
 .text.__NVIC_EnableIRQ
                0x000047e8       0x3c ./source/I2Cm/I2Cm.o
 .text.I2CmInit
                0x00004824       0xf0 ./source/I2Cm/I2Cm.o
                0x00004824                I2CmInit
 .text.I2CmStartTransaction
                0x00004914      0x248 ./source/I2Cm/I2Cm.o
                0x00004914                I2CmStartTransaction
 .text.isI2CBusy
                0x00004b5c       0x68 ./source/I2Cm/I2Cm.o
                0x00004b5c                isI2CBusy
 .text.I2C0_IRQHandler
                0x00004bc4      0x2cc ./source/I2Cm/I2Cm.o
                0x00004bc4                I2C0_IRQHandler
 .text.FusionAhrsInitialise
                0x00004e90       0x68 ./source/Fusion/FusionAhrs.o
                0x00004e90                FusionAhrsInitialise
 .text.FusionAhrsGetQuaternion
                0x00004ef8       0x24 ./source/Fusion/FusionAhrs.o
                0x00004ef8                FusionAhrsGetQuaternion
 .text.FusionAhrsGetFlags
                0x00004f1c       0x40 ./source/Fusion/FusionAhrs.o
                0x00004f1c                FusionAhrsGetFlags
 .text.FusionAhrsSetHeading
                0x00004f5c       0xd8 ./source/Fusion/FusionAhrs.o
                0x00004f5c                FusionAhrsSetHeading
 .text.FusionAhrsUpdate
                0x00005034      0x46c ./source/Fusion/FusionAhrs.o
                0x00005034                FusionAhrsUpdate
 .text.FusionAhrsUpdateNoMagnetometer
                0x000054a0       0x50 ./source/Fusion/FusionAhrs.o
                0x000054a0                FusionAhrsUpdateNoMagnetometer
 .text.FusionCompassCalculateHeading
                0x000054f0       0xcc ./source/Fusion/FusionCompass.o
                0x000054f0                FusionCompassCalculateHeading
 .text.FTM0_IRQHandler
                0x000055bc       0x9c ./source/FTM/FTM.o
                0x000055bc                FTM0_IRQHandler
 .text.FTM1_IRQHandler
                0x00005658       0xa4 ./source/FTM/FTM.o
                0x00005658                FTM1_IRQHandler
 .text.ESCInit  0x000056fc       0xf0 ./source/ESCDriver/ESCDriver.o
                0x000056fc                ESCInit
 .text.ESCDisarm
                0x000057ec       0x4c ./source/ESCDriver/ESCDriver.o
                0x000057ec                ESCDisarm
 .text.ESCCalibrate
                0x00005838       0xdc ./source/ESCDriver/ESCDriver.o
                0x00005838                ESCCalibrate
 .text.FusionRadiansToDegrees
                0x00005914       0x28 ./source/App.o
 .text.FusionAsin
                0x0000593c       0x58 ./source/App.o
 .text.sendUartMessage3Channels
                0x00005994       0x54 ./source/App.o
 .text.App_Init
                0x000059e8      0x1c0 ./source/App.o
                0x000059e8                App_Init
 .text.startI2CreadingCallBack
                0x00005ba8       0x24 ./source/App.o
 .text.startI2C_ACCELEROMETER_CallBack
                0x00005bcc       0x2c ./source/App.o
 .text.App_Run  0x00005bf8      0x53c ./source/App.o
                0x00005bf8                App_Run
 .text.hw_Init  0x00006134      0x108 ./SDK/startup/hardware.o
                0x00006134                hw_Init
 .text.hw_EnableInterrupts
                0x0000623c       0x30 ./SDK/startup/hardware.o
                0x0000623c                hw_EnableInterrupts
 .text.hw_DisableInterrupts
                0x0000626c       0x20 ./SDK/startup/hardware.o
                0x0000626c                hw_DisableInterrupts
 .text.SystemInit
                0x0000628c       0x3c ./SDK/CMSIS/system_MK64F12.o
                0x0000628c                SystemInit
 .text.arm_sin_f32
                0x000062c8       0x8c C:\Users\sch_b\OneDrive\Documentos\QUADCOPTER\Quadcopter\TPQUAD\SDK\CMSIS\DSP\libarm_cortexM4lf_math.a(arm_sin_f32.o)
                0x000062c8                arm_sin_f32
 .text.arm_cos_f32
                0x00006354       0x94 C:\Users\sch_b\OneDrive\Documentos\QUADCOPTER\Quadcopter\TPQUAD\SDK\CMSIS\DSP\libarm_cortexM4lf_math.a(arm_cos_f32.o)
                0x00006354                arm_cos_f32
 .text.atan2f   0x000063e8       0xc0 c:/nxp/mcuxpressoide_11.6.1_8255/ide/plugins/com.nxp.mcuxpresso.tools.win32_11.6.1.202207200623/tools/bin/../lib/gcc/arm-none-eabi/10.3.1/../../../../arm-none-eabi/lib/thumb/v7e-m+fp/hard\libcr_c.a(atan2f.o)
                0x000063e8                atan2f
 .text.atanf    0x000064a8       0xec c:/nxp/mcuxpressoide_11.6.1_8255/ide/plugins/com.nxp.mcuxpresso.tools.win32_11.6.1.202207200623/tools/bin/../lib/gcc/arm-none-eabi/10.3.1/../../../../arm-none-eabi/lib/thumb/v7e-m+fp/hard\libcr_c.a(atanf.o)
                0x000064a8                atanf
 .text.cosf     0x00006594       0x30 c:/nxp/mcuxpressoide_11.6.1_8255/ide/plugins/com.nxp.mcuxpresso.tools.win32_11.6.1.202207200623/tools/bin/../lib/gcc/arm-none-eabi/10.3.1/../../../../arm-none-eabi/lib/thumb/v7e-m+fp/hard\libcr_c.a(cosf.o)
                0x00006594                cosf
 .text.sprintf  0x000065c4       0x6c c:/nxp/mcuxpressoide_11.6.1_8255/ide/plugins/com.nxp.mcuxpresso.tools.win32_11.6.1.202207200623/tools/bin/../lib/gcc/arm-none-eabi/10.3.1/../../../../arm-none-eabi/lib/thumb/v7e-m+fp/hard\libcr_c.a(fpprintf.o)
                0x000065c4                sprintf
 .text.__vfprintf
                0x00006630      0xbf8 c:/nxp/mcuxpressoide_11.6.1_8255/ide/plugins/com.nxp.mcuxpresso.tools.win32_11.6.1.202207200623/tools/bin/../lib/gcc/arm-none-eabi/10.3.1/../../../../arm-none-eabi/lib/thumb/v7e-m+fp/hard\libcr_c.a(printf.o)
                0x00006630                __vfprintf
 .text._asinacosf
                0x00007228      0x158 c:/nxp/mcuxpressoide_11.6.1_8255/ide/plugins/com.nxp.mcuxpresso.tools.win32_11.6.1.202207200623/tools/bin/../lib/gcc/arm-none-eabi/10.3.1/../../../../arm-none-eabi/lib/thumb/v7e-m+fp/hard\libcr_c.a(_asinacosf.o)
                0x00007228                _asinacosf
 .text._Cwritebuf
                0x00007380       0x6c c:/nxp/mcuxpressoide_11.6.1_8255/ide/plugins/com.nxp.mcuxpresso.tools.win32_11.6.1.202207200623/tools/bin/../lib/gcc/arm-none-eabi/10.3.1/../../../../arm-none-eabi/lib/thumb/v7e-m+fp/hard\libcr_c.a(_writebuf.o)
                0x00007380                _Cwritebuf
 .text.malloc   0x000073ec       0xc8 c:/nxp/mcuxpressoide_11.6.1_8255/ide/plugins/com.nxp.mcuxpresso.tools.win32_11.6.1.202207200623/tools/bin/../lib/gcc/arm-none-eabi/10.3.1/../../../../arm-none-eabi/lib/thumb/v7e-m+fp/hard\libcr_c.a(alloc.o)
                0x000073ec                malloc
 .text._Csys_alloc
                0x000074b4       0x20 c:/nxp/mcuxpressoide_11.6.1_8255/ide/plugins/com.nxp.mcuxpresso.tools.win32_11.6.1.202207200623/tools/bin/../lib/gcc/arm-none-eabi/10.3.1/../../../../arm-none-eabi/lib/thumb/v7e-m+fp/hard\libcr_c.a(alloc.o)
                0x000074b4                _Csys_alloc
 .text.fseek    0x000074d4       0xfc c:/nxp/mcuxpressoide_11.6.1_8255/ide/plugins/com.nxp.mcuxpresso.tools.win32_11.6.1.202207200623/tools/bin/../lib/gcc/arm-none-eabi/10.3.1/../../../../arm-none-eabi/lib/thumb/v7e-m+fp/hard\libcr_c.a(fseek.o)
                0x000074d4                fseek
 .text.ftell    0x000075d0       0x44 c:/nxp/mcuxpressoide_11.6.1_8255/ide/plugins/com.nxp.mcuxpresso.tools.win32_11.6.1.202207200623/tools/bin/../lib/gcc/arm-none-eabi/10.3.1/../../../../arm-none-eabi/lib/thumb/v7e-m+fp/hard\libcr_c.a(ftell.o)
                0x000075d0                ftell
 .text._sbrk    0x00007614       0x3c c:/nxp/mcuxpressoide_11.6.1_8255/ide/plugins/com.nxp.mcuxpresso.tools.win32_11.6.1.202207200623/tools/bin/../lib/gcc/arm-none-eabi/10.3.1/../../../../arm-none-eabi/lib/thumb/v7e-m+fp/hard\libcr_c.a(_cr_sbrk.o)
                0x00007614                _sbrk
 .text.__check_heap_overflow
                0x00007650       0x18 c:/nxp/mcuxpressoide_11.6.1_8255/ide/plugins/com.nxp.mcuxpresso.tools.win32_11.6.1.202207200623/tools/bin/../lib/gcc/arm-none-eabi/10.3.1/../../../../arm-none-eabi/lib/thumb/v7e-m+fp/hard\libcr_c.a(_cr_check_heap.o)
                0x00007650                __check_heap_overflow
 .text.__aeabi_dmul
                0x00007668       0xfc c:/nxp/mcuxpressoide_11.6.1_8255/ide/plugins/com.nxp.mcuxpresso.tools.win32_11.6.1.202207200623/tools/bin/../lib/gcc/arm-none-eabi/10.3.1/thumb/v7e-m+fp/hard\libcr_eabihelpers.a(double.o)
                0x00007668                __aeabi_dmul
 .text.__aeabi_ddiv
                0x00007764      0x138 c:/nxp/mcuxpressoide_11.6.1_8255/ide/plugins/com.nxp.mcuxpresso.tools.win32_11.6.1.202207200623/tools/bin/../lib/gcc/arm-none-eabi/10.3.1/thumb/v7e-m+fp/hard\libcr_eabihelpers.a(double.o)
                0x00007764                __aeabi_ddiv
 .text.__aeabi_dsub
                0x0000789c      0x1ac c:/nxp/mcuxpressoide_11.6.1_8255/ide/plugins/com.nxp.mcuxpresso.tools.win32_11.6.1.202207200623/tools/bin/../lib/gcc/arm-none-eabi/10.3.1/thumb/v7e-m+fp/hard\libcr_eabihelpers.a(double.o)
                0x0000789c                __aeabi_dsub
 .text.__aeabi_dadd
                0x00007a48      0x114 c:/nxp/mcuxpressoide_11.6.1_8255/ide/plugins/com.nxp.mcuxpresso.tools.win32_11.6.1.202207200623/tools/bin/../lib/gcc/arm-none-eabi/10.3.1/thumb/v7e-m+fp/hard\libcr_eabihelpers.a(double.o)
                0x00007a48                __aeabi_dadd
 .text.__aeabi_d2f
                0x00007b5c       0x58 c:/nxp/mcuxpressoide_11.6.1_8255/ide/plugins/com.nxp.mcuxpresso.tools.win32_11.6.1.202207200623/tools/bin/../lib/gcc/arm-none-eabi/10.3.1/thumb/v7e-m+fp/hard\libcr_eabihelpers.a(double.o)
                0x00007b5c                __aeabi_d2f
 .text.__aeabi_f2d
                0x00007bb4       0x38 c:/nxp/mcuxpressoide_11.6.1_8255/ide/plugins/com.nxp.mcuxpresso.tools.win32_11.6.1.202207200623/tools/bin/../lib/gcc/arm-none-eabi/10.3.1/thumb/v7e-m+fp/hard\libcr_eabihelpers.a(float.o)
                0x00007bb4                __aeabi_f2d
 .text.__sys_appexit
                0x00007bec        0xc c:/nxp/mcuxpressoide_11.6.1_8255/ide/plugins/com.nxp.mcuxpresso.tools.win32_11.6.1.202207200623/tools/bin/../lib/gcc/arm-none-eabi/10.3.1/../../../../arm-none-eabi/lib/thumb/v7e-m+fp/hard\libcr_semihost_nf.a(__sys_appexit.o)
                0x00007bec                __sys_appexit
                0x00007bec                __exit
 .text.timerDelay
                0x00007bf8       0x32 ./source/timer/timer.o
                0x00007bf8                timerDelay
 .text.SPIBinit
                0x00007c2a       0x24 ./source/buffer/SPI_buffer.o
                0x00007c2a                SPIBinit
 .text.SPIBisEmpty
                0x00007c4e       0x2a ./source/buffer/SPI_buffer.o
                0x00007c4e                SPIBisEmpty
 .text.SPIBputChain
                0x00007c78       0xa4 ./source/buffer/SPI_buffer.o
                0x00007c78                SPIBputChain
 .text.getCircularPointer
                0x00007d1c       0x2c ./source/buffer/circular_buffer.o
 .text.CBinit   0x00007d48       0x30 ./source/buffer/circular_buffer.o
                0x00007d48                CBinit
 .text.CBisEmpty
                0x00007d78       0x2a ./source/buffer/circular_buffer.o
                0x00007d78                CBisEmpty
 .text.CBputChain
                0x00007da2       0xaa ./source/buffer/circular_buffer.o
                0x00007da2                CBputChain
 .text.CBputByte
                0x00007e4c       0x8e ./source/buffer/circular_buffer.o
                0x00007e4c                CBputByte
 .text.CBgetByte
                0x00007eda       0x62 ./source/buffer/circular_buffer.o
                0x00007eda                CBgetByte
 .text.CBgetBufferState
                0x00007f3c       0x5c ./source/buffer/circular_buffer.o
                0x00007f3c                CBgetBufferState
 .text.UART0_RX_TX_IRQHandler
                0x00007f98       0x2e ./source/UART/uart.o
                0x00007f98                UART0_RX_TX_IRQHandler
 .text.UART1_RX_TX_IRQHandler
                0x00007fc6       0x2e ./source/UART/uart.o
                0x00007fc6                UART1_RX_TX_IRQHandler
 .text.UART2_RX_TX_IRQHandler
                0x00007ff4       0x2e ./source/UART/uart.o
                0x00007ff4                UART2_RX_TX_IRQHandler
 .text.UART3_RX_TX_IRQHandler
                0x00008022       0x2e ./source/UART/uart.o
                0x00008022                UART3_RX_TX_IRQHandler
 .text.UART4_RX_TX_IRQHandler
                0x00008050       0x2e ./source/UART/uart.o
                0x00008050                UART4_RX_TX_IRQHandler
 .text.matrix_mult
                0x0000807e      0x14a ./source/Sistema de Control/MatrixOps.o
                0x0000807e                matrix_mult
 .text.scalar_mult
                0x000081c8       0xa2 ./source/Sistema de Control/MatrixOps.o
                0x000081c8                scalar_mult
 .text.matrix_add_sub
                0x0000826a      0x15c ./source/Sistema de Control/MatrixOps.o
                0x0000826a                matrix_add_sub
 .text.proportionalError
                0x000083c6       0x28 ./source/Sistema de Control/SistemaDeControl.o
                0x000083c6                proportionalError
 .text.denormalized_Kx_U_Values
                0x000083ee       0x28 ./source/Sistema de Control/SistemaDeControl.o
                0x000083ee                denormalized_Kx_U_Values
 .text.denormalized_Ki_U_Values
                0x00008416       0x28 ./source/Sistema de Control/SistemaDeControl.o
                0x00008416                denormalized_Ki_U_Values
 .text.PinsConfigMaster
                0x0000843e       0xc0 ./source/SPI/SPI.o
 .text.setRetries
                0x000084fe       0x40 ./source/NRF/NRF.o
 .text.setDataRate
                0x0000853e       0x2e ./source/NRF/NRF.o
 .text.setChannel
                0x0000856c       0x2a ./source/NRF/NRF.o
 .text.flush_rx
                0x00008596       0x10 ./source/NRF/NRF.o
 .text.flush_tx
                0x000085a6       0x10 ./source/NRF/NRF.o
 .text.setPALevel
                0x000085b6       0x44 ./source/NRF/NRF.o
                0x000085b6                setPALevel
 .text._pa_level_reg_value
                0x000085fa       0x30 ./source/NRF/NRF.o
 .text.available
                0x0000862a       0x2a ./source/NRF/NRF.o
                0x0000862a                available
 .text.get_status
                0x00008654       0x10 ./source/NRF/NRF.o
 .text.RFbegin  0x00008664        0xc ./source/NRF/RF.o
                0x00008664                RFbegin
 .text.ESCArm   0x00008670       0x4a ./source/ESCDriver/ESCDriver.o
                0x00008670                ESCArm
 .text.BiQuad_init
                0x000086ba       0xf2 ./source/Biquad/Biquad.o
                0x000086ba                BiQuad_init
 .text.BiQuad_filter
                0x000087ac       0xf4 ./source/Biquad/Biquad.o
                0x000087ac                BiQuad_filter
 .text.FusionQuaternionToEuler
                0x000088a0      0x14c ./source/App.o
 .text.main     0x000089ec       0x1a ./SDK/startup/main.o
                0x000089ec                main
 .text.HardFault_Handler
                0x00008a06       0x2c ./SDK/startup/semihost_hardfault.o
                0x00008a06                HardFault_Handler
 .text.DMA0_IRQHandler
                0x00008a32        0x8 ./SDK/startup/startup_mk64f12.o
                0x00008a32                DMA0_IRQHandler
 .text.DMA1_IRQHandler
                0x00008a3a        0x8 ./SDK/startup/startup_mk64f12.o
                0x00008a3a                DMA1_IRQHandler
 .text.DMA2_IRQHandler
                0x00008a42        0x8 ./SDK/startup/startup_mk64f12.o
                0x00008a42                DMA2_IRQHandler
 .text.DMA3_IRQHandler
                0x00008a4a        0x8 ./SDK/startup/startup_mk64f12.o
                0x00008a4a                DMA3_IRQHandler
 .text.DMA4_IRQHandler
                0x00008a52        0x8 ./SDK/startup/startup_mk64f12.o
                0x00008a52                DMA4_IRQHandler
 .text.DMA5_IRQHandler
                0x00008a5a        0x8 ./SDK/startup/startup_mk64f12.o
                0x00008a5a                DMA5_IRQHandler
 .text.DMA6_IRQHandler
                0x00008a62        0x8 ./SDK/startup/startup_mk64f12.o
                0x00008a62                DMA6_IRQHandler
 .text.DMA7_IRQHandler
                0x00008a6a        0x8 ./SDK/startup/startup_mk64f12.o
                0x00008a6a                DMA7_IRQHandler
 .text.DMA8_IRQHandler
                0x00008a72        0x8 ./SDK/startup/startup_mk64f12.o
                0x00008a72                DMA8_IRQHandler
 .text.DMA9_IRQHandler
                0x00008a7a        0x8 ./SDK/startup/startup_mk64f12.o
                0x00008a7a                DMA9_IRQHandler
 .text.DMA10_IRQHandler
                0x00008a82        0x8 ./SDK/startup/startup_mk64f12.o
                0x00008a82                DMA10_IRQHandler
 .text.DMA11_IRQHandler
                0x00008a8a        0x8 ./SDK/startup/startup_mk64f12.o
                0x00008a8a                DMA11_IRQHandler
 .text.DMA12_IRQHandler
                0x00008a92        0x8 ./SDK/startup/startup_mk64f12.o
                0x00008a92                DMA12_IRQHandler
 .text.DMA13_IRQHandler
                0x00008a9a        0x8 ./SDK/startup/startup_mk64f12.o
                0x00008a9a                DMA13_IRQHandler
 .text.DMA14_IRQHandler
                0x00008aa2        0x8 ./SDK/startup/startup_mk64f12.o
                0x00008aa2                DMA14_IRQHandler
 .text.DMA15_IRQHandler
                0x00008aaa        0x8 ./SDK/startup/startup_mk64f12.o
                0x00008aaa                DMA15_IRQHandler
 .text.DMA_Error_IRQHandler
                0x00008ab2        0x8 ./SDK/startup/startup_mk64f12.o
                0x00008ab2                DMA_Error_IRQHandler
 .text.MCM_IRQHandler
                0x00008aba        0x8 ./SDK/startup/startup_mk64f12.o
                0x00008aba                MCM_IRQHandler
 .text.FTFE_IRQHandler
                0x00008ac2        0x8 ./SDK/startup/startup_mk64f12.o
                0x00008ac2                FTFE_IRQHandler
 .text.Read_Collision_IRQHandler
                0x00008aca        0x8 ./SDK/startup/startup_mk64f12.o
                0x00008aca                Read_Collision_IRQHandler
 .text.LVD_LVW_IRQHandler
                0x00008ad2        0x8 ./SDK/startup/startup_mk64f12.o
                0x00008ad2                LVD_LVW_IRQHandler
 .text.LLWU_IRQHandler
                0x00008ada        0x8 ./SDK/startup/startup_mk64f12.o
                0x00008ada                LLWU_IRQHandler
 .text.WDOG_EWM_IRQHandler
                0x00008ae2        0x8 ./SDK/startup/startup_mk64f12.o
                0x00008ae2                WDOG_EWM_IRQHandler
 .text.RNG_IRQHandler
                0x00008aea        0x8 ./SDK/startup/startup_mk64f12.o
                0x00008aea                RNG_IRQHandler
 .text.I2C1_IRQHandler
                0x00008af2        0x8 ./SDK/startup/startup_mk64f12.o
                0x00008af2                I2C1_IRQHandler
 .text.SPI1_IRQHandler
                0x00008afa        0x8 ./SDK/startup/startup_mk64f12.o
                0x00008afa                SPI1_IRQHandler
 .text.I2S0_Tx_IRQHandler
                0x00008b02        0x8 ./SDK/startup/startup_mk64f12.o
                0x00008b02                I2S0_Tx_IRQHandler
 .text.I2S0_Rx_IRQHandler
                0x00008b0a        0x8 ./SDK/startup/startup_mk64f12.o
                0x00008b0a                I2S0_Rx_IRQHandler
 .text.UART0_LON_IRQHandler
                0x00008b12        0x8 ./SDK/startup/startup_mk64f12.o
                0x00008b12                UART0_LON_IRQHandler
 .text.UART0_ERR_IRQHandler
                0x00008b1a        0x8 ./SDK/startup/startup_mk64f12.o
                0x00008b1a                UART0_ERR_IRQHandler
 .text.UART1_ERR_IRQHandler
                0x00008b22        0x8 ./SDK/startup/startup_mk64f12.o
                0x00008b22                UART1_ERR_IRQHandler
 .text.UART2_ERR_IRQHandler
                0x00008b2a        0x8 ./SDK/startup/startup_mk64f12.o
                0x00008b2a                UART2_ERR_IRQHandler
 .text.UART3_ERR_IRQHandler
                0x00008b32        0x8 ./SDK/startup/startup_mk64f12.o
                0x00008b32                UART3_ERR_IRQHandler
 .text.ADC0_IRQHandler
                0x00008b3a        0x8 ./SDK/startup/startup_mk64f12.o
                0x00008b3a                ADC0_IRQHandler
 .text.CMP0_IRQHandler
                0x00008b42        0x8 ./SDK/startup/startup_mk64f12.o
                0x00008b42                CMP0_IRQHandler
 .text.CMP1_IRQHandler
                0x00008b4a        0x8 ./SDK/startup/startup_mk64f12.o
                0x00008b4a                CMP1_IRQHandler
 .text.FTM2_IRQHandler
                0x00008b52        0x8 ./SDK/startup/startup_mk64f12.o
                0x00008b52                FTM2_IRQHandler
 .text.CMT_IRQHandler
                0x00008b5a        0x8 ./SDK/startup/startup_mk64f12.o
                0x00008b5a                CMT_IRQHandler
 .text.RTC_IRQHandler
                0x00008b62        0x8 ./SDK/startup/startup_mk64f12.o
                0x00008b62                RTC_IRQHandler
 .text.RTC_Seconds_IRQHandler
                0x00008b6a        0x8 ./SDK/startup/startup_mk64f12.o
                0x00008b6a                RTC_Seconds_IRQHandler
 .text.PDB0_IRQHandler
                0x00008b72        0x8 ./SDK/startup/startup_mk64f12.o
                0x00008b72                PDB0_IRQHandler
 .text.USB0_IRQHandler
                0x00008b7a        0x8 ./SDK/startup/startup_mk64f12.o
                0x00008b7a                USB0_IRQHandler
 .text.USBDCD_IRQHandler
                0x00008b82        0x8 ./SDK/startup/startup_mk64f12.o
                0x00008b82                USBDCD_IRQHandler
 .text.Reserved71_IRQHandler
                0x00008b8a        0x8 ./SDK/startup/startup_mk64f12.o
                0x00008b8a                Reserved71_IRQHandler
 .text.DAC0_IRQHandler
                0x00008b92        0x8 ./SDK/startup/startup_mk64f12.o
                0x00008b92                DAC0_IRQHandler
 .text.MCG_IRQHandler
                0x00008b9a        0x8 ./SDK/startup/startup_mk64f12.o
                0x00008b9a                MCG_IRQHandler
 .text.LPTMR0_IRQHandler
                0x00008ba2        0x8 ./SDK/startup/startup_mk64f12.o
                0x00008ba2                LPTMR0_IRQHandler
 .text.SWI_IRQHandler
                0x00008baa        0x8 ./SDK/startup/startup_mk64f12.o
                0x00008baa                SWI_IRQHandler
 .text.SPI2_IRQHandler
                0x00008bb2        0x8 ./SDK/startup/startup_mk64f12.o
                0x00008bb2                SPI2_IRQHandler
 .text.UART4_ERR_IRQHandler
                0x00008bba        0x8 ./SDK/startup/startup_mk64f12.o
                0x00008bba                UART4_ERR_IRQHandler
 .text.UART5_RX_TX_IRQHandler
                0x00008bc2        0x8 ./SDK/startup/startup_mk64f12.o
                0x00008bc2                UART5_RX_TX_IRQHandler
 .text.UART5_ERR_IRQHandler
                0x00008bca        0x8 ./SDK/startup/startup_mk64f12.o
                0x00008bca                UART5_ERR_IRQHandler
 .text.CMP2_IRQHandler
                0x00008bd2        0x8 ./SDK/startup/startup_mk64f12.o
                0x00008bd2                CMP2_IRQHandler
 .text.FTM3_IRQHandler
                0x00008bda        0x8 ./SDK/startup/startup_mk64f12.o
                0x00008bda                FTM3_IRQHandler
 .text.DAC1_IRQHandler
                0x00008be2        0x8 ./SDK/startup/startup_mk64f12.o
                0x00008be2                DAC1_IRQHandler
 .text.ADC1_IRQHandler
                0x00008bea        0x8 ./SDK/startup/startup_mk64f12.o
                0x00008bea                ADC1_IRQHandler
 .text.I2C2_IRQHandler
                0x00008bf2        0x8 ./SDK/startup/startup_mk64f12.o
                0x00008bf2                I2C2_IRQHandler
 .text.CAN0_ORed_Message_buffer_IRQHandler
                0x00008bfa        0x8 ./SDK/startup/startup_mk64f12.o
                0x00008bfa                CAN0_ORed_Message_buffer_IRQHandler
 .text.CAN0_Bus_Off_IRQHandler
                0x00008c02        0x8 ./SDK/startup/startup_mk64f12.o
                0x00008c02                CAN0_Bus_Off_IRQHandler
 .text.CAN0_Error_IRQHandler
                0x00008c0a        0x8 ./SDK/startup/startup_mk64f12.o
                0x00008c0a                CAN0_Error_IRQHandler
 .text.CAN0_Tx_Warning_IRQHandler
                0x00008c12        0x8 ./SDK/startup/startup_mk64f12.o
                0x00008c12                CAN0_Tx_Warning_IRQHandler
 .text.CAN0_Rx_Warning_IRQHandler
                0x00008c1a        0x8 ./SDK/startup/startup_mk64f12.o
                0x00008c1a                CAN0_Rx_Warning_IRQHandler
 .text.CAN0_Wake_Up_IRQHandler
                0x00008c22        0x8 ./SDK/startup/startup_mk64f12.o
                0x00008c22                CAN0_Wake_Up_IRQHandler
 .text.SDHC_IRQHandler
                0x00008c2a        0x8 ./SDK/startup/startup_mk64f12.o
                0x00008c2a                SDHC_IRQHandler
 .text.ENET_1588_Timer_IRQHandler
                0x00008c32        0x8 ./SDK/startup/startup_mk64f12.o
                0x00008c32                ENET_1588_Timer_IRQHandler
 .text.ENET_Transmit_IRQHandler
                0x00008c3a        0x8 ./SDK/startup/startup_mk64f12.o
                0x00008c3a                ENET_Transmit_IRQHandler
 .text.ENET_Receive_IRQHandler
                0x00008c42        0x8 ./SDK/startup/startup_mk64f12.o
                0x00008c42                ENET_Receive_IRQHandler
 .text.ENET_Error_IRQHandler
                0x00008c4a        0x8 ./SDK/startup/startup_mk64f12.o
                0x00008c4a                ENET_Error_IRQHandler
 .text.SystemInitHook
                0x00008c52        0xe ./SDK/CMSIS/system_MK64F12.o
                0x00008c52                SystemInitHook
 .text.asinf    0x00008c60        0x6 c:/nxp/mcuxpressoide_11.6.1_8255/ide/plugins/com.nxp.mcuxpresso.tools.win32_11.6.1.202207200623/tools/bin/../lib/gcc/arm-none-eabi/10.3.1/../../../../arm-none-eabi/lib/thumb/v7e-m+fp/hard\libcr_c.a(asinf.o)
                0x00008c60                asinf
 .text.fabsf    0x00008c66       0x10 c:/nxp/mcuxpressoide_11.6.1_8255/ide/plugins/com.nxp.mcuxpresso.tools.win32_11.6.1.202207200623/tools/bin/../lib/gcc/arm-none-eabi/10.3.1/../../../../arm-none-eabi/lib/thumb/v7e-m+fp/hard\libcr_c.a(fabsf.o)
                0x00008c66                fabsf
 .text.sinf     0x00008c76       0x26 c:/nxp/mcuxpressoide_11.6.1_8255/ide/plugins/com.nxp.mcuxpresso.tools.win32_11.6.1.202207200623/tools/bin/../lib/gcc/arm-none-eabi/10.3.1/../../../../arm-none-eabi/lib/thumb/v7e-m+fp/hard\libcr_c.a(sinf.o)
                0x00008c76                sinf
 .text.sqrtf    0x00008c9c        0x6 c:/nxp/mcuxpressoide_11.6.1_8255/ide/plugins/com.nxp.mcuxpresso.tools.win32_11.6.1.202207200623/tools/bin/../lib/gcc/arm-none-eabi/10.3.1/../../../../arm-none-eabi/lib/thumb/v7e-m+fp/hard\libcr_c.a(sqrtf_m4_hardfp.o)
                0x00008c9c                sqrtf
 .text.memcpy   0x00008ca2        0x4 c:/nxp/mcuxpressoide_11.6.1_8255/ide/plugins/com.nxp.mcuxpresso.tools.win32_11.6.1.202207200623/tools/bin/../lib/gcc/arm-none-eabi/10.3.1/../../../../arm-none-eabi/lib/thumb/v7e-m+fp/hard\libcr_c.a(memcpy.o)
                0x00008ca2                memcpy
 .text.memset   0x00008ca6        0x4 c:/nxp/mcuxpressoide_11.6.1_8255/ide/plugins/com.nxp.mcuxpresso.tools.win32_11.6.1.202207200623/tools/bin/../lib/gcc/arm-none-eabi/10.3.1/../../../../arm-none-eabi/lib/thumb/v7e-m+fp/hard\libcr_c.a(memset.o)
                0x00008ca6                memset
 .text.fp_round
                0x00008caa       0x4e c:/nxp/mcuxpressoide_11.6.1_8255/ide/plugins/com.nxp.mcuxpresso.tools.win32_11.6.1.202207200623/tools/bin/../lib/gcc/arm-none-eabi/10.3.1/../../../../arm-none-eabi/lib/thumb/v7e-m+fp/hard\libcr_c.a(fpprintf.o)
 .text.pr_dec.constprop.0
                0x00008cf8       0x26 c:/nxp/mcuxpressoide_11.6.1_8255/ide/plugins/com.nxp.mcuxpresso.tools.win32_11.6.1.202207200623/tools/bin/../lib/gcc/arm-none-eabi/10.3.1/../../../../arm-none-eabi/lib/thumb/v7e-m+fp/hard\libcr_c.a(fpprintf.o)
 .text.strlen   0x00008d1e       0x48 c:/nxp/mcuxpressoide_11.6.1_8255/ide/plugins/com.nxp.mcuxpresso.tools.win32_11.6.1.202207200623/tools/bin/../lib/gcc/arm-none-eabi/10.3.1/../../../../arm-none-eabi/lib/thumb/v7e-m+fp/hard\libcr_c.a(strlen.o)
                0x00008d1e                strlen
 .text._deferredlazyseek
                0x00008d66       0x40 c:/nxp/mcuxpressoide_11.6.1_8255/ide/plugins/com.nxp.mcuxpresso.tools.win32_11.6.1.202207200623/tools/bin/../lib/gcc/arm-none-eabi/10.3.1/../../../../arm-none-eabi/lib/thumb/v7e-m+fp/hard\libcr_c.a(_deferredlazyseek.o)
                0x00008d66                _deferredlazyseek
 .text.__flsbuf
                0x00008da6      0x140 c:/nxp/mcuxpressoide_11.6.1_8255/ide/plugins/com.nxp.mcuxpresso.tools.win32_11.6.1.202207200623/tools/bin/../lib/gcc/arm-none-eabi/10.3.1/../../../../arm-none-eabi/lib/thumb/v7e-m+fp/hard\libcr_c.a(_deferredlazyseek.o)
                0x00008da6                __flsbuf
 .text._fflush  0x00008ee6       0x52 c:/nxp/mcuxpressoide_11.6.1_8255/ide/plugins/com.nxp.mcuxpresso.tools.win32_11.6.1.202207200623/tools/bin/../lib/gcc/arm-none-eabi/10.3.1/../../../../arm-none-eabi/lib/thumb/v7e-m+fp/hard\libcr_c.a(_fflush.o)
                0x00008ee6                _fflush
 .text.__aeabi_division_uldivmod
                0x00008f38      0x174 c:/nxp/mcuxpressoide_11.6.1_8255/ide/plugins/com.nxp.mcuxpresso.tools.win32_11.6.1.202207200623/tools/bin/../lib/gcc/arm-none-eabi/10.3.1/thumb/v7e-m+fp/hard\libcr_eabihelpers.a(division_64.o)
                0x00008f38                __aeabi_uldivmod
                0x00008f3c                __bhs_ldivmod1
 .text.__aeabi_division_idiv0
                0x000090ac        0x2 c:/nxp/mcuxpressoide_11.6.1_8255/ide/plugins/com.nxp.mcuxpresso.tools.win32_11.6.1.202207200623/tools/bin/../lib/gcc/arm-none-eabi/10.3.1/thumb/v7e-m+fp/hard\libcr_eabihelpers.a(division_idiv0.o)
                0x000090ac                __aeabi_idiv0
 .text.__aeabi_d2iz
                0x000090ae       0x40 c:/nxp/mcuxpressoide_11.6.1_8255/ide/plugins/com.nxp.mcuxpresso.tools.win32_11.6.1.202207200623/tools/bin/../lib/gcc/arm-none-eabi/10.3.1/thumb/v7e-m+fp/hard\libcr_eabihelpers.a(double.o)
                0x000090ae                __aeabi_d2iz
 .text.__aeabi_d2uiz
                0x000090ee       0x30 c:/nxp/mcuxpressoide_11.6.1_8255/ide/plugins/com.nxp.mcuxpresso.tools.win32_11.6.1.202207200623/tools/bin/../lib/gcc/arm-none-eabi/10.3.1/thumb/v7e-m+fp/hard\libcr_eabihelpers.a(double.o)
                0x000090ee                __aeabi_d2uiz
 .text.__bhs_ui2d
                0x0000911e       0x46 c:/nxp/mcuxpressoide_11.6.1_8255/ide/plugins/com.nxp.mcuxpresso.tools.win32_11.6.1.202207200623/tools/bin/../lib/gcc/arm-none-eabi/10.3.1/thumb/v7e-m+fp/hard\libcr_eabihelpers.a(double.o)
                0x0000911e                __bhs_ui2d
 .text.__aeabi_i2d
                0x00009164       0x12 c:/nxp/mcuxpressoide_11.6.1_8255/ide/plugins/com.nxp.mcuxpresso.tools.win32_11.6.1.202207200623/tools/bin/../lib/gcc/arm-none-eabi/10.3.1/thumb/v7e-m+fp/hard\libcr_eabihelpers.a(double.o)
                0x00009164                __aeabi_i2d
 .text.__aeabi_ui2d
                0x00009176        0x8 c:/nxp/mcuxpressoide_11.6.1_8255/ide/plugins/com.nxp.mcuxpresso.tools.win32_11.6.1.202207200623/tools/bin/../lib/gcc/arm-none-eabi/10.3.1/thumb/v7e-m+fp/hard\libcr_eabihelpers.a(double.o)
                0x00009176                __aeabi_ui2d
 .text.__aeabi_dcmpeq
                0x0000917e       0x30 c:/nxp/mcuxpressoide_11.6.1_8255/ide/plugins/com.nxp.mcuxpresso.tools.win32_11.6.1.202207200623/tools/bin/../lib/gcc/arm-none-eabi/10.3.1/thumb/v7e-m+fp/hard\libcr_eabihelpers.a(double.o)
                0x0000917e                __aeabi_dcmpeq
 .text.__aeabi_dcmplt
                0x000091ae       0x56 c:/nxp/mcuxpressoide_11.6.1_8255/ide/plugins/com.nxp.mcuxpresso.tools.win32_11.6.1.202207200623/tools/bin/../lib/gcc/arm-none-eabi/10.3.1/thumb/v7e-m+fp/hard\libcr_eabihelpers.a(double.o)
                0x000091ae                __aeabi_dcmplt
 .text.__aeabi_dcmpgt
                0x00009204       0x56 c:/nxp/mcuxpressoide_11.6.1_8255/ide/plugins/com.nxp.mcuxpresso.tools.win32_11.6.1.202207200623/tools/bin/../lib/gcc/arm-none-eabi/10.3.1/thumb/v7e-m+fp/hard\libcr_eabihelpers.a(double.o)
                0x00009204                __aeabi_dcmpgt
 .text.__aeabi_dcmple
                0x0000925a       0x56 c:/nxp/mcuxpressoide_11.6.1_8255/ide/plugins/com.nxp.mcuxpresso.tools.win32_11.6.1.202207200623/tools/bin/../lib/gcc/arm-none-eabi/10.3.1/thumb/v7e-m+fp/hard\libcr_eabihelpers.a(double.o)
                0x0000925a                __aeabi_dcmple
 .text.__aeabi_dcmpge
                0x000092b0       0x56 c:/nxp/mcuxpressoide_11.6.1_8255/ide/plugins/com.nxp.mcuxpresso.tools.win32_11.6.1.202207200623/tools/bin/../lib/gcc/arm-none-eabi/10.3.1/thumb/v7e-m+fp/hard\libcr_eabihelpers.a(double.o)
                0x000092b0                __aeabi_dcmpge
 .text.__aeabi_memcpy
                0x00009306       0x34 c:/nxp/mcuxpressoide_11.6.1_8255/ide/plugins/com.nxp.mcuxpresso.tools.win32_11.6.1.202207200623/tools/bin/../lib/gcc/arm-none-eabi/10.3.1/thumb/v7e-m+fp/hard\libcr_eabihelpers.a(memcpy.o)
                0x00009306                __aeabi_memcpy
                0x00009310                __aeabi_memcpy8
                0x00009310                __aeabi_memcpy4
 .text.__aeabi_memset_lowlevel
                0x0000933a       0x32 c:/nxp/mcuxpressoide_11.6.1_8255/ide/plugins/com.nxp.mcuxpresso.tools.win32_11.6.1.202207200623/tools/bin/../lib/gcc/arm-none-eabi/10.3.1/thumb/v7e-m+fp/hard\libcr_eabihelpers.a(memcpy.o)
                0x0000933a                __aeabi_lowlevel_memset
 .text.__sys_flen
                0x0000936c        0xc c:/nxp/mcuxpressoide_11.6.1_8255/ide/plugins/com.nxp.mcuxpresso.tools.win32_11.6.1.202207200623/tools/bin/../lib/gcc/arm-none-eabi/10.3.1/../../../../arm-none-eabi/lib/thumb/v7e-m+fp/hard\libcr_semihost_nf.a(__sys_flen.o)
                0x0000936c                __sys_flen
 .text.__sys_istty
                0x00009378        0xc c:/nxp/mcuxpressoide_11.6.1_8255/ide/plugins/com.nxp.mcuxpresso.tools.win32_11.6.1.202207200623/tools/bin/../lib/gcc/arm-none-eabi/10.3.1/../../../../arm-none-eabi/lib/thumb/v7e-m+fp/hard\libcr_semihost_nf.a(__sys_istty.o)
                0x00009378                __sys_istty
 .text.__sys_seek
                0x00009384        0xc c:/nxp/mcuxpressoide_11.6.1_8255/ide/plugins/com.nxp.mcuxpresso.tools.win32_11.6.1.202207200623/tools/bin/../lib/gcc/arm-none-eabi/10.3.1/../../../../arm-none-eabi/lib/thumb/v7e-m+fp/hard\libcr_semihost_nf.a(__sys_seek.o)
                0x00009384                __sys_seek
 .text.__sys_write
                0x00009390        0xc c:/nxp/mcuxpressoide_11.6.1_8255/ide/plugins/com.nxp.mcuxpresso.tools.win32_11.6.1.202207200623/tools/bin/../lib/gcc/arm-none-eabi/10.3.1/../../../../arm-none-eabi/lib/thumb/v7e-m+fp/hard\libcr_semihost_nf.a(__sys_write.o)
                0x00009390                __sys_write
 *(SORT_BY_ALIGNMENT(.rodata) SORT_BY_ALIGNMENT(.rodata.*) SORT_BY_ALIGNMENT(.constdata) SORT_BY_ALIGNMENT(.constdata.*))
 *fill*         0x0000939c        0x4 ff
 .rodata        0x000093a0       0xf0 ./source/App.o
 .rodata.UARTPorts
                0x00009490       0x18 ./source/UART/uart.o
 .rodata.portPtr
                0x000094a8       0x14 ./source/UART/uart.o
 .rodata.UARTClockSource
                0x000094bc       0x18 ./source/UART/uart.o
 .rodata.UARTSIMR
                0x000094d4       0x14 ./source/UART/uart.o
 .rodata.UARTSIMMask
                0x000094e8       0x14 ./source/UART/uart.o
 .rodata.UART_RX_TX_Vectors
                0x000094fc        0x6 ./source/UART/uart.o
 *fill*         0x00009502        0x2 ff
 .rodata.UARTPinPort
                0x00009504        0x5 ./source/UART/uart.o
 *fill*         0x00009509        0x3 ff
 .rodata.UARTPinNumRX
                0x0000950c        0x5 ./source/UART/uart.o
 *fill*         0x00009511        0x3 ff
 .rodata.UARTPinNumTX
                0x00009514        0x5 ./source/UART/uart.o
 *fill*         0x00009519        0x3 ff
 .rodata.UARTPinMuxAlt
                0x0000951c        0x5 ./source/UART/uart.o
 *fill*         0x00009521        0x3 ff
 .rodata.DPS_SCALE
                0x00009524        0x8 ./source/Sensores/MPU6050.o
 .rodata.G_SCALE
                0x0000952c        0x8 ./source/Sensores/MPU6050.o
 .rodata.gpioPtr
                0x00009534       0x14 ./source/MCAL/gpio.o
 .rodata.portPtr
                0x00009548       0x14 ./source/MCAL/gpio.o
 .rodata.SIMPortMasks
                0x0000955c       0x14 ./source/MCAL/gpio.o
 .rodata.I2CPtrs
                0x00009570        0xc ./source/I2Cm/I2Cm.o
 .rodata.I2CIRQs
                0x0000957c        0x3 ./source/I2Cm/I2Cm.o
 *fill*         0x0000957f        0x1 ff
 .rodata.portPtr
                0x00009580       0x14 ./source/I2Cm/I2Cm.o
 .rodata.I2CPinPorts
                0x00009594        0x4 ./source/I2Cm/I2Cm.o
 .rodata.I2CPinPinsSCL
                0x00009598        0x4 ./source/I2Cm/I2Cm.o
 .rodata.I2CPinPinsSDA
                0x0000959c        0x4 ./source/I2Cm/I2Cm.o
 .rodata.I2CPinAlts
                0x000095a0        0x4 ./source/I2Cm/I2Cm.o
 .rodata.I2CClkSimPtr
                0x000095a4       0x10 ./source/I2Cm/I2Cm.o
 .rodata.I2CClkSimMask
                0x000095b4       0x10 ./source/I2Cm/I2Cm.o
 .rodata.portPtr
                0x000095c4       0x14 ./source/ESCDriver/ESCDriver.o
 .rodata.FTMPinPort
                0x000095d8       0x20 ./source/ESCDriver/ESCDriver.o
 .rodata.FTMPinNum
                0x000095f8       0x20 ./source/ESCDriver/ESCDriver.o
 .rodata.FTMPinMuxAlt
                0x00009618       0x20 ./source/ESCDriver/ESCDriver.o
 .rodata.motorChannel
                0x00009638        0x4 ./source/ESCDriver/ESCDriver.o
 .rodata.sendUartMessage3Channels.str1.4
                0x0000963c       0x14 ./source/App.o
 .rodata.sinTable_f32
                0x00009650      0x804 C:\Users\sch_b\OneDrive\Documentos\QUADCOPTER\Quadcopter\TPQUAD\SDK\CMSIS\DSP\libarm_cortexM4lf_math.a(arm_common_tables.o)
                0x00009650                sinTable_f32
 .rodata.a.0    0x00009e54       0x10 c:/nxp/mcuxpressoide_11.6.1_8255/ide/plugins/com.nxp.mcuxpresso.tools.win32_11.6.1.202207200623/tools/bin/../lib/gcc/arm-none-eabi/10.3.1/../../../../arm-none-eabi/lib/thumb/v7e-m+fp/hard\libcr_c.a(atanf.o)
 .rodata.a.1    0x00009e64        0x8 c:/nxp/mcuxpressoide_11.6.1_8255/ide/plugins/com.nxp.mcuxpresso.tools.win32_11.6.1.202207200623/tools/bin/../lib/gcc/arm-none-eabi/10.3.1/../../../../arm-none-eabi/lib/thumb/v7e-m+fp/hard\libcr_c.a(_asinacosf.o)
 .rodata.b.0    0x00009e6c        0x8 c:/nxp/mcuxpressoide_11.6.1_8255/ide/plugins/com.nxp.mcuxpresso.tools.win32_11.6.1.202207200623/tools/bin/../lib/gcc/arm-none-eabi/10.3.1/../../../../arm-none-eabi/lib/thumb/v7e-m+fp/hard\libcr_c.a(_asinacosf.o)
 .rodata.fp_display.str1.1
                0x00009e74       0x34 c:/nxp/mcuxpressoide_11.6.1_8255/ide/plugins/com.nxp.mcuxpresso.tools.win32_11.6.1.202207200623/tools/bin/../lib/gcc/arm-none-eabi/10.3.1/../../../../arm-none-eabi/lib/thumb/v7e-m+fp/hard\libcr_c.a(fpprintf.o)
                                 0x35 (size before relaxing)
 .rodata.__vfprintf.str1.1
                0x00009ea8       0x31 c:/nxp/mcuxpressoide_11.6.1_8255/ide/plugins/com.nxp.mcuxpresso.tools.win32_11.6.1.202207200623/tools/bin/../lib/gcc/arm-none-eabi/10.3.1/../../../../arm-none-eabi/lib/thumb/v7e-m+fp/hard\libcr_c.a(printf.o)
                                 0x38 (size before relaxing)
 .rodata._Csys_alloc.str1.1
                0x00009ed9       0x18 c:/nxp/mcuxpressoide_11.6.1_8255/ide/plugins/com.nxp.mcuxpresso.tools.win32_11.6.1.202207200623/tools/bin/../lib/gcc/arm-none-eabi/10.3.1/../../../../arm-none-eabi/lib/thumb/v7e-m+fp/hard\libcr_c.a(alloc.o)
                0x00009ef8                . = ALIGN (0x8)
 *fill*         0x00009ef1        0x7 ff
                0x00009ef8                _etext = .

.glue_7         0x00009ef8        0x0
 .glue_7        0x00009ef8        0x0 linker stubs

.glue_7t        0x00009ef8        0x0
 .glue_7t       0x00009ef8        0x0 linker stubs

.vfp11_veneer   0x00009ef8        0x0
 .vfp11_veneer  0x00009ef8        0x0 linker stubs

.v4_bx          0x00009ef8        0x0
 .v4_bx         0x00009ef8        0x0 linker stubs

.iplt           0x00009ef8        0x0
 .iplt          0x00009ef8        0x0 ./source/timer/SysTick.o

.rel.dyn        0x00009ef8        0x0
 .rel.iplt      0x00009ef8        0x0 ./source/timer/SysTick.o

.m_usb_data
 *(SORT_BY_ALIGNMENT(m_usb_bdt))

.data_RAM2      0x1fff0000        0x0 load address 0x00009ef8
 FILL mask 0xff
                [!provide]                PROVIDE (__start_data_RAM2 = .)
                [!provide]                PROVIDE (__start_data_SRAM_LOWER = .)
 *(SORT_BY_ALIGNMENT(.ramfunc.$RAM2))
 *(SORT_BY_ALIGNMENT(.ramfunc.$SRAM_LOWER))
 *(SORT_BY_ALIGNMENT(.data.$RAM2))
 *(SORT_BY_ALIGNMENT(.data.$SRAM_LOWER))
 *(SORT_BY_ALIGNMENT(.data.$RAM2.*))
 *(SORT_BY_ALIGNMENT(.data.$SRAM_LOWER.*))
                0x1fff0000                . = ALIGN (0x8)
                [!provide]                PROVIDE (__end_data_RAM2 = .)
                [!provide]                PROVIDE (__end_data_SRAM_LOWER = .)

.data_RAM3      0x14000000        0x0 load address 0x00009ef8
 FILL mask 0xff
                [!provide]                PROVIDE (__start_data_RAM3 = .)
                [!provide]                PROVIDE (__start_data_FLEX_RAM = .)
 *(SORT_BY_ALIGNMENT(.ramfunc.$RAM3))
 *(SORT_BY_ALIGNMENT(.ramfunc.$FLEX_RAM))
 *(SORT_BY_ALIGNMENT(.data.$RAM3))
 *(SORT_BY_ALIGNMENT(.data.$FLEX_RAM))
 *(SORT_BY_ALIGNMENT(.data.$RAM3.*))
 *(SORT_BY_ALIGNMENT(.data.$FLEX_RAM.*))
                0x14000000                . = ALIGN (0x8)
                [!provide]                PROVIDE (__end_data_RAM3 = .)
                [!provide]                PROVIDE (__end_data_FLEX_RAM = .)

.uninit_RESERVED
                0x20000000        0x0
                0x20000000                _start_uninit_RESERVED = .
 *(SORT_BY_ALIGNMENT(.bss.$RESERVED*))
                0x20000000                . = ALIGN (0x8)
                0x20000000                _end_uninit_RESERVED = .

.data           0x20000000      0x168 load address 0x00009ef8
 FILL mask 0xff
                0x20000000                _data = .
                [!provide]                PROVIDE (__start_data_RAM = .)
                [!provide]                PROVIDE (__start_data_SRAM_UPPER = .)
 *(SORT_BY_ALIGNMENT(vtable))
 *(SORT_BY_ALIGNMENT(.ramfunc*))
 *(SORT_BY_ALIGNMENT(CodeQuickAccess))
 *(SORT_BY_ALIGNMENT(DataQuickAccess))
 *(SORT_BY_ALIGNMENT(RamFunction))
 *(SORT_BY_ALIGNMENT(.data*))
 .data.calibrationValues
                0x20000000       0x20 ./source/NRF/RF.o
 .data.Kx       0x20000020       0xc0 ./source/App.o
                0x20000020                Kx
 .data.Ki       0x200000e0       0x40 ./source/App.o
                0x200000e0                Ki
 .data.portPtrs
                0x20000120       0x14 ./source/SPI/SPI.o
 .data.SPIPtrs  0x20000134        0xc ./source/SPI/SPI.o
 .data.sim_ptr  0x20000140        0x4 ./source/SPI/SPI.o
 .data.child_pipe
                0x20000144        0x6 ./source/NRF/NRF.o
 *fill*         0x2000014a        0x2 ff
 .data.child_pipe_enable
                0x2000014c        0x6 ./source/NRF/NRF.o
 *fill*         0x20000152        0x2 ff
 .data.address  0x20000154        0x6 ./source/NRF/RF.o
 *fill*         0x2000015a        0x2 ff
 .data.i2cStates
                0x2000015c        0x2 ./source/I2Cm/I2Cm.o
                0x2000015c                i2cStates
 .data.timers_cant
                0x2000015e        0x1 ./source/timer/timer.o
 .data.Gscale   0x2000015f        0x1 ./source/Sensores/MPU6050.o
 .data.triggerTimeOut.0
                0x20000160        0x1 ./source/NRF/RF.o
 .data.initialising
                0x20000161        0x1 ./source/App.o
                0x20000161                initialising
                0x20000168                . = ALIGN (0x8)
 *fill*         0x20000162        0x6 ff
                0x20000168                _edata = .
                [!provide]                PROVIDE (__end_data_RAM = .)
                [!provide]                PROVIDE (__end_data_SRAM_UPPER = .)

.igot.plt       0x20000168        0x0 load address 0x0000a060
 .igot.plt      0x20000168        0x0 ./source/timer/SysTick.o

.bss_RAM2       0x1fff0000        0x0
                [!provide]                PROVIDE (__start_bss_RAM2 = .)
                [!provide]                PROVIDE (__start_bss_SRAM_LOWER = .)
 *(SORT_BY_ALIGNMENT(.bss.$RAM2))
 *(SORT_BY_ALIGNMENT(.bss.$SRAM_LOWER))
 *(SORT_BY_ALIGNMENT(.bss.$RAM2.*))
 *(SORT_BY_ALIGNMENT(.bss.$SRAM_LOWER.*))
                0x1fff0000                . = ALIGN ((. != 0x0)?0x8:0x1)
                [!provide]                PROVIDE (__end_bss_RAM2 = .)
                [!provide]                PROVIDE (__end_bss_SRAM_LOWER = .)

.bss_RAM3       0x14000000        0x0
                [!provide]                PROVIDE (__start_bss_RAM3 = .)
                [!provide]                PROVIDE (__start_bss_FLEX_RAM = .)
 *(SORT_BY_ALIGNMENT(.bss.$RAM3))
 *(SORT_BY_ALIGNMENT(.bss.$FLEX_RAM))
 *(SORT_BY_ALIGNMENT(.bss.$RAM3.*))
 *(SORT_BY_ALIGNMENT(.bss.$FLEX_RAM.*))
                0x14000000                . = ALIGN ((. != 0x0)?0x8:0x1)
                [!provide]                PROVIDE (__end_bss_RAM3 = .)
                [!provide]                PROVIDE (__end_bss_FLEX_RAM = .)

.bss            0x20000168     0x1600
                0x20000168                _bss = .
                [!provide]                PROVIDE (__start_bss_RAM = .)
                [!provide]                PROVIDE (__start_bss_SRAM_UPPER = .)
 *(SORT_BY_ALIGNMENT(.bss*))
 .bss.lastIntegrateError
                0x20000168       0x10 ./source/Sistema de Control/SistemaDeControl.o
 .bss.gyroAverage
                0x20000178       0x18 ./source/Sensores/MPU6050.o
 .bss.accelAverage
                0x20000190       0x18 ./source/Sensores/MPU6050.o
 .bss.ICLastTicks
                0x200001a8      0x100 ./source/FTM/FTM.o
 .bss.accelData
                0x200002a8       0x20 ./source/App.o
                0x200002a8                accelData
 .bss.gyroData  0x200002c8       0x20 ./source/App.o
                0x200002c8                gyroData
 .bss.speed     0x200002e8       0x20 ./source/App.o
                0x200002e8                speed
 .bss.filter_roll_dot_stgs
                0x20000308      0x168 ./source/App.o
                0x20000308                filter_roll_dot_stgs
 .bss.filter_pitch_dot_stgs
                0x20000470      0x168 ./source/App.o
                0x20000470                filter_pitch_dot_stgs
 .bss.filter_yaw_dot_stgs
                0x200005d8      0x168 ./source/App.o
                0x200005d8                filter_yaw_dot_stgs
 .bss.RFchannel
                0x20000740       0x20 ./source/App.o
                0x20000740                RFchannel
 .bss.referenceIntegrator
                0x20000760       0x10 ./source/App.o
                0x20000760                referenceIntegrator
 .bss.referenceProportional
                0x20000770       0x30 ./source/App.o
                0x20000770                referenceProportional
 .bss.SysTickCallback
                0x200007a0        0x4 ./source/timer/SysTick.o
 .bss.timers    0x200007a4       0xa0 ./source/timer/timer.o
 .bss.pckgNULL  0x20000844       0x10 ./source/buffer/SPI_buffer.o
                0x20000844                pckgNULL
 .bss.TxBuffer  0x20000854      0x267 ./source/UART/uart.o
 *fill*         0x20000abb        0x1 
 .bss.RxBuffer  0x20000abc      0x267 ./source/UART/uart.o
 *fill*         0x20000d23        0x1 
 .bss.writeBuffer
                0x20000d24        0x4 ./source/Sensores/MPU6050.o
 .bss.readBuffer
                0x20000d28        0xa ./source/Sensores/MPU6050.o
 *fill*         0x20000d32        0x2 
 .bss.LastRawDataGyroRead
                0x20000d34        0x6 ./source/Sensores/MPU6050.o
 *fill*         0x20000d3a        0x2 
 .bss.LastRawDataAccRead
                0x20000d3c        0x6 ./source/Sensores/MPU6050.o
 *fill*         0x20000d42        0x2 
 .bss.TxBuffer  0x20000d44      0x508 ./source/SPI/SPI.o
 .bss.cont.1    0x2000124c        0x4 ./source/SPI/SPI.o
 .bss.pckgAux.0
                0x20001250       0x10 ./source/SPI/SPI.o
 .bss.PITCbs    0x20001260       0x10 ./source/PIT/PIT.o
 .bss.SPIconfig
                0x20001270        0x3 ./source/NRF/NRF.o
 *fill*         0x20001273        0x1 
 .bss.pipe0_reading_address
                0x20001274        0x5 ./source/NRF/NRF.o
 *fill*         0x20001279        0x3 
 .bss.bufferRead
                0x2000127c       0x20 ./source/NRF/NRF.o
 .bss.internalBuffer
                0x2000129c       0x20 ./source/NRF/RF.o
 .bss.portIrqFunc
                0x200012bc      0x280 ./source/MCAL/gpio.o
                0x200012bc                portIrqFunc
 .bss.writeState
                0x2000153c       0x24 ./source/I2Cm/I2Cm.o
 .bss.readState
                0x20001560       0x18 ./source/I2Cm/I2Cm.o
 .bss.PWMPtrs   0x20001578       0x80 ./source/FTM/FTM.o
 .bss.ICCbPtrs  0x200015f8       0x80 ./source/FTM/FTM.o
 .bss.ICChannelValue
                0x20001678       0x40 ./source/FTM/FTM.o
 .bss.ICnewEdge
                0x200016b8       0x20 ./source/FTM/FTM.o
 .bss.fusionFlags
                0x200016d8        0x5 ./source/App.o
                0x200016d8                fusionFlags
 *fill*         0x200016dd        0x3 
 .bss.strChannels
                0x200016e0       0x64 ./source/App.o
 .bss.__LDM_interruptDisableCount
                0x20001744        0x4 ./SDK/startup/hardware.o
 .bss.errno     0x20001748        0x4 c:/nxp/mcuxpressoide_11.6.1_8255/ide/plugins/com.nxp.mcuxpresso.tools.win32_11.6.1.202207200623/tools/bin/../lib/gcc/arm-none-eabi/10.3.1/../../../../arm-none-eabi/lib/thumb/v7e-m+fp/hard\libcr_c.a(errno.o)
                0x20001748                errno
 .bss.__end_of_heap
                0x2000174c        0x4 c:/nxp/mcuxpressoide_11.6.1_8255/ide/plugins/com.nxp.mcuxpresso.tools.win32_11.6.1.202207200623/tools/bin/../lib/gcc/arm-none-eabi/10.3.1/../../../../arm-none-eabi/lib/thumb/v7e-m+fp/hard\libcr_c.a(__init_alloc.o)
                0x2000174c                __end_of_heap
 .bss.__heaps   0x20001750        0x4 c:/nxp/mcuxpressoide_11.6.1_8255/ide/plugins/com.nxp.mcuxpresso.tools.win32_11.6.1.202207200623/tools/bin/../lib/gcc/arm-none-eabi/10.3.1/../../../../arm-none-eabi/lib/thumb/v7e-m+fp/hard\libcr_c.a(__init_alloc.o)
                0x20001750                __heaps
 .bss.yaInit.0  0x20001754        0x1 ./source/timer/timer.o
 .bss.Ascale    0x20001755        0x1 ./source/Sensores/MPU6050.o
 .bss.writeSize
                0x20001756        0x1 ./source/Sensores/MPU6050.o
 .bss.readSize  0x20001757        0x1 ./source/Sensores/MPU6050.o
 .bss.inInterrupt
                0x20001758        0x1 ./source/SPI/SPI.o
 .bss.finishSPI
                0x20001759        0x1 ./source/NRF/NRF.o
 .bss._is_p_variant
                0x2000175a        0x1 ./source/NRF/NRF.o
 .bss.ack_payloads_enabled
                0x2000175b        0x1 ./source/NRF/NRF.o
 .bss.dynamic_payloads_enabled
                0x2000175c        0x1 ./source/NRF/NRF.o
 .bss.payload_size
                0x2000175d        0x1 ./source/NRF/NRF.o
 .bss.addr_width
                0x2000175e        0x1 ./source/NRF/NRF.o
 .bss.config_reg
                0x2000175f        0x1 ./source/NRF/NRF.o
 .bss._is_p0_rx
                0x20001760        0x1 ./source/NRF/NRF.o
 .bss.status    0x20001761        0x1 ./source/NRF/NRF.o
 .bss.atLeastOneAvailable
                0x20001762        0x1 ./source/NRF/RF.o
 .bss.timeOut   0x20001763        0x1 ./source/NRF/RF.o
 .bss.timeOutRF
                0x20001764        0x1 ./source/NRF/RF.o
 .bss.isBusBusy
                0x20001765        0x1 ./source/I2Cm/I2Cm.o
 .bss.I2CtriggerAcc
                0x20001766        0x1 ./source/App.o
                0x20001766                I2CtriggerAcc
 *(SORT_BY_ALIGNMENT(COMMON))
                0x20001768                . = ALIGN (0x8)
 *fill*         0x20001767        0x1 
                0x20001768                _ebss = .
                [!provide]                PROVIDE (__end_bss_RAM = .)
                [!provide]                PROVIDE (__end_bss_SRAM_UPPER = .)
                [!provide]                PROVIDE (end = .)

.noinit_RAM2    0x1fff0000        0x0
                [!provide]                PROVIDE (__start_noinit_RAM2 = .)
                [!provide]                PROVIDE (__start_noinit_SRAM_LOWER = .)
 *(SORT_BY_ALIGNMENT(.noinit.$RAM2))
 *(SORT_BY_ALIGNMENT(.noinit.$SRAM_LOWER))
 *(SORT_BY_ALIGNMENT(.noinit.$RAM2.*))
 *(SORT_BY_ALIGNMENT(.noinit.$SRAM_LOWER.*))
                0x1fff0000                . = ALIGN (0x8)
                [!provide]                PROVIDE (__end_noinit_RAM2 = .)
                [!provide]                PROVIDE (__end_noinit_SRAM_LOWER = .)

.noinit_RAM3    0x14000000        0x0
                [!provide]                PROVIDE (__start_noinit_RAM3 = .)
                [!provide]                PROVIDE (__start_noinit_FLEX_RAM = .)
 *(SORT_BY_ALIGNMENT(.noinit.$RAM3))
 *(SORT_BY_ALIGNMENT(.noinit.$FLEX_RAM))
 *(SORT_BY_ALIGNMENT(.noinit.$RAM3.*))
 *(SORT_BY_ALIGNMENT(.noinit.$FLEX_RAM.*))
                0x14000000                . = ALIGN (0x8)
                [!provide]                PROVIDE (__end_noinit_RAM3 = .)
                [!provide]                PROVIDE (__end_noinit_FLEX_RAM = .)

.noinit         0x20001768        0x0
                0x20001768                _noinit = .
                [!provide]                PROVIDE (__start_noinit_RAM = .)
                [!provide]                PROVIDE (__start_noinit_SRAM_UPPER = .)
 *(SORT_BY_ALIGNMENT(.noinit*))
                0x20001768                . = ALIGN (0x8)
                0x20001768                _end_noinit = .
                [!provide]                PROVIDE (__end_noinit_RAM = .)
                [!provide]                PROVIDE (__end_noinit_SRAM_UPPER = .)

.ARM.extab
 *(SORT_BY_ALIGNMENT(.ARM.extab*) SORT_BY_ALIGNMENT(.gnu.linkonce.armextab.*))

.ARM.exidx      0x0000a060        0x0
                0x0000a060                __exidx_start = .
 *(SORT_BY_ALIGNMENT(.ARM.exidx*) SORT_BY_ALIGNMENT(.gnu.linkonce.armexidx.*))
                0x0000a060                __exidx_end = .
                0x00001000                _HeapSize = 0x1000

.heap           0x20001768     0x1000
                0x20001768                _pvHeapStart = .
                0x20002768                . = (. + _HeapSize)
 *fill*         0x20001768     0x1000 
                0x20002768                . = ALIGN (0x8)
                0x20002768                _pvHeapLimit = .
                0x00001000                _StackSize = 0x1000

.heap2stackfill
                0x20002768     0x1000
                0x20003768                . = (. + _StackSize)
 *fill*         0x20002768     0x1000 

.stack          0x2002f000        0x0
                0x2002f000                _vStackBase = .
                0x2002f000                . = ALIGN (0x8)
                0x20030000                _vStackTop = (. + _StackSize)
                0x00000000                _image_start = LOADADDR (.text)
                0x0000a060                _image_end = (LOADADDR (.data) + SIZEOF (.data))
                0x0000a060                _image_size = (_image_end - _image_start)
OUTPUT(TPQUAD.axf elf32-littlearm)
LOAD linker stubs

.debug_info     0x00000000    0x103e5
 .debug_info    0x00000000      0x506 ./source/timer/SysTick.o
 .debug_info    0x00000506      0x2d9 ./source/timer/timer.o
 .debug_info    0x000007df      0x329 ./source/buffer/SPI_buffer.o
 .debug_info    0x00000b08      0x2e6 ./source/buffer/circular_buffer.o
 .debug_info    0x00000dee      0xde4 ./source/UART/uart.o
 .debug_info    0x00001bd2      0x337 ./source/Sistema de Control/MatrixOps.o
 .debug_info    0x00001f09      0x35e ./source/Sistema de Control/SistemaDeControl.o
 .debug_info    0x00002267      0x524 ./source/Sensores/MPU6050.o
 .debug_info    0x0000278b      0xd5c ./source/SPI/SPI.o
 .debug_info    0x000034e7      0x87a ./source/PIT/PIT.o
 .debug_info    0x00003d61      0x8f3 ./source/NRF/NRF.o
 .debug_info    0x00004654      0x2c9 ./source/NRF/RF.o
 .debug_info    0x0000491d      0xc0f ./source/MCAL/gpio.o
 .debug_info    0x0000552c      0xd3a ./source/I2Cm/I2Cm.o
 .debug_info    0x00006266     0x168d ./source/Fusion/FusionAhrs.o
 .debug_info    0x000078f3      0x599 ./source/Fusion/FusionCompass.o
 .debug_info    0x00007e8c      0xfab ./source/FTM/FTM.o
 .debug_info    0x00008e37      0x866 ./source/ESCDriver/ESCDriver.o
 .debug_info    0x0000969d      0x19a ./source/Biquad/Biquad.o
 .debug_info    0x00009837      0xe1d ./source/App.o
 .debug_info    0x0000a654      0x6b2 ./SDK/startup/hardware.o
 .debug_info    0x0000ad06       0x86 ./SDK/startup/main.o
 .debug_info    0x0000ad8c       0x3c ./SDK/startup/semihost_hardfault.o
 .debug_info    0x0000adc8      0x93a ./SDK/startup/startup_mk64f12.o
 .debug_info    0x0000b702      0x63b ./SDK/CMSIS/system_MK64F12.o
 .debug_info    0x0000bd3d     0x1612 C:\Users\sch_b\OneDrive\Documentos\QUADCOPTER\Quadcopter\TPQUAD\SDK\CMSIS\DSP\libarm_cortexM4lf_math.a(arm_sin_f32.o)
 .debug_info    0x0000d34f     0x1612 C:\Users\sch_b\OneDrive\Documentos\QUADCOPTER\Quadcopter\TPQUAD\SDK\CMSIS\DSP\libarm_cortexM4lf_math.a(arm_cos_f32.o)
 .debug_info    0x0000e961     0x1a84 C:\Users\sch_b\OneDrive\Documentos\QUADCOPTER\Quadcopter\TPQUAD\SDK\CMSIS\DSP\libarm_cortexM4lf_math.a(arm_common_tables.o)

.debug_abbrev   0x00000000     0x3165
 .debug_abbrev  0x00000000      0x190 ./source/timer/SysTick.o
 .debug_abbrev  0x00000190      0x1b5 ./source/timer/timer.o
 .debug_abbrev  0x00000345      0x1b4 ./source/buffer/SPI_buffer.o
 .debug_abbrev  0x000004f9      0x162 ./source/buffer/circular_buffer.o
 .debug_abbrev  0x0000065b      0x267 ./source/UART/uart.o
 .debug_abbrev  0x000008c2       0xc7 ./source/Sistema de Control/MatrixOps.o
 .debug_abbrev  0x00000989       0xe9 ./source/Sistema de Control/SistemaDeControl.o
 .debug_abbrev  0x00000a72      0x18f ./source/Sensores/MPU6050.o
 .debug_abbrev  0x00000c01      0x2d8 ./source/SPI/SPI.o
 .debug_abbrev  0x00000ed9      0x1d5 ./source/PIT/PIT.o
 .debug_abbrev  0x000010ae      0x2ba ./source/NRF/NRF.o
 .debug_abbrev  0x00001368      0x146 ./source/NRF/RF.o
 .debug_abbrev  0x000014ae      0x253 ./source/MCAL/gpio.o
 .debug_abbrev  0x00001701      0x280 ./source/I2Cm/I2Cm.o
 .debug_abbrev  0x00001981      0x392 ./source/Fusion/FusionAhrs.o
 .debug_abbrev  0x00001d13      0x213 ./source/Fusion/FusionCompass.o
 .debug_abbrev  0x00001f26      0x297 ./source/FTM/FTM.o
 .debug_abbrev  0x000021bd      0x188 ./source/ESCDriver/ESCDriver.o
 .debug_abbrev  0x00002345       0xd8 ./source/Biquad/Biquad.o
 .debug_abbrev  0x0000241d      0x29e ./source/App.o
 .debug_abbrev  0x000026bb      0x12e ./SDK/startup/hardware.o
 .debug_abbrev  0x000027e9       0x49 ./SDK/startup/main.o
 .debug_abbrev  0x00002832       0x31 ./SDK/startup/semihost_hardfault.o
 .debug_abbrev  0x00002863      0x185 ./SDK/startup/startup_mk64f12.o
 .debug_abbrev  0x000029e8      0x148 ./SDK/CMSIS/system_MK64F12.o
 .debug_abbrev  0x00002b30      0x22c C:\Users\sch_b\OneDrive\Documentos\QUADCOPTER\Quadcopter\TPQUAD\SDK\CMSIS\DSP\libarm_cortexM4lf_math.a(arm_sin_f32.o)
 .debug_abbrev  0x00002d5c      0x22c C:\Users\sch_b\OneDrive\Documentos\QUADCOPTER\Quadcopter\TPQUAD\SDK\CMSIS\DSP\libarm_cortexM4lf_math.a(arm_cos_f32.o)
 .debug_abbrev  0x00002f88      0x1dd C:\Users\sch_b\OneDrive\Documentos\QUADCOPTER\Quadcopter\TPQUAD\SDK\CMSIS\DSP\libarm_cortexM4lf_math.a(arm_common_tables.o)

.debug_aranges  0x00000000      0xb70
 .debug_aranges
                0x00000000       0x30 ./source/timer/SysTick.o
 .debug_aranges
                0x00000030       0x50 ./source/timer/timer.o
 .debug_aranges
                0x00000080       0x58 ./source/buffer/SPI_buffer.o
 .debug_aranges
                0x000000d8       0x58 ./source/buffer/circular_buffer.o
 .debug_aranges
                0x00000130       0x80 ./source/UART/uart.o
 .debug_aranges
                0x000001b0       0x30 ./source/Sistema de Control/MatrixOps.o
 .debug_aranges
                0x000001e0       0x50 ./source/Sistema de Control/SistemaDeControl.o
 .debug_aranges
                0x00000230       0x70 ./source/Sensores/MPU6050.o
 .debug_aranges
                0x000002a0       0x58 ./source/SPI/SPI.o
 .debug_aranges
                0x000002f8       0x58 ./source/PIT/PIT.o
 .debug_aranges
                0x00000350       0xe0 ./source/NRF/NRF.o
 .debug_aranges
                0x00000430       0x48 ./source/NRF/RF.o
 .debug_aranges
                0x00000478       0x78 ./source/MCAL/gpio.o
 .debug_aranges
                0x000004f0       0x50 ./source/I2Cm/I2Cm.o
 .debug_aranges
                0x00000540       0x78 ./source/Fusion/FusionAhrs.o
 .debug_aranges
                0x000005b8       0x20 ./source/Fusion/FusionCompass.o
 .debug_aranges
                0x000005d8       0x80 ./source/FTM/FTM.o
 .debug_aranges
                0x00000658       0x40 ./source/ESCDriver/ESCDriver.o
 .debug_aranges
                0x00000698       0x28 ./source/Biquad/Biquad.o
 .debug_aranges
                0x000006c0       0x88 ./source/App.o
 .debug_aranges
                0x00000748       0x30 ./SDK/startup/hardware.o
 .debug_aranges
                0x00000778       0x20 ./SDK/startup/main.o
 .debug_aranges
                0x00000798       0x20 ./SDK/startup/semihost_hardfault.o
 .debug_aranges
                0x000007b8      0x330 ./SDK/startup/startup_mk64f12.o
 .debug_aranges
                0x00000ae8       0x30 ./SDK/CMSIS/system_MK64F12.o
 .debug_aranges
                0x00000b18       0x20 C:\Users\sch_b\OneDrive\Documentos\QUADCOPTER\Quadcopter\TPQUAD\SDK\CMSIS\DSP\libarm_cortexM4lf_math.a(arm_sin_f32.o)
 .debug_aranges
                0x00000b38       0x20 C:\Users\sch_b\OneDrive\Documentos\QUADCOPTER\Quadcopter\TPQUAD\SDK\CMSIS\DSP\libarm_cortexM4lf_math.a(arm_cos_f32.o)
 .debug_aranges
                0x00000b58       0x18 C:\Users\sch_b\OneDrive\Documentos\QUADCOPTER\Quadcopter\TPQUAD\SDK\CMSIS\DSP\libarm_cortexM4lf_math.a(arm_common_tables.o)

.debug_ranges   0x00000000     0x11b8
 .debug_ranges  0x00000000       0x20 ./source/timer/SysTick.o
 .debug_ranges  0x00000020       0x40 ./source/timer/timer.o
 .debug_ranges  0x00000060       0x48 ./source/buffer/SPI_buffer.o
 .debug_ranges  0x000000a8       0x48 ./source/buffer/circular_buffer.o
 .debug_ranges  0x000000f0       0x70 ./source/UART/uart.o
 .debug_ranges  0x00000160       0x20 ./source/Sistema de Control/MatrixOps.o
 .debug_ranges  0x00000180       0x40 ./source/Sistema de Control/SistemaDeControl.o
 .debug_ranges  0x000001c0       0x60 ./source/Sensores/MPU6050.o
 .debug_ranges  0x00000220       0x48 ./source/SPI/SPI.o
 .debug_ranges  0x00000268       0x48 ./source/PIT/PIT.o
 .debug_ranges  0x000002b0       0xd0 ./source/NRF/NRF.o
 .debug_ranges  0x00000380       0x38 ./source/NRF/RF.o
 .debug_ranges  0x000003b8       0x68 ./source/MCAL/gpio.o
 .debug_ranges  0x00000420       0x40 ./source/I2Cm/I2Cm.o
 .debug_ranges  0x00000460      0x688 ./source/Fusion/FusionAhrs.o
 .debug_ranges  0x00000ae8      0x200 ./source/Fusion/FusionCompass.o
 .debug_ranges  0x00000ce8       0x70 ./source/FTM/FTM.o
 .debug_ranges  0x00000d58       0x30 ./source/ESCDriver/ESCDriver.o
 .debug_ranges  0x00000d88       0x18 ./source/Biquad/Biquad.o
 .debug_ranges  0x00000da0       0x78 ./source/App.o
 .debug_ranges  0x00000e18       0x20 ./SDK/startup/hardware.o
 .debug_ranges  0x00000e38       0x10 ./SDK/startup/main.o
 .debug_ranges  0x00000e48       0x10 ./SDK/startup/semihost_hardfault.o
 .debug_ranges  0x00000e58      0x320 ./SDK/startup/startup_mk64f12.o
 .debug_ranges  0x00001178       0x20 ./SDK/CMSIS/system_MK64F12.o
 .debug_ranges  0x00001198       0x10 C:\Users\sch_b\OneDrive\Documentos\QUADCOPTER\Quadcopter\TPQUAD\SDK\CMSIS\DSP\libarm_cortexM4lf_math.a(arm_sin_f32.o)
 .debug_ranges  0x000011a8       0x10 C:\Users\sch_b\OneDrive\Documentos\QUADCOPTER\Quadcopter\TPQUAD\SDK\CMSIS\DSP\libarm_cortexM4lf_math.a(arm_cos_f32.o)

.debug_macro    0x00000000    0x158ef
 .debug_macro   0x00000000       0xb6 ./source/timer/SysTick.o
 .debug_macro   0x000000b6      0xa7e ./source/timer/SysTick.o
 .debug_macro   0x00000b34       0x22 ./source/timer/SysTick.o
 .debug_macro   0x00000b56      0x34e ./source/timer/SysTick.o
 .debug_macro   0x00000ea4       0x10 ./source/timer/SysTick.o
 .debug_macro   0x00000eb4       0x5c ./source/timer/SysTick.o
 .debug_macro   0x00000f10       0x1c ./source/timer/SysTick.o
 .debug_macro   0x00000f2c       0x28 ./source/timer/SysTick.o
 .debug_macro   0x00000f54       0xd9 ./source/timer/SysTick.o
 .debug_macro   0x0000102d      0xecf ./source/timer/SysTick.o
 .debug_macro   0x00001efc       0x48 ./source/timer/SysTick.o
 .debug_macro   0x00001f44     0xe07b ./source/timer/SysTick.o
 .debug_macro   0x0000ffbf     0x122b ./source/timer/SysTick.o
 .debug_macro   0x000111ea       0x16 ./source/timer/SysTick.o
 .debug_macro   0x00011200      0x134 ./source/timer/timer.o
 .debug_macro   0x00011334       0x1e ./source/timer/timer.o
 .debug_macro   0x00011352       0x22 ./source/timer/timer.o
 .debug_macro   0x00011374       0x5e ./source/timer/timer.o
 .debug_macro   0x000113d2       0x94 ./source/timer/timer.o
 .debug_macro   0x00011466       0x35 ./source/timer/timer.o
 .debug_macro   0x0001149b       0x34 ./source/timer/timer.o
 .debug_macro   0x000114cf       0x16 ./source/timer/timer.o
 .debug_macro   0x000114e5      0x10e ./source/timer/timer.o
 .debug_macro   0x000115f3       0x8d ./source/timer/timer.o
 .debug_macro   0x00011680       0x16 ./source/timer/timer.o
 .debug_macro   0x00011696       0x43 ./source/timer/timer.o
 .debug_macro   0x000116d9       0x57 ./source/timer/timer.o
 .debug_macro   0x00011730       0x34 ./source/timer/timer.o
 .debug_macro   0x00011764       0x10 ./source/timer/timer.o
 .debug_macro   0x00011774       0x58 ./source/timer/timer.o
 .debug_macro   0x000117cc      0x182 ./source/timer/timer.o
 .debug_macro   0x0001194e      0x341 ./source/timer/timer.o
 .debug_macro   0x00011c8f       0x16 ./source/timer/timer.o
 .debug_macro   0x00011ca5       0x29 ./source/timer/timer.o
 .debug_macro   0x00011cce       0x28 ./source/timer/timer.o
 .debug_macro   0x00011cf6       0x10 ./source/timer/timer.o
 .debug_macro   0x00011d06      0x1e7 ./source/buffer/SPI_buffer.o
 .debug_macro   0x00011eed       0x16 ./source/buffer/SPI_buffer.o
 .debug_macro   0x00011f03       0x97 ./source/buffer/SPI_buffer.o
 .debug_macro   0x00011f9a       0xfd ./source/buffer/SPI_buffer.o
 .debug_macro   0x00012097       0x10 ./source/buffer/SPI_buffer.o
 .debug_macro   0x000120a7       0x10 ./source/buffer/SPI_buffer.o
 .debug_macro   0x000120b7       0x6a ./source/buffer/SPI_buffer.o
 .debug_macro   0x00012121       0x1c ./source/buffer/SPI_buffer.o
 .debug_macro   0x0001213d       0x52 ./source/buffer/SPI_buffer.o
 .debug_macro   0x0001218f       0x22 ./source/buffer/SPI_buffer.o
 .debug_macro   0x000121b1       0x10 ./source/buffer/SPI_buffer.o
 .debug_macro   0x000121c1       0x52 ./source/buffer/SPI_buffer.o
 .debug_macro   0x00012213       0xd5 ./source/buffer/SPI_buffer.o
 .debug_macro   0x000122e8       0x1c ./source/buffer/SPI_buffer.o
 .debug_macro   0x00012304       0x3d ./source/buffer/SPI_buffer.o
 .debug_macro   0x00012341       0x16 ./source/buffer/SPI_buffer.o
 .debug_macro   0x00012357      0x16f ./source/buffer/SPI_buffer.o
 .debug_macro   0x000124c6       0x16 ./source/buffer/SPI_buffer.o
 .debug_macro   0x000124dc       0x35 ./source/buffer/SPI_buffer.o
 .debug_macro   0x00012511       0xac ./source/buffer/circular_buffer.o
 .debug_macro   0x000125bd       0xe8 ./source/UART/uart.o
 .debug_macro   0x000126a5       0x10 ./source/UART/uart.o
 .debug_macro   0x000126b5       0x40 ./source/UART/uart.o
 .debug_macro   0x000126f5       0x2e ./source/Sistema de Control/MatrixOps.o
 .debug_macro   0x00012723      0x132 ./source/Sistema de Control/SistemaDeControl.o
 .debug_macro   0x00012855       0x28 ./source/Sistema de Control/SistemaDeControl.o
 .debug_macro   0x0001287d      0x174 ./source/Sistema de Control/SistemaDeControl.o
 .debug_macro   0x000129f1       0x10 ./source/Sistema de Control/SistemaDeControl.o
 .debug_macro   0x00012a01      0x175 ./source/Sensores/MPU6050.o
 .debug_macro   0x00012b76      0x338 ./source/Sensores/MPU6050.o
 .debug_macro   0x00012eae      0x31f ./source/SPI/SPI.o
 .debug_macro   0x000131cd       0x3a ./source/SPI/SPI.o
 .debug_macro   0x00013207       0x10 ./source/SPI/SPI.o
 .debug_macro   0x00013217       0x10 ./source/SPI/SPI.o
 .debug_macro   0x00013227       0xd3 ./source/PIT/PIT.o
 .debug_macro   0x000132fa       0x28 ./source/PIT/PIT.o
 .debug_macro   0x00013322      0x3bb ./source/NRF/NRF.o
 .debug_macro   0x000136dd      0x1b4 ./source/NRF/RF.o
 .debug_macro   0x00013891       0xc4 ./source/MCAL/gpio.o
 .debug_macro   0x00013955      0x1fd ./source/I2Cm/I2Cm.o
 .debug_macro   0x00013b52       0x10 ./source/I2Cm/I2Cm.o
 .debug_macro   0x00013b62      0x16e ./source/Fusion/FusionAhrs.o
 .debug_macro   0x00013cd0      0xa7e ./source/Fusion/FusionAhrs.o
 .debug_macro   0x0001474e      0x201 ./source/Fusion/FusionAhrs.o
 .debug_macro   0x0001494f      0x186 ./source/Fusion/FusionAhrs.o
 .debug_macro   0x00014ad5       0x9a ./source/Fusion/FusionAhrs.o
 .debug_macro   0x00014b6f      0x108 ./source/Fusion/FusionCompass.o
 .debug_macro   0x00014c77      0x19b ./source/Fusion/FusionCompass.o
 .debug_macro   0x00014e12      0x1c5 ./source/FTM/FTM.o
 .debug_macro   0x00014fd7       0x22 ./source/FTM/FTM.o
 .debug_macro   0x00014ff9      0x1ec ./source/ESCDriver/ESCDriver.o
 .debug_macro   0x000151e5       0x1c ./source/ESCDriver/ESCDriver.o
 .debug_macro   0x00015201       0x1b ./source/Biquad/Biquad.o
 .debug_macro   0x0001521c      0x373 ./source/App.o
 .debug_macro   0x0001558f       0x1c ./source/App.o
 .debug_macro   0x000155ab       0x22 ./source/App.o
 .debug_macro   0x000155cd       0x3a ./source/App.o
 .debug_macro   0x00015607       0x2e ./source/App.o
 .debug_macro   0x00015635       0xc8 ./source/App.o
 .debug_macro   0x000156fd       0x9c ./SDK/startup/hardware.o
 .debug_macro   0x00015799       0x9c ./SDK/startup/main.o
 .debug_macro   0x00015835       0x11 ./SDK/startup/semihost_hardfault.o
 .debug_macro   0x00015846       0x29 ./SDK/startup/startup_mk64f12.o
 .debug_macro   0x0001586f       0x80 ./SDK/CMSIS/system_MK64F12.o

.debug_line     0x00000000     0x9ee9
 .debug_line    0x00000000      0x232 ./source/timer/SysTick.o
 .debug_line    0x00000232      0x4e1 ./source/timer/timer.o
 .debug_line    0x00000713      0x5c3 ./source/buffer/SPI_buffer.o
 .debug_line    0x00000cd6      0x37c ./source/buffer/circular_buffer.o
 .debug_line    0x00001052      0x4fc ./source/UART/uart.o
 .debug_line    0x0000154e      0x2c1 ./source/Sistema de Control/MatrixOps.o
 .debug_line    0x0000180f      0x646 ./source/Sistema de Control/SistemaDeControl.o
 .debug_line    0x00001e55      0x937 ./source/Sensores/MPU6050.o
 .debug_line    0x0000278c      0xbfb ./source/SPI/SPI.o
 .debug_line    0x00003387      0x317 ./source/PIT/PIT.o
 .debug_line    0x0000369e      0x9da ./source/NRF/NRF.o
 .debug_line    0x00004078      0x62b ./source/NRF/RF.o
 .debug_line    0x000046a3      0x4ed ./source/MCAL/gpio.o
 .debug_line    0x00004b90      0x788 ./source/I2Cm/I2Cm.o
 .debug_line    0x00005318     0x10ae ./source/Fusion/FusionAhrs.o
 .debug_line    0x000063c6      0x4f0 ./source/Fusion/FusionCompass.o
 .debug_line    0x000068b6      0x839 ./source/FTM/FTM.o
 .debug_line    0x000070ef      0x676 ./source/ESCDriver/ESCDriver.o
 .debug_line    0x00007765       0xeb ./source/Biquad/Biquad.o
 .debug_line    0x00007850      0xdbc ./source/App.o
 .debug_line    0x0000860c      0x2a7 ./SDK/startup/hardware.o
 .debug_line    0x000088b3      0x1b8 ./SDK/startup/main.o