Archive member included to satisfy reference by file (symbol)

c:/nxp/mcuxpressoide_11.6.1_8255/ide/plugins/com.nxp.mcuxpresso.tools.win32_11.6.1.202207200623/tools/bin/../lib/gcc/arm-none-eabi/10.3.1/../../../../arm-none-eabi/lib/thumb/v7e-m+fp/hard\libcr_c.a(asinf.o)
                              ./source/Sensores/test_MPU6050.o (asinf)
c:/nxp/mcuxpressoide_11.6.1_8255/ide/plugins/com.nxp.mcuxpresso.tools.win32_11.6.1.202207200623/tools/bin/../lib/gcc/arm-none-eabi/10.3.1/../../../../arm-none-eabi/lib/thumb/v7e-m+fp/hard\libcr_c.a(atan2f.o)
                              ./source/Sensores/test_MPU6050.o (atan2f)
c:/nxp/mcuxpressoide_11.6.1_8255/ide/plugins/com.nxp.mcuxpresso.tools.win32_11.6.1.202207200623/tools/bin/../lib/gcc/arm-none-eabi/10.3.1/../../../../arm-none-eabi/lib/thumb/v7e-m+fp/hard\libcr_c.a(atanf.o)
                              c:/nxp/mcuxpressoide_11.6.1_8255/ide/plugins/com.nxp.mcuxpresso.tools.win32_11.6.1.202207200623/tools/bin/../lib/gcc/arm-none-eabi/10.3.1/../../../../arm-none-eabi/lib/thumb/v7e-m+fp/hard\libcr_c.a(atan2f.o) (atanf)
c:/nxp/mcuxpressoide_11.6.1_8255/ide/plugins/com.nxp.mcuxpresso.tools.win32_11.6.1.202207200623/tools/bin/../lib/gcc/arm-none-eabi/10.3.1/../../../../arm-none-eabi/lib/thumb/v7e-m+fp/hard\libcr_c.a(cosf.o)
                              ./source/Fusion/FusionAhrs.o (cosf)
c:/nxp/mcuxpressoide_11.6.1_8255/ide/plugins/com.nxp.mcuxpresso.tools.win32_11.6.1.202207200623/tools/bin/../lib/gcc/arm-none-eabi/10.3.1/../../../../arm-none-eabi/lib/thumb/v7e-m+fp/hard\libcr_c.a(fabsf.o)
                              c:/nxp/mcuxpressoide_11.6.1_8255/ide/plugins/com.nxp.mcuxpresso.tools.win32_11.6.1.202207200623/tools/bin/../lib/gcc/arm-none-eabi/10.3.1/../../../../arm-none-eabi/lib/thumb/v7e-m+fp/hard\libcr_c.a(atan2f.o) (fabsf)
c:/nxp/mcuxpressoide_11.6.1_8255/ide/plugins/com.nxp.mcuxpresso.tools.win32_11.6.1.202207200623/tools/bin/../lib/gcc/arm-none-eabi/10.3.1/../../../../arm-none-eabi/lib/thumb/v7e-m+fp/hard\libcr_c.a(powf.o)
                              ./source/Fusion/FusionAhrs.o (powf)
c:/nxp/mcuxpressoide_11.6.1_8255/ide/plugins/com.nxp.mcuxpresso.tools.win32_11.6.1.202207200623/tools/bin/../lib/gcc/arm-none-eabi/10.3.1/../../../../arm-none-eabi/lib/thumb/v7e-m+fp/hard\libcr_c.a(sinf.o)
                              ./source/Fusion/FusionAhrs.o (sinf)
c:/nxp/mcuxpressoide_11.6.1_8255/ide/plugins/com.nxp.mcuxpresso.tools.win32_11.6.1.202207200623/tools/bin/../lib/gcc/arm-none-eabi/10.3.1/../../../../arm-none-eabi/lib/thumb/v7e-m+fp/hard\libcr_c.a(sqrtf_m4_hardfp.o)
                              ./source/Fusion/FusionAhrs.o (sqrtf)
c:/nxp/mcuxpressoide_11.6.1_8255/ide/plugins/com.nxp.mcuxpresso.tools.win32_11.6.1.202207200623/tools/bin/../lib/gcc/arm-none-eabi/10.3.1/../../../../arm-none-eabi/lib/thumb/v7e-m+fp/hard\libcr_c.a(memcpy.o)
                              ./source/matrixOperations.h/matrixOperations.o (memcpy)
c:/nxp/mcuxpressoide_11.6.1_8255/ide/plugins/com.nxp.mcuxpresso.tools.win32_11.6.1.202207200623/tools/bin/../lib/gcc/arm-none-eabi/10.3.1/../../../../arm-none-eabi/lib/thumb/v7e-m+fp/hard\libcr_c.a(memset.o)
                              ./source/Sensores/MPU6050.o (memset)
c:/nxp/mcuxpressoide_11.6.1_8255/ide/plugins/com.nxp.mcuxpresso.tools.win32_11.6.1.202207200623/tools/bin/../lib/gcc/arm-none-eabi/10.3.1/../../../../arm-none-eabi/lib/thumb/v7e-m+fp/hard\libcr_c.a(cos.o)
                              ./source/Sensores/test_MPU6050.o (cos)
c:/nxp/mcuxpressoide_11.6.1_8255/ide/plugins/com.nxp.mcuxpresso.tools.win32_11.6.1.202207200623/tools/bin/../lib/gcc/arm-none-eabi/10.3.1/../../../../arm-none-eabi/lib/thumb/v7e-m+fp/hard\libcr_c.a(errno.o)
                              c:/nxp/mcuxpressoide_11.6.1_8255/ide/plugins/com.nxp.mcuxpresso.tools.win32_11.6.1.202207200623/tools/bin/../lib/gcc/arm-none-eabi/10.3.1/../../../../arm-none-eabi/lib/thumb/v7e-m+fp/hard\libcr_c.a(atan2f.o) (errno)
c:/nxp/mcuxpressoide_11.6.1_8255/ide/plugins/com.nxp.mcuxpresso.tools.win32_11.6.1.202207200623/tools/bin/../lib/gcc/arm-none-eabi/10.3.1/../../../../arm-none-eabi/lib/thumb/v7e-m+fp/hard\libcr_c.a(fabs.o)
                              ./source/matrixOperations.h/matrixOperations.o (fabs)
c:/nxp/mcuxpressoide_11.6.1_8255/ide/plugins/com.nxp.mcuxpresso.tools.win32_11.6.1.202207200623/tools/bin/../lib/gcc/arm-none-eabi/10.3.1/../../../../arm-none-eabi/lib/thumb/v7e-m+fp/hard\libcr_c.a(fpprintf.o)
                              ./source/Sensores/test_MPU6050.o (sprintf)
c:/nxp/mcuxpressoide_11.6.1_8255/ide/plugins/com.nxp.mcuxpresso.tools.win32_11.6.1.202207200623/tools/bin/../lib/gcc/arm-none-eabi/10.3.1/../../../../arm-none-eabi/lib/thumb/v7e-m+fp/hard\libcr_c.a(printf.o)
                              c:/nxp/mcuxpressoide_11.6.1_8255/ide/plugins/com.nxp.mcuxpresso.tools.win32_11.6.1.202207200623/tools/bin/../lib/gcc/arm-none-eabi/10.3.1/../../../../arm-none-eabi/lib/thumb/v7e-m+fp/hard\libcr_c.a(fpprintf.o) (__vfprintf)
[...]
Memory Configuration

Name             Origin             Length             Attributes
PROGRAM_FLASH    0x00000000         0x00100000         xr
SRAM_UPPER       0x20000000         0x00030000         xrw
SRAM_LOWER       0x1fff0000         0x00010000         xrw
FLEX_RAM         0x14000000         0x00001000         xrw
*default*        0x00000000         0xffffffff

Linker script and memory map

LOAD ./source/timer/SysTick.o
LOAD ./source/timer/timer.o
LOAD ./source/matrixOperations.h/matrixOperations.o
LOAD ./source/event_queue/event_queue.o
LOAD ./source/buffer/SPI_buffer.o
LOAD ./source/buffer/circular_buffer.o
LOAD ./source/buffer/circular_buffer_16.o
LOAD ./source/buffer/generic_circular_buffer.o
LOAD ./source/UART/uart.o
LOAD ./source/Sensores/MPU6050.o
LOAD ./source/Sensores/MPU9250_SPI.o
LOAD ./source/Sensores/test_MPU6050.o
LOAD ./source/SPI/SPI.o
LOAD ./source/SBUS/SBUS.o
LOAD ./source/PIT/PIT.o
LOAD ./source/MPU9250/MPU9255_SPI.o
LOAD ./source/MCAL/gpio.o
LOAD ./source/Kalman/Kalman.o
LOAD ./source/I2Cm/I2Cm.o
LOAD ./source/Fusion/FusionAhrs.o
LOAD ./source/Fusion/FusionCompass.o
LOAD ./source/Fusion/FusionOffset.o
LOAD ./source/FTM/FTM.o
LOAD ./source/CMP/CMP.o
LOAD ./source/CAN/CAN.o
LOAD ./source/ADC/ADC.o
LOAD ./source/ADC/ADC_hal.o
LOAD ./SDK/startup/hardware.o
LOAD ./SDK/startup/main.o
LOAD ./SDK/startup/semihost_hardfault.o
LOAD ./SDK/startup/startup_mk64f12.o
LOAD ./SDK/CMSIS/system_MK64F12.o
START GROUP
LOAD c:/nxp/mcuxpressoide_11.6.1_8255/ide/plugins/com.nxp.mcuxpresso.tools.win32_11.6.1.202207200623/tools/bin/../lib/gcc/arm-none-eabi/10.3.1/../../../../arm-none-eabi/lib/thumb/v7e-m+fp/hard\libcr_semihost_nf.a
LOAD c:/nxp/mcuxpressoide_11.6.1_8255/ide/plugins/com.nxp.mcuxpresso.tools.win32_11.6.1.202207200623/tools/bin/../lib/gcc/arm-none-eabi/10.3.1/../../../../arm-none-eabi/lib/thumb/v7e-m+fp/hard\libcr_c.a
LOAD c:/nxp/mcuxpressoide_11.6.1_8255/ide/plugins/com.nxp.mcuxpresso.tools.win32_11.6.1.202207200623/tools/bin/../lib/gcc/arm-none-eabi/10.3.1/thumb/v7e-m+fp/hard\libcr_eabihelpers.a
LOAD c:/nxp/mcuxpressoide_11.6.1_8255/ide/plugins/com.nxp.mcuxpresso.tools.win32_11.6.1.202207200623/tools/bin/../lib/gcc/arm-none-eabi/10.3.1/thumb/v7e-m+fp/hard\libgcc.a
END GROUP
                0x00000000                __base_PROGRAM_FLASH = 0x0
                0x00000000                __base_Flash = 0x0
                0x00100000                __top_PROGRAM_FLASH = 0x100000
                0x00100000                __top_Flash = 0x100000
                0x20000000                __base_SRAM_UPPER = 0x20000000
                0x20000000                __base_RAM = 0x20000000
                0x20030000                __top_SRAM_UPPER = 0x20030000
                0x20030000                __top_RAM = 0x20030000
                0x1fff0000                __base_SRAM_LOWER = 0x1fff0000
                0x1fff0000                __base_RAM2 = 0x1fff0000
                0x20000000                __top_SRAM_LOWER = 0x20000000
                0x20000000                __top_RAM2 = 0x20000000
                0x14000000                __base_FLEX_RAM = 0x14000000
                0x14000000                __base_RAM3 = 0x14000000
                0x14001000                __top_FLEX_RAM = 0x14001000
                0x14001000                __top_RAM3 = 0x14001000

.text           0x00000000     0x6c10
 FILL mask 0xff
                0x00000000                __vectors_start__ = ABSOLUTE (.)
 *(SORT_BY_ALIGNMENT(.isr_vector))
 .isr_vector    0x00000000      0x198 ./SDK/startup/startup_mk64f12.o
                0x00000000                g_pfnVectors
                0x00000000                __Vectors
                0x00000198                . = ALIGN (0x4)
                0x00000198                __section_table_start = .
                0x00000198                __data_section_table = .
                0x00000198        0x4 LONG 0x6c10 LOADADDR (.data)
                0x0000019c        0x4 LONG 0x20000000 ADDR (.data)
                0x000001a0        0x4 LONG 0x10 SIZEOF (.data)
                0x000001a4        0x4 LONG 0x6c10 LOADADDR (.data_RAM2)
                0x000001a8        0x4 LONG 0x1fff0000 ADDR (.data_RAM2)
                0x000001ac        0x4 LONG 0x0 SIZEOF (.data_RAM2)
                0x000001b0        0x4 LONG 0x6c10 LOADADDR (.data_RAM3)
                0x000001b4        0x4 LONG 0x14000000 ADDR (.data_RAM3)
                0x000001b8        0x4 LONG 0x0 SIZEOF (.data_RAM3)
                0x000001bc                __data_section_table_end = .
                0x000001bc                __bss_section_table = .
                0x000001bc        0x4 LONG 0x20000010 ADDR (.bss)
                0x000001c0        0x4 LONG 0x1230 SIZEOF (.bss)
                0x000001c4        0x4 LONG 0x1fff0000 ADDR (.bss_RAM2)
                0x000001c8        0x4 LONG 0x0 SIZEOF (.bss_RAM2)
                0x000001cc        0x4 LONG 0x14000000 ADDR (.bss_RAM3)
                0x000001d0        0x4 LONG 0x0 SIZEOF (.bss_RAM3)
                0x000001d4                __bss_section_table_end = .
                0x000001d4                __section_table_end = .
 *(SORT_BY_ALIGNMENT(.after_vectors*))
 .after_vectors.reset
                0x000001d4       0x4c ./SDK/startup/startup_mk64f12.o
                0x000001d4                ResetISR
 .after_vectors.init_data
                0x00000220       0x1e ./SDK/startup/startup_mk64f12.o
                0x00000220                data_init
 .after_vectors.init_bss
                0x0000023e       0x12 ./SDK/startup/startup_mk64f12.o
                0x0000023e                bss_init
 .after_vectors
                0x00000250       0x14 ./SDK/startup/startup_mk64f12.o
                0x00000250                NMI_Handler
                0x00000254                MemManage_Handler
                0x00000256                BusFault_Handler
                0x00000258                UsageFault_Handler
                0x0000025a                SVC_Handler
                0x0000025c                DebugMon_Handler
                0x0000025e                PendSV_Handler
                0x00000262                DMA_Error_DriverIRQHandler
                0x00000262                LPTMR0_DriverIRQHandler
                0x00000262                FTM1_DriverIRQHandler
                0x00000262                FTM2_DriverIRQHandler
                0x00000262                PIT2_DriverIRQHandler
                0x00000262                SDHC_DriverIRQHandler
                0x00000262                I2S0_Tx_DriverIRQHandler
                0x00000262                RTC_Seconds_DriverIRQHandler
                0x00000262                DMA6_DriverIRQHandler
                0x00000262                LLWU_DriverIRQHandler
                0x00000262                MCM_DriverIRQHandler
                0x00000262                MCG_DriverIRQHandler
                0x00000262                ENET_1588_Timer_DriverIRQHandler
                0x00000262                I2C2_DriverIRQHandler
                0x00000262                DAC1_DriverIRQHandler
                0x00000262                SPI1_DriverIRQHandler
                0x00000262                CMP1_DriverIRQHandler
                0x00000262                UART5_RX_TX_DriverIRQHandler
                0x00000262                FTM0_DriverIRQHandler
                0x00000262                IntDefaultHandler
                0x00000262                USB0_DriverIRQHandler
                0x00000262                UART5_ERR_DriverIRQHandler
                0x00000262                PORTC_DriverIRQHandler
                0x00000262                DMA11_DriverIRQHandler
                0x00000262                DAC0_DriverIRQHandler
                0x00000262                DMA10_DriverIRQHandler
                0x00000262                CMP2_DriverIRQHandler
                0x00000262                UART2_ERR_DriverIRQHandler
                0x00000262                SPI2_DriverIRQHandler
                0x00000262                LVD_LVW_DriverIRQHandler
                0x00000262                PIT0_DriverIRQHandler
                0x00000262                RNG_DriverIRQHandler
                0x00000262                DMA5_DriverIRQHandler
                0x00000262                DMA12_DriverIRQHandler
                0x00000262                UART2_RX_TX_DriverIRQHandler
                0x00000262                USBDCD_DriverIRQHandler
                0x00000262                UART3_ERR_DriverIRQHandler
                0x00000262                DMA3_DriverIRQHandler
                0x00000262                DMA8_DriverIRQHandler
                0x00000262                DMA9_DriverIRQHandler
                0x00000262                UART0_ERR_DriverIRQHandler
                0x00000262                CMT_DriverIRQHandler
                0x00000262                Reserved71_DriverIRQHandler
                0x00000262                ADC1_DriverIRQHandler
                0x00000262                PORTA_DriverIRQHandler
                0x00000262                DMA14_DriverIRQHandler
                0x00000262                PIT3_DriverIRQHandler
                0x00000262                PIT1_DriverIRQHandler
                0x00000262                WDOG_EWM_DriverIRQHandler
                0x00000262                PDB0_DriverIRQHandler
                0x00000262                RTC_DriverIRQHandler
                0x00000262                I2S0_Rx_DriverIRQHandler
                0x00000262                Read_Collision_DriverIRQHandler
                0x00000262                SWI_DriverIRQHandler
                0x00000262                UART4_RX_TX_DriverIRQHandler
                0x00000262                UART4_ERR_DriverIRQHandler
                0x00000262                PORTB_DriverIRQHandler
                0x00000262                UART0_LON_DriverIRQHandler
                0x00000262                DMA0_DriverIRQHandler
                0x00000262                DMA1_DriverIRQHandler
                0x00000262                I2C1_DriverIRQHandler
                0x00000262                UART3_RX_TX_DriverIRQHandler
                0x00000262                ENET_Receive_DriverIRQHandler
                0x00000262                DMA13_DriverIRQHandler
                0x00000262                ENET_Error_DriverIRQHandler
                0x00000262                DMA15_DriverIRQHandler
                0x00000262                UART0_RX_TX_DriverIRQHandler
                0x00000262                SPI0_DriverIRQHandler
                0x00000262                ADC0_DriverIRQHandler
                0x00000262                CMP0_DriverIRQHandler
                0x00000262                CAN0_DriverIRQHandler
                0x00000262                FTM3_DriverIRQHandler
                0x00000262                DMA4_DriverIRQHandler
                0x00000262                UART1_ERR_DriverIRQHandler
                0x00000262                DMA2_DriverIRQHandler
                0x00000262                ENET_Transmit_DriverIRQHandler
                0x00000262                PORTD_DriverIRQHandler
                0x00000262                PORTE_DriverIRQHandler
                0x00000262                FTFE_DriverIRQHandler
                0x00000262                I2C0_DriverIRQHandler
                0x00000262                DMA7_DriverIRQHandler
                0x00000262                UART1_RX_TX_DriverIRQHandler
                0x00000400                . = 0x400
 *fill*         0x00000264      0x19c ff
                0x00000400                PROVIDE (__FLASH_CONFIG_START__ = .)
 *(SORT_BY_ALIGNMENT(.FlashConfig))
 .FlashConfig   0x00000400       0x10 ./SDK/startup/startup_mk64f12.o
                0x00000400                Flash_Config
                0x00000410                PROVIDE (__FLASH_CONFIG_END__ = .)
                0x00000001                ASSERT (! ((__FLASH_CONFIG_START__ == __FLASH_CONFIG_END__)), Linker Flash Config Support Enabled, but no .FlashConfig section provided within application)
 *(SORT_BY_ALIGNMENT(.text*))
 .text.calibrateMPU6050
                0x00000410      0x2b4 ./source/Sensores/MPU6050.o
                0x00000410                calibrateMPU6050
 *fill*         0x000006c4        0x4 ff
 .text.mpu6050_raw2trueGyro
                0x000006c8      0x12c ./source/Sensores/MPU6050.o
 *fill*         0x000007f4        0x4 ff
 .text.mpu6050_raw2trueAcc
                0x000007f8      0x12c ./source/Sensores/MPU6050.o
 *fill*         0x00000924        0x4 ff
 .text.App_Run  0x00000928      0x270 ./source/Sensores/test_MPU6050.o
                0x00000928                App_Run
 .text.getAnglesGyro
                0x00000b98      0x314 ./source/Sensores/test_MPU6050.o
 *fill*         0x00000eac        0x4 ff
 .text.cos      0x00000eb0       0x68 c:/nxp/mcuxpressoide_11.6.1_8255/ide/plugins/com.nxp.mcuxpresso.tools.win32_11.6.1.202207200623/tools/bin/../lib/gcc/arm-none-eabi/10.3.1/../../../../arm-none-eabi/lib/thumb/v7e-m+fp/hard\libcr_c.a(cos.o)
                0x00000eb0                cos
 .text.fp_display
                0x00000f18      0x964 c:/nxp/mcuxpressoide_11.6.1_8255/ide/plugins/com.nxp.mcuxpresso.tools.win32_11.6.1.202207200623/tools/bin/../lib/gcc/arm-none-eabi/10.3.1/../../../../arm-none-eabi/lib/thumb/v7e-m+fp/hard\libcr_c.a(fpprintf.o)
 *fill*         0x0000187c        0x4 ff
 .text._sincosf
                0x00001880      0x138 c:/nxp/mcuxpressoide_11.6.1_8255/ide/plugins/com.nxp.mcuxpresso.tools.win32_11.6.1.202207200623/tools/bin/../lib/gcc/arm-none-eabi/10.3.1/../../../../arm-none-eabi/lib/thumb/v7e-m+fp/hard\libcr_c.a(_sincosf.o)
                0x00001880                _sincosf
 .text._frexpl  0x000019b8       0x68 c:/nxp/mcuxpressoide_11.6.1_8255/ide/plugins/com.nxp.mcuxpresso.tools.win32_11.6.1.202207200623/tools/bin/../lib/gcc/arm-none-eabi/10.3.1/../../../../arm-none-eabi/lib/thumb/v7e-m+fp/hard\libcr_c.a(_frexpl.o)
                0x000019b8                _frexpl
 .text._ldexpl  0x00001a20       0x5c c:/nxp/mcuxpressoide_11.6.1_8255/ide/plugins/com.nxp.mcuxpresso.tools.win32_11.6.1.202207200623/tools/bin/../lib/gcc/arm-none-eabi/10.3.1/../../../../arm-none-eabi/lib/thumb/v7e-m+fp/hard\libcr_c.a(_ldexpl.o)
                0x00001a20                _ldexpl
 *fill*         0x00001a7c        0x4 ff
 .text._sincos  0x00001a80      0x20c c:/nxp/mcuxpressoide_11.6.1_8255/ide/plugins/com.nxp.mcuxpresso.tools.win32_11.6.1.202207200623/tools/bin/../lib/gcc/arm-none-eabi/10.3.1/../../../../arm-none-eabi/lib/thumb/v7e-m+fp/hard\libcr_c.a(_sincos.o)
                0x00001a80                _sincos
 *fill*         0x00001c8c        0x4 ff
 .text._tancot  0x00001c90      0x228 c:/nxp/mcuxpressoide_11.6.1_8255/ide/plugins/com.nxp.mcuxpresso.tools.win32_11.6.1.202207200623/tools/bin/../lib/gcc/arm-none-eabi/10.3.1/../../../../arm-none-eabi/lib/thumb/v7e-m+fp/hard\libcr_c.a(_tancot.o)
                0x00001c90                _tancot
 .text.__NVIC_EnableIRQ
                0x00001eb8       0x3c ./source/timer/SysTick.o
 .text.SysTick_Init
                0x00001ef4       0x48 ./source/timer/SysTick.o
                0x00001ef4                SysTick_Init
 .text.SysTick_Handler
                0x00001f3c       0x24 ./source/timer/SysTick.o
                0x00001f3c                SysTick_Handler
 .text.timerInit
                0x00001f60       0x28 ./source/timer/timer.o
                0x00001f60                timerInit
 .text.timerGetId
                0x00001f88       0x2c ./source/timer/timer.o
                0x00001f88                timerGetId
 .text.timerStart
                0x00001fb4       0xb8 ./source/timer/timer.o
                0x00001fb4                timerStart
 .text.timerExpired
                0x0000206c       0x54 ./source/timer/timer.o
                0x0000206c                timerExpired
 .text.timer_isr
                0x000020c0       0xe0 ./source/timer/timer.o
 .text.SPIBgetPckg
                0x000021a0       0x84 ./source/buffer/SPI_buffer.o
                0x000021a0                SPIBgetPckg
 .text.__NVIC_EnableIRQ
                0x00002224       0x3c ./source/UART/uart.o
 .text.uartInit
                0x00002260      0x1c8 ./source/UART/uart.o
                0x00002260                uartInit
 .text.uartWriteMsg
                0x00002428       0x78 ./source/UART/uart.o
                0x00002428                uartWriteMsg
 .text.UART_Rx_Tx_IRQ
                0x000024a0       0xd0 ./source/UART/uart.o
 .text.initMPU6050
                0x00002570      0x32c ./source/Sensores/MPU6050.o
                0x00002570                initMPU6050
 .text.mpu6050_readAccelData
                0x0000289c       0x94 ./source/Sensores/MPU6050.o
                0x0000289c                mpu6050_readAccelData
 .text.mpu6050_readGyroData
                0x00002930       0x94 ./source/Sensores/MPU6050.o
                0x00002930                mpu6050_readGyroData
 .text.FusionRadiansToDegrees
                0x000029c4       0x28 ./source/Sensores/test_MPU6050.o
 .text.FusionAsin
                0x000029ec       0x58 ./source/Sensores/test_MPU6050.o
 .text.sendUartMessage6Channels
                0x00002a44       0x88 ./source/Sensores/test_MPU6050.o
 .text.SPI0_IRQHandler
                0x00002acc      0x14c ./source/SPI/SPI.o
                0x00002acc                SPI0_IRQHandler
 .text.UART_SBUS_IRQ
                0x00002c18      0x178 ./source/SBUS/SBUS.o
 .text.PIT0_IRQHandler
                0x00002d90       0x40 ./source/PIT/PIT.o
                0x00002d90                PIT0_IRQHandler
 .text.PIT1_IRQHandler
                0x00002dd0       0x30 ./source/PIT/PIT.o
                0x00002dd0                PIT1_IRQHandler
 .text.PIT2_IRQHandler
                0x00002e00       0x30 ./source/PIT/PIT.o
                0x00002e00                PIT2_IRQHandler
 .text.PIT3_IRQHandler
                0x00002e30       0x30 ./source/PIT/PIT.o
                0x00002e30                PIT3_IRQHandler
 .text.gpioMode
                0x00002e60      0x174 ./source/MCAL/gpio.o
                0x00002e60                gpioMode
 .text.gpioWrite
                0x00002fd4       0x68 ./source/MCAL/gpio.o
                0x00002fd4                gpioWrite
 .text.PORTA_IRQHandler
                0x0000303c       0x64 ./source/MCAL/gpio.o
                0x0000303c                PORTA_IRQHandler
 .text.PORTB_IRQHandler
                0x000030a0       0x64 ./source/MCAL/gpio.o
                0x000030a0                PORTB_IRQHandler
 .text.PORTC_IRQHandler
                0x00003104       0x64 ./source/MCAL/gpio.o
                0x00003104                PORTC_IRQHandler
 .text.PORTD_IRQHandler
                0x00003168       0x64 ./source/MCAL/gpio.o
                0x00003168                PORTD_IRQHandler
 .text.PORTE_IRQHandler
                0x000031cc       0x64 ./source/MCAL/gpio.o
                0x000031cc                PORTE_IRQHandler
 .text.__NVIC_EnableIRQ
                0x00003230       0x3c ./source/I2Cm/I2Cm.o
 .text.I2CmInit
                0x0000326c       0xf0 ./source/I2Cm/I2Cm.o
                0x0000326c                I2CmInit
 .text.I2CmStartTransaction
                0x0000335c      0x248 ./source/I2Cm/I2Cm.o
                0x0000335c                I2CmStartTransaction
 .text.isI2CBusy
                0x000035a4       0x68 ./source/I2Cm/I2Cm.o
                0x000035a4                isI2CBusy
 .text.I2C0_IRQHandler
                0x0000360c      0x2cc ./source/I2Cm/I2Cm.o
                0x0000360c                I2C0_IRQHandler
 .text.FusionAhrsInitialise
                0x000038d8       0x68 ./source/Fusion/FusionAhrs.o
                0x000038d8                FusionAhrsInitialise
 .text.FusionAhrsGetQuaternion
                0x00003940       0x24 ./source/Fusion/FusionAhrs.o
                0x00003940                FusionAhrsGetQuaternion
 .text.FusionAhrsSetHeading
                0x00003964       0xd8 ./source/Fusion/FusionAhrs.o
                0x00003964                FusionAhrsSetHeading
 .text.FusionAhrsUpdate
                0x00003a3c      0x46c ./source/Fusion/FusionAhrs.o
                0x00003a3c                FusionAhrsUpdate
 .text.FusionAhrsUpdateNoMagnetometer
                0x00003ea8       0x50 ./source/Fusion/FusionAhrs.o
                0x00003ea8                FusionAhrsUpdateNoMagnetometer
 .text.FusionCompassCalculateHeading
                0x00003ef8       0xcc ./source/Fusion/FusionCompass.o
                0x00003ef8                FusionCompassCalculateHeading
 .text.FTM0_IRQHandler
                0x00003fc4       0x9c ./source/FTM/FTM.o
                0x00003fc4                FTM0_IRQHandler
 .text.FTM1_IRQHandler
                0x00004060       0xa4 ./source/FTM/FTM.o
                0x00004060                FTM1_IRQHandler
 .text.hw_Init  0x00004104      0x108 ./SDK/startup/hardware.o
                0x00004104                hw_Init
 .text.hw_EnableInterrupts
                0x0000420c       0x30 ./SDK/startup/hardware.o
                0x0000420c                hw_EnableInterrupts
 .text.hw_DisableInterrupts
                0x0000423c       0x20 ./SDK/startup/hardware.o
                0x0000423c                hw_DisableInterrupts
 .text.SystemInit
                0x0000425c       0x3c ./SDK/CMSIS/system_MK64F12.o
                0x0000425c                SystemInit
 .text.atan2f   0x00004298       0xc0 c:/nxp/mcuxpressoide_11.6.1_8255/ide/plugins/com.nxp.mcuxpresso.tools.win32_11.6.1.202207200623/tools/bin/../lib/gcc/arm-none-eabi/10.3.1/../../../../arm-none-eabi/lib/thumb/v7e-m+fp/hard\libcr_c.a(atan2f.o)
                0x00004298                atan2f
 .text.atanf    0x00004358       0xec c:/nxp/mcuxpressoide_11.6.1_8255/ide/plugins/com.nxp.mcuxpresso.tools.win32_11.6.1.202207200623/tools/bin/../lib/gcc/arm-none-eabi/10.3.1/../../../../arm-none-eabi/lib/thumb/v7e-m+fp/hard\libcr_c.a(atanf.o)
                0x00004358                atanf
 .text.cosf     0x00004444       0x30 c:/nxp/mcuxpressoide_11.6.1_8255/ide/plugins/com.nxp.mcuxpresso.tools.win32_11.6.1.202207200623/tools/bin/../lib/gcc/arm-none-eabi/10.3.1/../../../../arm-none-eabi/lib/thumb/v7e-m+fp/hard\libcr_c.a(cosf.o)
                0x00004444                cosf
 .text.sprintf  0x00004474       0x6c c:/nxp/mcuxpressoide_11.6.1_8255/ide/plugins/com.nxp.mcuxpresso.tools.win32_11.6.1.202207200623/tools/bin/../lib/gcc/arm-none-eabi/10.3.1/../../../../arm-none-eabi/lib/thumb/v7e-m+fp/hard\libcr_c.a(fpprintf.o)
                0x00004474                sprintf
 .text.__vfprintf
                0x000044e0      0xbf8 c:/nxp/mcuxpressoide_11.6.1_8255/ide/plugins/com.nxp.mcuxpresso.tools.win32_11.6.1.202207200623/tools/bin/../lib/gcc/arm-none-eabi/10.3.1/../../../../arm-none-eabi/lib/thumb/v7e-m+fp/hard\libcr_c.a(printf.o)
                0x000044e0                __vfprintf
 .text._asinacosf
                0x000050d8      0x158 c:/nxp/mcuxpressoide_11.6.1_8255/ide/plugins/com.nxp.mcuxpresso.tools.win32_11.6.1.202207200623/tools/bin/../lib/gcc/arm-none-eabi/10.3.1/../../../../arm-none-eabi/lib/thumb/v7e-m+fp/hard\libcr_c.a(_asinacosf.o)
                0x000050d8                _asinacosf
 .text._Cwritebuf
                0x00005230       0x6c c:/nxp/mcuxpressoide_11.6.1_8255/ide/plugins/com.nxp.mcuxpresso.tools.win32_11.6.1.202207200623/tools/bin/../lib/gcc/arm-none-eabi/10.3.1/../../../../arm-none-eabi/lib/thumb/v7e-m+fp/hard\libcr_c.a(_writebuf.o)
                0x00005230                _Cwritebuf
 .text.malloc   0x0000529c       0xc8 c:/nxp/mcuxpressoide_11.6.1_8255/ide/plugins/com.nxp.mcuxpresso.tools.win32_11.6.1.202207200623/tools/bin/../lib/gcc/arm-none-eabi/10.3.1/../../../../arm-none-eabi/lib/thumb/v7e-m+fp/hard\libcr_c.a(alloc.o)
                0x0000529c                malloc
 .text._Csys_alloc
                0x00005364       0x20 c:/nxp/mcuxpressoide_11.6.1_8255/ide/plugins/com.nxp.mcuxpresso.tools.win32_11.6.1.202207200623/tools/bin/../lib/gcc/arm-none-eabi/10.3.1/../../../../arm-none-eabi/lib/thumb/v7e-m+fp/hard\libcr_c.a(alloc.o)
                0x00005364                _Csys_alloc
 .text.fseek    0x00005384       0xfc c:/nxp/mcuxpressoide_11.6.1_8255/ide/plugins/com.nxp.mcuxpresso.tools.win32_11.6.1.202207200623/tools/bin/../lib/gcc/arm-none-eabi/10.3.1/../../../../arm-none-eabi/lib/thumb/v7e-m+fp/hard\libcr_c.a(fseek.o)
                0x00005384                fseek
 .text.ftell    0x00005480       0x44 c:/nxp/mcuxpressoide_11.6.1_8255/ide/plugins/com.nxp.mcuxpresso.tools.win32_11.6.1.202207200623/tools/bin/../lib/gcc/arm-none-eabi/10.3.1/../../../../arm-none-eabi/lib/thumb/v7e-m+fp/hard\libcr_c.a(ftell.o)
                0x00005480                ftell
 .text._sbrk    0x000054c4       0x3c c:/nxp/mcuxpressoide_11.6.1_8255/ide/plugins/com.nxp.mcuxpresso.tools.win32_11.6.1.202207200623/tools/bin/../lib/gcc/arm-none-eabi/10.3.1/../../../../arm-none-eabi/lib/thumb/v7e-m+fp/hard\libcr_c.a(_cr_sbrk.o)
                0x000054c4                _sbrk
 .text.__check_heap_overflow
                0x00005500       0x18 c:/nxp/mcuxpressoide_11.6.1_8255/ide/plugins/com.nxp.mcuxpresso.tools.win32_11.6.1.202207200623/tools/bin/../lib/gcc/arm-none-eabi/10.3.1/../../../../arm-none-eabi/lib/thumb/v7e-m+fp/hard\libcr_c.a(_cr_check_heap.o)
                0x00005500                __check_heap_overflow
 .text.__aeabi_dmul
                0x00005518       0xfc c:/nxp/mcuxpressoide_11.6.1_8255/ide/plugins/com.nxp.mcuxpresso.tools.win32_11.6.1.202207200623/tools/bin/../lib/gcc/arm-none-eabi/10.3.1/thumb/v7e-m+fp/hard\libcr_eabihelpers.a(double.o)
                0x00005518                __aeabi_dmul
 .text.__aeabi_ddiv
                0x00005614      0x138 c:/nxp/mcuxpressoide_11.6.1_8255/ide/plugins/com.nxp.mcuxpresso.tools.win32_11.6.1.202207200623/tools/bin/../lib/gcc/arm-none-eabi/10.3.1/thumb/v7e-m+fp/hard\libcr_eabihelpers.a(double.o)
                0x00005614                __aeabi_ddiv
 .text.__aeabi_dsub
                0x0000574c      0x1ac c:/nxp/mcuxpressoide_11.6.1_8255/ide/plugins/com.nxp.mcuxpresso.tools.win32_11.6.1.202207200623/tools/bin/../lib/gcc/arm-none-eabi/10.3.1/thumb/v7e-m+fp/hard\libcr_eabihelpers.a(double.o)
                0x0000574c                __aeabi_dsub
 .text.__aeabi_dadd
                0x000058f8      0x114 c:/nxp/mcuxpressoide_11.6.1_8255/ide/plugins/com.nxp.mcuxpresso.tools.win32_11.6.1.202207200623/tools/bin/../lib/gcc/arm-none-eabi/10.3.1/thumb/v7e-m+fp/hard\libcr_eabihelpers.a(double.o)
                0x000058f8                __aeabi_dadd
 .text.__aeabi_d2f
                0x00005a0c       0x58 c:/nxp/mcuxpressoide_11.6.1_8255/ide/plugins/com.nxp.mcuxpresso.tools.win32_11.6.1.202207200623/tools/bin/../lib/gcc/arm-none-eabi/10.3.1/thumb/v7e-m+fp/hard\libcr_eabihelpers.a(double.o)
                0x00005a0c                __aeabi_d2f
 .text.__aeabi_f2d
                0x00005a64       0x38 c:/nxp/mcuxpressoide_11.6.1_8255/ide/plugins/com.nxp.mcuxpresso.tools.win32_11.6.1.202207200623/tools/bin/../lib/gcc/arm-none-eabi/10.3.1/thumb/v7e-m+fp/hard\libcr_eabihelpers.a(float.o)
                0x00005a64                __aeabi_f2d
 .text.__sys_appexit
                0x00005a9c        0xc c:/nxp/mcuxpressoide_11.6.1_8255/ide/plugins/com.nxp.mcuxpresso.tools.win32_11.6.1.202207200623/tools/bin/../lib/gcc/arm-none-eabi/10.3.1/../../../../arm-none-eabi/lib/thumb/v7e-m+fp/hard\libcr_semihost_nf.a(__sys_appexit.o)
                0x00005a9c                __sys_appexit
                0x00005a9c                __exit
 .text.timerDelay
                0x00005aa8       0x32 ./source/timer/timer.o
                0x00005aa8                timerDelay
 .text.getCircularPointer
                0x00005ada       0x1e ./source/buffer/SPI_buffer.o
 .text.SPIBisEmpty
                0x00005af8       0x2a ./source/buffer/SPI_buffer.o
                0x00005af8                SPIBisEmpty
 .text.getCircularPointer
                0x00005b22       0x2c ./source/buffer/circular_buffer.o
 .text.CBinit   0x00005b4e       0x30 ./source/buffer/circular_buffer.o
                0x00005b4e                CBinit
 .text.CBisEmpty
                0x00005b7e       0x2a ./source/buffer/circular_buffer.o
                0x00005b7e                CBisEmpty
 .text.CBputChain
                0x00005ba8       0xaa ./source/buffer/circular_buffer.o
                0x00005ba8                CBputChain
 .text.CBputByte
                0x00005c52       0x8e ./source/buffer/circular_buffer.o
                0x00005c52                CBputByte
 .text.CBgetByte
                0x00005ce0       0x62 ./source/buffer/circular_buffer.o
                0x00005ce0                CBgetByte
 .text.CBgetBufferState
                0x00005d42       0x5c ./source/buffer/circular_buffer.o
                0x00005d42                CBgetBufferState
 .text.CBreset  0x00005d9e       0x3e ./source/buffer/circular_buffer.o
                0x00005d9e                CBreset
 .text.UART0_RX_TX_IRQHandler
                0x00005ddc       0x2e ./source/UART/uart.o
                0x00005ddc                UART0_RX_TX_IRQHandler
 .text.UART2_RX_TX_IRQHandler
                0x00005e0a       0x2e ./source/UART/uart.o
                0x00005e0a                UART2_RX_TX_IRQHandler
 .text.UART3_RX_TX_IRQHandler
                0x00005e38       0x2e ./source/UART/uart.o
                0x00005e38                UART3_RX_TX_IRQHandler
 .text.UART4_RX_TX_IRQHandler
                0x00005e66       0x2e ./source/UART/uart.o
                0x00005e66                UART4_RX_TX_IRQHandler
 .text.FusionQuaternionToEuler
                0x00005e94      0x14c ./source/Sensores/test_MPU6050.o
 .text.App_Init
                0x00005fe0       0x38 ./source/Sensores/test_MPU6050.o
                0x00005fe0                App_Init
 .text.UART1_RX_TX_IRQHandler
                0x00006018       0x1c ./source/SBUS/SBUS.o
                0x00006018                UART1_RX_TX_IRQHandler
 .text.main     0x00006034       0x1a ./SDK/startup/main.o
                0x00006034                main
 .text.HardFault_Handler
                0x0000604e       0x2c ./SDK/startup/semihost_hardfault.o
                0x0000604e                HardFault_Handler
 .text.DMA0_IRQHandler
                0x0000607a        0x8 ./SDK/startup/startup_mk64f12.o
                0x0000607a                DMA0_IRQHandler
 .text.DMA1_IRQHandler
                0x00006082        0x8 ./SDK/startup/startup_mk64f12.o
                0x00006082                DMA1_IRQHandler
 .text.DMA2_IRQHandler
                0x0000608a        0x8 ./SDK/startup/startup_mk64f12.o
                0x0000608a                DMA2_IRQHandler
 .text.DMA3_IRQHandler
                0x00006092        0x8 ./SDK/startup/startup_mk64f12.o
                0x00006092                DMA3_IRQHandler
 .text.DMA4_IRQHandler
                0x0000609a        0x8 ./SDK/startup/startup_mk64f12.o
                0x0000609a                DMA4_IRQHandler
 .text.DMA5_IRQHandler
                0x000060a2        0x8 ./SDK/startup/startup_mk64f12.o
                0x000060a2                DMA5_IRQHandler
 .text.DMA6_IRQHandler
                0x000060aa        0x8 ./SDK/startup/startup_mk64f12.o
                0x000060aa                DMA6_IRQHandler
 .text.DMA7_IRQHandler
                0x000060b2        0x8 ./SDK/startup/startup_mk64f12.o
                0x000060b2                DMA7_IRQHandler
 .text.DMA8_IRQHandler
                0x000060ba        0x8 ./SDK/startup/startup_mk64f12.o
                0x000060ba                DMA8_IRQHandler
 .text.DMA9_IRQHandler
                0x000060c2        0x8 ./SDK/startup/startup_mk64f12.o
                0x000060c2                DMA9_IRQHandler
 .text.DMA10_IRQHandler
                0x000060ca        0x8 ./SDK/startup/startup_mk64f12.o
                0x000060ca                DMA10_IRQHandler
 .text.DMA11_IRQHandler
                0x000060d2        0x8 ./SDK/startup/startup_mk64f12.o
                0x000060d2                DMA11_IRQHandler
 .text.DMA12_IRQHandler
                0x000060da        0x8 ./SDK/startup/startup_mk64f12.o
                0x000060da                DMA12_IRQHandler
 .text.DMA13_IRQHandler
                0x000060e2        0x8 ./SDK/startup/startup_mk64f12.o
                0x000060e2                DMA13_IRQHandler
 .text.DMA14_IRQHandler
                0x000060ea        0x8 ./SDK/startup/startup_mk64f12.o
                0x000060ea                DMA14_IRQHandler
 .text.DMA15_IRQHandler
                0x000060f2        0x8 ./SDK/startup/startup_mk64f12.o
                0x000060f2                DMA15_IRQHandler
 .text.DMA_Error_IRQHandler
                0x000060fa        0x8 ./SDK/startup/startup_mk64f12.o
                0x000060fa                DMA_Error_IRQHandler
 .text.MCM_IRQHandler
                0x00006102        0x8 ./SDK/startup/startup_mk64f12.o
                0x00006102                MCM_IRQHandler
 .text.FTFE_IRQHandler
                0x0000610a        0x8 ./SDK/startup/startup_mk64f12.o
                0x0000610a                FTFE_IRQHandler
 .text.Read_Collision_IRQHandler
                0x00006112        0x8 ./SDK/startup/startup_mk64f12.o
                0x00006112                Read_Collision_IRQHandler
 .text.LVD_LVW_IRQHandler
                0x0000611a        0x8 ./SDK/startup/startup_mk64f12.o
                0x0000611a                LVD_LVW_IRQHandler
 .text.LLWU_IRQHandler
                0x00006122        0x8 ./SDK/startup/startup_mk64f12.o
                0x00006122                LLWU_IRQHandler
 .text.WDOG_EWM_IRQHandler
                0x0000612a        0x8 ./SDK/startup/startup_mk64f12.o
                0x0000612a                WDOG_EWM_IRQHandler
 .text.RNG_IRQHandler
                0x00006132        0x8 ./SDK/startup/startup_mk64f12.o
                0x00006132                RNG_IRQHandler
 .text.I2C1_IRQHandler
                0x0000613a        0x8 ./SDK/startup/startup_mk64f12.o
                0x0000613a                I2C1_IRQHandler
 .text.SPI1_IRQHandler
                0x00006142        0x8 ./SDK/startup/startup_mk64f12.o
                0x00006142                SPI1_IRQHandler
 .text.I2S0_Tx_IRQHandler
                0x0000614a        0x8 ./SDK/startup/startup_mk64f12.o
                0x0000614a                I2S0_Tx_IRQHandler
 .text.I2S0_Rx_IRQHandler
                0x00006152        0x8 ./SDK/startup/startup_mk64f12.o
                0x00006152                I2S0_Rx_IRQHandler
 .text.UART0_LON_IRQHandler
                0x0000615a        0x8 ./SDK/startup/startup_mk64f12.o
                0x0000615a                UART0_LON_IRQHandler
 .text.UART0_ERR_IRQHandler
                0x00006162        0x8 ./SDK/startup/startup_mk64f12.o
                0x00006162                UART0_ERR_IRQHandler
 .text.UART1_ERR_IRQHandler
                0x0000616a        0x8 ./SDK/startup/startup_mk64f12.o
                0x0000616a                UART1_ERR_IRQHandler
 .text.UART2_ERR_IRQHandler
                0x00006172        0x8 ./SDK/startup/startup_mk64f12.o
                0x00006172                UART2_ERR_IRQHandler
 .text.UART3_ERR_IRQHandler
                0x0000617a        0x8 ./SDK/startup/startup_mk64f12.o
                0x0000617a                UART3_ERR_IRQHandler
 .text.ADC0_IRQHandler
                0x00006182        0x8 ./SDK/startup/startup_mk64f12.o
                0x00006182                ADC0_IRQHandler
 .text.CMP0_IRQHandler
                0x0000618a        0x8 ./SDK/startup/startup_mk64f12.o
                0x0000618a                CMP0_IRQHandler
 .text.CMP1_IRQHandler
                0x00006192        0x8 ./SDK/startup/startup_mk64f12.o
                0x00006192                CMP1_IRQHandler
 .text.FTM2_IRQHandler
                0x0000619a        0x8 ./SDK/startup/startup_mk64f12.o
                0x0000619a                FTM2_IRQHandler
 .text.CMT_IRQHandler
                0x000061a2        0x8 ./SDK/startup/startup_mk64f12.o
                0x000061a2                CMT_IRQHandler
 .text.RTC_IRQHandler
                0x000061aa        0x8 ./SDK/startup/startup_mk64f12.o
                0x000061aa                RTC_IRQHandler
 .text.RTC_Seconds_IRQHandler
                0x000061b2        0x8 ./SDK/startup/startup_mk64f12.o
                0x000061b2                RTC_Seconds_IRQHandler
 .text.PDB0_IRQHandler
                0x000061ba        0x8 ./SDK/startup/startup_mk64f12.o
                0x000061ba                PDB0_IRQHandler
 .text.USB0_IRQHandler
                0x000061c2        0x8 ./SDK/startup/startup_mk64f12.o
                0x000061c2                USB0_IRQHandler
 .text.USBDCD_IRQHandler
                0x000061ca        0x8 ./SDK/startup/startup_mk64f12.o
                0x000061ca                USBDCD_IRQHandler
 .text.Reserved71_IRQHandler
                0x000061d2        0x8 ./SDK/startup/startup_mk64f12.o
                0x000061d2                Reserved71_IRQHandler
 .text.DAC0_IRQHandler
                0x000061da        0x8 ./SDK/startup/startup_mk64f12.o
                0x000061da                DAC0_IRQHandler
 .text.MCG_IRQHandler
                0x000061e2        0x8 ./SDK/startup/startup_mk64f12.o
                0x000061e2                MCG_IRQHandler
 .text.LPTMR0_IRQHandler
                0x000061ea        0x8 ./SDK/startup/startup_mk64f12.o
                0x000061ea                LPTMR0_IRQHandler
 .text.SWI_IRQHandler
                0x000061f2        0x8 ./SDK/startup/startup_mk64f12.o
                0x000061f2                SWI_IRQHandler
 .text.SPI2_IRQHandler
                0x000061fa        0x8 ./SDK/startup/startup_mk64f12.o
                0x000061fa                SPI2_IRQHandler
 .text.UART4_ERR_IRQHandler
                0x00006202        0x8 ./SDK/startup/startup_mk64f12.o
                0x00006202                UART4_ERR_IRQHandler
 .text.UART5_RX_TX_IRQHandler
                0x0000620a        0x8 ./SDK/startup/startup_mk64f12.o
                0x0000620a                UART5_RX_TX_IRQHandler
 .text.UART5_ERR_IRQHandler
                0x00006212        0x8 ./SDK/startup/startup_mk64f12.o
                0x00006212                UART5_ERR_IRQHandler
 .text.CMP2_IRQHandler
                0x0000621a        0x8 ./SDK/startup/startup_mk64f12.o
                0x0000621a                CMP2_IRQHandler
 .text.FTM3_IRQHandler
                0x00006222        0x8 ./SDK/startup/startup_mk64f12.o
                0x00006222                FTM3_IRQHandler
 .text.DAC1_IRQHandler
                0x0000622a        0x8 ./SDK/startup/startup_mk64f12.o
                0x0000622a                DAC1_IRQHandler
 .text.ADC1_IRQHandler
                0x00006232        0x8 ./SDK/startup/startup_mk64f12.o
                0x00006232                ADC1_IRQHandler
 .text.I2C2_IRQHandler
                0x0000623a        0x8 ./SDK/startup/startup_mk64f12.o
                0x0000623a                I2C2_IRQHandler
 .text.CAN0_ORed_Message_buffer_IRQHandler
                0x00006242        0x8 ./SDK/startup/startup_mk64f12.o
                0x00006242                CAN0_ORed_Message_buffer_IRQHandler
 .text.CAN0_Bus_Off_IRQHandler
                0x0000624a        0x8 ./SDK/startup/startup_mk64f12.o
                0x0000624a                CAN0_Bus_Off_IRQHandler
 .text.CAN0_Error_IRQHandler
                0x00006252        0x8 ./SDK/startup/startup_mk64f12.o
                0x00006252                CAN0_Error_IRQHandler
 .text.CAN0_Tx_Warning_IRQHandler
                0x0000625a        0x8 ./SDK/startup/startup_mk64f12.o
                0x0000625a                CAN0_Tx_Warning_IRQHandler
 .text.CAN0_Rx_Warning_IRQHandler
                0x00006262        0x8 ./SDK/startup/startup_mk64f12.o
                0x00006262                CAN0_Rx_Warning_IRQHandler
 .text.CAN0_Wake_Up_IRQHandler
                0x0000626a        0x8 ./SDK/startup/startup_mk64f12.o
                0x0000626a                CAN0_Wake_Up_IRQHandler
 .text.SDHC_IRQHandler
                0x00006272        0x8 ./SDK/startup/startup_mk64f12.o
                0x00006272                SDHC_IRQHandler
 .text.ENET_1588_Timer_IRQHandler
                0x0000627a        0x8 ./SDK/startup/startup_mk64f12.o
                0x0000627a                ENET_1588_Timer_IRQHandler
 .text.ENET_Transmit_IRQHandler
                0x00006282        0x8 ./SDK/startup/startup_mk64f12.o
                0x00006282                ENET_Transmit_IRQHandler
 .text.ENET_Receive_IRQHandler
                0x0000628a        0x8 ./SDK/startup/startup_mk64f12.o
                0x0000628a                ENET_Receive_IRQHandler
 .text.ENET_Error_IRQHandler
                0x00006292        0x8 ./SDK/startup/startup_mk64f12.o
                0x00006292                ENET_Error_IRQHandler
 .text.SystemInitHook
                0x0000629a        0xe ./SDK/CMSIS/system_MK64F12.o
                0x0000629a                SystemInitHook
 .text.asinf    0x000062a8        0x6 c:/nxp/mcuxpressoide_11.6.1_8255/ide/plugins/com.nxp.mcuxpresso.tools.win32_11.6.1.202207200623/tools/bin/../lib/gcc/arm-none-eabi/10.3.1/../../../../arm-none-eabi/lib/thumb/v7e-m+fp/hard\libcr_c.a(asinf.o)
                0x000062a8                asinf
 .text.fabsf    0x000062ae       0x10 c:/nxp/mcuxpressoide_11.6.1_8255/ide/plugins/com.nxp.mcuxpresso.tools.win32_11.6.1.202207200623/tools/bin/../lib/gcc/arm-none-eabi/10.3.1/../../../../arm-none-eabi/lib/thumb/v7e-m+fp/hard\libcr_c.a(fabsf.o)
                0x000062ae                fabsf
 .text.sinf     0x000062be       0x26 c:/nxp/mcuxpressoide_11.6.1_8255/ide/plugins/com.nxp.mcuxpresso.tools.win32_11.6.1.202207200623/tools/bin/../lib/gcc/arm-none-eabi/10.3.1/../../../../arm-none-eabi/lib/thumb/v7e-m+fp/hard\libcr_c.a(sinf.o)
                0x000062be                sinf
 .text.sqrtf    0x000062e4        0x6 c:/nxp/mcuxpressoide_11.6.1_8255/ide/plugins/com.nxp.mcuxpresso.tools.win32_11.6.1.202207200623/tools/bin/../lib/gcc/arm-none-eabi/10.3.1/../../../../arm-none-eabi/lib/thumb/v7e-m+fp/hard\libcr_c.a(sqrtf_m4_hardfp.o)
                0x000062e4                sqrtf
 .text.memcpy   0x000062ea        0x4 c:/nxp/mcuxpressoide_11.6.1_8255/ide/plugins/com.nxp.mcuxpresso.tools.win32_11.6.1.202207200623/tools/bin/../lib/gcc/arm-none-eabi/10.3.1/../../../../arm-none-eabi/lib/thumb/v7e-m+fp/hard\libcr_c.a(memcpy.o)
                0x000062ea                memcpy
 .text.memset   0x000062ee        0x4 c:/nxp/mcuxpressoide_11.6.1_8255/ide/plugins/com.nxp.mcuxpresso.tools.win32_11.6.1.202207200623/tools/bin/../lib/gcc/arm-none-eabi/10.3.1/../../../../arm-none-eabi/lib/thumb/v7e-m+fp/hard\libcr_c.a(memset.o)
                0x000062ee                memset
 .text.fabs     0x000062f2       0x22 c:/nxp/mcuxpressoide_11.6.1_8255/ide/plugins/com.nxp.mcuxpresso.tools.win32_11.6.1.202207200623/tools/bin/../lib/gcc/arm-none-eabi/10.3.1/../../../../arm-none-eabi/lib/thumb/v7e-m+fp/hard\libcr_c.a(fabs.o)
                0x000062f2                fabs
 .text.fp_round
                0x00006314       0x4e c:/nxp/mcuxpressoide_11.6.1_8255/ide/plugins/com.nxp.mcuxpresso.tools.win32_11.6.1.202207200623/tools/bin/../lib/gcc/arm-none-eabi/10.3.1/../../../../arm-none-eabi/lib/thumb/v7e-m+fp/hard\libcr_c.a(fpprintf.o)
 .text.pr_dec.constprop.0
                0x00006362       0x26 c:/nxp/mcuxpressoide_11.6.1_8255/ide/plugins/com.nxp.mcuxpresso.tools.win32_11.6.1.202207200623/tools/bin/../lib/gcc/arm-none-eabi/10.3.1/../../../../arm-none-eabi/lib/thumb/v7e-m+fp/hard\libcr_c.a(fpprintf.o)
 .text.sin      0x00006388       0x40 c:/nxp/mcuxpressoide_11.6.1_8255/ide/plugins/com.nxp.mcuxpresso.tools.win32_11.6.1.202207200623/tools/bin/../lib/gcc/arm-none-eabi/10.3.1/../../../../arm-none-eabi/lib/thumb/v7e-m+fp/hard\libcr_c.a(sin.o)
                0x00006388                sin
 .text.strlen   0x000063c8       0x48 c:/nxp/mcuxpressoide_11.6.1_8255/ide/plugins/com.nxp.mcuxpresso.tools.win32_11.6.1.202207200623/tools/bin/../lib/gcc/arm-none-eabi/10.3.1/../../../../arm-none-eabi/lib/thumb/v7e-m+fp/hard\libcr_c.a(strlen.o)
                0x000063c8                strlen
 .text.tan      0x00006410        0x6 c:/nxp/mcuxpressoide_11.6.1_8255/ide/plugins/com.nxp.mcuxpresso.tools.win32_11.6.1.202207200623/tools/bin/../lib/gcc/arm-none-eabi/10.3.1/../../../../arm-none-eabi/lib/thumb/v7e-m+fp/hard\libcr_c.a(tan.o)
                0x00006410                tan
 .text._deferredlazyseek
                0x00006416       0x40 c:/nxp/mcuxpressoide_11.6.1_8255/ide/plugins/com.nxp.mcuxpresso.tools.win32_11.6.1.202207200623/tools/bin/../lib/gcc/arm-none-eabi/10.3.1/../../../../arm-none-eabi/lib/thumb/v7e-m+fp/hard\libcr_c.a(_deferredlazyseek.o)
                0x00006416                _deferredlazyseek
 .text.__flsbuf
                0x00006456      0x140 c:/nxp/mcuxpressoide_11.6.1_8255/ide/plugins/com.nxp.mcuxpresso.tools.win32_11.6.1.202207200623/tools/bin/../lib/gcc/arm-none-eabi/10.3.1/../../../../arm-none-eabi/lib/thumb/v7e-m+fp/hard\libcr_c.a(_deferredlazyseek.o)
                0x00006456                __flsbuf
 .text._fflush  0x00006596       0x52 c:/nxp/mcuxpressoide_11.6.1_8255/ide/plugins/com.nxp.mcuxpresso.tools.win32_11.6.1.202207200623/tools/bin/../lib/gcc/arm-none-eabi/10.3.1/../../../../arm-none-eabi/lib/thumb/v7e-m+fp/hard\libcr_c.a(_fflush.o)
                0x00006596                _fflush
 .text.__aeabi_division_uldivmod
                0x000065e8      0x174 c:/nxp/mcuxpressoide_11.6.1_8255/ide/plugins/com.nxp.mcuxpresso.tools.win32_11.6.1.202207200623/tools/bin/../lib/gcc/arm-none-eabi/10.3.1/thumb/v7e-m+fp/hard\libcr_eabihelpers.a(division_64.o)
                0x000065e8                __aeabi_uldivmod
                0x000065ec                __bhs_ldivmod1
 .text.__aeabi_division_idiv0
                0x0000675c        0x2 c:/nxp/mcuxpressoide_11.6.1_8255/ide/plugins/com.nxp.mcuxpresso.tools.win32_11.6.1.202207200623/tools/bin/../lib/gcc/arm-none-eabi/10.3.1/thumb/v7e-m+fp/hard\libcr_eabihelpers.a(division_idiv0.o)
                0x0000675c                __aeabi_idiv0
 .text.__aeabi_d2iz
                0x0000675e       0x40 c:/nxp/mcuxpressoide_11.6.1_8255/ide/plugins/com.nxp.mcuxpresso.tools.win32_11.6.1.202207200623/tools/bin/../lib/gcc/arm-none-eabi/10.3.1/thumb/v7e-m+fp/hard\libcr_eabihelpers.a(double.o)
                0x0000675e                __aeabi_d2iz
 .text.__bhs_ui2d
                0x0000679e       0x46 c:/nxp/mcuxpressoide_11.6.1_8255/ide/plugins/com.nxp.mcuxpresso.tools.win32_11.6.1.202207200623/tools/bin/../lib/gcc/arm-none-eabi/10.3.1/thumb/v7e-m+fp/hard\libcr_eabihelpers.a(double.o)
                0x0000679e                __bhs_ui2d
 .text.__aeabi_i2d
                0x000067e4       0x12 c:/nxp/mcuxpressoide_11.6.1_8255/ide/plugins/com.nxp.mcuxpresso.tools.win32_11.6.1.202207200623/tools/bin/../lib/gcc/arm-none-eabi/10.3.1/thumb/v7e-m+fp/hard\libcr_eabihelpers.a(double.o)
                0x000067e4                __aeabi_i2d
 .text.__aeabi_dcmpeq
                0x000067f6       0x30 c:/nxp/mcuxpressoide_11.6.1_8255/ide/plugins/com.nxp.mcuxpresso.tools.win32_11.6.1.202207200623/tools/bin/../lib/gcc/arm-none-eabi/10.3.1/thumb/v7e-m+fp/hard\libcr_eabihelpers.a(double.o)
                0x000067f6                __aeabi_dcmpeq
 .text.__aeabi_dcmplt
                0x00006826       0x56 c:/nxp/mcuxpressoide_11.6.1_8255/ide/plugins/com.nxp.mcuxpresso.tools.win32_11.6.1.202207200623/tools/bin/../lib/gcc/arm-none-eabi/10.3.1/thumb/v7e-m+fp/hard\libcr_eabihelpers.a(double.o)
                0x00006826                __aeabi_dcmplt
 .text.__aeabi_dcmpgt
                0x0000687c       0x56 c:/nxp/mcuxpressoide_11.6.1_8255/ide/plugins/com.nxp.mcuxpresso.tools.win32_11.6.1.202207200623/tools/bin/../lib/gcc/arm-none-eabi/10.3.1/thumb/v7e-m+fp/hard\libcr_eabihelpers.a(double.o)
                0x0000687c                __aeabi_dcmpgt
 .text.__aeabi_dcmple
                0x000068d2       0x56 c:/nxp/mcuxpressoide_11.6.1_8255/ide/plugins/com.nxp.mcuxpresso.tools.win32_11.6.1.202207200623/tools/bin/../lib/gcc/arm-none-eabi/10.3.1/thumb/v7e-m+fp/hard\libcr_eabihelpers.a(double.o)
                0x000068d2                __aeabi_dcmple
 .text.__aeabi_dcmpge
                0x00006928       0x56 c:/nxp/mcuxpressoide_11.6.1_8255/ide/plugins/com.nxp.mcuxpresso.tools.win32_11.6.1.202207200623/tools/bin/../lib/gcc/arm-none-eabi/10.3.1/thumb/v7e-m+fp/hard\libcr_eabihelpers.a(double.o)
                0x00006928                __aeabi_dcmpge
 .text.__aeabi_memcpy
                0x0000697e       0x34 c:/nxp/mcuxpressoide_11.6.1_8255/ide/plugins/com.nxp.mcuxpresso.tools.win32_11.6.1.202207200623/tools/bin/../lib/gcc/arm-none-eabi/10.3.1/thumb/v7e-m+fp/hard\libcr_eabihelpers.a(memcpy.o)
                0x0000697e                __aeabi_memcpy
                0x00006988                __aeabi_memcpy8
                0x00006988                __aeabi_memcpy4
 .text.__aeabi_memset_lowlevel
                0x000069b2       0x32 c:/nxp/mcuxpressoide_11.6.1_8255/ide/plugins/com.nxp.mcuxpresso.tools.win32_11.6.1.202207200623/tools/bin/../lib/gcc/arm-none-eabi/10.3.1/thumb/v7e-m+fp/hard\libcr_eabihelpers.a(memcpy.o)
                0x000069b2                __aeabi_lowlevel_memset
 .text.__sys_flen
                0x000069e4        0xc c:/nxp/mcuxpressoide_11.6.1_8255/ide/plugins/com.nxp.mcuxpresso.tools.win32_11.6.1.202207200623/tools/bin/../lib/gcc/arm-none-eabi/10.3.1/../../../../arm-none-eabi/lib/thumb/v7e-m+fp/hard\libcr_semihost_nf.a(__sys_flen.o)
                0x000069e4                __sys_flen
 .text.__sys_istty
                0x000069f0        0xc c:/nxp/mcuxpressoide_11.6.1_8255/ide/plugins/com.nxp.mcuxpresso.tools.win32_11.6.1.202207200623/tools/bin/../lib/gcc/arm-none-eabi/10.3.1/../../../../arm-none-eabi/lib/thumb/v7e-m+fp/hard\libcr_semihost_nf.a(__sys_istty.o)
                0x000069f0                __sys_istty
 .text.__sys_seek
                0x000069fc        0xc c:/nxp/mcuxpressoide_11.6.1_8255/ide/plugins/com.nxp.mcuxpresso.tools.win32_11.6.1.202207200623/tools/bin/../lib/gcc/arm-none-eabi/10.3.1/../../../../arm-none-eabi/lib/thumb/v7e-m+fp/hard\libcr_semihost_nf.a(__sys_seek.o)
                0x000069fc                __sys_seek
 .text.__sys_write
                0x00006a08        0xc c:/nxp/mcuxpressoide_11.6.1_8255/ide/plugins/com.nxp.mcuxpresso.tools.win32_11.6.1.202207200623/tools/bin/../lib/gcc/arm-none-eabi/10.3.1/../../../../arm-none-eabi/lib/thumb/v7e-m+fp/hard\libcr_semihost_nf.a(__sys_write.o)
                0x00006a08                __sys_write
 *(SORT_BY_ALIGNMENT(.rodata) SORT_BY_ALIGNMENT(.rodata.*) SORT_BY_ALIGNMENT(.constdata) SORT_BY_ALIGNMENT(.constdata.*))
 .rodata.UARTPorts
                0x00006a14       0x18 ./source/UART/uart.o
 .rodata.portPtr
                0x00006a2c       0x14 ./source/UART/uart.o
 .rodata.UARTClockSource
                0x00006a40       0x18 ./source/UART/uart.o
 .rodata.UARTSIMR
                0x00006a58       0x14 ./source/UART/uart.o
 .rodata.UARTSIMMask
                0x00006a6c       0x14 ./source/UART/uart.o
 .rodata.UART_RX_TX_Vectors
                0x00006a80        0x6 ./source/UART/uart.o
 *fill*         0x00006a86        0x2 ff
 .rodata.UARTPinPort
                0x00006a88        0x5 ./source/UART/uart.o
 *fill*         0x00006a8d        0x3 ff
 .rodata.UARTPinNumRX
                0x00006a90        0x5 ./source/UART/uart.o
 *fill*         0x00006a95        0x3 ff
 .rodata.UARTPinNumTX
                0x00006a98        0x5 ./source/UART/uart.o
 *fill*         0x00006a9d        0x3 ff
 .rodata.UARTPinMuxAlt
                0x00006aa0        0x5 ./source/UART/uart.o
 *fill*         0x00006aa5        0x3 ff
 .rodata.DPS_SCALE
                0x00006aa8        0x8 ./source/Sensores/MPU6050.o
 .rodata.G_SCALE
                0x00006ab0        0x8 ./source/Sensores/MPU6050.o
 .rodata.sendUartMessage6Channels.str1.4
                0x00006ab8       0x26 ./source/Sensores/test_MPU6050.o
 *fill*         0x00006ade        0x2 ff
 .rodata.gpioPtr
                0x00006ae0       0x14 ./source/MCAL/gpio.o
 .rodata.portPtr
                0x00006af4       0x14 ./source/MCAL/gpio.o
 .rodata.SIMPortMasks
                0x00006b08       0x14 ./source/MCAL/gpio.o
 .rodata.I2CPtrs
                0x00006b1c        0xc ./source/I2Cm/I2Cm.o
 .rodata.I2CIRQs
                0x00006b28        0x3 ./source/I2Cm/I2Cm.o
 *fill*         0x00006b2b        0x1 ff
 .rodata.portPtr
                0x00006b2c       0x14 ./source/I2Cm/I2Cm.o
 .rodata.I2CPinPorts
                0x00006b40        0x4 ./source/I2Cm/I2Cm.o
 .rodata.I2CPinPinsSCL
                0x00006b44        0x4 ./source/I2Cm/I2Cm.o
 .rodata.I2CPinPinsSDA
                0x00006b48        0x4 ./source/I2Cm/I2Cm.o
 .rodata.I2CPinAlts
                0x00006b4c        0x4 ./source/I2Cm/I2Cm.o
 .rodata.I2CClkSimPtr
                0x00006b50       0x10 ./source/I2Cm/I2Cm.o
 .rodata.I2CClkSimMask
                0x00006b60       0x10 ./source/I2Cm/I2Cm.o
 .rodata.a.0    0x00006b70       0x10 c:/nxp/mcuxpressoide_11.6.1_8255/ide/plugins/com.nxp.mcuxpresso.tools.win32_11.6.1.202207200623/tools/bin/../lib/gcc/arm-none-eabi/10.3.1/../../../../arm-none-eabi/lib/thumb/v7e-m+fp/hard\libcr_c.a(atanf.o)
 .rodata.a.1    0x00006b80        0x8 c:/nxp/mcuxpressoide_11.6.1_8255/ide/plugins/com.nxp.mcuxpresso.tools.win32_11.6.1.202207200623/tools/bin/../lib/gcc/arm-none-eabi/10.3.1/../../../../arm-none-eabi/lib/thumb/v7e-m+fp/hard\libcr_c.a(_asinacosf.o)
 .rodata.b.0    0x00006b88        0x8 c:/nxp/mcuxpressoide_11.6.1_8255/ide/plugins/com.nxp.mcuxpresso.tools.win32_11.6.1.202207200623/tools/bin/../lib/gcc/arm-none-eabi/10.3.1/../../../../arm-none-eabi/lib/thumb/v7e-m+fp/hard\libcr_c.a(_asinacosf.o)
 .rodata.fp_display.str1.1
                0x00006b90       0x34 c:/nxp/mcuxpressoide_11.6.1_8255/ide/plugins/com.nxp.mcuxpresso.tools.win32_11.6.1.202207200623/tools/bin/../lib/gcc/arm-none-eabi/10.3.1/../../../../arm-none-eabi/lib/thumb/v7e-m+fp/hard\libcr_c.a(fpprintf.o)
                                 0x35 (size before relaxing)
 .rodata.__vfprintf.str1.1
                0x00006bc4       0x31 c:/nxp/mcuxpressoide_11.6.1_8255/ide/plugins/com.nxp.mcuxpresso.tools.win32_11.6.1.202207200623/tools/bin/../lib/gcc/arm-none-eabi/10.3.1/../../../../arm-none-eabi/lib/thumb/v7e-m+fp/hard\libcr_c.a(printf.o)
                                 0x38 (size before relaxing)
 .rodata._Csys_alloc.str1.1
                0x00006bf5       0x18 c:/nxp/mcuxpressoide_11.6.1_8255/ide/plugins/com.nxp.mcuxpresso.tools.win32_11.6.1.202207200623/tools/bin/../lib/gcc/arm-none-eabi/10.3.1/../../../../arm-none-eabi/lib/thumb/v7e-m+fp/hard\libcr_c.a(alloc.o)
                0x00006c10                . = ALIGN (0x8)
 *fill*         0x00006c0d        0x3 ff
                0x00006c10                _etext = .

.glue_7         0x00006c10        0x0
 .glue_7        0x00006c10        0x0 linker stubs

.glue_7t        0x00006c10        0x0
 .glue_7t       0x00006c10        0x0 linker stubs

.vfp11_veneer   0x00006c10        0x0
 .vfp11_veneer  0x00006c10        0x0 linker stubs

.v4_bx          0x00006c10        0x0
 .v4_bx         0x00006c10        0x0 linker stubs

.iplt           0x00006c10        0x0
 .iplt          0x00006c10        0x0 ./source/timer/SysTick.o

.rel.dyn        0x00006c10        0x0
 .rel.iplt      0x00006c10        0x0 ./source/timer/SysTick.o

.m_usb_data
 *(SORT_BY_ALIGNMENT(m_usb_bdt))

.data_RAM2      0x1fff0000        0x0 load address 0x00006c10
 FILL mask 0xff
                [!provide]                PROVIDE (__start_data_RAM2 = .)
                [!provide]                PROVIDE (__start_data_SRAM_LOWER = .)
 *(SORT_BY_ALIGNMENT(.ramfunc.$RAM2))
 *(SORT_BY_ALIGNMENT(.ramfunc.$SRAM_LOWER))
 *(SORT_BY_ALIGNMENT(.data.$RAM2))
 *(SORT_BY_ALIGNMENT(.data.$SRAM_LOWER))
 *(SORT_BY_ALIGNMENT(.data.$RAM2.*))
 *(SORT_BY_ALIGNMENT(.data.$SRAM_LOWER.*))
                0x1fff0000                . = ALIGN (0x8)
                [!provide]                PROVIDE (__end_data_RAM2 = .)
                [!provide]                PROVIDE (__end_data_SRAM_LOWER = .)

.data_RAM3      0x14000000        0x0 load address 0x00006c10
 FILL mask 0xff
                [!provide]                PROVIDE (__start_data_RAM3 = .)
                [!provide]                PROVIDE (__start_data_FLEX_RAM = .)
 *(SORT_BY_ALIGNMENT(.ramfunc.$RAM3))
 *(SORT_BY_ALIGNMENT(.ramfunc.$FLEX_RAM))
 *(SORT_BY_ALIGNMENT(.data.$RAM3))
 *(SORT_BY_ALIGNMENT(.data.$FLEX_RAM))
 *(SORT_BY_ALIGNMENT(.data.$RAM3.*))
 *(SORT_BY_ALIGNMENT(.data.$FLEX_RAM.*))
                0x14000000                . = ALIGN (0x8)
                [!provide]                PROVIDE (__end_data_RAM3 = .)
                [!provide]                PROVIDE (__end_data_FLEX_RAM = .)

.uninit_RESERVED
                0x20000000        0x0
                0x20000000                _start_uninit_RESERVED = .
 *(SORT_BY_ALIGNMENT(.bss.$RESERVED*))
                0x20000000                . = ALIGN (0x8)
                0x20000000                _end_uninit_RESERVED = .

.data           0x20000000       0x10 load address 0x00006c10
 FILL mask 0xff
                0x20000000                _data = .
                [!provide]                PROVIDE (__start_data_RAM = .)
                [!provide]                PROVIDE (__start_data_SRAM_UPPER = .)
 *(SORT_BY_ALIGNMENT(vtable))
 *(SORT_BY_ALIGNMENT(.ramfunc*))
 *(SORT_BY_ALIGNMENT(CodeQuickAccess))
 *(SORT_BY_ALIGNMENT(DataQuickAccess))
 *(SORT_BY_ALIGNMENT(RamFunction))
 *(SORT_BY_ALIGNMENT(.data*))
 .data.SPIPtrs  0x20000000        0xc ./source/SPI/SPI.o
 .data.i2cStates
                0x2000000c        0x2 ./source/I2Cm/I2Cm.o
                0x2000000c                i2cStates
 .data.timers_cant
                0x2000000e        0x1 ./source/timer/timer.o
 .data.Gscale   0x2000000f        0x1 ./source/Sensores/MPU6050.o
                0x20000010                . = ALIGN (0x8)
                0x20000010                _edata = .
                [!provide]                PROVIDE (__end_data_RAM = .)
                [!provide]                PROVIDE (__end_data_SRAM_UPPER = .)

.igot.plt       0x20000010        0x0 load address 0x00006c20
 .igot.plt      0x20000010        0x0 ./source/timer/SysTick.o

.bss_RAM2       0x1fff0000        0x0
                [!provide]                PROVIDE (__start_bss_RAM2 = .)
                [!provide]                PROVIDE (__start_bss_SRAM_LOWER = .)
 *(SORT_BY_ALIGNMENT(.bss.$RAM2))
 *(SORT_BY_ALIGNMENT(.bss.$SRAM_LOWER))
 *(SORT_BY_ALIGNMENT(.bss.$RAM2.*))
 *(SORT_BY_ALIGNMENT(.bss.$SRAM_LOWER.*))
                0x1fff0000                . = ALIGN ((. != 0x0)?0x8:0x1)
                [!provide]                PROVIDE (__end_bss_RAM2 = .)
                [!provide]                PROVIDE (__end_bss_SRAM_LOWER = .)

.bss_RAM3       0x14000000        0x0
                [!provide]                PROVIDE (__start_bss_RAM3 = .)
                [!provide]                PROVIDE (__start_bss_FLEX_RAM = .)
 *(SORT_BY_ALIGNMENT(.bss.$RAM3))
 *(SORT_BY_ALIGNMENT(.bss.$FLEX_RAM))
 *(SORT_BY_ALIGNMENT(.bss.$RAM3.*))
 *(SORT_BY_ALIGNMENT(.bss.$FLEX_RAM.*))
                0x14000000                . = ALIGN ((. != 0x0)?0x8:0x1)
                [!provide]                PROVIDE (__end_bss_RAM3 = .)
                [!provide]                PROVIDE (__end_bss_FLEX_RAM = .)

.bss            0x20000010     0x1230
                0x20000010                _bss = .
                [!provide]                PROVIDE (__start_bss_RAM = .)
                [!provide]                PROVIDE (__start_bss_SRAM_UPPER = .)
 *(SORT_BY_ALIGNMENT(.bss*))
 .bss.gyroAverage
                0x20000010       0x18 ./source/Sensores/MPU6050.o
 .bss.accelAverage
                0x20000028       0x18 ./source/Sensores/MPU6050.o
 .bss.tmp1      0x20000040       0x18 ./source/Sensores/test_MPU6050.o
                0x20000040                tmp1
 .bss.tmp2      0x20000058       0x18 ./source/Sensores/test_MPU6050.o
                0x20000058                tmp2
 .bss.accelData
                0x20000070       0x20 ./source/Sensores/test_MPU6050.o
                0x20000070                accelData
 .bss.gyroData  0x20000090       0x20 ./source/Sensores/test_MPU6050.o
                0x20000090                gyroData
 .bss.AnglesIntegrated
                0x200000b0       0x18 ./source/Sensores/test_MPU6050.o
                0x200000b0                AnglesIntegrated
 .bss.lastAngle.0
                0x200000c8       0x18 ./source/Sensores/test_MPU6050.o
 .bss.ICLastTicks
                0x200000e0      0x100 ./source/FTM/FTM.o
 .bss.SysTickCallback
                0x200001e0        0x4 ./source/timer/SysTick.o
 .bss.timers    0x200001e4       0xa0 ./source/timer/timer.o
 .bss.pckgNULL  0x20000284       0x10 ./source/buffer/SPI_buffer.o
                0x20000284                pckgNULL
 .bss.TxBuffer  0x20000294      0x267 ./source/UART/uart.o
 *fill*         0x200004fb        0x1 
 .bss.RxBuffer  0x200004fc      0x267 ./source/UART/uart.o
 *fill*         0x20000763        0x1 
 .bss.writeBuffer
                0x20000764        0x4 ./source/Sensores/MPU6050.o
 .bss.readBuffer
                0x20000768        0xa ./source/Sensores/MPU6050.o
 *fill*         0x20000772        0x2 
 .bss.TxBuffer  0x20000774      0x408 ./source/SPI/SPI.o
 .bss.cont.1    0x20000b7c        0x4 ./source/SPI/SPI.o
 .bss.pckgAux.0
                0x20000b80       0x10 ./source/SPI/SPI.o
 .bss.pSBUSData
                0x20000b90        0x4 ./source/SBUS/SBUS.o
 .bss.RxBuffer  0x20000b94      0x267 ./source/SBUS/SBUS.o
 *fill*         0x20000dfb        0x1 
 .bss.PITCbs    0x20000dfc       0x10 ./source/PIT/PIT.o
 .bss.portIrqFunc
                0x20000e0c      0x280 ./source/MCAL/gpio.o
                0x20000e0c                portIrqFunc
 .bss.writeState
                0x2000108c       0x24 ./source/I2Cm/I2Cm.o
 .bss.readState
                0x200010b0       0x18 ./source/I2Cm/I2Cm.o
 .bss.PWMPtrs   0x200010c8       0x80 ./source/FTM/FTM.o
 .bss.ICCbPtrs  0x20001148       0x80 ./source/FTM/FTM.o
 .bss.ICChannelValue
                0x200011c8       0x40 ./source/FTM/FTM.o
 .bss.ICnewEdge
                0x20001208       0x20 ./source/FTM/FTM.o
 .bss.__LDM_interruptDisableCount
                0x20001228        0x4 ./SDK/startup/hardware.o
 .bss.errno     0x2000122c        0x4 c:/nxp/mcuxpressoide_11.6.1_8255/ide/plugins/com.nxp.mcuxpresso.tools.win32_11.6.1.202207200623/tools/bin/../lib/gcc/arm-none-eabi/10.3.1/../../../../arm-none-eabi/lib/thumb/v7e-m+fp/hard\libcr_c.a(errno.o)
                0x2000122c                errno
 .bss.__end_of_heap
                0x20001230        0x4 c:/nxp/mcuxpressoide_11.6.1_8255/ide/plugins/com.nxp.mcuxpresso.tools.win32_11.6.1.202207200623/tools/bin/../lib/gcc/arm-none-eabi/10.3.1/../../../../arm-none-eabi/lib/thumb/v7e-m+fp/hard\libcr_c.a(__init_alloc.o)
                0x20001230                __end_of_heap
 .bss.__heaps   0x20001234        0x4 c:/nxp/mcuxpressoide_11.6.1_8255/ide/plugins/com.nxp.mcuxpresso.tools.win32_11.6.1.202207200623/tools/bin/../lib/gcc/arm-none-eabi/10.3.1/../../../../arm-none-eabi/lib/thumb/v7e-m+fp/hard\libcr_c.a(__init_alloc.o)
                0x20001234                __heaps
 .bss.yaInit.0  0x20001238        0x1 ./source/timer/timer.o
 .bss.Ascale    0x20001239        0x1 ./source/Sensores/MPU6050.o
 .bss.writeSize
                0x2000123a        0x1 ./source/Sensores/MPU6050.o
 .bss.readSize  0x2000123b        0x1 ./source/Sensores/MPU6050.o
 .bss.inInterrupt
                0x2000123c        0x1 ./source/SPI/SPI.o
 .bss.contBytes
                0x2000123d        0x1 ./source/SBUS/SBUS.o
 .bss.isBusBusy
                0x2000123e        0x1 ./source/I2Cm/I2Cm.o
 *(SORT_BY_ALIGNMENT(COMMON))
                0x20001240                . = ALIGN (0x8)
 *fill*         0x2000123f        0x1 
                0x20001240                _ebss = .
                [!provide]                PROVIDE (__end_bss_RAM = .)
                [!provide]                PROVIDE (__end_bss_SRAM_UPPER = .)
                [!provide]                PROVIDE (end = .)

.noinit_RAM2    0x1fff0000        0x0
                [!provide]                PROVIDE (__start_noinit_RAM2 = .)
                [!provide]                PROVIDE (__start_noinit_SRAM_LOWER = .)
 *(SORT_BY_ALIGNMENT(.noinit.$RAM2))
 *(SORT_BY_ALIGNMENT(.noinit.$SRAM_LOWER))
 *(SORT_BY_ALIGNMENT(.noinit.$RAM2.*))
 *(SORT_BY_ALIGNMENT(.noinit.$SRAM_LOWER.*))
                0x1fff0000                . = ALIGN (0x8)
                [!provide]                PROVIDE (__end_noinit_RAM2 = .)
                [!provide]                PROVIDE (__end_noinit_SRAM_LOWER = .)

.noinit_RAM3    0x14000000        0x0
                [!provide]                PROVIDE (__start_noinit_RAM3 = .)
                [!provide]                PROVIDE (__start_noinit_FLEX_RAM = .)
 *(SORT_BY_ALIGNMENT(.noinit.$RAM3))
 *(SORT_BY_ALIGNMENT(.noinit.$FLEX_RAM))
 *(SORT_BY_ALIGNMENT(.noinit.$RAM3.*))
 *(SORT_BY_ALIGNMENT(.noinit.$FLEX_RAM.*))
                0x14000000                . = ALIGN (0x8)
                [!provide]                PROVIDE (__end_noinit_RAM3 = .)
                [!provide]                PROVIDE (__end_noinit_FLEX_RAM = .)

.noinit         0x20001240        0x0
                0x20001240                _noinit = .
                [!provide]                PROVIDE (__start_noinit_RAM = .)
                [!provide]                PROVIDE (__start_noinit_SRAM_UPPER = .)
 *(SORT_BY_ALIGNMENT(.noinit*))
                0x20001240                . = ALIGN (0x8)
                0x20001240                _end_noinit = .
                [!provide]                PROVIDE (__end_noinit_RAM = .)
                [!provide]                PROVIDE (__end_noinit_SRAM_UPPER = .)

.ARM.extab
 *(SORT_BY_ALIGNMENT(.ARM.extab*) SORT_BY_ALIGNMENT(.gnu.linkonce.armextab.*))

.ARM.exidx      0x00006c20        0x0
                0x00006c20                __exidx_start = .
 *(SORT_BY_ALIGNMENT(.ARM.exidx*) SORT_BY_ALIGNMENT(.gnu.linkonce.armexidx.*))
                0x00006c20                __exidx_end = .
                0x00001000                _HeapSize = 0x1000

.heap           0x20001240     0x1000
                0x20001240                _pvHeapStart = .
                0x20002240                . = (. + _HeapSize)
 *fill*         0x20001240     0x1000 
                0x20002240                . = ALIGN (0x8)
                0x20002240                _pvHeapLimit = .
                0x00001000                _StackSize = 0x1000

.heap2stackfill
                0x20002240     0x1000
                0x20003240                . = (. + _StackSize)
 *fill*         0x20002240     0x1000 

.stack          0x2002f000        0x0
                0x2002f000                _vStackBase = .
                0x2002f000                . = ALIGN (0x8)
                0x20030000                _vStackTop = (. + _StackSize)
                0x00000000                _image_start = LOADADDR (.text)
                0x00006c20                _image_end = (LOADADDR (.data) + SIZEOF (.data))
                0x00006c20                _image_size = (_image_end - _image_start)
OUTPUT(TPQUAD.axf elf32-littlearm)
LOAD linker stubs

.debug_info     0x00000000     0xa785
 .debug_info    0x00000000      0x506 ./source/timer/SysTick.o
 .debug_info    0x00000506      0x2d9 ./source/timer/timer.o
 .debug_info    0x000007df      0x329 ./source/buffer/SPI_buffer.o
 .debug_info    0x00000b08      0x2e6 ./source/buffer/circular_buffer.o
 .debug_info    0x00000dee      0xdd1 ./source/UART/uart.o
 .debug_info    0x00001bbf      0x48c ./source/Sensores/MPU6050.o
 .debug_info    0x0000204b      0x8b3 ./source/Sensores/test_MPU6050.o
 .debug_info    0x000028fe      0xd5c ./source/SPI/SPI.o
 .debug_info    0x0000365a      0xcae ./source/SBUS/SBUS.o
 .debug_info    0x00004308      0x87a ./source/PIT/PIT.o
 .debug_info    0x00004b82      0xc0f ./source/MCAL/gpio.o
 .debug_info    0x00005791      0xd3a ./source/I2Cm/I2Cm.o
 .debug_info    0x000064cb     0x168d ./source/Fusion/FusionAhrs.o
 .debug_info    0x00007b58      0x599 ./source/Fusion/FusionCompass.o
 .debug_info    0x000080f1      0xfab ./source/FTM/FTM.o
 .debug_info    0x0000909c      0x6b2 ./SDK/startup/hardware.o
 .debug_info    0x0000974e       0x86 ./SDK/startup/main.o
 .debug_info    0x000097d4       0x3c ./SDK/startup/semihost_hardfault.o
 .debug_info    0x00009810      0x93a ./SDK/startup/startup_mk64f12.o
 .debug_info    0x0000a14a      0x63b ./SDK/CMSIS/system_MK64F12.o

.debug_abbrev   0x00000000     0x24df
 .debug_abbrev  0x00000000      0x190 ./source/timer/SysTick.o
 .debug_abbrev  0x00000190      0x1b5 ./source/timer/timer.o
 .debug_abbrev  0x00000345      0x1b4 ./source/buffer/SPI_buffer.o
 .debug_abbrev  0x000004f9      0x162 ./source/buffer/circular_buffer.o
 .debug_abbrev  0x0000065b      0x267 ./source/UART/uart.o
 .debug_abbrev  0x000008c2      0x17e ./source/Sensores/MPU6050.o
 .debug_abbrev  0x00000a40      0x216 ./source/Sensores/test_MPU6050.o
 .debug_abbrev  0x00000c56      0x2d8 ./source/SPI/SPI.o
 .debug_abbrev  0x00000f2e      0x258 ./source/SBUS/SBUS.o
 .debug_abbrev  0x00001186      0x1d5 ./source/PIT/PIT.o
 .debug_abbrev  0x0000135b      0x253 ./source/MCAL/gpio.o
 .debug_abbrev  0x000015ae      0x280 ./source/I2Cm/I2Cm.o
 .debug_abbrev  0x0000182e      0x392 ./source/Fusion/FusionAhrs.o
 .debug_abbrev  0x00001bc0      0x213 ./source/Fusion/FusionCompass.o
 .debug_abbrev  0x00001dd3      0x297 ./source/FTM/FTM.o
 .debug_abbrev  0x0000206a      0x12e ./SDK/startup/hardware.o
 .debug_abbrev  0x00002198       0x49 ./SDK/startup/main.o
 .debug_abbrev  0x000021e1       0x31 ./SDK/startup/semihost_hardfault.o
 .debug_abbrev  0x00002212      0x185 ./SDK/startup/startup_mk64f12.o
 .debug_abbrev  0x00002397      0x148 ./SDK/CMSIS/system_MK64F12.o

.debug_aranges  0x00000000      0x8f8
 .debug_aranges
                0x00000000       0x30 ./source/timer/SysTick.o
 .debug_aranges
                0x00000030       0x50 ./source/timer/timer.o
 .debug_aranges
                0x00000080       0x58 ./source/buffer/SPI_buffer.o
 .debug_aranges
                0x000000d8       0x58 ./source/buffer/circular_buffer.o
 .debug_aranges
                0x00000130       0x78 ./source/UART/uart.o
 .debug_aranges
                0x000001a8       0x50 ./source/Sensores/MPU6050.o
 .debug_aranges
                0x000001f8       0x68 ./source/Sensores/test_MPU6050.o
 .debug_aranges
                0x00000260       0x58 ./source/SPI/SPI.o
 .debug_aranges
                0x000002b8       0x38 ./source/SBUS/SBUS.o
 .debug_aranges
                0x000002f0       0x58 ./source/PIT/PIT.o
 .debug_aranges
                0x00000348       0x78 ./source/MCAL/gpio.o
 .debug_aranges
                0x000003c0       0x50 ./source/I2Cm/I2Cm.o
 .debug_aranges
                0x00000410       0x78 ./source/Fusion/FusionAhrs.o
 .debug_aranges
                0x00000488       0x20 ./source/Fusion/FusionCompass.o
 .debug_aranges
                0x000004a8       0x80 ./source/FTM/FTM.o
 .debug_aranges
                0x00000528       0x30 ./SDK/startup/hardware.o
 .debug_aranges
                0x00000558       0x20 ./SDK/startup/main.o
 .debug_aranges
                0x00000578       0x20 ./SDK/startup/semihost_hardfault.o
 .debug_aranges
                0x00000598      0x330 ./SDK/startup/startup_mk64f12.o
 .debug_aranges
                0x000008c8       0x30 ./SDK/CMSIS/system_MK64F12.o

.debug_ranges   0x00000000      0xfc8
 .debug_ranges  0x00000000       0x20 ./source/timer/SysTick.o
 .debug_ranges  0x00000020       0x40 ./source/timer/timer.o
 .debug_ranges  0x00000060       0x48 ./source/buffer/SPI_buffer.o
 .debug_ranges  0x000000a8       0x48 ./source/buffer/circular_buffer.o
 .debug_ranges  0x000000f0       0x68 ./source/UART/uart.o
 .debug_ranges  0x00000158       0x40 ./source/Sensores/MPU6050.o
 .debug_ranges  0x00000198       0x58 ./source/Sensores/test_MPU6050.o
 .debug_ranges  0x000001f0       0x48 ./source/SPI/SPI.o
 .debug_ranges  0x00000238       0x28 ./source/SBUS/SBUS.o
 .debug_ranges  0x00000260       0x48 ./source/PIT/PIT.o
 .debug_ranges  0x000002a8       0x68 ./source/MCAL/gpio.o
 .debug_ranges  0x00000310       0x40 ./source/I2Cm/I2Cm.o
 .debug_ranges  0x00000350      0x688 ./source/Fusion/FusionAhrs.o
 .debug_ranges  0x000009d8      0x200 ./source/Fusion/FusionCompass.o
 .debug_ranges  0x00000bd8       0x70 ./source/FTM/FTM.o
 .debug_ranges  0x00000c48       0x20 ./SDK/startup/hardware.o
 .debug_ranges  0x00000c68       0x10 ./SDK/startup/main.o
 .debug_ranges  0x00000c78       0x10 ./SDK/startup/semihost_hardfault.o
 .debug_ranges  0x00000c88      0x320 ./SDK/startup/startup_mk64f12.o
 .debug_ranges  0x00000fa8       0x20 ./SDK/CMSIS/system_MK64F12.o

.debug_macro    0x00000000    0x1409f
 .debug_macro   0x00000000       0xb6 ./source/timer/SysTick.o
 .debug_macro   0x000000b6      0xa7e ./source/timer/SysTick.o
 .debug_macro   0x00000b34       0x22 ./source/timer/SysTick.o
 .debug_macro   0x00000b56      0x34e ./source/timer/SysTick.o
 .debug_macro   0x00000ea4       0x10 ./source/timer/SysTick.o
 .debug_macro   0x00000eb4       0x5c ./source/timer/SysTick.o
 .debug_macro   0x00000f10       0x1c ./source/timer/SysTick.o
 .debug_macro   0x00000f2c       0x28 ./source/timer/SysTick.o
 .debug_macro   0x00000f54       0xd9 ./source/timer/SysTick.o
 .debug_macro   0x0000102d      0xecf ./source/timer/SysTick.o
 .debug_macro   0x00001efc       0x48 ./source/timer/SysTick.o
 .debug_macro   0x00001f44     0xe07b ./source/timer/SysTick.o
 .debug_macro   0x0000ffbf     0x122b ./source/timer/SysTick.o
 .debug_macro   0x000111ea       0x16 ./source/timer/SysTick.o
 .debug_macro   0x00011200      0x134 ./source/timer/timer.o
 .debug_macro   0x00011334       0x1e ./source/timer/timer.o
 .debug_macro   0x00011352       0x22 ./source/timer/timer.o
 .debug_macro   0x00011374       0x5e ./source/timer/timer.o
 .debug_macro   0x000113d2       0x94 ./source/timer/timer.o
 .debug_macro   0x00011466       0x35 ./source/timer/timer.o
 .debug_macro   0x0001149b       0x34 ./source/timer/timer.o
 .debug_macro   0x000114cf       0x16 ./source/timer/timer.o
 .debug_macro   0x000114e5      0x10e ./source/timer/timer.o
 .debug_macro   0x000115f3       0x8d ./source/timer/timer.o
 .debug_macro   0x00011680       0x16 ./source/timer/timer.o
 .debug_macro   0x00011696       0x43 ./source/timer/timer.o
 .debug_macro   0x000116d9       0x57 ./source/timer/timer.o
 .debug_macro   0x00011730       0x34 ./source/timer/timer.o
 .debug_macro   0x00011764       0x10 ./source/timer/timer.o
 .debug_macro   0x00011774       0x58 ./source/timer/timer.o
 .debug_macro   0x000117cc      0x182 ./source/timer/timer.o
 .debug_macro   0x0001194e      0x341 ./source/timer/timer.o
 .debug_macro   0x00011c8f       0x16 ./source/timer/timer.o
 .debug_macro   0x00011ca5       0x29 ./source/timer/timer.o
 .debug_macro   0x00011cce       0x28 ./source/timer/timer.o
 .debug_macro   0x00011cf6       0x10 ./source/timer/timer.o
 .debug_macro   0x00011d06      0x1e7 ./source/buffer/SPI_buffer.o
 .debug_macro   0x00011eed       0x16 ./source/buffer/SPI_buffer.o
 .debug_macro   0x00011f03       0x97 ./source/buffer/SPI_buffer.o
 .debug_macro   0x00011f9a       0xfd ./source/buffer/SPI_buffer.o
 .debug_macro   0x00012097       0x10 ./source/buffer/SPI_buffer.o
 .debug_macro   0x000120a7       0x10 ./source/buffer/SPI_buffer.o
 .debug_macro   0x000120b7       0x6a ./source/buffer/SPI_buffer.o
 .debug_macro   0x00012121       0x1c ./source/buffer/SPI_buffer.o
 .debug_macro   0x0001213d       0x52 ./source/buffer/SPI_buffer.o
 .debug_macro   0x0001218f       0x22 ./source/buffer/SPI_buffer.o
 .debug_macro   0x000121b1       0x10 ./source/buffer/SPI_buffer.o
 .debug_macro   0x000121c1       0x52 ./source/buffer/SPI_buffer.o
 .debug_macro   0x00012213       0xd5 ./source/buffer/SPI_buffer.o
 .debug_macro   0x000122e8       0x1c ./source/buffer/SPI_buffer.o
 .debug_macro   0x00012304       0x3d ./source/buffer/SPI_buffer.o
 .debug_macro   0x00012341       0x16 ./source/buffer/SPI_buffer.o
 .debug_macro   0x00012357      0x16f ./source/buffer/SPI_buffer.o
 .debug_macro   0x000124c6       0xac ./source/buffer/circular_buffer.o
 .debug_macro   0x00012572       0xe8 ./source/UART/uart.o
 .debug_macro   0x0001265a       0x10 ./source/UART/uart.o
 .debug_macro   0x0001266a       0x40 ./source/UART/uart.o
 .debug_macro   0x000126aa      0x14a ./source/Sensores/MPU6050.o
 .debug_macro   0x000127f4      0x338 ./source/Sensores/MPU6050.o
 .debug_macro   0x00012b2c      0x2a0 ./source/Sensores/test_MPU6050.o
 .debug_macro   0x00012dcc       0x10 ./source/Sensores/test_MPU6050.o
 .debug_macro   0x00012ddc       0x1c ./source/Sensores/test_MPU6050.o
 .debug_macro   0x00012df8       0x9a ./source/Sensores/test_MPU6050.o
 .debug_macro   0x00012e92      0x31f ./source/SPI/SPI.o
 .debug_macro   0x000131b1       0x3a ./source/SPI/SPI.o
 .debug_macro   0x000131eb       0x10 ./source/SPI/SPI.o
 .debug_macro   0x000131fb       0x10 ./source/SPI/SPI.o
 .debug_macro   0x0001320b       0xf2 ./source/SBUS/SBUS.o
 .debug_macro   0x000132fd       0xd3 ./source/PIT/PIT.o
 .debug_macro   0x000133d0       0x28 ./source/PIT/PIT.o
 .debug_macro   0x000133f8       0xc4 ./source/MCAL/gpio.o
 .debug_macro   0x000134bc      0x1fd ./source/I2Cm/I2Cm.o
 .debug_macro   0x000136b9       0x10 ./source/I2Cm/I2Cm.o
 .debug_macro   0x000136c9      0x16e ./source/Fusion/FusionAhrs.o
 .debug_macro   0x00013837      0x201 ./source/Fusion/FusionAhrs.o
 .debug_macro   0x00013a38      0x186 ./source/Fusion/FusionAhrs.o
 .debug_macro   0x00013bbe      0x108 ./source/Fusion/FusionCompass.o
 .debug_macro   0x00013cc6      0x1c5 ./source/FTM/FTM.o
 .debug_macro   0x00013e8b       0x22 ./source/FTM/FTM.o
 .debug_macro   0x00013ead       0x9c ./SDK/startup/hardware.o
 .debug_macro   0x00013f49       0x9c ./SDK/startup/main.o
 .debug_macro   0x00013fe5       0x11 ./SDK/startup/semihost_hardfault.o
 .debug_macro   0x00013ff6       0x29 ./SDK/startup/startup_mk64f12.o
 .debug_macro   0x0001401f       0x80 ./SDK/CMSIS/system_MK64F12.o

.debug_line     0x00000000     0x729e
 .debug_line    0x00000000      0x232 ./source/timer/SysTick.o
 .debug_line    0x00000232      0x4e1 ./source/timer/timer.o
 .debug_line    0x00000713      0x5c3 ./source/buffer/SPI_buffer.o
 .debug_line    0x00000cd6      0x37c ./source/buffer/circular_buffer.o
 .debug_line    0x00001052      0x4e0 ./source/UART/uart.o
 .debug_line    0x00001532      0x821 ./source/Sensores/MPU6050.o
 .debug_line    0x00001d53      0x81c ./source/Sensores/test_MPU6050.o
 .debug_line    0x0000256f      0xb3d ./source/SPI/SPI.o
 .debug_line    0x000030ac      0x398 ./source/SBUS/SBUS.o
 .debug_line    0x00003444      0x317 ./source/PIT/PIT.o
 .debug_line    0x0000375b      0x4ed ./source/MCAL/gpio.o
 .debug_line    0x00003c48      0x788 ./source/I2Cm/I2Cm.o
 .debug_line    0x000043d0     0x10ae ./source/Fusion/FusionAhrs.o
 .debug_line    0x0000547e      0x4f0 ./source/Fusion/FusionCompass.o
 .debug_line    0x0000596e      0x839 ./source/FTM/FTM.o
 .debug_line    0x000061a7      0x2a7 ./SDK/startup/hardware.o
 .debug_line    0x0000644e      0x1b8 ./SDK/startup/main.o
 .debug_line    0x00006606       0x5f ./SDK/startup/semihost_hardfault.o
 .debug_line    0x00006665      0x917 ./SDK/startup/startup_mk64f12.o
 .debug_line    0x00006f7c      0x322 ./SDK/CMSIS/system_MK64F12.o

.debug_str      0x00000000    0x7ff21
 .debug_str     0x00000000    0x773ec ./source/timer/SysTick.o
                              0x775b7 (size before relaxing)
 .debug_str     0x000773ec     0x30b5 ./source/timer/timer.o
                               0x699c (size before relaxing)
 .debug_str     0x0007a4a1     0x1277 ./source/buffer/SPI_buffer.o
                               0x796b (size before relaxing)
 .debug_str     0x0007b718       0xa5 ./source/buffer/circular_buffer.o
                              0x7707d (size before relaxing)
 .debug_str     0x0007b7bd      0x498 ./source/UART/uart.o
                              0x77a0f (size before relaxing)
 .debug_str     0x0007bc55      0xb75 ./source/Sensores/MPU6050.o
                               0x73bf (size before relaxing)
 .debug_str     0x0007c7ca      0xe71 ./source/Sensores/test_MPU6050.o
                               0x9367 (size before relaxing)
 .debug_str     0x0007d63b      0x76f ./source/SPI/SPI.o
                              0x7beba (size before relaxing)
 .debug_str     0x0007ddaa      0x10d ./source/SBUS/SBUS.o
                              0x77987 (size before relaxing)
 .debug_str     0x0007deb7      0x229 ./source/PIT/PIT.o
                              0x77bb8 (size before relaxing)
 .debug_str     0x0007e0e0      0x1b5 ./source/MCAL/gpio.o
                              0x77bf1 (size before relaxing)
 .debug_str     0x0007e295      0x2ab ./source/I2Cm/I2Cm.o
                              0x7aa24 (size before relaxing)
 .debug_str     0x0007e540      0xbe2 ./source/Fusion/FusionAhrs.o
                               0x7e4e (size before relaxing)
 .debug_str     0x0007f122       0x3c ./source/Fusion/FusionCompass.o
                               0x727d (size before relaxing)
 .debug_str     0x0007f15e      0x4d2 ./source/FTM/FTM.o
                              0x7aae5 (size before relaxing)
 .debug_str     0x0007f630      0x16f ./SDK/startup/hardware.o
                              0x771d6 (size before relaxing)
 .debug_str     0x0007f79f       0x1b ./SDK/startup/main.o
                              0x76fa1 (size before relaxing)
 .debug_str     0x0007f7ba       0x36 ./SDK/startup/semihost_hardfault.o
                               0x2d4a (size before relaxing)
 .debug_str     0x0007f7f0      0x6bf ./SDK/startup/startup_mk64f12.o
                               0x35a4 (size before relaxing)
 .debug_str     0x0007feaf       0x72 ./SDK/CMSIS/system_MK64F12.o
                              0x770f5 (size before relaxing)

.comment        0x00000000       0x49
 .comment       0x00000000       0x49 ./source/timer/SysTick.o
                                 0x4a (size before relaxing)
 .comment       0x00000049       0x4a ./source/timer/timer.o
 .comment       0x00000049       0x4a ./source/buffer/SPI_buffer.o
 .comment       0x00000049       0x4a ./source/buffer/circular_buffer.o
 .comment       0x00000049       0x4a ./source/UART/uart.o
 .comment       0x00000049       0x4a ./source/Sensores/MPU6050.o
 .comment       0x00000049       0x4a ./source/Sensores/test_MPU6050.o
 .comment       0x00000049       0x4a ./source/SPI/SPI.o
 .comment       0x00000049       0x4a ./source/SBUS/SBUS.o
 .comment       0x00000049       0x4a ./source/PIT/PIT.o
 .comment       0x00000049       0x4a ./source/MCAL/gpio.o
 .comment       0x00000049       0x4a ./source/I2Cm/I2Cm.o
 .comment       0x00000049       0x4a ./source/Fusion/FusionAhrs.o
 .comment       0x00000049       0x4a ./source/Fusion/FusionCompass.o
 .comment       0x00000049       0x4a ./source/FTM/FTM.o
 .comment       0x00000049       0x4a ./SDK/startup/hardware.o
 .comment       0x00000049       0x4a ./SDK/startup/main.o
 .comment       0x00000049       0x4a ./SDK/startup/semihost_hardfault.o
 .comment       0x00000049       0x4a ./SDK/startup/startup_mk64f12.o
 .comment       0x00000049       0x4a ./SDK/CMSIS/system_MK64F12.o
 .comment       0x00000049       0x4a c:/nxp/mcuxpressoide_11.6.1_8255/ide/plugins/com.nxp.mcuxpresso.tools.win32_11.6.1.202207200623/tools/bin/../lib/gcc/arm-none-eabi/10.3.1/../../../../arm-none-eabi/lib/thumb/v7e-m+fp/hard\libcr_c.a(asinf.o)
 .comment       0x00000049       0x4a c:/nxp/mcuxpressoide_11.6.1_8255/ide/plugins/com.nxp.mcuxpresso.tools.win32_11.6.1.202207200623/tools/bin/../lib/gcc/arm-none-eabi/10.3.1/../../../../arm-none-eabi/lib/thumb/v7e-m+fp/hard\libcr_c.a(atan2f.o)
 .comment       0x00000049       0x4a c:/nxp/mcuxpressoide_11.6.1_8255/ide/plugins/com.nxp.mcuxpresso.tools.win32_11.6.1.202207200623/tools/bin/../lib/gcc/arm-none-eabi/10.3.1/../../../../arm-none-eabi/lib/thumb/v7e-m+fp/hard\libcr_c.a(atanf.o)
 .comment       0x00000049       0x4a c:/nxp/mcuxpressoide_11.6.1_8255/ide/plugins/com.nxp.mcuxpresso.tools.win32_11.6.1.202207200623/tools/bin/../lib/gcc/arm-none-eabi/10.3.1/../../../../arm-none-eabi/lib/thumb/v7e-m+fp/hard\libcr_c.a(cosf.o)
 .comment       0x00000049       0x4a c:/nxp/mcuxpressoide_11.6.1_8255/ide/plugins/com.nxp.mcuxpresso.tools.win32_11.6.1.202207200623/tools/bin/../lib/gcc/arm-none-eabi/10.3.1/../../../../arm-none-eabi/lib/thumb/v7e-m+fp/hard\libcr_c.a(fabsf.o)
 .comment       0x00000049       0x4a c:/nxp/mcuxpressoide_11.6.1_8255/ide/plugins/com.nxp.mcuxpresso.tools.win32_11.6.1.202207200623/tools/bin/../lib/gcc/arm-none-eabi/10.3.1/../../../../arm-none-eabi/lib/thumb/v7e-m+fp/hard\libcr_c.a(sinf.o)
 .comment       0x00000049       0x4a c:/nxp/mcuxpressoide_11.6.1_8255/ide/plugins/com.nxp.mcuxpresso.tools.win32_11.6.1.202207200623/tools/bin/../lib/gcc/arm-none-eabi/10.3.1/../../../../arm-none-eabi/lib/thumb/v7e-m+fp/hard\libcr_c.a(memcpy.o)
 .comment       0x00000049       0x4a c:/nxp/mcuxpressoide_11.6.1_8255/ide/plugins/com.nxp.mcuxpresso.tools.win32_11.6.1.202207200623/tools/bin/../lib/gcc/arm-none-eabi/10.3.1/../../../../arm-none-eabi/lib/thumb/v7e-m+fp/hard\libcr_c.a(memset.o)
 .comment       0x00000049       0x4a c:/nxp/mcuxpressoide_11.6.1_8255/ide/plugins/com.nxp.mcuxpresso.tools.win32_11.6.1.202207200623/tools/bin/../lib/gcc/arm-none-eabi/10.3.1/../../../../arm-none-eabi/lib/thumb/v7e-m+fp/hard\libcr_c.a(cos.o)
 .comment       0x00000049       0x4a c:/nxp/mcuxpressoide_11.6.1_8255/ide/plugins/com.nxp.mcuxpresso.tools.win32_11.6.1.202207200623/tools/bin/../lib/gcc/arm-none-eabi/10.3.1/../../../../arm-none-eabi/lib/thumb/v7e-m+fp/hard\libcr_c.a(errno.o)
 .comment       0x00000049       0x4a c:/nxp/mcuxpressoide_11.6.1_8255/ide/plugins/com.nxp.mcuxpresso.tools.win32_11.6.1.202207200623/tools/bin/../lib/gcc/arm-none-eabi/10.3.1/../../../../arm-none-eabi/lib/thumb/v7e-m+fp/hard\libcr_c.a(fabs.o)
 .comment       0x00000049       0x4a c:/nxp/mcuxpressoide_11.6.1_8255/ide/plugins/com.nxp.mcuxpresso.tools.win32_11.6.1.202207200623/tools/bin/../lib/gcc/arm-none-eabi/10.3.1/../../../../arm-none-eabi/lib/thumb/v7e-m+fp/hard\libcr_c.a(fpprintf.o)
 .comment       0x00000049       0x4a c:/nxp/mcuxpressoide_11.6.1_8255/ide/plugins/com.nxp.mcuxpresso.tools.win32_11.6.1.202207200623/tools/bin/../lib/gcc/arm-none-eabi/10.3.1/../../../../arm-none-eabi/lib/thumb/v7e-m+fp/hard\libcr_c.a(printf.o)
 .comment       0x00000049       0x4a c:/nxp/mcuxpressoide_11.6.1_8255/ide/plugins/com.nxp.mcuxpresso.tools.win32_11.6.1.202207200623/tools/bin/../lib/gcc/arm-none-eabi/10.3.1/../../../../arm-none-eabi/lib/thumb/v7e-m+fp/hard\libcr_c.a(sin.o)
 .comment       0x00000049       0x4a c:/nxp/mcuxpressoide_11.6.1_8255/ide/plugins/com.nxp.mcuxpresso.tools.win32_11.6.1.202207200623/tools/bin/../lib/gcc/arm-none-eabi/10.3.1/../../../../arm-none-eabi/lib/thumb/v7e-m+fp/hard\libcr_c.a(strlen.o)
 .comment       0x00000049       0x4a c:/nxp/mcuxpressoide_11.6.1_8255/ide/plugins/com.nxp.mcuxpresso.tools.win32_11.6.1.202207200623/tools/bin/../lib/gcc/arm-none-eabi/10.3.1/../../../../arm-none-eabi/lib/thumb/v7e-m+fp/hard\libcr_c.a(tan.o)
 .comment       0x00000049       0x4a c:/nxp/mcuxpressoide_11.6.1_8255/ide/plugins/com.nxp.mcuxpresso.tools.win32_11.6.1.202207200623/tools/bin/../lib/gcc/arm-none-eabi/10.3.1/../../../../arm-none-eabi/lib/thumb/v7e-m+fp/hard\libcr_c.a(_asinacosf.o)
 .comment       0x00000049       0x4a c:/nxp/mcuxpressoide_11.6.1_8255/ide/plugins/com.nxp.mcuxpresso.tools.win32_11.6.1.202207200623/tools/bin/../lib/gcc/arm-none-eabi/10.3.1/../../../../arm-none-eabi/lib/thumb/v7e-m+fp/hard\libcr_c.a(_sincosf.o)
 .comment       0x00000049       0x4a c:/nxp/mcuxpressoide_11.6.1_8255/ide/plugins/com.nxp.mcuxpresso.tools.win32_11.6.1.202207200623/tools/bin/../lib/gcc/arm-none-eabi/10.3.1/../../../../arm-none-eabi/lib/thumb/v7e-m+fp/hard\libcr_c.a(_deferredlazyseek.o)
 .comment       0x00000049       0x4a c:/nxp/mcuxpressoide_11.6.1_8255/ide/plugins/com.nxp.mcuxpresso.tools.win32_11.6.1.202207200623/tools/bin/../lib/gcc/arm-none-eabi/10.3.1/../../../../arm-none-eabi/lib/thumb/v7e-m+fp/hard\libcr_c.a(_fflush.o)
 .comment       0x00000049       0x4a c:/nxp/mcuxpressoide_11.6.1_8255/ide/plugins/com.nxp.mcuxpresso.tools.win32_11.6.1.202207200623/tools/bin/../lib/gcc/arm-none-eabi/10.3.1/../../../../arm-none-eabi/lib/thumb/v7e-m+fp/hard\libcr_c.a(_frexpl.o)
 .comment       0x00000049       0x4a c:/nxp/mcuxpressoide_11.6.1_8255/ide/plugins/com.nxp.mcuxpresso.tools.win32_11.6.1.202207200623/tools/bin/../lib/gcc/arm-none-eabi/10.3.1/../../../../arm-none-eabi/lib/thumb/v7e-m+fp/hard\libcr_c.a(_ldexpl.o)
 .comment       0x00000049       0x4a c:/nxp/mcuxpressoide_11.6.1_8255/ide/plugins/com.nxp.mcuxpresso.tools.win32_11.6.1.202207200623/tools/bin/../lib/gcc/arm-none-eabi/10.3.1/../../../../arm-none-eabi/lib/thumb/v7e-m+fp/hard\libcr_c.a(_sincos.o)
 .comment       0x00000049       0x4a c:/nxp/mcuxpressoide_11.6.1_8255/ide/plugins/com.nxp.mcuxpresso.tools.win32_11.6.1.202207200623/tools/bin/../lib/gcc/arm-none-eabi/10.3.1/../../../../arm-none-eabi/lib/thumb/v7e-m+fp/hard\libcr_c.a(_tancot.o)
 .comment       0x00000049       0x4a c:/nxp/mcuxpressoide_11.6.1_8255/ide/plugins/com.nxp.mcuxpresso.tools.win32_11.6.1.202207200623/tools/bin/../lib/gcc/arm-none-eabi/10.3.1/../../../../arm-none-eabi/lib/thumb/v7e-m+fp/hard\libcr_c.a(_writebuf.o)
 .comment       0x00000049       0x4a c:/nxp/mcuxpressoide_11.6.1_8255/ide/plugins/com.nxp.mcuxpresso.tools.win32_11.6.1.202207200623/tools/bin/../lib/gcc/arm-none-eabi/10.3.1/../../../../arm-none-eabi/lib/thumb/v7e-m+fp/hard\libcr_c.a(alloc.o)
 .comment       0x00000049       0x4a c:/nxp/mcuxpressoide_11.6.1_8255/ide/plugins/com.nxp.mcuxpresso.tools.win32_11.6.1.202207200623/tools/bin/../lib/gcc/arm-none-eabi/10.3.1/../../../../arm-none-eabi/lib/thumb/v7e-m+fp/hard\libcr_c.a(fseek.o)
 .comment       0x00000049       0x4a c:/nxp/mcuxpressoide_11.6.1_8255/ide/plugins/com.nxp.mcuxpresso.tools.win32_11.6.1.202207200623/tools/bin/../lib/gcc/arm-none-eabi/10.3.1/../../../../arm-none-eabi/lib/thumb/v7e-m+fp/hard\libcr_c.a(ftell.o)
 .comment       0x00000049       0x4a c:/nxp/mcuxpressoide_11.6.1_8255/ide/plugins/com.nxp.mcuxpresso.tools.win32_11.6.1.202207200623/tools/bin/../lib/gcc/arm-none-eabi/10.3.1/../../../../arm-none-eabi/lib/thumb/v7e-m+fp/hard\libcr_c.a(__init_alloc.o)
 .comment       0x00000049       0x4a c:/nxp/mcuxpressoide_11.6.1_8255/ide/plugins/com.nxp.mcuxpresso.tools.win32_11.6.1.202207200623/tools/bin/../lib/gcc/arm-none-eabi/10.3.1/../../../../arm-none-eabi/lib/thumb/v7e-m+fp/hard\libcr_c.a(_cr_sbrk.o)
 .comment       0x00000049       0x4a c:/nxp/mcuxpressoide_11.6.1_8255/ide/plugins/com.nxp.mcuxpresso.tools.win32_11.6.1.202207200623/tools/bin/../lib/gcc/arm-none-eabi/10.3.1/../../../../arm-none-eabi/lib/thumb/v7e-m+fp/hard\libcr_c.a(_cr_check_heap.o)
 .comment       0x00000049       0x4a c:/nxp/mcuxpressoide_11.6.1_8255/ide/plugins/com.nxp.mcuxpresso.tools.win32_11.6.1.202207200623/tools/bin/../lib/gcc/arm-none-eabi/10.3.1/thumb/v7e-m+fp/hard\libcr_eabihelpers.a(double.o)
 .comment       0x00000049       0x4a c:/nxp/mcuxpressoide_11.6.1_8255/ide/plugins/com.nxp.mcuxpresso.tools.win32_11.6.1.202207200623/tools/bin/../lib/gcc/arm-none-eabi/10.3.1/thumb/v7e-m+fp/hard\libcr_eabihelpers.a(float.o)

.ARM.attributes
                0x00000000       0x32
 .ARM.attributes
                0x00000000       0x34 ./source/timer/SysTick.o
 .ARM.attributes
                0x00000034       0x34 ./source/timer/timer.o
 .ARM.attributes
                0x00000068       0x34 ./source/buffer/SPI_buffer.o
 .ARM.attributes
                0x0000009c       0x34 ./source/buffer/circular_buffer.o
 .ARM.attributes
                0x000000d0       0x34 ./source/UART/uart.o
 .ARM.attributes
                0x00000104       0x34 ./source/Sensores/MPU6050.o
 .ARM.attributes
                0x00000138       0x34 ./source/Sensores/test_MPU6050.o
 .ARM.attributes
                0x0000016c       0x34 ./source/SPI/SPI.o
 .ARM.attributes
                0x000001a0       0x34 ./source/SBUS/SBUS.o
 .ARM.attributes
                0x000001d4       0x34 ./source/PIT/PIT.o
 .ARM.attributes
                0x00000208       0x34 ./source/MCAL/gpio.o
 .ARM.attributes
                0x0000023c       0x34 ./source/I2Cm/I2Cm.o
 .ARM.attributes
                0x00000270       0x34 ./source/Fusion/FusionAhrs.o
 .ARM.attributes
                0x000002a4       0x34 ./source/Fusion/FusionCompass.o
 .ARM.attributes
                0x000002d8       0x34 ./source/FTM/FTM.o
 .ARM.attributes
                0x0000030c       0x34 ./SDK/startup/hardware.o
 .ARM.attributes
                0x00000340       0x34 ./SDK/startup/main.o
 .ARM.attributes
                0x00000374       0x34 ./SDK/startup/semihost_hardfault.o
 .ARM.attributes
                0x000003a8       0x34 ./SDK/startup/startup_mk64f12.o
 .ARM.attributes
                0x000003dc       0x34 ./SDK/CMSIS/system_MK64F12.o
 .ARM.attributes
                0x00000410       0x34 c:/nxp/mcuxpressoide_11.6.1_8255/ide/plugins/com.nxp.mcuxpresso.tools.win32_11.6.1.202207200623/tools/bin/../lib/gcc/arm-none-eabi/10.3.1/../../../../arm-none-eabi/lib/thumb/v7e-m+fp/hard\libcr_c.a(asinf.o)
 .ARM.attributes
                0x00000444       0x34 c:/nxp/mcuxpressoide_11.6.1_8255/ide/plugins/com.nxp.mcuxpresso.tools.win32_11.6.1.202207200623/tools/bin/../lib/gcc/arm-none-eabi/10.3.1/../../../../arm-none-eabi/lib/thumb/v7e-m+fp/hard\libcr_c.a(atan2f.o)
 .ARM.attributes
                0x00000478       0x34 c:/nxp/mcuxpressoide_11.6.1_8255/ide/plugins/com.nxp.mcuxpresso.tools.win32_11.6.1.202207200623/tools/bin/../lib/gcc/arm-none-eabi/10.3.1/../../../../arm-none-eabi/lib/thumb/v7e-m+fp/hard\libcr_c.a(atanf.o)
 .ARM.attributes
                0x000004ac       0x34 c:/nxp/mcuxpressoide_11.6.1_8255/ide/plugins/com.nxp.mcuxpresso.tools.win32_11.6.1.202207200623/tools/bin/../lib/gcc/arm-none-eabi/10.3.1/../../../../arm-none-eabi/lib/thumb/v7e-m+fp/hard\libcr_c.a(cosf.o)
 .ARM.attributes
                0x000004e0       0x34 c:/nxp/mcuxpressoide_11.6.1_8255/ide/plugins/com.nxp.mcuxpresso.tools.win32_11.6.1.202207200623/tools/bin/../lib/gcc/arm-none-eabi/10.3.1/../../../../arm-none-eabi/lib/thumb/v7e-m+fp/hard\libcr_c.a(fabsf.o)
 .ARM.attributes