Archive member included to satisfy reference by file (symbol)

c:/nxp/mcuxpressoide_11.6.1_8255/ide/plugins/com.nxp.mcuxpresso.tools.win32_11.6.1.202207200623/tools/bin/../lib/gcc/arm-none-eabi/10.3.1/../../../../arm-none-eabi/lib/thumb/v7e-m+fp/hard\libcr_c.a(memcpy.o)
                              ./source/buffer/SPI_buffer.o (memcpy)
c:/nxp/mcuxpressoide_11.6.1_8255/ide/plugins/com.nxp.mcuxpresso.tools.win32_11.6.1.202207200623/tools/bin/../lib/gcc/arm-none-eabi/10.3.1/thumb/v7e-m+fp/hard\libcr_eabihelpers.a(division_64.o)
                              ./source/FTM/FTM.o (__aeabi_uldivmod)
c:/nxp/mcuxpressoide_11.6.1_8255/ide/plugins/com.nxp.mcuxpresso.tools.win32_11.6.1.202207200623/tools/bin/../lib/gcc/arm-none-eabi/10.3.1/thumb/v7e-m+fp/hard\libcr_eabihelpers.a(division_idiv0.o)
                              c:/nxp/mcuxpressoide_11.6.1_8255/ide/plugins/com.nxp.mcuxpresso.tools.win32_11.6.1.202207200623/tools/bin/../lib/gcc/arm-none-eabi/10.3.1/thumb/v7e-m+fp/hard\libcr_eabihelpers.a(division_64.o) (__aeabi_idiv0)
c:/nxp/mcuxpressoide_11.6.1_8255/ide/plugins/com.nxp.mcuxpresso.tools.win32_11.6.1.202207200623/tools/bin/../lib/gcc/arm-none-eabi/10.3.1/thumb/v7e-m+fp/hard\libcr_eabihelpers.a(double.o)
                              ./source/FTM/FTM.o (__aeabi_dmul)
c:/nxp/mcuxpressoide_11.6.1_8255/ide/plugins/com.nxp.mcuxpresso.tools.win32_11.6.1.202207200623/tools/bin/../lib/gcc/arm-none-eabi/10.3.1/thumb/v7e-m+fp/hard\libcr_eabihelpers.a(memcpy.o)
                              c:/nxp/mcuxpressoide_11.6.1_8255/ide/plugins/com.nxp.mcuxpresso.tools.win32_11.6.1.202207200623/tools/bin/../lib/gcc/arm-none-eabi/10.3.1/../../../../arm-none-eabi/lib/thumb/v7e-m+fp/hard\libcr_c.a(memcpy.o) (__aeabi_memcpy)

Discarded input sections

 .group         0x00000000        0xc ./source/timer/SysTick.o
 .group         0x00000000        0xc ./source/timer/SysTick.o
 .group         0x00000000        0xc ./source/timer/SysTick.o
 .group         0x00000000        0xc ./source/timer/SysTick.o
 .group         0x00000000        0xc ./source/timer/SysTick.o
 .group         0x00000000        0xc ./source/timer/SysTick.o
 .group         0x00000000        0xc ./source/timer/SysTick.o
 .group         0x00000000        0xc ./source/timer/SysTick.o
 .group         0x00000000        0xc ./source/timer/SysTick.o
 .group         0x00000000        0xc ./source/timer/SysTick.o
 .group         0x00000000        0xc ./source/timer/SysTick.o
 .group         0x00000000        0xc ./source/timer/SysTick.o
 .group         0x00000000        0xc ./source/timer/SysTick.o
 .text          0x00000000        0x0 ./source/timer/SysTick.o
 .data          0x00000000        0x0 ./source/timer/SysTick.o
 .bss           0x00000000        0x0 ./source/timer/SysTick.o
 .text.__NVIC_EnableIRQ
                0x00000000       0x3c ./source/timer/SysTick.o
 .text.SysTick_Init
                0x00000000       0x48 ./source/timer/SysTick.o
 .group         0x00000000        0xc ./source/timer/timer.o
 .group         0x00000000        0xc ./source/timer/timer.o
 .group         0x00000000        0xc ./source/timer/timer.o
 .group         0x00000000        0xc ./source/timer/timer.o
 .group         0x00000000        0xc ./source/timer/timer.o
 .group         0x00000000        0xc ./source/timer/timer.o
 .group         0x00000000        0xc ./source/timer/timer.o
 .group         0x00000000        0xc ./source/timer/timer.o
 .group         0x00000000        0xc ./source/timer/timer.o
 .group         0x00000000        0xc ./source/timer/timer.o
 .group         0x00000000        0xc ./source/timer/timer.o
 .group         0x00000000        0xc ./source/timer/timer.o
 .group         0x00000000        0xc ./source/timer/timer.o
 .group         0x00000000        0xc ./source/timer/timer.o
 .group         0x00000000        0xc ./source/timer/timer.o
 .group         0x00000000        0xc ./source/timer/timer.o
 .group         0x00000000        0xc ./source/timer/timer.o
 .group         0x00000000        0xc ./source/timer/timer.o
 .group         0x00000000        0xc ./source/timer/timer.o
 .group         0x00000000        0xc ./source/timer/timer.o
 .group         0x00000000        0xc ./source/timer/timer.o
 .group         0x00000000        0xc ./source/timer/timer.o
 .group         0x00000000        0xc ./source/timer/timer.o
 .group         0x00000000        0xc ./source/timer/timer.o
 .text          0x00000000        0x0 ./source/timer/timer.o
 .data          0x00000000        0x0 ./source/timer/timer.o
 .bss           0x00000000        0x0 ./source/timer/timer.o
 .bss.timers    0x00000000       0xa0 ./source/timer/timer.o
 .data.timers_cant
                0x00000000        0x1 ./source/timer/timer.o
 .text.timerInit
                0x00000000       0x28 ./source/timer/timer.o
 .text.timerGetId
                0x00000000       0x2c ./source/timer/timer.o
 .text.timerStart
                0x00000000       0xb8 ./source/timer/timer.o
 .text.timerStop
[...]
Memory Configuration

Name             Origin             Length             Attributes
PROGRAM_FLASH    0x00000000         0x00100000         xr
SRAM_UPPER       0x20000000         0x00030000         xrw
SRAM_LOWER       0x1fff0000         0x00010000         xrw
FLEX_RAM         0x14000000         0x00001000         xrw
*default*        0x00000000         0xffffffff

Linker script and memory map

LOAD ./source/timer/SysTick.o
LOAD ./source/timer/timer.o
LOAD ./source/event_queue/event_queue.o
LOAD ./source/buffer/SPI_buffer.o
LOAD ./source/buffer/circular_buffer.o
LOAD ./source/buffer/circular_buffer_16.o
LOAD ./source/buffer/generic_circular_buffer.o
LOAD ./source/UART/uart.o
LOAD ./source/SPI/SPI.o
LOAD ./source/PIT/PIT.o
LOAD ./source/MCAL/gpio.o
LOAD ./source/I2Cm/I2Cm.o
LOAD ./source/FTM/FTM.o
LOAD ./source/CMP/CMP.o
LOAD ./source/CAN/CAN.o
LOAD ./source/ADC/ADC.o
LOAD ./source/ADC/ADC_hal.o
LOAD ./source/App.o
LOAD ./SDK/startup/hardware.o
LOAD ./SDK/startup/main.o
LOAD ./SDK/startup/semihost_hardfault.o
LOAD ./SDK/startup/startup_mk64f12.o
LOAD ./SDK/CMSIS/system_MK64F12.o
START GROUP
LOAD c:/nxp/mcuxpressoide_11.6.1_8255/ide/plugins/com.nxp.mcuxpresso.tools.win32_11.6.1.202207200623/tools/bin/../lib/gcc/arm-none-eabi/10.3.1/../../../../arm-none-eabi/lib/thumb/v7e-m+fp/hard\libcr_semihost_nf.a
LOAD c:/nxp/mcuxpressoide_11.6.1_8255/ide/plugins/com.nxp.mcuxpresso.tools.win32_11.6.1.202207200623/tools/bin/../lib/gcc/arm-none-eabi/10.3.1/../../../../arm-none-eabi/lib/thumb/v7e-m+fp/hard\libcr_c.a
LOAD c:/nxp/mcuxpressoide_11.6.1_8255/ide/plugins/com.nxp.mcuxpresso.tools.win32_11.6.1.202207200623/tools/bin/../lib/gcc/arm-none-eabi/10.3.1/thumb/v7e-m+fp/hard\libcr_eabihelpers.a
LOAD c:/nxp/mcuxpressoide_11.6.1_8255/ide/plugins/com.nxp.mcuxpresso.tools.win32_11.6.1.202207200623/tools/bin/../lib/gcc/arm-none-eabi/10.3.1/thumb/v7e-m+fp/hard\libgcc.a
END GROUP
                0x00000000                __base_PROGRAM_FLASH = 0x0
                0x00000000                __base_Flash = 0x0
                0x00100000                __top_PROGRAM_FLASH = 0x100000
                0x00100000                __top_Flash = 0x100000
                0x20000000                __base_SRAM_UPPER = 0x20000000
                0x20000000                __base_RAM = 0x20000000
                0x20030000                __top_SRAM_UPPER = 0x20030000
                0x20030000                __top_RAM = 0x20030000
                0x1fff0000                __base_SRAM_LOWER = 0x1fff0000
                0x1fff0000                __base_RAM2 = 0x1fff0000
                0x20000000                __top_SRAM_LOWER = 0x20000000
                0x20000000                __top_RAM2 = 0x20000000
                0x14000000                __base_FLEX_RAM = 0x14000000
                0x14000000                __base_RAM3 = 0x14000000
                0x14001000                __top_FLEX_RAM = 0x14001000
                0x14001000                __top_RAM3 = 0x14001000

.text           0x00000000     0x1678
 FILL mask 0xff
                0x00000000                __vectors_start__ = ABSOLUTE (.)
 *(SORT_BY_ALIGNMENT(.isr_vector))
 .isr_vector    0x00000000      0x198 ./SDK/startup/startup_mk64f12.o
                0x00000000                g_pfnVectors
                0x00000000                __Vectors
                0x00000198                . = ALIGN (0x4)
                0x00000198                __section_table_start = .
                0x00000198                __data_section_table = .
                0x00000198        0x4 LONG 0x1678 LOADADDR (.data)
                0x0000019c        0x4 LONG 0x20000000 ADDR (.data)
                0x000001a0        0x4 LONG 0x10 SIZEOF (.data)
                0x000001a4        0x4 LONG 0x1678 LOADADDR (.data_RAM2)
                0x000001a8        0x4 LONG 0x1fff0000 ADDR (.data_RAM2)
                0x000001ac        0x4 LONG 0x0 SIZEOF (.data_RAM2)
                0x000001b0        0x4 LONG 0x1678 LOADADDR (.data_RAM3)
                0x000001b4        0x4 LONG 0x14000000 ADDR (.data_RAM3)
                0x000001b8        0x4 LONG 0x0 SIZEOF (.data_RAM3)
                0x000001bc                __data_section_table_end = .
                0x000001bc                __bss_section_table = .
                0x000001bc        0x4 LONG 0x20000010 ADDR (.bss)
                0x000001c0        0x4 LONG 0xe38 SIZEOF (.bss)
                0x000001c4        0x4 LONG 0x1fff0000 ADDR (.bss_RAM2)
                0x000001c8        0x4 LONG 0x0 SIZEOF (.bss_RAM2)
                0x000001cc        0x4 LONG 0x14000000 ADDR (.bss_RAM3)
                0x000001d0        0x4 LONG 0x0 SIZEOF (.bss_RAM3)
                0x000001d4                __bss_section_table_end = .
                0x000001d4                __section_table_end = .
 *(SORT_BY_ALIGNMENT(.after_vectors*))
 .after_vectors.reset
                0x000001d4       0x4c ./SDK/startup/startup_mk64f12.o
                0x000001d4                ResetISR
 .after_vectors.init_data
                0x00000220       0x1e ./SDK/startup/startup_mk64f12.o
                0x00000220                data_init
 .after_vectors.init_bss
                0x0000023e       0x12 ./SDK/startup/startup_mk64f12.o
                0x0000023e                bss_init
 .after_vectors
                0x00000250       0x14 ./SDK/startup/startup_mk64f12.o
                0x00000250                NMI_Handler
                0x00000254                MemManage_Handler
                0x00000256                BusFault_Handler
                0x00000258                UsageFault_Handler
                0x0000025a                SVC_Handler
                0x0000025c                DebugMon_Handler
                0x0000025e                PendSV_Handler
                0x00000262                DMA_Error_DriverIRQHandler
                0x00000262                LPTMR0_DriverIRQHandler
                0x00000262                FTM1_DriverIRQHandler
                0x00000262                FTM2_DriverIRQHandler
                0x00000262                PIT2_DriverIRQHandler
                0x00000262                SDHC_DriverIRQHandler
                0x00000262                I2S0_Tx_DriverIRQHandler
                0x00000262                RTC_Seconds_DriverIRQHandler
                0x00000262                DMA6_DriverIRQHandler
                0x00000262                LLWU_DriverIRQHandler
                0x00000262                MCM_DriverIRQHandler
                0x00000262                MCG_DriverIRQHandler
                0x00000262                ENET_1588_Timer_DriverIRQHandler
                0x00000262                I2C2_DriverIRQHandler
                0x00000262                DAC1_DriverIRQHandler
                0x00000262                SPI1_DriverIRQHandler
                0x00000262                CMP1_DriverIRQHandler
                0x00000262                UART5_RX_TX_DriverIRQHandler
                0x00000262                FTM0_DriverIRQHandler
                0x00000262                IntDefaultHandler
                0x00000262                USB0_DriverIRQHandler
                0x00000262                UART5_ERR_DriverIRQHandler
                0x00000262                PORTC_DriverIRQHandler
                0x00000262                DMA11_DriverIRQHandler
                0x00000262                DAC0_DriverIRQHandler
                0x00000262                DMA10_DriverIRQHandler
                0x00000262                CMP2_DriverIRQHandler
                0x00000262                UART2_ERR_DriverIRQHandler
                0x00000262                SPI2_DriverIRQHandler
                0x00000262                LVD_LVW_DriverIRQHandler
                0x00000262                PIT0_DriverIRQHandler
                0x00000262                RNG_DriverIRQHandler
                0x00000262                DMA5_DriverIRQHandler
                0x00000262                DMA12_DriverIRQHandler
                0x00000262                UART2_RX_TX_DriverIRQHandler
                0x00000262                USBDCD_DriverIRQHandler
                0x00000262                UART3_ERR_DriverIRQHandler
                0x00000262                DMA3_DriverIRQHandler
                0x00000262                DMA8_DriverIRQHandler
                0x00000262                DMA9_DriverIRQHandler
                0x00000262                UART0_ERR_DriverIRQHandler
                0x00000262                CMT_DriverIRQHandler
                0x00000262                Reserved71_DriverIRQHandler
                0x00000262                ADC1_DriverIRQHandler
                0x00000262                PORTA_DriverIRQHandler
                0x00000262                DMA14_DriverIRQHandler
                0x00000262                PIT3_DriverIRQHandler
                0x00000262                PIT1_DriverIRQHandler
                0x00000262                WDOG_EWM_DriverIRQHandler
                0x00000262                PDB0_DriverIRQHandler
                0x00000262                RTC_DriverIRQHandler
                0x00000262                I2S0_Rx_DriverIRQHandler
                0x00000262                Read_Collision_DriverIRQHandler
                0x00000262                SWI_DriverIRQHandler
                0x00000262                UART4_RX_TX_DriverIRQHandler
                0x00000262                UART4_ERR_DriverIRQHandler
                0x00000262                PORTB_DriverIRQHandler
                0x00000262                UART0_LON_DriverIRQHandler
                0x00000262                DMA0_DriverIRQHandler
                0x00000262                DMA1_DriverIRQHandler
                0x00000262                I2C1_DriverIRQHandler
                0x00000262                UART3_RX_TX_DriverIRQHandler
                0x00000262                ENET_Receive_DriverIRQHandler
                0x00000262                DMA13_DriverIRQHandler
                0x00000262                ENET_Error_DriverIRQHandler
                0x00000262                DMA15_DriverIRQHandler
                0x00000262                UART0_RX_TX_DriverIRQHandler
                0x00000262                SPI0_DriverIRQHandler
                0x00000262                ADC0_DriverIRQHandler
                0x00000262                CMP0_DriverIRQHandler
                0x00000262                CAN0_DriverIRQHandler
                0x00000262                FTM3_DriverIRQHandler
                0x00000262                DMA4_DriverIRQHandler
                0x00000262                UART1_ERR_DriverIRQHandler
                0x00000262                DMA2_DriverIRQHandler
                0x00000262                ENET_Transmit_DriverIRQHandler
                0x00000262                PORTD_DriverIRQHandler
                0x00000262                PORTE_DriverIRQHandler
                0x00000262                FTFE_DriverIRQHandler
                0x00000262                I2C0_DriverIRQHandler
                0x00000262                DMA7_DriverIRQHandler
                0x00000262                UART1_RX_TX_DriverIRQHandler
                0x00000400                . = 0x400
 *fill*         0x00000264      0x19c ff
                0x00000400                PROVIDE (__FLASH_CONFIG_START__ = .)
 *(SORT_BY_ALIGNMENT(.FlashConfig))
 .FlashConfig   0x00000400       0x10 ./SDK/startup/startup_mk64f12.o
                0x00000400                Flash_Config
                0x00000410                PROVIDE (__FLASH_CONFIG_END__ = .)
                0x00000001                ASSERT (! ((__FLASH_CONFIG_START__ == __FLASH_CONFIG_END__)), Linker Flash Config Support Enabled, but no .FlashConfig section provided within application)
 *(SORT_BY_ALIGNMENT(.text*))
 .text.SysTick_Handler
                0x00000410       0x24 ./source/timer/SysTick.o
                0x00000410                SysTick_Handler
 .text.SPIBgetPckg
                0x00000434       0x84 ./source/buffer/SPI_buffer.o
                0x00000434                SPIBgetPckg
 .text.UART_Rx_Tx_IRQ
                0x000004b8       0xd0 ./source/UART/uart.o
 .text.SPI0_IRQHandler
                0x00000588      0x14c ./source/SPI/SPI.o
                0x00000588                SPI0_IRQHandler
 .text.PIT0_IRQHandler
                0x000006d4       0x40 ./source/PIT/PIT.o
                0x000006d4                PIT0_IRQHandler
 .text.PIT1_IRQHandler
                0x00000714       0x30 ./source/PIT/PIT.o
                0x00000714                PIT1_IRQHandler
 .text.PIT2_IRQHandler
                0x00000744       0x30 ./source/PIT/PIT.o
                0x00000744                PIT2_IRQHandler
 .text.PIT3_IRQHandler
                0x00000774       0x30 ./source/PIT/PIT.o
                0x00000774                PIT3_IRQHandler
 .text.gpioWrite
                0x000007a4       0x68 ./source/MCAL/gpio.o
                0x000007a4                gpioWrite
 .text.PORTA_IRQHandler
                0x0000080c       0x64 ./source/MCAL/gpio.o
                0x0000080c                PORTA_IRQHandler
 .text.PORTB_IRQHandler
                0x00000870       0x64 ./source/MCAL/gpio.o
                0x00000870                PORTB_IRQHandler
 .text.PORTC_IRQHandler
                0x000008d4       0x64 ./source/MCAL/gpio.o
                0x000008d4                PORTC_IRQHandler
 .text.PORTD_IRQHandler
                0x00000938       0x64 ./source/MCAL/gpio.o
                0x00000938                PORTD_IRQHandler
 .text.PORTE_IRQHandler
                0x0000099c       0x64 ./source/MCAL/gpio.o
                0x0000099c                PORTE_IRQHandler
 .text.I2C0_IRQHandler
                0x00000a00      0x2cc ./source/I2Cm/I2Cm.o
                0x00000a00                I2C0_IRQHandler
 .text.FTM0_IRQHandler
                0x00000ccc       0x9c ./source/FTM/FTM.o
                0x00000ccc                FTM0_IRQHandler
 .text.FTM1_IRQHandler
                0x00000d68       0xa4 ./source/FTM/FTM.o
                0x00000d68                FTM1_IRQHandler
 .text.hw_Init  0x00000e0c      0x108 ./SDK/startup/hardware.o
                0x00000e0c                hw_Init
 .text.hw_EnableInterrupts
                0x00000f14       0x30 ./SDK/startup/hardware.o
                0x00000f14                hw_EnableInterrupts
 .text.hw_DisableInterrupts
                0x00000f44       0x20 ./SDK/startup/hardware.o
                0x00000f44                hw_DisableInterrupts
 .text.SystemInit
                0x00000f64       0x3c ./SDK/CMSIS/system_MK64F12.o
                0x00000f64                SystemInit
 .text.getCircularPointer
                0x00000fa0       0x1e ./source/buffer/SPI_buffer.o
 .text.SPIBisEmpty
                0x00000fbe       0x2a ./source/buffer/SPI_buffer.o
                0x00000fbe                SPIBisEmpty
 .text.getCircularPointer
                0x00000fe8       0x2c ./source/buffer/circular_buffer.o
 .text.CBisEmpty
                0x00001014       0x2a ./source/buffer/circular_buffer.o
                0x00001014                CBisEmpty
 .text.CBputByte
                0x0000103e       0x8e ./source/buffer/circular_buffer.o
                0x0000103e                CBputByte
 .text.CBgetByte
                0x000010cc       0x62 ./source/buffer/circular_buffer.o
                0x000010cc                CBgetByte
 .text.UART0_RX_TX_IRQHandler
                0x0000112e       0x2e ./source/UART/uart.o
                0x0000112e                UART0_RX_TX_IRQHandler
 .text.UART1_RX_TX_IRQHandler
                0x0000115c       0x2e ./source/UART/uart.o
                0x0000115c                UART1_RX_TX_IRQHandler
 .text.UART2_RX_TX_IRQHandler
                0x0000118a       0x2e ./source/UART/uart.o
                0x0000118a                UART2_RX_TX_IRQHandler
 .text.UART3_RX_TX_IRQHandler
                0x000011b8       0x2e ./source/UART/uart.o
                0x000011b8                UART3_RX_TX_IRQHandler
 .text.UART4_RX_TX_IRQHandler
                0x000011e6       0x2e ./source/UART/uart.o
                0x000011e6                UART4_RX_TX_IRQHandler
 .text.App_Init
                0x00001214        0xe ./source/App.o
                0x00001214                App_Init
 .text.App_Run  0x00001222        0x6 ./source/App.o
                0x00001222                App_Run
 .text.main     0x00001228       0x1a ./SDK/startup/main.o
                0x00001228                main
 .text.HardFault_Handler
                0x00001242       0x2c ./SDK/startup/semihost_hardfault.o
                0x00001242                HardFault_Handler
 .text.DMA0_IRQHandler
                0x0000126e        0x8 ./SDK/startup/startup_mk64f12.o
                0x0000126e                DMA0_IRQHandler
 .text.DMA1_IRQHandler
                0x00001276        0x8 ./SDK/startup/startup_mk64f12.o
                0x00001276                DMA1_IRQHandler
 .text.DMA2_IRQHandler
                0x0000127e        0x8 ./SDK/startup/startup_mk64f12.o
                0x0000127e                DMA2_IRQHandler
 .text.DMA3_IRQHandler
                0x00001286        0x8 ./SDK/startup/startup_mk64f12.o
                0x00001286                DMA3_IRQHandler
 .text.DMA4_IRQHandler
                0x0000128e        0x8 ./SDK/startup/startup_mk64f12.o
                0x0000128e                DMA4_IRQHandler
 .text.DMA5_IRQHandler
                0x00001296        0x8 ./SDK/startup/startup_mk64f12.o
                0x00001296                DMA5_IRQHandler
 .text.DMA6_IRQHandler
                0x0000129e        0x8 ./SDK/startup/startup_mk64f12.o
                0x0000129e                DMA6_IRQHandler
 .text.DMA7_IRQHandler
                0x000012a6        0x8 ./SDK/startup/startup_mk64f12.o
                0x000012a6                DMA7_IRQHandler
 .text.DMA8_IRQHandler
                0x000012ae        0x8 ./SDK/startup/startup_mk64f12.o
                0x000012ae                DMA8_IRQHandler
 .text.DMA9_IRQHandler
                0x000012b6        0x8 ./SDK/startup/startup_mk64f12.o
                0x000012b6                DMA9_IRQHandler
 .text.DMA10_IRQHandler
                0x000012be        0x8 ./SDK/startup/startup_mk64f12.o
                0x000012be                DMA10_IRQHandler
 .text.DMA11_IRQHandler
                0x000012c6        0x8 ./SDK/startup/startup_mk64f12.o
                0x000012c6                DMA11_IRQHandler
 .text.DMA12_IRQHandler
                0x000012ce        0x8 ./SDK/startup/startup_mk64f12.o
                0x000012ce                DMA12_IRQHandler
 .text.DMA13_IRQHandler
                0x000012d6        0x8 ./SDK/startup/startup_mk64f12.o
                0x000012d6                DMA13_IRQHandler
 .text.DMA14_IRQHandler
                0x000012de        0x8 ./SDK/startup/startup_mk64f12.o
                0x000012de                DMA14_IRQHandler
 .text.DMA15_IRQHandler
                0x000012e6        0x8 ./SDK/startup/startup_mk64f12.o
                0x000012e6                DMA15_IRQHandler
 .text.DMA_Error_IRQHandler
                0x000012ee        0x8 ./SDK/startup/startup_mk64f12.o
                0x000012ee                DMA_Error_IRQHandler
 .text.MCM_IRQHandler
                0x000012f6        0x8 ./SDK/startup/startup_mk64f12.o
                0x000012f6                MCM_IRQHandler
 .text.FTFE_IRQHandler
                0x000012fe        0x8 ./SDK/startup/startup_mk64f12.o
                0x000012fe                FTFE_IRQHandler
 .text.Read_Collision_IRQHandler
                0x00001306        0x8 ./SDK/startup/startup_mk64f12.o
                0x00001306                Read_Collision_IRQHandler
 .text.LVD_LVW_IRQHandler
                0x0000130e        0x8 ./SDK/startup/startup_mk64f12.o
                0x0000130e                LVD_LVW_IRQHandler
 .text.LLWU_IRQHandler
                0x00001316        0x8 ./SDK/startup/startup_mk64f12.o
                0x00001316                LLWU_IRQHandler
 .text.WDOG_EWM_IRQHandler
                0x0000131e        0x8 ./SDK/startup/startup_mk64f12.o
                0x0000131e                WDOG_EWM_IRQHandler
 .text.RNG_IRQHandler
                0x00001326        0x8 ./SDK/startup/startup_mk64f12.o
                0x00001326                RNG_IRQHandler
 .text.I2C1_IRQHandler
                0x0000132e        0x8 ./SDK/startup/startup_mk64f12.o
                0x0000132e                I2C1_IRQHandler
 .text.SPI1_IRQHandler
                0x00001336        0x8 ./SDK/startup/startup_mk64f12.o
                0x00001336                SPI1_IRQHandler
 .text.I2S0_Tx_IRQHandler
                0x0000133e        0x8 ./SDK/startup/startup_mk64f12.o
                0x0000133e                I2S0_Tx_IRQHandler
 .text.I2S0_Rx_IRQHandler
                0x00001346        0x8 ./SDK/startup/startup_mk64f12.o
                0x00001346                I2S0_Rx_IRQHandler
 .text.UART0_LON_IRQHandler
                0x0000134e        0x8 ./SDK/startup/startup_mk64f12.o
                0x0000134e                UART0_LON_IRQHandler
 .text.UART0_ERR_IRQHandler
                0x00001356        0x8 ./SDK/startup/startup_mk64f12.o
                0x00001356                UART0_ERR_IRQHandler
 .text.UART1_ERR_IRQHandler
                0x0000135e        0x8 ./SDK/startup/startup_mk64f12.o
                0x0000135e                UART1_ERR_IRQHandler
 .text.UART2_ERR_IRQHandler
                0x00001366        0x8 ./SDK/startup/startup_mk64f12.o
                0x00001366                UART2_ERR_IRQHandler
 .text.UART3_ERR_IRQHandler
                0x0000136e        0x8 ./SDK/startup/startup_mk64f12.o
                0x0000136e                UART3_ERR_IRQHandler
 .text.ADC0_IRQHandler
                0x00001376        0x8 ./SDK/startup/startup_mk64f12.o
                0x00001376                ADC0_IRQHandler
 .text.CMP0_IRQHandler
                0x0000137e        0x8 ./SDK/startup/startup_mk64f12.o
                0x0000137e                CMP0_IRQHandler
 .text.CMP1_IRQHandler
                0x00001386        0x8 ./SDK/startup/startup_mk64f12.o
                0x00001386                CMP1_IRQHandler
 .text.FTM2_IRQHandler
                0x0000138e        0x8 ./SDK/startup/startup_mk64f12.o
                0x0000138e                FTM2_IRQHandler
 .text.CMT_IRQHandler
                0x00001396        0x8 ./SDK/startup/startup_mk64f12.o
                0x00001396                CMT_IRQHandler
 .text.RTC_IRQHandler
                0x0000139e        0x8 ./SDK/startup/startup_mk64f12.o
                0x0000139e                RTC_IRQHandler
 .text.RTC_Seconds_IRQHandler
                0x000013a6        0x8 ./SDK/startup/startup_mk64f12.o
                0x000013a6                RTC_Seconds_IRQHandler
 .text.PDB0_IRQHandler
                0x000013ae        0x8 ./SDK/startup/startup_mk64f12.o
                0x000013ae                PDB0_IRQHandler
 .text.USB0_IRQHandler
                0x000013b6        0x8 ./SDK/startup/startup_mk64f12.o
                0x000013b6                USB0_IRQHandler
 .text.USBDCD_IRQHandler
                0x000013be        0x8 ./SDK/startup/startup_mk64f12.o
                0x000013be                USBDCD_IRQHandler
 .text.Reserved71_IRQHandler
                0x000013c6        0x8 ./SDK/startup/startup_mk64f12.o
                0x000013c6                Reserved71_IRQHandler
 .text.DAC0_IRQHandler
                0x000013ce        0x8 ./SDK/startup/startup_mk64f12.o
                0x000013ce                DAC0_IRQHandler
 .text.MCG_IRQHandler
                0x000013d6        0x8 ./SDK/startup/startup_mk64f12.o
                0x000013d6                MCG_IRQHandler
 .text.LPTMR0_IRQHandler
                0x000013de        0x8 ./SDK/startup/startup_mk64f12.o
                0x000013de                LPTMR0_IRQHandler
 .text.SWI_IRQHandler
                0x000013e6        0x8 ./SDK/startup/startup_mk64f12.o
                0x000013e6                SWI_IRQHandler
 .text.SPI2_IRQHandler
                0x000013ee        0x8 ./SDK/startup/startup_mk64f12.o
                0x000013ee                SPI2_IRQHandler
 .text.UART4_ERR_IRQHandler
                0x000013f6        0x8 ./SDK/startup/startup_mk64f12.o
                0x000013f6                UART4_ERR_IRQHandler
 .text.UART5_RX_TX_IRQHandler
                0x000013fe        0x8 ./SDK/startup/startup_mk64f12.o
                0x000013fe                UART5_RX_TX_IRQHandler
 .text.UART5_ERR_IRQHandler
                0x00001406        0x8 ./SDK/startup/startup_mk64f12.o
                0x00001406                UART5_ERR_IRQHandler
 .text.CMP2_IRQHandler
                0x0000140e        0x8 ./SDK/startup/startup_mk64f12.o
                0x0000140e                CMP2_IRQHandler
 .text.FTM3_IRQHandler
                0x00001416        0x8 ./SDK/startup/startup_mk64f12.o
                0x00001416                FTM3_IRQHandler
 .text.DAC1_IRQHandler
                0x0000141e        0x8 ./SDK/startup/startup_mk64f12.o
                0x0000141e                DAC1_IRQHandler
 .text.ADC1_IRQHandler
                0x00001426        0x8 ./SDK/startup/startup_mk64f12.o
                0x00001426                ADC1_IRQHandler
 .text.I2C2_IRQHandler
                0x0000142e        0x8 ./SDK/startup/startup_mk64f12.o
                0x0000142e                I2C2_IRQHandler
 .text.CAN0_ORed_Message_buffer_IRQHandler
                0x00001436        0x8 ./SDK/startup/startup_mk64f12.o
                0x00001436                CAN0_ORed_Message_buffer_IRQHandler
 .text.CAN0_Bus_Off_IRQHandler
                0x0000143e        0x8 ./SDK/startup/startup_mk64f12.o
                0x0000143e                CAN0_Bus_Off_IRQHandler
 .text.CAN0_Error_IRQHandler
                0x00001446        0x8 ./SDK/startup/startup_mk64f12.o
                0x00001446                CAN0_Error_IRQHandler
 .text.CAN0_Tx_Warning_IRQHandler
                0x0000144e        0x8 ./SDK/startup/startup_mk64f12.o
                0x0000144e                CAN0_Tx_Warning_IRQHandler
 .text.CAN0_Rx_Warning_IRQHandler
                0x00001456        0x8 ./SDK/startup/startup_mk64f12.o
                0x00001456                CAN0_Rx_Warning_IRQHandler
 .text.CAN0_Wake_Up_IRQHandler
                0x0000145e        0x8 ./SDK/startup/startup_mk64f12.o
                0x0000145e                CAN0_Wake_Up_IRQHandler
 .text.SDHC_IRQHandler
                0x00001466        0x8 ./SDK/startup/startup_mk64f12.o
                0x00001466                SDHC_IRQHandler
 .text.ENET_1588_Timer_IRQHandler
                0x0000146e        0x8 ./SDK/startup/startup_mk64f12.o
                0x0000146e                ENET_1588_Timer_IRQHandler
 .text.ENET_Transmit_IRQHandler
                0x00001476        0x8 ./SDK/startup/startup_mk64f12.o
                0x00001476                ENET_Transmit_IRQHandler
 .text.ENET_Receive_IRQHandler
                0x0000147e        0x8 ./SDK/startup/startup_mk64f12.o
                0x0000147e                ENET_Receive_IRQHandler
 .text.ENET_Error_IRQHandler
                0x00001486        0x8 ./SDK/startup/startup_mk64f12.o
                0x00001486                ENET_Error_IRQHandler
 .text.SystemInitHook
                0x0000148e        0xe ./SDK/CMSIS/system_MK64F12.o
                0x0000148e                SystemInitHook
 .text.memcpy   0x0000149c        0x4 c:/nxp/mcuxpressoide_11.6.1_8255/ide/plugins/com.nxp.mcuxpresso.tools.win32_11.6.1.202207200623/tools/bin/../lib/gcc/arm-none-eabi/10.3.1/../../../../arm-none-eabi/lib/thumb/v7e-m+fp/hard\libcr_c.a(memcpy.o)
                0x0000149c                memcpy
 .text.__aeabi_division_uldivmod
                0x000014a0      0x174 c:/nxp/mcuxpressoide_11.6.1_8255/ide/plugins/com.nxp.mcuxpresso.tools.win32_11.6.1.202207200623/tools/bin/../lib/gcc/arm-none-eabi/10.3.1/thumb/v7e-m+fp/hard\libcr_eabihelpers.a(division_64.o)
                0x000014a0                __aeabi_uldivmod
                0x000014a4                __bhs_ldivmod1
 .text.__aeabi_division_idiv0
                0x00001614        0x2 c:/nxp/mcuxpressoide_11.6.1_8255/ide/plugins/com.nxp.mcuxpresso.tools.win32_11.6.1.202207200623/tools/bin/../lib/gcc/arm-none-eabi/10.3.1/thumb/v7e-m+fp/hard\libcr_eabihelpers.a(division_idiv0.o)
                0x00001614                __aeabi_idiv0
 .text.__aeabi_memcpy
                0x00001616       0x34 c:/nxp/mcuxpressoide_11.6.1_8255/ide/plugins/com.nxp.mcuxpresso.tools.win32_11.6.1.202207200623/tools/bin/../lib/gcc/arm-none-eabi/10.3.1/thumb/v7e-m+fp/hard\libcr_eabihelpers.a(memcpy.o)
                0x00001616                __aeabi_memcpy
                0x00001620                __aeabi_memcpy8
                0x00001620                __aeabi_memcpy4
 *(SORT_BY_ALIGNMENT(.rodata) SORT_BY_ALIGNMENT(.rodata.*) SORT_BY_ALIGNMENT(.constdata) SORT_BY_ALIGNMENT(.constdata.*))
 *fill*         0x0000164a        0x2 ff
 .rodata.UARTPorts
                0x0000164c       0x18 ./source/UART/uart.o
 .rodata.gpioPtr
                0x00001664       0x14 ./source/MCAL/gpio.o
                0x00001678                . = ALIGN (0x8)
                0x00001678                _etext = .

.glue_7         0x00001678        0x0
 .glue_7        0x00001678        0x0 linker stubs

.glue_7t        0x00001678        0x0
 .glue_7t       0x00001678        0x0 linker stubs

.vfp11_veneer   0x00001678        0x0
 .vfp11_veneer  0x00001678        0x0 linker stubs

.v4_bx          0x00001678        0x0
 .v4_bx         0x00001678        0x0 linker stubs

.iplt           0x00001678        0x0
 .iplt          0x00001678        0x0 ./source/timer/SysTick.o

.rel.dyn        0x00001678        0x0
 .rel.iplt      0x00001678        0x0 ./source/timer/SysTick.o

.m_usb_data
 *(SORT_BY_ALIGNMENT(m_usb_bdt))

.data_RAM2      0x1fff0000        0x0 load address 0x00001678
 FILL mask 0xff
                [!provide]                PROVIDE (__start_data_RAM2 = .)
                [!provide]                PROVIDE (__start_data_SRAM_LOWER = .)
 *(SORT_BY_ALIGNMENT(.ramfunc.$RAM2))
 *(SORT_BY_ALIGNMENT(.ramfunc.$SRAM_LOWER))
 *(SORT_BY_ALIGNMENT(.data.$RAM2))
 *(SORT_BY_ALIGNMENT(.data.$SRAM_LOWER))
 *(SORT_BY_ALIGNMENT(.data.$RAM2.*))
 *(SORT_BY_ALIGNMENT(.data.$SRAM_LOWER.*))
                0x1fff0000                . = ALIGN (0x8)
                [!provide]                PROVIDE (__end_data_RAM2 = .)
                [!provide]                PROVIDE (__end_data_SRAM_LOWER = .)

.data_RAM3      0x14000000        0x0 load address 0x00001678
 FILL mask 0xff
                [!provide]                PROVIDE (__start_data_RAM3 = .)
                [!provide]                PROVIDE (__start_data_FLEX_RAM = .)
 *(SORT_BY_ALIGNMENT(.ramfunc.$RAM3))
 *(SORT_BY_ALIGNMENT(.ramfunc.$FLEX_RAM))
 *(SORT_BY_ALIGNMENT(.data.$RAM3))
 *(SORT_BY_ALIGNMENT(.data.$FLEX_RAM))
 *(SORT_BY_ALIGNMENT(.data.$RAM3.*))
 *(SORT_BY_ALIGNMENT(.data.$FLEX_RAM.*))
                0x14000000                . = ALIGN (0x8)
                [!provide]                PROVIDE (__end_data_RAM3 = .)
                [!provide]                PROVIDE (__end_data_FLEX_RAM = .)

.uninit_RESERVED
                0x20000000        0x0
                0x20000000                _start_uninit_RESERVED = .
 *(SORT_BY_ALIGNMENT(.bss.$RESERVED*))
                0x20000000                . = ALIGN (0x8)
                0x20000000                _end_uninit_RESERVED = .

.data           0x20000000       0x10 load address 0x00001678
 FILL mask 0xff
                0x20000000                _data = .
                [!provide]                PROVIDE (__start_data_RAM = .)
                [!provide]                PROVIDE (__start_data_SRAM_UPPER = .)
 *(SORT_BY_ALIGNMENT(vtable))
 *(SORT_BY_ALIGNMENT(.ramfunc*))
 *(SORT_BY_ALIGNMENT(CodeQuickAccess))
 *(SORT_BY_ALIGNMENT(DataQuickAccess))
 *(SORT_BY_ALIGNMENT(RamFunction))
 *(SORT_BY_ALIGNMENT(.data*))
 .data.SPIPtrs  0x20000000        0xc ./source/SPI/SPI.o
 .data.i2cStates
                0x2000000c        0x2 ./source/I2Cm/I2Cm.o
                0x2000000c                i2cStates
                0x20000010                . = ALIGN (0x8)
 *fill*         0x2000000e        0x2 ff
                0x20000010                _edata = .
                [!provide]                PROVIDE (__end_data_RAM = .)
                [!provide]                PROVIDE (__end_data_SRAM_UPPER = .)

.igot.plt       0x20000010        0x0 load address 0x00001688
 .igot.plt      0x20000010        0x0 ./source/timer/SysTick.o

.bss_RAM2       0x1fff0000        0x0
                [!provide]                PROVIDE (__start_bss_RAM2 = .)
                [!provide]                PROVIDE (__start_bss_SRAM_LOWER = .)
 *(SORT_BY_ALIGNMENT(.bss.$RAM2))
 *(SORT_BY_ALIGNMENT(.bss.$SRAM_LOWER))
 *(SORT_BY_ALIGNMENT(.bss.$RAM2.*))
 *(SORT_BY_ALIGNMENT(.bss.$SRAM_LOWER.*))
                0x1fff0000                . = ALIGN ((. != 0x0)?0x8:0x1)
                [!provide]                PROVIDE (__end_bss_RAM2 = .)
                [!provide]                PROVIDE (__end_bss_SRAM_LOWER = .)

.bss_RAM3       0x14000000        0x0
                [!provide]                PROVIDE (__start_bss_RAM3 = .)
                [!provide]                PROVIDE (__start_bss_FLEX_RAM = .)
 *(SORT_BY_ALIGNMENT(.bss.$RAM3))
 *(SORT_BY_ALIGNMENT(.bss.$FLEX_RAM))
 *(SORT_BY_ALIGNMENT(.bss.$RAM3.*))
 *(SORT_BY_ALIGNMENT(.bss.$FLEX_RAM.*))
                0x14000000                . = ALIGN ((. != 0x0)?0x8:0x1)
                [!provide]                PROVIDE (__end_bss_RAM3 = .)
                [!provide]                PROVIDE (__end_bss_FLEX_RAM = .)

.bss            0x20000010      0xe38
                0x20000010                _bss = .
                [!provide]                PROVIDE (__start_bss_RAM = .)
                [!provide]                PROVIDE (__start_bss_SRAM_UPPER = .)
 *(SORT_BY_ALIGNMENT(.bss*))
 .bss.ICLastTicks
                0x20000010      0x100 ./source/FTM/FTM.o
 .bss.SysTickCallback
                0x20000110        0x4 ./source/timer/SysTick.o
 .bss.pckgNULL  0x20000114       0x10 ./source/buffer/SPI_buffer.o
                0x20000114                pckgNULL
 .bss.TxBuffer  0x20000124      0x267 ./source/UART/uart.o
 *fill*         0x2000038b        0x1 
 .bss.RxBuffer  0x2000038c      0x267 ./source/UART/uart.o
 *fill*         0x200005f3        0x1 
 .bss.TxBuffer  0x200005f4      0x408 ./source/SPI/SPI.o
 .bss.cont.1    0x200009fc        0x4 ./source/SPI/SPI.o
 .bss.pckgAux.0
                0x20000a00       0x10 ./source/SPI/SPI.o
 .bss.PITCbs    0x20000a10       0x10 ./source/PIT/PIT.o
 .bss.portIrqFunc
                0x20000a20      0x280 ./source/MCAL/gpio.o
                0x20000a20                portIrqFunc
 .bss.writeState
                0x20000ca0       0x24 ./source/I2Cm/I2Cm.o
 .bss.readState
                0x20000cc4       0x18 ./source/I2Cm/I2Cm.o
 .bss.PWMPtrs   0x20000cdc       0x80 ./source/FTM/FTM.o
 .bss.ICCbPtrs  0x20000d5c       0x80 ./source/FTM/FTM.o
 .bss.ICChannelValue
                0x20000ddc       0x40 ./source/FTM/FTM.o
 .bss.ICnewEdge
                0x20000e1c       0x20 ./source/FTM/FTM.o
 .bss.__LDM_interruptDisableCount
                0x20000e3c        0x4 ./SDK/startup/hardware.o
 .bss.inInterrupt
                0x20000e40        0x1 ./source/SPI/SPI.o
 .bss.isBusBusy
                0x20000e41        0x1 ./source/I2Cm/I2Cm.o
 *(SORT_BY_ALIGNMENT(COMMON))
                0x20000e48                . = ALIGN (0x8)
 *fill*         0x20000e42        0x6 
                0x20000e48                _ebss = .
                [!provide]                PROVIDE (__end_bss_RAM = .)
                [!provide]                PROVIDE (__end_bss_SRAM_UPPER = .)
                [!provide]                PROVIDE (end = .)

.noinit_RAM2    0x1fff0000        0x0
                [!provide]                PROVIDE (__start_noinit_RAM2 = .)
                [!provide]                PROVIDE (__start_noinit_SRAM_LOWER = .)
 *(SORT_BY_ALIGNMENT(.noinit.$RAM2))
 *(SORT_BY_ALIGNMENT(.noinit.$SRAM_LOWER))
 *(SORT_BY_ALIGNMENT(.noinit.$RAM2.*))
 *(SORT_BY_ALIGNMENT(.noinit.$SRAM_LOWER.*))
                0x1fff0000                . = ALIGN (0x8)
                [!provide]                PROVIDE (__end_noinit_RAM2 = .)
                [!provide]                PROVIDE (__end_noinit_SRAM_LOWER = .)

.noinit_RAM3    0x14000000        0x0
                [!provide]                PROVIDE (__start_noinit_RAM3 = .)
                [!provide]                PROVIDE (__start_noinit_FLEX_RAM = .)
 *(SORT_BY_ALIGNMENT(.noinit.$RAM3))
 *(SORT_BY_ALIGNMENT(.noinit.$FLEX_RAM))
 *(SORT_BY_ALIGNMENT(.noinit.$RAM3.*))
 *(SORT_BY_ALIGNMENT(.noinit.$FLEX_RAM.*))
                0x14000000                . = ALIGN (0x8)
                [!provide]                PROVIDE (__end_noinit_RAM3 = .)
                [!provide]                PROVIDE (__end_noinit_FLEX_RAM = .)

.noinit         0x20000e48        0x0
                0x20000e48                _noinit = .
                [!provide]                PROVIDE (__start_noinit_RAM = .)
                [!provide]                PROVIDE (__start_noinit_SRAM_UPPER = .)
 *(SORT_BY_ALIGNMENT(.noinit*))
                0x20000e48                . = ALIGN (0x8)
                0x20000e48                _end_noinit = .
                [!provide]                PROVIDE (__end_noinit_RAM = .)
                [!provide]                PROVIDE (__end_noinit_SRAM_UPPER = .)

.ARM.extab
 *(SORT_BY_ALIGNMENT(.ARM.extab*) SORT_BY_ALIGNMENT(.gnu.linkonce.armextab.*))

.ARM.exidx      0x00001688        0x0
                0x00001688                __exidx_start = .
 *(SORT_BY_ALIGNMENT(.ARM.exidx*) SORT_BY_ALIGNMENT(.gnu.linkonce.armexidx.*))
                0x00001688                __exidx_end = .
                0x00001000                _HeapSize = 0x1000

.heap           0x20000e48     0x1000
                0x20000e48                _pvHeapStart = .
                0x20001e48                . = (. + _HeapSize)
 *fill*         0x20000e48     0x1000 
                0x20001e48                . = ALIGN (0x8)
                0x20001e48                _pvHeapLimit = .
                0x00001000                _StackSize = 0x1000

.heap2stackfill
                0x20001e48     0x1000
                0x20002e48                . = (. + _StackSize)
 *fill*         0x20001e48     0x1000 

.stack          0x2002f000        0x0
                0x2002f000                _vStackBase = .
                0x2002f000                . = ALIGN (0x8)
                0x20030000                _vStackTop = (. + _StackSize)
                0x00000000                _image_start = LOADADDR (.text)
                0x00001688                _image_end = (LOADADDR (.data) + SIZEOF (.data))
                0x00001688                _image_size = (_image_end - _image_start)
OUTPUT(TPQUAD.axf elf32-littlearm)
LOAD linker stubs

.debug_info     0x00000000     0x6f3b
 .debug_info    0x00000000      0x506 ./source/timer/SysTick.o
 .debug_info    0x00000506      0x31d ./source/buffer/SPI_buffer.o
 .debug_info    0x00000823      0x2e6 ./source/buffer/circular_buffer.o
 .debug_info    0x00000b09      0xde4 ./source/UART/uart.o
 .debug_info    0x000018ed      0xd5c ./source/SPI/SPI.o
 .debug_info    0x00002649      0x87a ./source/PIT/PIT.o
 .debug_info    0x00002ec3      0xc0f ./source/MCAL/gpio.o
 .debug_info    0x00003ad2      0xd3a ./source/I2Cm/I2Cm.o
 .debug_info    0x0000480c      0xfab ./source/FTM/FTM.o
 .debug_info    0x000057b7       0x9b ./source/App.o
 .debug_info    0x00005852      0x6b2 ./SDK/startup/hardware.o
 .debug_info    0x00005f04       0x86 ./SDK/startup/main.o
 .debug_info    0x00005f8a       0x3c ./SDK/startup/semihost_hardfault.o
 .debug_info    0x00005fc6      0x93a ./SDK/startup/startup_mk64f12.o
 .debug_info    0x00006900      0x63b ./SDK/CMSIS/system_MK64F12.o

.debug_abbrev   0x00000000     0x17e0
 .debug_abbrev  0x00000000      0x190 ./source/timer/SysTick.o
 .debug_abbrev  0x00000190      0x1b4 ./source/buffer/SPI_buffer.o
 .debug_abbrev  0x00000344      0x162 ./source/buffer/circular_buffer.o
 .debug_abbrev  0x000004a6      0x267 ./source/UART/uart.o
 .debug_abbrev  0x0000070d      0x2d8 ./source/SPI/SPI.o
 .debug_abbrev  0x000009e5      0x1d5 ./source/PIT/PIT.o
 .debug_abbrev  0x00000bba      0x253 ./source/MCAL/gpio.o
 .debug_abbrev  0x00000e0d      0x280 ./source/I2Cm/I2Cm.o
 .debug_abbrev  0x0000108d      0x297 ./source/FTM/FTM.o
 .debug_abbrev  0x00001324       0x47 ./source/App.o
 .debug_abbrev  0x0000136b      0x12e ./SDK/startup/hardware.o
 .debug_abbrev  0x00001499       0x49 ./SDK/startup/main.o
 .debug_abbrev  0x000014e2       0x31 ./SDK/startup/semihost_hardfault.o
 .debug_abbrev  0x00001513      0x185 ./SDK/startup/startup_mk64f12.o
 .debug_abbrev  0x00001698      0x148 ./SDK/CMSIS/system_MK64F12.o

.debug_aranges  0x00000000      0x750
 .debug_aranges
                0x00000000       0x30 ./source/timer/SysTick.o
 .debug_aranges
                0x00000030       0x58 ./source/buffer/SPI_buffer.o
 .debug_aranges
                0x00000088       0x58 ./source/buffer/circular_buffer.o
 .debug_aranges
                0x000000e0       0x80 ./source/UART/uart.o
 .debug_aranges
                0x00000160       0x58 ./source/SPI/SPI.o
 .debug_aranges
                0x000001b8       0x58 ./source/PIT/PIT.o
 .debug_aranges
                0x00000210       0x78 ./source/MCAL/gpio.o
 .debug_aranges
                0x00000288       0x50 ./source/I2Cm/I2Cm.o
 .debug_aranges
                0x000002d8       0x80 ./source/FTM/FTM.o
 .debug_aranges
                0x00000358       0x28 ./source/App.o
 .debug_aranges
                0x00000380       0x30 ./SDK/startup/hardware.o
 .debug_aranges
                0x000003b0       0x20 ./SDK/startup/main.o
 .debug_aranges
                0x000003d0       0x20 ./SDK/startup/semihost_hardfault.o
 .debug_aranges
                0x000003f0      0x330 ./SDK/startup/startup_mk64f12.o
 .debug_aranges
                0x00000720       0x30 ./SDK/CMSIS/system_MK64F12.o

.debug_ranges   0x00000000      0x660
 .debug_ranges  0x00000000       0x20 ./source/timer/SysTick.o
 .debug_ranges  0x00000020       0x48 ./source/buffer/SPI_buffer.o
 .debug_ranges  0x00000068       0x48 ./source/buffer/circular_buffer.o
 .debug_ranges  0x000000b0       0x70 ./source/UART/uart.o
 .debug_ranges  0x00000120       0x48 ./source/SPI/SPI.o
 .debug_ranges  0x00000168       0x48 ./source/PIT/PIT.o
 .debug_ranges  0x000001b0       0x68 ./source/MCAL/gpio.o
 .debug_ranges  0x00000218       0x40 ./source/I2Cm/I2Cm.o
 .debug_ranges  0x00000258       0x70 ./source/FTM/FTM.o
 .debug_ranges  0x000002c8       0x18 ./source/App.o
 .debug_ranges  0x000002e0       0x20 ./SDK/startup/hardware.o
 .debug_ranges  0x00000300       0x10 ./SDK/startup/main.o
 .debug_ranges  0x00000310       0x10 ./SDK/startup/semihost_hardfault.o
 .debug_ranges  0x00000320      0x320 ./SDK/startup/startup_mk64f12.o
 .debug_ranges  0x00000640       0x20 ./SDK/CMSIS/system_MK64F12.o

.debug_macro    0x00000000    0x128d7
 .debug_macro   0x00000000       0xb6 ./source/timer/SysTick.o
 .debug_macro   0x000000b6      0xa7e ./source/timer/SysTick.o
 .debug_macro   0x00000b34       0x22 ./source/timer/SysTick.o
 .debug_macro   0x00000b56      0x34e ./source/timer/SysTick.o
 .debug_macro   0x00000ea4       0x10 ./source/timer/SysTick.o
 .debug_macro   0x00000eb4       0x5c ./source/timer/SysTick.o
 .debug_macro   0x00000f10       0x1c ./source/timer/SysTick.o
 .debug_macro   0x00000f2c       0x28 ./source/timer/SysTick.o
 .debug_macro   0x00000f54       0xd9 ./source/timer/SysTick.o
 .debug_macro   0x0000102d      0xecf ./source/timer/SysTick.o
 .debug_macro   0x00001efc       0x48 ./source/timer/SysTick.o
 .debug_macro   0x00001f44     0xe07b ./source/timer/SysTick.o
 .debug_macro   0x0000ffbf     0x122b ./source/timer/SysTick.o
 .debug_macro   0x000111ea       0x16 ./source/timer/SysTick.o
 .debug_macro   0x00011200      0x1e7 ./source/buffer/SPI_buffer.o
 .debug_macro   0x000113e7       0x16 ./source/buffer/SPI_buffer.o
 .debug_macro   0x000113fd       0x97 ./source/buffer/SPI_buffer.o
 .debug_macro   0x00011494       0xfd ./source/buffer/SPI_buffer.o
 .debug_macro   0x00011591       0x10 ./source/buffer/SPI_buffer.o
 .debug_macro   0x000115a1       0x10 ./source/buffer/SPI_buffer.o
 .debug_macro   0x000115b1       0x6a ./source/buffer/SPI_buffer.o
 .debug_macro   0x0001161b       0x1c ./source/buffer/SPI_buffer.o
 .debug_macro   0x00011637       0x52 ./source/buffer/SPI_buffer.o
 .debug_macro   0x00011689       0x22 ./source/buffer/SPI_buffer.o
 .debug_macro   0x000116ab       0x10 ./source/buffer/SPI_buffer.o
 .debug_macro   0x000116bb       0x52 ./source/buffer/SPI_buffer.o
 .debug_macro   0x0001170d       0xd5 ./source/buffer/SPI_buffer.o
 .debug_macro   0x000117e2       0x1c ./source/buffer/SPI_buffer.o
 .debug_macro   0x000117fe       0x3d ./source/buffer/SPI_buffer.o
 .debug_macro   0x0001183b       0x16 ./source/buffer/SPI_buffer.o
 .debug_macro   0x00011851      0x16f ./source/buffer/SPI_buffer.o
 .debug_macro   0x000119c0       0x16 ./source/buffer/SPI_buffer.o
 .debug_macro   0x000119d6       0x35 ./source/buffer/SPI_buffer.o
 .debug_macro   0x00011a0b       0xac ./source/buffer/circular_buffer.o
 .debug_macro   0x00011ab7       0xe8 ./source/UART/uart.o
 .debug_macro   0x00011b9f       0x10 ./source/UART/uart.o
 .debug_macro   0x00011baf       0x40 ./source/UART/uart.o
 .debug_macro   0x00011bef      0x31f ./source/SPI/SPI.o
 .debug_macro   0x00011f0e       0x3a ./source/SPI/SPI.o
 .debug_macro   0x00011f48       0x10 ./source/SPI/SPI.o
 .debug_macro   0x00011f58       0x10 ./source/SPI/SPI.o
 .debug_macro   0x00011f68       0xd3 ./source/PIT/PIT.o
 .debug_macro   0x0001203b       0x28 ./source/PIT/PIT.o
 .debug_macro   0x00012063      0x174 ./source/PIT/PIT.o
 .debug_macro   0x000121d7       0xc4 ./source/MCAL/gpio.o
 .debug_macro   0x0001229b      0x1fd ./source/I2Cm/I2Cm.o
 .debug_macro   0x00012498       0x10 ./source/I2Cm/I2Cm.o
 .debug_macro   0x000124a8      0x1c5 ./source/FTM/FTM.o
 .debug_macro   0x0001266d       0x22 ./source/FTM/FTM.o
 .debug_macro   0x0001268f       0x46 ./source/App.o
 .debug_macro   0x000126d5       0x10 ./source/App.o
 .debug_macro   0x000126e5       0x9c ./SDK/startup/hardware.o
 .debug_macro   0x00012781       0x9c ./SDK/startup/main.o
 .debug_macro   0x0001281d       0x11 ./SDK/startup/semihost_hardfault.o
 .debug_macro   0x0001282e       0x29 ./SDK/startup/startup_mk64f12.o
 .debug_macro   0x00012857       0x80 ./SDK/CMSIS/system_MK64F12.o

.debug_line     0x00000000     0x45b0
 .debug_line    0x00000000      0x232 ./source/timer/SysTick.o
 .debug_line    0x00000232      0x5c3 ./source/buffer/SPI_buffer.o
 .debug_line    0x000007f5      0x37c ./source/buffer/circular_buffer.o
 .debug_line    0x00000b71      0x4fc ./source/UART/uart.o
 .debug_line    0x0000106d      0xb3d ./source/SPI/SPI.o
 .debug_line    0x00001baa      0x317 ./source/PIT/PIT.o
 .debug_line    0x00001ec1      0x4ed ./source/MCAL/gpio.o
 .debug_line    0x000023ae      0x790 ./source/I2Cm/I2Cm.o
 .debug_line    0x00002b3e      0x839 ./source/FTM/FTM.o
 .debug_line    0x00003377      0x142 ./source/App.o
 .debug_line    0x000034b9      0x2a7 ./SDK/startup/hardware.o
 .debug_line    0x00003760      0x1b8 ./SDK/startup/main.o
 .debug_line    0x00003918       0x5f ./SDK/startup/semihost_hardfault.o
 .debug_line    0x00003977      0x917 ./SDK/startup/startup_mk64f12.o
 .debug_line    0x0000428e      0x322 ./SDK/CMSIS/system_MK64F12.o

.debug_str      0x00000000    0x7d7e6
 .debug_str     0x00000000    0x773ec ./source/timer/SysTick.o
                              0x775b7 (size before relaxing)
 .debug_str     0x000773ec     0x4069 ./source/buffer/SPI_buffer.o
                               0x7962 (size before relaxing)
 .debug_str     0x0007b455       0xa5 ./source/buffer/circular_buffer.o
                              0x7707d (size before relaxing)
 .debug_str     0x0007b4fa      0x4bd ./source/UART/uart.o
                              0x77a26 (size before relaxing)
 .debug_str     0x0007b9b7      0x77b ./source/SPI/SPI.o
                              0x7beba (size before relaxing)
 .debug_str     0x0007c132      0x22f ./source/PIT/PIT.o
                              0x77bb8 (size before relaxing)
 .debug_str     0x0007c361      0x1bb ./source/MCAL/gpio.o
                              0x77bf1 (size before relaxing)
 .debug_str     0x0007c51c      0x4c0 ./source/I2Cm/I2Cm.o
                              0x7aa24 (size before relaxing)
 .debug_str     0x0007c9dc      0x4d2 ./source/FTM/FTM.o
                              0x7aae5 (size before relaxing)
 .debug_str     0x0007ceae       0x38 ./source/App.o
                               0x3873 (size before relaxing)
 .debug_str     0x0007cee6      0x16f ./SDK/startup/hardware.o
                              0x771d6 (size before relaxing)
 .debug_str     0x0007d055       0x1b ./SDK/startup/main.o
                              0x76fa1 (size before relaxing)
 .debug_str     0x0007d070       0x36 ./SDK/startup/semihost_hardfault.o
                               0x2d4a (size before relaxing)
 .debug_str     0x0007d0a6      0x6ce ./SDK/startup/startup_mk64f12.o
                               0x35a4 (size before relaxing)
 .debug_str     0x0007d774       0x72 ./SDK/CMSIS/system_MK64F12.o
                              0x770f5 (size before relaxing)

.comment        0x00000000       0x49
 .comment       0x00000000       0x49 ./source/timer/SysTick.o
                                 0x4a (size before relaxing)
 .comment       0x00000049       0x4a ./source/buffer/SPI_buffer.o
 .comment       0x00000049       0x4a ./source/buffer/circular_buffer.o
 .comment       0x00000049       0x4a ./source/UART/uart.o
 .comment       0x00000049       0x4a ./source/SPI/SPI.o
 .comment       0x00000049       0x4a ./source/PIT/PIT.o
 .comment       0x00000049       0x4a ./source/MCAL/gpio.o
 .comment       0x00000049       0x4a ./source/I2Cm/I2Cm.o
 .comment       0x00000049       0x4a ./source/FTM/FTM.o
 .comment       0x00000049       0x4a ./source/App.o
 .comment       0x00000049       0x4a ./SDK/startup/hardware.o
 .comment       0x00000049       0x4a ./SDK/startup/main.o
 .comment       0x00000049       0x4a ./SDK/startup/semihost_hardfault.o
 .comment       0x00000049       0x4a ./SDK/startup/startup_mk64f12.o
 .comment       0x00000049       0x4a ./SDK/CMSIS/system_MK64F12.o
 .comment       0x00000049       0x4a c:/nxp/mcuxpressoide_11.6.1_8255/ide/plugins/com.nxp.mcuxpresso.tools.win32_11.6.1.202207200623/tools/bin/../lib/gcc/arm-none-eabi/10.3.1/../../../../arm-none-eabi/lib/thumb/v7e-m+fp/hard\libcr_c.a(memcpy.o)

.ARM.attributes
                0x00000000       0x32
 .ARM.attributes
                0x00000000       0x34 ./source/timer/SysTick.o
 .ARM.attributes
                0x00000034       0x34 ./source/buffer/SPI_buffer.o
 .ARM.attributes
                0x00000068       0x34 ./source/buffer/circular_buffer.o
 .ARM.attributes
                0x0000009c       0x34 ./source/UART/uart.o
 .ARM.attributes
                0x000000d0       0x34 ./source/SPI/SPI.o
 .ARM.attributes
                0x00000104       0x34 ./source/PIT/PIT.o
 .ARM.attributes
                0x00000138       0x34 ./source/MCAL/gpio.o
 .ARM.attributes
                0x0000016c       0x34 ./source/I2Cm/I2Cm.o
 .ARM.attributes
                0x000001a0       0x34 ./source/FTM/FTM.o
 .ARM.attributes
                0x000001d4       0x34 ./source/App.o
 .ARM.attributes
                0x00000208       0x34 ./SDK/startup/hardware.o
 .ARM.attributes
                0x0000023c       0x34 ./SDK/startup/main.o
 .ARM.attributes
                0x00000270       0x34 ./SDK/startup/semihost_hardfault.o
 .ARM.attributes
                0x000002a4       0x34 ./SDK/startup/startup_mk64f12.o
 .ARM.attributes
                0x000002d8       0x34 ./SDK/CMSIS/system_MK64F12.o
 .ARM.attributes
                0x0000030c       0x34 c:/nxp/mcuxpressoide_11.6.1_8255/ide/plugins/com.nxp.mcuxpresso.tools.win32_11.6.1.202207200623/tools/bin/../lib/gcc/arm-none-eabi/10.3.1/../../../../arm-none-eabi/lib/thumb/v7e-m+fp/hard\libcr_c.a(memcpy.o)
 .ARM.attributes
                0x00000340       0x20 c:/nxp/mcuxpressoide_11.6.1_8255/ide/plugins/com.nxp.mcuxpresso.tools.win32_11.6.1.202207200623/tools/bin/../lib/gcc/arm-none-eabi/10.3.1/thumb/v7e-m+fp/hard\libcr_eabihelpers.a(division_64.o)
 .ARM.attributes
                0x00000360       0x20 c:/nxp/mcuxpressoide_11.6.1_8255/ide/plugins/com.nxp.mcuxpresso.tools.win32_11.6.1.202207200623/tools/bin/../lib/gcc/arm-none-eabi/10.3.1/thumb/v7e-m+fp/hard\libcr_eabihelpers.a(division_idiv0.o)
 .ARM.attributes
                0x00000380       0x20 c:/nxp/mcuxpressoide_11.6.1_8255/ide/plugins/com.nxp.mcuxpresso.tools.win32_11.6.1.202207200623/tools/bin/../lib/gcc/arm-none-eabi/10.3.1/thumb/v7e-m+fp/hard\libcr_eabihelpers.a(memcpy.o)

.debug_frame    0x00000000     0x17d4
 .debug_frame   0x00000000       0x88 ./source/timer/SysTick.o
 .debug_frame   0x00000088      0x148 ./source/buffer/SPI_buffer.o
 .debug_frame   0x000001d0      0x140 ./source/buffer/circular_buffer.o
 .debug_frame   0x00000310      0x214 ./source/UART/uart.o
 .debug_frame   0x00000524      0x154 ./source/SPI/SPI.o
 .debug_frame   0x00000678      0x15c ./source/PIT/PIT.o
 .debug_frame   0x000007d4      0x214 ./source/MCAL/gpio.o
 .debug_frame   0x000009e8      0x128 ./source/I2Cm/I2Cm.o
 .debug_frame   0x00000b10      0x248 ./source/FTM/FTM.o
 .debug_frame   0x00000d58       0x48 ./source/App.o
 .debug_frame   0x00000da0       0x70 ./SDK/startup/hardware.o
 .debug_frame   0x00000e10       0x2c ./SDK/startup/main.o
 .debug_frame   0x00000e3c       0x20 ./SDK/startup/semihost_hardfault.o
 .debug_frame   0x00000e5c      0x904 ./SDK/startup/startup_mk64f12.o
 .debug_frame   0x00001760       0x74 ./SDK/CMSIS/system_MK64F12.o
