Archive member included to satisfy reference by file (symbol)

c:/nxp/mcuxpressoide_11.6.1_8255/ide/plugins/com.nxp.mcuxpresso.tools.win32_11.6.1.202207200623/tools/bin/../lib/gcc/arm-none-eabi/10.3.1/../../../../arm-none-eabi/lib/thumb/v7e-m+fp/hard\libcr_c.a(memcpy.o)
                              ./source/buffer/SPI_buffer.o (memcpy)
c:/nxp/mcuxpressoide_11.6.1_8255/ide/plugins/com.nxp.mcuxpresso.tools.win32_11.6.1.202207200623/tools/bin/../lib/gcc/arm-none-eabi/10.3.1/../../../../arm-none-eabi/lib/thumb/v7e-m+fp/hard\libcr_c.a(asin.o)
                              ./source/App.o (asin)
c:/nxp/mcuxpressoide_11.6.1_8255/ide/plugins/com.nxp.mcuxpresso.tools.win32_11.6.1.202207200623/tools/bin/../lib/gcc/arm-none-eabi/10.3.1/../../../../arm-none-eabi/lib/thumb/v7e-m+fp/hard\libcr_c.a(atan2.o)
                              ./source/App.o (atan2)
c:/nxp/mcuxpressoide_11.6.1_8255/ide/plugins/com.nxp.mcuxpresso.tools.win32_11.6.1.202207200623/tools/bin/../lib/gcc/arm-none-eabi/10.3.1/../../../../arm-none-eabi/lib/thumb/v7e-m+fp/hard\libcr_c.a(cos.o)
                              ./source/App.o (cos)
c:/nxp/mcuxpressoide_11.6.1_8255/ide/plugins/com.nxp.mcuxpresso.tools.win32_11.6.1.202207200623/tools/bin/../lib/gcc/arm-none-eabi/10.3.1/../../../../arm-none-eabi/lib/thumb/v7e-m+fp/hard\libcr_c.a(errno.o)
                              c:/nxp/mcuxpressoide_11.6.1_8255/ide/plugins/com.nxp.mcuxpresso.tools.win32_11.6.1.202207200623/tools/bin/../lib/gcc/arm-none-eabi/10.3.1/../../../../arm-none-eabi/lib/thumb/v7e-m+fp/hard\libcr_c.a(atan2.o) (errno)
c:/nxp/mcuxpressoide_11.6.1_8255/ide/plugins/com.nxp.mcuxpresso.tools.win32_11.6.1.202207200623/tools/bin/../lib/gcc/arm-none-eabi/10.3.1/../../../../arm-none-eabi/lib/thumb/v7e-m+fp/hard\libcr_c.a(fabs.o)
                              c:/nxp/mcuxpressoide_11.6.1_8255/ide/plugins/com.nxp.mcuxpresso.tools.win32_11.6.1.202207200623/tools/bin/../lib/gcc/arm-none-eabi/10.3.1/../../../../arm-none-eabi/lib/thumb/v7e-m+fp/hard\libcr_c.a(atan2.o) (fabs)
c:/nxp/mcuxpressoide_11.6.1_8255/ide/plugins/com.nxp.mcuxpresso.tools.win32_11.6.1.202207200623/tools/bin/../lib/gcc/arm-none-eabi/10.3.1/../../../../arm-none-eabi/lib/thumb/v7e-m+fp/hard\libcr_c.a(fpprintf.o)
                              ./source/App.o (sprintf)
c:/nxp/mcuxpressoide_11.6.1_8255/ide/plugins/com.nxp.mcuxpresso.tools.win32_11.6.1.202207200623/tools/bin/../lib/gcc/arm-none-eabi/10.3.1/../../../../arm-none-eabi/lib/thumb/v7e-m+fp/hard\libcr_c.a(pow.o)
                              ./source/App.o (pow)
c:/nxp/mcuxpressoide_11.6.1_8255/ide/plugins/com.nxp.mcuxpresso.tools.win32_11.6.1.202207200623/tools/bin/../lib/gcc/arm-none-eabi/10.3.1/../../../../arm-none-eabi/lib/thumb/v7e-m+fp/hard\libcr_c.a(printf.o)
                              c:/nxp/mcuxpressoide_11.6.1_8255/ide/plugins/com.nxp.mcuxpresso.tools.win32_11.6.1.202207200623/tools/bin/../lib/gcc/arm-none-eabi/10.3.1/../../../../arm-none-eabi/lib/thumb/v7e-m+fp/hard\libcr_c.a(fpprintf.o) (__vfprintf)
c:/nxp/mcuxpressoide_11.6.1_8255/ide/plugins/com.nxp.mcuxpresso.tools.win32_11.6.1.202207200623/tools/bin/../lib/gcc/arm-none-eabi/10.3.1/../../../../arm-none-eabi/lib/thumb/v7e-m+fp/hard\libcr_c.a(sin.o)
                              ./source/App.o (sin)
c:/nxp/mcuxpressoide_11.6.1_8255/ide/plugins/com.nxp.mcuxpresso.tools.win32_11.6.1.202207200623/tools/bin/../lib/gcc/arm-none-eabi/10.3.1/../../../../arm-none-eabi/lib/thumb/v7e-m+fp/hard\libcr_c.a(sqrt.o)
                              ./source/App.o (sqrt)
c:/nxp/mcuxpressoide_11.6.1_8255/ide/plugins/com.nxp.mcuxpresso.tools.win32_11.6.1.202207200623/tools/bin/../lib/gcc/arm-none-eabi/10.3.1/../../../../arm-none-eabi/lib/thumb/v7e-m+fp/hard\libcr_c.a(strlen.o)
                              c:/nxp/mcuxpressoide_11.6.1_8255/ide/plugins/com.nxp.mcuxpresso.tools.win32_11.6.1.202207200623/tools/bin/../lib/gcc/arm-none-eabi/10.3.1/../../../../arm-none-eabi/lib/thumb/v7e-m+fp/hard\libcr_c.a(printf.o) (strlen)
c:/nxp/mcuxpressoide_11.6.1_8255/ide/plugins/com.nxp.mcuxpresso.tools.win32_11.6.1.202207200623/tools/bin/../lib/gcc/arm-none-eabi/10.3.1/../../../../arm-none-eabi/lib/thumb/v7e-m+fp/hard\libcr_c.a(tan.o)
                              ./source/App.o (tan)
c:/nxp/mcuxpressoide_11.6.1_8255/ide/plugins/com.nxp.mcuxpresso.tools.win32_11.6.1.202207200623/tools/bin/../lib/gcc/arm-none-eabi/10.3.1/../../../../arm-none-eabi/lib/thumb/v7e-m+fp/hard\libcr_c.a(memset.o)
                              c:/nxp/mcuxpressoide_11.6.1_8255/ide/plugins/com.nxp.mcuxpresso.tools.win32_11.6.1.202207200623/tools/bin/../lib/gcc/arm-none-eabi/10.3.1/../../../../arm-none-eabi/lib/thumb/v7e-m+fp/hard\libcr_c.a(fpprintf.o) (memset)
c:/nxp/mcuxpressoide_11.6.1_8255/ide/plugins/com.nxp.mcuxpresso.tools.win32_11.6.1.202207200623/tools/bin/../lib/gcc/arm-none-eabi/10.3.1/../../../../arm-none-eabi/lib/thumb/v7e-m+fp/hard\libcr_c.a(_asinacos.o)
[...]
Memory Configuration

Name             Origin             Length             Attributes
PROGRAM_FLASH    0x00000000         0x00100000         xr
SRAM_UPPER       0x20000000         0x00030000         xrw
SRAM_LOWER       0x1fff0000         0x00010000         xrw
FLEX_RAM         0x14000000         0x00001000         xrw
*default*        0x00000000         0xffffffff

Linker script and memory map

LOAD ./source/timer/SysTick.o
LOAD ./source/timer/timer.o
LOAD ./source/event_queue/event_queue.o
LOAD ./source/buffer/SPI_buffer.o
LOAD ./source/buffer/circular_buffer.o
LOAD ./source/buffer/circular_buffer_16.o
LOAD ./source/buffer/generic_circular_buffer.o
LOAD ./source/UART/uart.o
LOAD ./source/SPI/SPI.o
LOAD ./source/PIT/PIT.o
LOAD ./source/MPU9250/MPU9250.o
LOAD ./source/MCAL/gpio.o
LOAD ./source/I2Cm/I2Cm.o
LOAD ./source/FTM/FTM.o
LOAD ./source/CMP/CMP.o
LOAD ./source/CAN/CAN.o
LOAD ./source/ADC/ADC.o
LOAD ./source/ADC/ADC_hal.o
LOAD ./source/App.o
LOAD ./SDK/startup/hardware.o
LOAD ./SDK/startup/main.o
LOAD ./SDK/startup/semihost_hardfault.o
LOAD ./SDK/startup/startup_mk64f12.o
LOAD ./SDK/CMSIS/system_MK64F12.o
START GROUP
LOAD c:/nxp/mcuxpressoide_11.6.1_8255/ide/plugins/com.nxp.mcuxpresso.tools.win32_11.6.1.202207200623/tools/bin/../lib/gcc/arm-none-eabi/10.3.1/../../../../arm-none-eabi/lib/thumb/v7e-m+fp/hard\libcr_semihost_nf.a
LOAD c:/nxp/mcuxpressoide_11.6.1_8255/ide/plugins/com.nxp.mcuxpresso.tools.win32_11.6.1.202207200623/tools/bin/../lib/gcc/arm-none-eabi/10.3.1/../../../../arm-none-eabi/lib/thumb/v7e-m+fp/hard\libcr_c.a
LOAD c:/nxp/mcuxpressoide_11.6.1_8255/ide/plugins/com.nxp.mcuxpresso.tools.win32_11.6.1.202207200623/tools/bin/../lib/gcc/arm-none-eabi/10.3.1/thumb/v7e-m+fp/hard\libcr_eabihelpers.a
LOAD c:/nxp/mcuxpressoide_11.6.1_8255/ide/plugins/com.nxp.mcuxpresso.tools.win32_11.6.1.202207200623/tools/bin/../lib/gcc/arm-none-eabi/10.3.1/thumb/v7e-m+fp/hard\libgcc.a
END GROUP
                0x00000000                __base_PROGRAM_FLASH = 0x0
                0x00000000                __base_Flash = 0x0
                0x00100000                __top_PROGRAM_FLASH = 0x100000
                0x00100000                __top_Flash = 0x100000
                0x20000000                __base_SRAM_UPPER = 0x20000000
                0x20000000                __base_RAM = 0x20000000
                0x20030000                __top_SRAM_UPPER = 0x20030000
                0x20030000                __top_RAM = 0x20030000
                0x1fff0000                __base_SRAM_LOWER = 0x1fff0000
                0x1fff0000                __base_RAM2 = 0x1fff0000
                0x20000000                __top_SRAM_LOWER = 0x20000000
                0x20000000                __top_RAM2 = 0x20000000
                0x14000000                __base_FLEX_RAM = 0x14000000
                0x14000000                __base_RAM3 = 0x14000000
                0x14001000                __top_FLEX_RAM = 0x14001000
                0x14001000                __top_RAM3 = 0x14001000

.text           0x00000000     0x5bc8
 FILL mask 0xff
                0x00000000                __vectors_start__ = ABSOLUTE (.)
 *(SORT_BY_ALIGNMENT(.isr_vector))
 .isr_vector    0x00000000      0x198 ./SDK/startup/startup_mk64f12.o
                0x00000000                g_pfnVectors
                0x00000000                __Vectors
                0x00000198                . = ALIGN (0x4)
                0x00000198                __section_table_start = .
                0x00000198                __data_section_table = .
                0x00000198        0x4 LONG 0x5bc8 LOADADDR (.data)
                0x0000019c        0x4 LONG 0x20000000 ADDR (.data)
                0x000001a0        0x4 LONG 0x10 SIZEOF (.data)
                0x000001a4        0x4 LONG 0x5bc8 LOADADDR (.data_RAM2)
                0x000001a8        0x4 LONG 0x1fff0000 ADDR (.data_RAM2)
                0x000001ac        0x4 LONG 0x0 SIZEOF (.data_RAM2)
                0x000001b0        0x4 LONG 0x5bc8 LOADADDR (.data_RAM3)
                0x000001b4        0x4 LONG 0x14000000 ADDR (.data_RAM3)
                0x000001b8        0x4 LONG 0x0 SIZEOF (.data_RAM3)
                0x000001bc                __data_section_table_end = .
                0x000001bc                __bss_section_table = .
                0x000001bc        0x4 LONG 0x20000010 ADDR (.bss)
                0x000001c0        0x4 LONG 0x1350 SIZEOF (.bss)
                0x000001c4        0x4 LONG 0x1fff0000 ADDR (.bss_RAM2)
                0x000001c8        0x4 LONG 0x0 SIZEOF (.bss_RAM2)
                0x000001cc        0x4 LONG 0x14000000 ADDR (.bss_RAM3)
                0x000001d0        0x4 LONG 0x0 SIZEOF (.bss_RAM3)
                0x000001d4                __bss_section_table_end = .
                0x000001d4                __section_table_end = .
 *(SORT_BY_ALIGNMENT(.after_vectors*))
 .after_vectors.reset
                0x000001d4       0x4c ./SDK/startup/startup_mk64f12.o
                0x000001d4                ResetISR
 .after_vectors.init_data
                0x00000220       0x1e ./SDK/startup/startup_mk64f12.o
                0x00000220                data_init
 .after_vectors.init_bss
                0x0000023e       0x12 ./SDK/startup/startup_mk64f12.o
                0x0000023e                bss_init
 .after_vectors
                0x00000250       0x14 ./SDK/startup/startup_mk64f12.o
                0x00000250                NMI_Handler
                0x00000254                MemManage_Handler
                0x00000256                BusFault_Handler
                0x00000258                UsageFault_Handler
                0x0000025a                SVC_Handler
                0x0000025c                DebugMon_Handler
                0x0000025e                PendSV_Handler
                0x00000262                DMA_Error_DriverIRQHandler
                0x00000262                LPTMR0_DriverIRQHandler
                0x00000262                FTM1_DriverIRQHandler
                0x00000262                FTM2_DriverIRQHandler
                0x00000262                PIT2_DriverIRQHandler
                0x00000262                SDHC_DriverIRQHandler
                0x00000262                I2S0_Tx_DriverIRQHandler
                0x00000262                RTC_Seconds_DriverIRQHandler
                0x00000262                DMA6_DriverIRQHandler
                0x00000262                LLWU_DriverIRQHandler
                0x00000262                MCM_DriverIRQHandler
                0x00000262                MCG_DriverIRQHandler
                0x00000262                ENET_1588_Timer_DriverIRQHandler
                0x00000262                I2C2_DriverIRQHandler
                0x00000262                DAC1_DriverIRQHandler
                0x00000262                SPI1_DriverIRQHandler
                0x00000262                CMP1_DriverIRQHandler
                0x00000262                UART5_RX_TX_DriverIRQHandler
                0x00000262                FTM0_DriverIRQHandler
                0x00000262                IntDefaultHandler
                0x00000262                USB0_DriverIRQHandler
                0x00000262                UART5_ERR_DriverIRQHandler
                0x00000262                PORTC_DriverIRQHandler
                0x00000262                DMA11_DriverIRQHandler
                0x00000262                DAC0_DriverIRQHandler
                0x00000262                DMA10_DriverIRQHandler
                0x00000262                CMP2_DriverIRQHandler
                0x00000262                UART2_ERR_DriverIRQHandler
                0x00000262                SPI2_DriverIRQHandler
                0x00000262                LVD_LVW_DriverIRQHandler
                0x00000262                PIT0_DriverIRQHandler
                0x00000262                RNG_DriverIRQHandler
                0x00000262                DMA5_DriverIRQHandler
                0x00000262                DMA12_DriverIRQHandler
                0x00000262                UART2_RX_TX_DriverIRQHandler
                0x00000262                USBDCD_DriverIRQHandler
                0x00000262                UART3_ERR_DriverIRQHandler
                0x00000262                DMA3_DriverIRQHandler
                0x00000262                DMA8_DriverIRQHandler
                0x00000262                DMA9_DriverIRQHandler
                0x00000262                UART0_ERR_DriverIRQHandler
                0x00000262                CMT_DriverIRQHandler
                0x00000262                Reserved71_DriverIRQHandler
                0x00000262                ADC1_DriverIRQHandler
                0x00000262                PORTA_DriverIRQHandler
                0x00000262                DMA14_DriverIRQHandler
                0x00000262                PIT3_DriverIRQHandler
                0x00000262                PIT1_DriverIRQHandler
                0x00000262                WDOG_EWM_DriverIRQHandler
                0x00000262                PDB0_DriverIRQHandler
                0x00000262                RTC_DriverIRQHandler
                0x00000262                I2S0_Rx_DriverIRQHandler
                0x00000262                Read_Collision_DriverIRQHandler
                0x00000262                SWI_DriverIRQHandler
                0x00000262                UART4_RX_TX_DriverIRQHandler
                0x00000262                UART4_ERR_DriverIRQHandler
                0x00000262                PORTB_DriverIRQHandler
                0x00000262                UART0_LON_DriverIRQHandler
                0x00000262                DMA0_DriverIRQHandler
                0x00000262                DMA1_DriverIRQHandler
                0x00000262                I2C1_DriverIRQHandler
                0x00000262                UART3_RX_TX_DriverIRQHandler
                0x00000262                ENET_Receive_DriverIRQHandler
                0x00000262                DMA13_DriverIRQHandler
                0x00000262                ENET_Error_DriverIRQHandler
                0x00000262                DMA15_DriverIRQHandler
                0x00000262                UART0_RX_TX_DriverIRQHandler
                0x00000262                SPI0_DriverIRQHandler
                0x00000262                ADC0_DriverIRQHandler
                0x00000262                CMP0_DriverIRQHandler
                0x00000262                CAN0_DriverIRQHandler
                0x00000262                FTM3_DriverIRQHandler
                0x00000262                DMA4_DriverIRQHandler
                0x00000262                UART1_ERR_DriverIRQHandler
                0x00000262                DMA2_DriverIRQHandler
                0x00000262                ENET_Transmit_DriverIRQHandler
                0x00000262                PORTD_DriverIRQHandler
                0x00000262                PORTE_DriverIRQHandler
                0x00000262                FTFE_DriverIRQHandler
                0x00000262                I2C0_DriverIRQHandler
                0x00000262                DMA7_DriverIRQHandler
                0x00000262                UART1_RX_TX_DriverIRQHandler
                0x00000400                . = 0x400
 *fill*         0x00000264      0x19c ff
                0x00000400                PROVIDE (__FLASH_CONFIG_START__ = .)
 *(SORT_BY_ALIGNMENT(.FlashConfig))
 .FlashConfig   0x00000400       0x10 ./SDK/startup/startup_mk64f12.o
                0x00000400                Flash_Config
                0x00000410                PROVIDE (__FLASH_CONFIG_END__ = .)
                0x00000001                ASSERT (! ((__FLASH_CONFIG_START__ == __FLASH_CONFIG_END__)), Linker Flash Config Support Enabled, but no .FlashConfig section provided within application)
 *(SORT_BY_ALIGNMENT(.text*))
 .text.calibrateMPU9250
                0x00000410      0x14c ./source/MPU9250/MPU9250.o
                0x00000410                calibrateMPU9250
 *fill*         0x0000055c        0x4 ff
 .text.calibrateGravity
                0x00000560       0x94 ./source/MPU9250/MPU9250.o
                0x00000560                calibrateGravity
 *fill*         0x000005f4        0x4 ff
 .text.int2doubleGyro
                0x000005f8       0xf0 ./source/MPU9250/MPU9250.o
                0x000005f8                int2doubleGyro
 .text.int2doubleAcc
                0x000006e8       0xd4 ./source/MPU9250/MPU9250.o
                0x000006e8                int2doubleAcc
 *fill*         0x000007bc        0x4 ff
 .text.App_Run  0x000007c0      0x284 ./source/App.o
                0x000007c0                App_Run
 *fill*         0x00000a44        0x4 ff
 .text.cos      0x00000a48       0x68 c:/nxp/mcuxpressoide_11.6.1_8255/ide/plugins/com.nxp.mcuxpresso.tools.win32_11.6.1.202207200623/tools/bin/../lib/gcc/arm-none-eabi/10.3.1/../../../../arm-none-eabi/lib/thumb/v7e-m+fp/hard\libcr_c.a(cos.o)
                0x00000a48                cos
 .text.fp_display
                0x00000ab0      0x964 c:/nxp/mcuxpressoide_11.6.1_8255/ide/plugins/com.nxp.mcuxpresso.tools.win32_11.6.1.202207200623/tools/bin/../lib/gcc/arm-none-eabi/10.3.1/../../../../arm-none-eabi/lib/thumb/v7e-m+fp/hard\libcr_c.a(fpprintf.o)
 *fill*         0x00001414        0x4 ff
 .text._frexpl  0x00001418       0x68 c:/nxp/mcuxpressoide_11.6.1_8255/ide/plugins/com.nxp.mcuxpresso.tools.win32_11.6.1.202207200623/tools/bin/../lib/gcc/arm-none-eabi/10.3.1/../../../../arm-none-eabi/lib/thumb/v7e-m+fp/hard\libcr_c.a(_frexpl.o)
                0x00001418                _frexpl
 .text._ldexpl  0x00001480       0x5c c:/nxp/mcuxpressoide_11.6.1_8255/ide/plugins/com.nxp.mcuxpresso.tools.win32_11.6.1.202207200623/tools/bin/../lib/gcc/arm-none-eabi/10.3.1/../../../../arm-none-eabi/lib/thumb/v7e-m+fp/hard\libcr_c.a(_ldexpl.o)
                0x00001480                _ldexpl
 *fill*         0x000014dc        0x4 ff
 .text._sincos  0x000014e0      0x20c c:/nxp/mcuxpressoide_11.6.1_8255/ide/plugins/com.nxp.mcuxpresso.tools.win32_11.6.1.202207200623/tools/bin/../lib/gcc/arm-none-eabi/10.3.1/../../../../arm-none-eabi/lib/thumb/v7e-m+fp/hard\libcr_c.a(_sincos.o)
                0x000014e0                _sincos
 *fill*         0x000016ec        0x4 ff
 .text._tancot  0x000016f0      0x228 c:/nxp/mcuxpressoide_11.6.1_8255/ide/plugins/com.nxp.mcuxpresso.tools.win32_11.6.1.202207200623/tools/bin/../lib/gcc/arm-none-eabi/10.3.1/../../../../arm-none-eabi/lib/thumb/v7e-m+fp/hard\libcr_c.a(_tancot.o)
                0x000016f0                _tancot
 .text.__NVIC_EnableIRQ
                0x00001918       0x3c ./source/timer/SysTick.o
 .text.SysTick_Init
                0x00001954       0x48 ./source/timer/SysTick.o
                0x00001954                SysTick_Init
 .text.SysTick_Handler
                0x0000199c       0x24 ./source/timer/SysTick.o
                0x0000199c                SysTick_Handler
 .text.timerInit
                0x000019c0       0x28 ./source/timer/timer.o
                0x000019c0                timerInit
 .text.timerGetId
                0x000019e8       0x2c ./source/timer/timer.o
                0x000019e8                timerGetId
 .text.timerStart
                0x00001a14       0xb8 ./source/timer/timer.o
                0x00001a14                timerStart
 .text.timerExpired
                0x00001acc       0x54 ./source/timer/timer.o
                0x00001acc                timerExpired
 .text.timer_isr
                0x00001b20       0xe0 ./source/timer/timer.o
 .text.SPIBgetPckg
                0x00001c00       0x84 ./source/buffer/SPI_buffer.o
                0x00001c00                SPIBgetPckg
 .text.__NVIC_EnableIRQ
                0x00001c84       0x3c ./source/UART/uart.o
 .text.uartInit
                0x00001cc0      0x1c8 ./source/UART/uart.o
                0x00001cc0                uartInit
 .text.uartWriteMsg
                0x00001e88       0x78 ./source/UART/uart.o
                0x00001e88                uartWriteMsg
 .text.UART_Rx_Tx_IRQ
                0x00001f00       0xd0 ./source/UART/uart.o
 .text.SPI0_IRQHandler
                0x00001fd0      0x14c ./source/SPI/SPI.o
                0x00001fd0                SPI0_IRQHandler
 .text.PIT0_IRQHandler
                0x0000211c       0x40 ./source/PIT/PIT.o
                0x0000211c                PIT0_IRQHandler
 .text.PIT1_IRQHandler
                0x0000215c       0x30 ./source/PIT/PIT.o
                0x0000215c                PIT1_IRQHandler
 .text.PIT2_IRQHandler
                0x0000218c       0x30 ./source/PIT/PIT.o
                0x0000218c                PIT2_IRQHandler
 .text.PIT3_IRQHandler
                0x000021bc       0x30 ./source/PIT/PIT.o
                0x000021bc                PIT3_IRQHandler
 .text.initMPU9250
                0x000021ec      0x3ac ./source/MPU9250/MPU9250.o
                0x000021ec                initMPU9250
 .text.whoAmI   0x00002598       0x58 ./source/MPU9250/MPU9250.o
                0x00002598                whoAmI
 .text.readAccelData
                0x000025f0       0x94 ./source/MPU9250/MPU9250.o
                0x000025f0                readAccelData
 .text.readGyroData
                0x00002684       0x94 ./source/MPU9250/MPU9250.o
                0x00002684                readGyroData
 .text.resetMPU9250
                0x00002718       0x60 ./source/MPU9250/MPU9250.o
                0x00002718                resetMPU9250
 .text.gpioMode
                0x00002778      0x174 ./source/MCAL/gpio.o
                0x00002778                gpioMode
 .text.gpioWrite
                0x000028ec       0x68 ./source/MCAL/gpio.o
                0x000028ec                gpioWrite
 .text.PORTA_IRQHandler
                0x00002954       0x64 ./source/MCAL/gpio.o
                0x00002954                PORTA_IRQHandler
 .text.PORTB_IRQHandler
                0x000029b8       0x64 ./source/MCAL/gpio.o
                0x000029b8                PORTB_IRQHandler
 .text.PORTC_IRQHandler
                0x00002a1c       0x64 ./source/MCAL/gpio.o
                0x00002a1c                PORTC_IRQHandler
 .text.PORTD_IRQHandler
                0x00002a80       0x64 ./source/MCAL/gpio.o
                0x00002a80                PORTD_IRQHandler
 .text.PORTE_IRQHandler
                0x00002ae4       0x64 ./source/MCAL/gpio.o
                0x00002ae4                PORTE_IRQHandler
 .text.__NVIC_EnableIRQ
                0x00002b48       0x3c ./source/I2Cm/I2Cm.o
 .text.I2CmInit
                0x00002b84      0x114 ./source/I2Cm/I2Cm.o
                0x00002b84                I2CmInit
 .text.I2CmStartTransaction
                0x00002c98      0x248 ./source/I2Cm/I2Cm.o
                0x00002c98                I2CmStartTransaction
 .text.isI2CBusy
                0x00002ee0       0x68 ./source/I2Cm/I2Cm.o
                0x00002ee0                isI2CBusy
 .text.I2C0_IRQHandler
                0x00002f48      0x2cc ./source/I2Cm/I2Cm.o
                0x00002f48                I2C0_IRQHandler
 .text.FTM0_IRQHandler
                0x00003214       0x9c ./source/FTM/FTM.o
                0x00003214                FTM0_IRQHandler
 .text.FTM1_IRQHandler
                0x000032b0       0xa4 ./source/FTM/FTM.o
                0x000032b0                FTM1_IRQHandler
 .text.sendUartMessage3Channels
                0x00003354       0x5c ./source/App.o
 .text.hw_Init  0x000033b0      0x108 ./SDK/startup/hardware.o
                0x000033b0                hw_Init
 .text.hw_EnableInterrupts
                0x000034b8       0x30 ./SDK/startup/hardware.o
                0x000034b8                hw_EnableInterrupts
 .text.hw_DisableInterrupts
                0x000034e8       0x20 ./SDK/startup/hardware.o
                0x000034e8                hw_DisableInterrupts
 .text.SystemInit
                0x00003508       0x3c ./SDK/CMSIS/system_MK64F12.o
                0x00003508                SystemInit
 .text.sprintf  0x00003544       0x6c c:/nxp/mcuxpressoide_11.6.1_8255/ide/plugins/com.nxp.mcuxpresso.tools.win32_11.6.1.202207200623/tools/bin/../lib/gcc/arm-none-eabi/10.3.1/../../../../arm-none-eabi/lib/thumb/v7e-m+fp/hard\libcr_c.a(fpprintf.o)
                0x00003544                sprintf
 .text.__vfprintf
                0x000035b0      0xbf8 c:/nxp/mcuxpressoide_11.6.1_8255/ide/plugins/com.nxp.mcuxpresso.tools.win32_11.6.1.202207200623/tools/bin/../lib/gcc/arm-none-eabi/10.3.1/../../../../arm-none-eabi/lib/thumb/v7e-m+fp/hard\libcr_c.a(printf.o)
                0x000035b0                __vfprintf
 .text._Cwritebuf
                0x000041a8       0x6c c:/nxp/mcuxpressoide_11.6.1_8255/ide/plugins/com.nxp.mcuxpresso.tools.win32_11.6.1.202207200623/tools/bin/../lib/gcc/arm-none-eabi/10.3.1/../../../../arm-none-eabi/lib/thumb/v7e-m+fp/hard\libcr_c.a(_writebuf.o)
                0x000041a8                _Cwritebuf
 .text.malloc   0x00004214       0xc8 c:/nxp/mcuxpressoide_11.6.1_8255/ide/plugins/com.nxp.mcuxpresso.tools.win32_11.6.1.202207200623/tools/bin/../lib/gcc/arm-none-eabi/10.3.1/../../../../arm-none-eabi/lib/thumb/v7e-m+fp/hard\libcr_c.a(alloc.o)
                0x00004214                malloc
 .text._Csys_alloc
                0x000042dc       0x20 c:/nxp/mcuxpressoide_11.6.1_8255/ide/plugins/com.nxp.mcuxpresso.tools.win32_11.6.1.202207200623/tools/bin/../lib/gcc/arm-none-eabi/10.3.1/../../../../arm-none-eabi/lib/thumb/v7e-m+fp/hard\libcr_c.a(alloc.o)
                0x000042dc                _Csys_alloc
 .text.fseek    0x000042fc       0xfc c:/nxp/mcuxpressoide_11.6.1_8255/ide/plugins/com.nxp.mcuxpresso.tools.win32_11.6.1.202207200623/tools/bin/../lib/gcc/arm-none-eabi/10.3.1/../../../../arm-none-eabi/lib/thumb/v7e-m+fp/hard\libcr_c.a(fseek.o)
                0x000042fc                fseek
 .text.ftell    0x000043f8       0x44 c:/nxp/mcuxpressoide_11.6.1_8255/ide/plugins/com.nxp.mcuxpresso.tools.win32_11.6.1.202207200623/tools/bin/../lib/gcc/arm-none-eabi/10.3.1/../../../../arm-none-eabi/lib/thumb/v7e-m+fp/hard\libcr_c.a(ftell.o)
                0x000043f8                ftell
 .text._sbrk    0x0000443c       0x3c c:/nxp/mcuxpressoide_11.6.1_8255/ide/plugins/com.nxp.mcuxpresso.tools.win32_11.6.1.202207200623/tools/bin/../lib/gcc/arm-none-eabi/10.3.1/../../../../arm-none-eabi/lib/thumb/v7e-m+fp/hard\libcr_c.a(_cr_sbrk.o)
                0x0000443c                _sbrk
 .text.__check_heap_overflow
                0x00004478       0x18 c:/nxp/mcuxpressoide_11.6.1_8255/ide/plugins/com.nxp.mcuxpresso.tools.win32_11.6.1.202207200623/tools/bin/../lib/gcc/arm-none-eabi/10.3.1/../../../../arm-none-eabi/lib/thumb/v7e-m+fp/hard\libcr_c.a(_cr_check_heap.o)
                0x00004478                __check_heap_overflow
 .text.__aeabi_dmul
                0x00004490       0xfc c:/nxp/mcuxpressoide_11.6.1_8255/ide/plugins/com.nxp.mcuxpresso.tools.win32_11.6.1.202207200623/tools/bin/../lib/gcc/arm-none-eabi/10.3.1/thumb/v7e-m+fp/hard\libcr_eabihelpers.a(double.o)
                0x00004490                __aeabi_dmul
 .text.__aeabi_ddiv
                0x0000458c      0x138 c:/nxp/mcuxpressoide_11.6.1_8255/ide/plugins/com.nxp.mcuxpresso.tools.win32_11.6.1.202207200623/tools/bin/../lib/gcc/arm-none-eabi/10.3.1/thumb/v7e-m+fp/hard\libcr_eabihelpers.a(double.o)
                0x0000458c                __aeabi_ddiv
 .text.__aeabi_dsub
                0x000046c4      0x1ac c:/nxp/mcuxpressoide_11.6.1_8255/ide/plugins/com.nxp.mcuxpresso.tools.win32_11.6.1.202207200623/tools/bin/../lib/gcc/arm-none-eabi/10.3.1/thumb/v7e-m+fp/hard\libcr_eabihelpers.a(double.o)
                0x000046c4                __aeabi_dsub
 .text.__aeabi_dadd
                0x00004870      0x114 c:/nxp/mcuxpressoide_11.6.1_8255/ide/plugins/com.nxp.mcuxpresso.tools.win32_11.6.1.202207200623/tools/bin/../lib/gcc/arm-none-eabi/10.3.1/thumb/v7e-m+fp/hard\libcr_eabihelpers.a(double.o)
                0x00004870                __aeabi_dadd
 .text.__sys_appexit
                0x00004984        0xc c:/nxp/mcuxpressoide_11.6.1_8255/ide/plugins/com.nxp.mcuxpresso.tools.win32_11.6.1.202207200623/tools/bin/../lib/gcc/arm-none-eabi/10.3.1/../../../../arm-none-eabi/lib/thumb/v7e-m+fp/hard\libcr_semihost_nf.a(__sys_appexit.o)
                0x00004984                __sys_appexit
                0x00004984                __exit
 .text.timerDelay
                0x00004990       0x32 ./source/timer/timer.o
                0x00004990                timerDelay
 .text.getCircularPointer
                0x000049c2       0x1e ./source/buffer/SPI_buffer.o
 .text.SPIBisEmpty
                0x000049e0       0x2a ./source/buffer/SPI_buffer.o
                0x000049e0                SPIBisEmpty
 .text.getCircularPointer
                0x00004a0a       0x2c ./source/buffer/circular_buffer.o
 .text.CBinit   0x00004a36       0x30 ./source/buffer/circular_buffer.o
                0x00004a36                CBinit
 .text.CBisEmpty
                0x00004a66       0x2a ./source/buffer/circular_buffer.o
                0x00004a66                CBisEmpty
 .text.CBputChain
                0x00004a90       0xaa ./source/buffer/circular_buffer.o
                0x00004a90                CBputChain
 .text.CBputByte
                0x00004b3a       0x8e ./source/buffer/circular_buffer.o
                0x00004b3a                CBputByte
 .text.CBgetByte
                0x00004bc8       0x62 ./source/buffer/circular_buffer.o
                0x00004bc8                CBgetByte
 .text.CBgetBufferState
                0x00004c2a       0x5c ./source/buffer/circular_buffer.o
                0x00004c2a                CBgetBufferState
 .text.GCBinit  0x00004c86       0x5a ./source/buffer/generic_circular_buffer.o
                0x00004c86                GCBinit
 .text.UART0_RX_TX_IRQHandler
                0x00004ce0       0x2e ./source/UART/uart.o
                0x00004ce0                UART0_RX_TX_IRQHandler
 .text.UART1_RX_TX_IRQHandler
                0x00004d0e       0x2e ./source/UART/uart.o
                0x00004d0e                UART1_RX_TX_IRQHandler
 .text.UART2_RX_TX_IRQHandler
                0x00004d3c       0x2e ./source/UART/uart.o
                0x00004d3c                UART2_RX_TX_IRQHandler
 .text.UART3_RX_TX_IRQHandler
                0x00004d6a       0x2e ./source/UART/uart.o
                0x00004d6a                UART3_RX_TX_IRQHandler
 .text.UART4_RX_TX_IRQHandler
                0x00004d98       0x2e ./source/UART/uart.o
                0x00004d98                UART4_RX_TX_IRQHandler
 .text.App_Init
                0x00004dc6       0x38 ./source/App.o
                0x00004dc6                App_Init
 .text.getAnglesGyro
                0x00004dfe      0x272 ./source/App.o
 .text.main     0x00005070       0x1a ./SDK/startup/main.o
                0x00005070                main
 .text.HardFault_Handler
                0x0000508a       0x2c ./SDK/startup/semihost_hardfault.o
                0x0000508a                HardFault_Handler
 .text.DMA0_IRQHandler
                0x000050b6        0x8 ./SDK/startup/startup_mk64f12.o
                0x000050b6                DMA0_IRQHandler
 .text.DMA1_IRQHandler
                0x000050be        0x8 ./SDK/startup/startup_mk64f12.o
                0x000050be                DMA1_IRQHandler
 .text.DMA2_IRQHandler
                0x000050c6        0x8 ./SDK/startup/startup_mk64f12.o
                0x000050c6                DMA2_IRQHandler
 .text.DMA3_IRQHandler
                0x000050ce        0x8 ./SDK/startup/startup_mk64f12.o
                0x000050ce                DMA3_IRQHandler
 .text.DMA4_IRQHandler
                0x000050d6        0x8 ./SDK/startup/startup_mk64f12.o
                0x000050d6                DMA4_IRQHandler
 .text.DMA5_IRQHandler
                0x000050de        0x8 ./SDK/startup/startup_mk64f12.o
                0x000050de                DMA5_IRQHandler
 .text.DMA6_IRQHandler
                0x000050e6        0x8 ./SDK/startup/startup_mk64f12.o
                0x000050e6                DMA6_IRQHandler
 .text.DMA7_IRQHandler
                0x000050ee        0x8 ./SDK/startup/startup_mk64f12.o
                0x000050ee                DMA7_IRQHandler
 .text.DMA8_IRQHandler
                0x000050f6        0x8 ./SDK/startup/startup_mk64f12.o
                0x000050f6                DMA8_IRQHandler
 .text.DMA9_IRQHandler
                0x000050fe        0x8 ./SDK/startup/startup_mk64f12.o
                0x000050fe                DMA9_IRQHandler
 .text.DMA10_IRQHandler
                0x00005106        0x8 ./SDK/startup/startup_mk64f12.o
                0x00005106                DMA10_IRQHandler
 .text.DMA11_IRQHandler
                0x0000510e        0x8 ./SDK/startup/startup_mk64f12.o
                0x0000510e                DMA11_IRQHandler
 .text.DMA12_IRQHandler
                0x00005116        0x8 ./SDK/startup/startup_mk64f12.o
                0x00005116                DMA12_IRQHandler
 .text.DMA13_IRQHandler
                0x0000511e        0x8 ./SDK/startup/startup_mk64f12.o
                0x0000511e                DMA13_IRQHandler
 .text.DMA14_IRQHandler
                0x00005126        0x8 ./SDK/startup/startup_mk64f12.o
                0x00005126                DMA14_IRQHandler
 .text.DMA15_IRQHandler
                0x0000512e        0x8 ./SDK/startup/startup_mk64f12.o
                0x0000512e                DMA15_IRQHandler
 .text.DMA_Error_IRQHandler
                0x00005136        0x8 ./SDK/startup/startup_mk64f12.o
                0x00005136                DMA_Error_IRQHandler
 .text.MCM_IRQHandler
                0x0000513e        0x8 ./SDK/startup/startup_mk64f12.o
                0x0000513e                MCM_IRQHandler
 .text.FTFE_IRQHandler
                0x00005146        0x8 ./SDK/startup/startup_mk64f12.o
                0x00005146                FTFE_IRQHandler
 .text.Read_Collision_IRQHandler
                0x0000514e        0x8 ./SDK/startup/startup_mk64f12.o
                0x0000514e                Read_Collision_IRQHandler
 .text.LVD_LVW_IRQHandler
                0x00005156        0x8 ./SDK/startup/startup_mk64f12.o
                0x00005156                LVD_LVW_IRQHandler
 .text.LLWU_IRQHandler
                0x0000515e        0x8 ./SDK/startup/startup_mk64f12.o
                0x0000515e                LLWU_IRQHandler
 .text.WDOG_EWM_IRQHandler
                0x00005166        0x8 ./SDK/startup/startup_mk64f12.o
                0x00005166                WDOG_EWM_IRQHandler
 .text.RNG_IRQHandler
                0x0000516e        0x8 ./SDK/startup/startup_mk64f12.o
                0x0000516e                RNG_IRQHandler
 .text.I2C1_IRQHandler
                0x00005176        0x8 ./SDK/startup/startup_mk64f12.o
                0x00005176                I2C1_IRQHandler
 .text.SPI1_IRQHandler
                0x0000517e        0x8 ./SDK/startup/startup_mk64f12.o
                0x0000517e                SPI1_IRQHandler
 .text.I2S0_Tx_IRQHandler
                0x00005186        0x8 ./SDK/startup/startup_mk64f12.o
                0x00005186                I2S0_Tx_IRQHandler
 .text.I2S0_Rx_IRQHandler
                0x0000518e        0x8 ./SDK/startup/startup_mk64f12.o
                0x0000518e                I2S0_Rx_IRQHandler
 .text.UART0_LON_IRQHandler
                0x00005196        0x8 ./SDK/startup/startup_mk64f12.o
                0x00005196                UART0_LON_IRQHandler
 .text.UART0_ERR_IRQHandler
                0x0000519e        0x8 ./SDK/startup/startup_mk64f12.o
                0x0000519e                UART0_ERR_IRQHandler
 .text.UART1_ERR_IRQHandler
                0x000051a6        0x8 ./SDK/startup/startup_mk64f12.o
                0x000051a6                UART1_ERR_IRQHandler
 .text.UART2_ERR_IRQHandler
                0x000051ae        0x8 ./SDK/startup/startup_mk64f12.o
                0x000051ae                UART2_ERR_IRQHandler
 .text.UART3_ERR_IRQHandler
                0x000051b6        0x8 ./SDK/startup/startup_mk64f12.o
                0x000051b6                UART3_ERR_IRQHandler
 .text.ADC0_IRQHandler
                0x000051be        0x8 ./SDK/startup/startup_mk64f12.o
                0x000051be                ADC0_IRQHandler
 .text.CMP0_IRQHandler
                0x000051c6        0x8 ./SDK/startup/startup_mk64f12.o
                0x000051c6                CMP0_IRQHandler
 .text.CMP1_IRQHandler
                0x000051ce        0x8 ./SDK/startup/startup_mk64f12.o
                0x000051ce                CMP1_IRQHandler
 .text.FTM2_IRQHandler
                0x000051d6        0x8 ./SDK/startup/startup_mk64f12.o
                0x000051d6                FTM2_IRQHandler
 .text.CMT_IRQHandler
                0x000051de        0x8 ./SDK/startup/startup_mk64f12.o
                0x000051de                CMT_IRQHandler
 .text.RTC_IRQHandler
                0x000051e6        0x8 ./SDK/startup/startup_mk64f12.o
                0x000051e6                RTC_IRQHandler
 .text.RTC_Seconds_IRQHandler
                0x000051ee        0x8 ./SDK/startup/startup_mk64f12.o
                0x000051ee                RTC_Seconds_IRQHandler
 .text.PDB0_IRQHandler
                0x000051f6        0x8 ./SDK/startup/startup_mk64f12.o
                0x000051f6                PDB0_IRQHandler
 .text.USB0_IRQHandler
                0x000051fe        0x8 ./SDK/startup/startup_mk64f12.o
                0x000051fe                USB0_IRQHandler
 .text.USBDCD_IRQHandler
                0x00005206        0x8 ./SDK/startup/startup_mk64f12.o
                0x00005206                USBDCD_IRQHandler
 .text.Reserved71_IRQHandler
                0x0000520e        0x8 ./SDK/startup/startup_mk64f12.o
                0x0000520e                Reserved71_IRQHandler
 .text.DAC0_IRQHandler
                0x00005216        0x8 ./SDK/startup/startup_mk64f12.o
                0x00005216                DAC0_IRQHandler
 .text.MCG_IRQHandler
                0x0000521e        0x8 ./SDK/startup/startup_mk64f12.o
                0x0000521e                MCG_IRQHandler
 .text.LPTMR0_IRQHandler
                0x00005226        0x8 ./SDK/startup/startup_mk64f12.o
                0x00005226                LPTMR0_IRQHandler
 .text.SWI_IRQHandler
                0x0000522e        0x8 ./SDK/startup/startup_mk64f12.o
                0x0000522e                SWI_IRQHandler
 .text.SPI2_IRQHandler
                0x00005236        0x8 ./SDK/startup/startup_mk64f12.o
                0x00005236                SPI2_IRQHandler
 .text.UART4_ERR_IRQHandler
                0x0000523e        0x8 ./SDK/startup/startup_mk64f12.o
                0x0000523e                UART4_ERR_IRQHandler
 .text.UART5_RX_TX_IRQHandler
                0x00005246        0x8 ./SDK/startup/startup_mk64f12.o
                0x00005246                UART5_RX_TX_IRQHandler
 .text.UART5_ERR_IRQHandler
                0x0000524e        0x8 ./SDK/startup/startup_mk64f12.o
                0x0000524e                UART5_ERR_IRQHandler
 .text.CMP2_IRQHandler
                0x00005256        0x8 ./SDK/startup/startup_mk64f12.o
                0x00005256                CMP2_IRQHandler
 .text.FTM3_IRQHandler
                0x0000525e        0x8 ./SDK/startup/startup_mk64f12.o
                0x0000525e                FTM3_IRQHandler
 .text.DAC1_IRQHandler
                0x00005266        0x8 ./SDK/startup/startup_mk64f12.o
                0x00005266                DAC1_IRQHandler
 .text.ADC1_IRQHandler
                0x0000526e        0x8 ./SDK/startup/startup_mk64f12.o
                0x0000526e                ADC1_IRQHandler
 .text.I2C2_IRQHandler
                0x00005276        0x8 ./SDK/startup/startup_mk64f12.o
                0x00005276                I2C2_IRQHandler
 .text.CAN0_ORed_Message_buffer_IRQHandler
                0x0000527e        0x8 ./SDK/startup/startup_mk64f12.o
                0x0000527e                CAN0_ORed_Message_buffer_IRQHandler
 .text.CAN0_Bus_Off_IRQHandler
                0x00005286        0x8 ./SDK/startup/startup_mk64f12.o
                0x00005286                CAN0_Bus_Off_IRQHandler
 .text.CAN0_Error_IRQHandler
                0x0000528e        0x8 ./SDK/startup/startup_mk64f12.o
                0x0000528e                CAN0_Error_IRQHandler
 .text.CAN0_Tx_Warning_IRQHandler
                0x00005296        0x8 ./SDK/startup/startup_mk64f12.o
                0x00005296                CAN0_Tx_Warning_IRQHandler
 .text.CAN0_Rx_Warning_IRQHandler
                0x0000529e        0x8 ./SDK/startup/startup_mk64f12.o
                0x0000529e                CAN0_Rx_Warning_IRQHandler
 .text.CAN0_Wake_Up_IRQHandler
                0x000052a6        0x8 ./SDK/startup/startup_mk64f12.o
                0x000052a6                CAN0_Wake_Up_IRQHandler
 .text.SDHC_IRQHandler
                0x000052ae        0x8 ./SDK/startup/startup_mk64f12.o
                0x000052ae                SDHC_IRQHandler
 .text.ENET_1588_Timer_IRQHandler
                0x000052b6        0x8 ./SDK/startup/startup_mk64f12.o
                0x000052b6                ENET_1588_Timer_IRQHandler
 .text.ENET_Transmit_IRQHandler
                0x000052be        0x8 ./SDK/startup/startup_mk64f12.o
                0x000052be                ENET_Transmit_IRQHandler
 .text.ENET_Receive_IRQHandler
                0x000052c6        0x8 ./SDK/startup/startup_mk64f12.o
                0x000052c6                ENET_Receive_IRQHandler
 .text.ENET_Error_IRQHandler
                0x000052ce        0x8 ./SDK/startup/startup_mk64f12.o
                0x000052ce                ENET_Error_IRQHandler
 .text.SystemInitHook
                0x000052d6        0xe ./SDK/CMSIS/system_MK64F12.o
                0x000052d6                SystemInitHook
 .text.memcpy   0x000052e4        0x4 c:/nxp/mcuxpressoide_11.6.1_8255/ide/plugins/com.nxp.mcuxpresso.tools.win32_11.6.1.202207200623/tools/bin/../lib/gcc/arm-none-eabi/10.3.1/../../../../arm-none-eabi/lib/thumb/v7e-m+fp/hard\libcr_c.a(memcpy.o)
                0x000052e4                memcpy
 .text.fabs     0x000052e8       0x22 c:/nxp/mcuxpressoide_11.6.1_8255/ide/plugins/com.nxp.mcuxpresso.tools.win32_11.6.1.202207200623/tools/bin/../lib/gcc/arm-none-eabi/10.3.1/../../../../arm-none-eabi/lib/thumb/v7e-m+fp/hard\libcr_c.a(fabs.o)
                0x000052e8                fabs
 .text.fp_round
                0x0000530a       0x4e c:/nxp/mcuxpressoide_11.6.1_8255/ide/plugins/com.nxp.mcuxpresso.tools.win32_11.6.1.202207200623/tools/bin/../lib/gcc/arm-none-eabi/10.3.1/../../../../arm-none-eabi/lib/thumb/v7e-m+fp/hard\libcr_c.a(fpprintf.o)
 .text.pr_dec.constprop.0
                0x00005358       0x26 c:/nxp/mcuxpressoide_11.6.1_8255/ide/plugins/com.nxp.mcuxpresso.tools.win32_11.6.1.202207200623/tools/bin/../lib/gcc/arm-none-eabi/10.3.1/../../../../arm-none-eabi/lib/thumb/v7e-m+fp/hard\libcr_c.a(fpprintf.o)
 .text.sin      0x0000537e       0x40 c:/nxp/mcuxpressoide_11.6.1_8255/ide/plugins/com.nxp.mcuxpresso.tools.win32_11.6.1.202207200623/tools/bin/../lib/gcc/arm-none-eabi/10.3.1/../../../../arm-none-eabi/lib/thumb/v7e-m+fp/hard\libcr_c.a(sin.o)
                0x0000537e                sin
 .text.strlen   0x000053be       0x48 c:/nxp/mcuxpressoide_11.6.1_8255/ide/plugins/com.nxp.mcuxpresso.tools.win32_11.6.1.202207200623/tools/bin/../lib/gcc/arm-none-eabi/10.3.1/../../../../arm-none-eabi/lib/thumb/v7e-m+fp/hard\libcr_c.a(strlen.o)
                0x000053be                strlen
 .text.tan      0x00005406        0x6 c:/nxp/mcuxpressoide_11.6.1_8255/ide/plugins/com.nxp.mcuxpresso.tools.win32_11.6.1.202207200623/tools/bin/../lib/gcc/arm-none-eabi/10.3.1/../../../../arm-none-eabi/lib/thumb/v7e-m+fp/hard\libcr_c.a(tan.o)
                0x00005406                tan
 .text.memset   0x0000540c        0x4 c:/nxp/mcuxpressoide_11.6.1_8255/ide/plugins/com.nxp.mcuxpresso.tools.win32_11.6.1.202207200623/tools/bin/../lib/gcc/arm-none-eabi/10.3.1/../../../../arm-none-eabi/lib/thumb/v7e-m+fp/hard\libcr_c.a(memset.o)
                0x0000540c                memset
 .text._deferredlazyseek
                0x00005410       0x40 c:/nxp/mcuxpressoide_11.6.1_8255/ide/plugins/com.nxp.mcuxpresso.tools.win32_11.6.1.202207200623/tools/bin/../lib/gcc/arm-none-eabi/10.3.1/../../../../arm-none-eabi/lib/thumb/v7e-m+fp/hard\libcr_c.a(_deferredlazyseek.o)
                0x00005410                _deferredlazyseek
 .text.__flsbuf
                0x00005450      0x140 c:/nxp/mcuxpressoide_11.6.1_8255/ide/plugins/com.nxp.mcuxpresso.tools.win32_11.6.1.202207200623/tools/bin/../lib/gcc/arm-none-eabi/10.3.1/../../../../arm-none-eabi/lib/thumb/v7e-m+fp/hard\libcr_c.a(_deferredlazyseek.o)
                0x00005450                __flsbuf
 .text._fflush  0x00005590       0x52 c:/nxp/mcuxpressoide_11.6.1_8255/ide/plugins/com.nxp.mcuxpresso.tools.win32_11.6.1.202207200623/tools/bin/../lib/gcc/arm-none-eabi/10.3.1/../../../../arm-none-eabi/lib/thumb/v7e-m+fp/hard\libcr_c.a(_fflush.o)
                0x00005590                _fflush
 .text.__aeabi_division_uldivmod
                0x000055e2      0x174 c:/nxp/mcuxpressoide_11.6.1_8255/ide/plugins/com.nxp.mcuxpresso.tools.win32_11.6.1.202207200623/tools/bin/../lib/gcc/arm-none-eabi/10.3.1/thumb/v7e-m+fp/hard\libcr_eabihelpers.a(division_64.o)
                0x000055e2                __aeabi_uldivmod
                0x000055e6                __bhs_ldivmod1
 .text.__aeabi_division_idiv0
                0x00005756        0x2 c:/nxp/mcuxpressoide_11.6.1_8255/ide/plugins/com.nxp.mcuxpresso.tools.win32_11.6.1.202207200623/tools/bin/../lib/gcc/arm-none-eabi/10.3.1/thumb/v7e-m+fp/hard\libcr_eabihelpers.a(division_idiv0.o)
                0x00005756                __aeabi_idiv0
 .text.__aeabi_d2iz
                0x00005758       0x40 c:/nxp/mcuxpressoide_11.6.1_8255/ide/plugins/com.nxp.mcuxpresso.tools.win32_11.6.1.202207200623/tools/bin/../lib/gcc/arm-none-eabi/10.3.1/thumb/v7e-m+fp/hard\libcr_eabihelpers.a(double.o)
                0x00005758                __aeabi_d2iz
 .text.__bhs_ui2d
                0x00005798       0x46 c:/nxp/mcuxpressoide_11.6.1_8255/ide/plugins/com.nxp.mcuxpresso.tools.win32_11.6.1.202207200623/tools/bin/../lib/gcc/arm-none-eabi/10.3.1/thumb/v7e-m+fp/hard\libcr_eabihelpers.a(double.o)
                0x00005798                __bhs_ui2d
 .text.__aeabi_i2d
                0x000057de       0x12 c:/nxp/mcuxpressoide_11.6.1_8255/ide/plugins/com.nxp.mcuxpresso.tools.win32_11.6.1.202207200623/tools/bin/../lib/gcc/arm-none-eabi/10.3.1/thumb/v7e-m+fp/hard\libcr_eabihelpers.a(double.o)
                0x000057de                __aeabi_i2d
 .text.__aeabi_dcmpeq
                0x000057f0       0x30 c:/nxp/mcuxpressoide_11.6.1_8255/ide/plugins/com.nxp.mcuxpresso.tools.win32_11.6.1.202207200623/tools/bin/../lib/gcc/arm-none-eabi/10.3.1/thumb/v7e-m+fp/hard\libcr_eabihelpers.a(double.o)
                0x000057f0                __aeabi_dcmpeq
 .text.__aeabi_dcmplt
                0x00005820       0x56 c:/nxp/mcuxpressoide_11.6.1_8255/ide/plugins/com.nxp.mcuxpresso.tools.win32_11.6.1.202207200623/tools/bin/../lib/gcc/arm-none-eabi/10.3.1/thumb/v7e-m+fp/hard\libcr_eabihelpers.a(double.o)
                0x00005820                __aeabi_dcmplt
 .text.__aeabi_dcmpgt
                0x00005876       0x56 c:/nxp/mcuxpressoide_11.6.1_8255/ide/plugins/com.nxp.mcuxpresso.tools.win32_11.6.1.202207200623/tools/bin/../lib/gcc/arm-none-eabi/10.3.1/thumb/v7e-m+fp/hard\libcr_eabihelpers.a(double.o)
                0x00005876                __aeabi_dcmpgt
 .text.__aeabi_dcmple
                0x000058cc       0x56 c:/nxp/mcuxpressoide_11.6.1_8255/ide/plugins/com.nxp.mcuxpresso.tools.win32_11.6.1.202207200623/tools/bin/../lib/gcc/arm-none-eabi/10.3.1/thumb/v7e-m+fp/hard\libcr_eabihelpers.a(double.o)
                0x000058cc                __aeabi_dcmple
 .text.__aeabi_dcmpge
                0x00005922       0x56 c:/nxp/mcuxpressoide_11.6.1_8255/ide/plugins/com.nxp.mcuxpresso.tools.win32_11.6.1.202207200623/tools/bin/../lib/gcc/arm-none-eabi/10.3.1/thumb/v7e-m+fp/hard\libcr_eabihelpers.a(double.o)
                0x00005922                __aeabi_dcmpge
 .text.__aeabi_memcpy
                0x00005978       0x34 c:/nxp/mcuxpressoide_11.6.1_8255/ide/plugins/com.nxp.mcuxpresso.tools.win32_11.6.1.202207200623/tools/bin/../lib/gcc/arm-none-eabi/10.3.1/thumb/v7e-m+fp/hard\libcr_eabihelpers.a(memcpy.o)
                0x00005978                __aeabi_memcpy
                0x00005982                __aeabi_memcpy8
                0x00005982                __aeabi_memcpy4
 .text.__aeabi_memset_lowlevel
                0x000059ac       0x32 c:/nxp/mcuxpressoide_11.6.1_8255/ide/plugins/com.nxp.mcuxpresso.tools.win32_11.6.1.202207200623/tools/bin/../lib/gcc/arm-none-eabi/10.3.1/thumb/v7e-m+fp/hard\libcr_eabihelpers.a(memcpy.o)
                0x000059ac                __aeabi_lowlevel_memset
 .text.__sys_flen
                0x000059de        0xc c:/nxp/mcuxpressoide_11.6.1_8255/ide/plugins/com.nxp.mcuxpresso.tools.win32_11.6.1.202207200623/tools/bin/../lib/gcc/arm-none-eabi/10.3.1/../../../../arm-none-eabi/lib/thumb/v7e-m+fp/hard\libcr_semihost_nf.a(__sys_flen.o)
                0x000059de                __sys_flen
 .text.__sys_istty
                0x000059ea        0xc c:/nxp/mcuxpressoide_11.6.1_8255/ide/plugins/com.nxp.mcuxpresso.tools.win32_11.6.1.202207200623/tools/bin/../lib/gcc/arm-none-eabi/10.3.1/../../../../arm-none-eabi/lib/thumb/v7e-m+fp/hard\libcr_semihost_nf.a(__sys_istty.o)
                0x000059ea                __sys_istty
 .text.__sys_seek
                0x000059f6        0xc c:/nxp/mcuxpressoide_11.6.1_8255/ide/plugins/com.nxp.mcuxpresso.tools.win32_11.6.1.202207200623/tools/bin/../lib/gcc/arm-none-eabi/10.3.1/../../../../arm-none-eabi/lib/thumb/v7e-m+fp/hard\libcr_semihost_nf.a(__sys_seek.o)
                0x000059f6                __sys_seek
 .text.__sys_write
                0x00005a02        0xc c:/nxp/mcuxpressoide_11.6.1_8255/ide/plugins/com.nxp.mcuxpresso.tools.win32_11.6.1.202207200623/tools/bin/../lib/gcc/arm-none-eabi/10.3.1/../../../../arm-none-eabi/lib/thumb/v7e-m+fp/hard\libcr_semihost_nf.a(__sys_write.o)
                0x00005a02                __sys_write
 *(SORT_BY_ALIGNMENT(.rodata) SORT_BY_ALIGNMENT(.rodata.*) SORT_BY_ALIGNMENT(.constdata) SORT_BY_ALIGNMENT(.constdata.*))
 *fill*         0x00005a0e        0x2 ff
 .rodata.UARTPorts
                0x00005a10       0x18 ./source/UART/uart.o
 .rodata.portPtr
                0x00005a28       0x14 ./source/UART/uart.o
 .rodata.UARTClockSource
                0x00005a3c       0x18 ./source/UART/uart.o
 .rodata.UARTSIMR
                0x00005a54       0x14 ./source/UART/uart.o
 .rodata.UARTSIMMask
                0x00005a68       0x14 ./source/UART/uart.o
 .rodata.UART_RX_TX_Vectors
                0x00005a7c        0x6 ./source/UART/uart.o
 *fill*         0x00005a82        0x2 ff
 .rodata.UARTPinPort
                0x00005a84        0x5 ./source/UART/uart.o
 *fill*         0x00005a89        0x3 ff
 .rodata.UARTPinNumRX
                0x00005a8c        0x5 ./source/UART/uart.o
 *fill*         0x00005a91        0x3 ff
 .rodata.UARTPinNumTX
                0x00005a94        0x5 ./source/UART/uart.o
 *fill*         0x00005a99        0x3 ff
 .rodata.UARTPinMuxAlt
                0x00005a9c        0x5 ./source/UART/uart.o
 *fill*         0x00005aa1        0x3 ff
 .rodata.gpioPtr
                0x00005aa4       0x14 ./source/MCAL/gpio.o
 .rodata.portPtr
                0x00005ab8       0x14 ./source/MCAL/gpio.o
 .rodata.SIMPortMasks
                0x00005acc       0x14 ./source/MCAL/gpio.o
 .rodata.I2CPtrs
                0x00005ae0        0xc ./source/I2Cm/I2Cm.o
 .rodata.I2CIRQs
                0x00005aec        0x3 ./source/I2Cm/I2Cm.o
 *fill*         0x00005aef        0x1 ff
 .rodata.portPtr
                0x00005af0       0x14 ./source/I2Cm/I2Cm.o
 .rodata.I2CPinPorts
                0x00005b04        0x4 ./source/I2Cm/I2Cm.o
 .rodata.I2CPinPinsSCL
                0x00005b08        0x4 ./source/I2Cm/I2Cm.o
 .rodata.I2CPinPinsSDA
                0x00005b0c        0x4 ./source/I2Cm/I2Cm.o
 .rodata.I2CPinAlts
                0x00005b10        0x4 ./source/I2Cm/I2Cm.o
 .rodata.I2CClkSimPtr
                0x00005b14       0x10 ./source/I2Cm/I2Cm.o
 .rodata.I2CClkSimMask
                0x00005b24       0x10 ./source/I2Cm/I2Cm.o
 .rodata.sendUartMessage3Channels.str1.4
                0x00005b34       0x14 ./source/App.o
 .rodata.fp_display.str1.1
                0x00005b48       0x34 c:/nxp/mcuxpressoide_11.6.1_8255/ide/plugins/com.nxp.mcuxpresso.tools.win32_11.6.1.202207200623/tools/bin/../lib/gcc/arm-none-eabi/10.3.1/../../../../arm-none-eabi/lib/thumb/v7e-m+fp/hard\libcr_c.a(fpprintf.o)
                                 0x35 (size before relaxing)
 .rodata.__vfprintf.str1.1
                0x00005b7c       0x31 c:/nxp/mcuxpressoide_11.6.1_8255/ide/plugins/com.nxp.mcuxpresso.tools.win32_11.6.1.202207200623/tools/bin/../lib/gcc/arm-none-eabi/10.3.1/../../../../arm-none-eabi/lib/thumb/v7e-m+fp/hard\libcr_c.a(printf.o)
                                 0x38 (size before relaxing)
 .rodata._Csys_alloc.str1.1
                0x00005bad       0x18 c:/nxp/mcuxpressoide_11.6.1_8255/ide/plugins/com.nxp.mcuxpresso.tools.win32_11.6.1.202207200623/tools/bin/../lib/gcc/arm-none-eabi/10.3.1/../../../../arm-none-eabi/lib/thumb/v7e-m+fp/hard\libcr_c.a(alloc.o)
                0x00005bc8                . = ALIGN (0x8)
 *fill*         0x00005bc5        0x3 ff
                0x00005bc8                _etext = .

.glue_7         0x00005bc8        0x0
 .glue_7        0x00005bc8        0x0 linker stubs

.glue_7t        0x00005bc8        0x0
 .glue_7t       0x00005bc8        0x0 linker stubs

.vfp11_veneer   0x00005bc8        0x0
 .vfp11_veneer  0x00005bc8        0x0 linker stubs

.v4_bx          0x00005bc8        0x0
 .v4_bx         0x00005bc8        0x0 linker stubs

.iplt           0x00005bc8        0x0
 .iplt          0x00005bc8        0x0 ./source/timer/SysTick.o

.rel.dyn        0x00005bc8        0x0
 .rel.iplt      0x00005bc8        0x0 ./source/timer/SysTick.o

.m_usb_data
 *(SORT_BY_ALIGNMENT(m_usb_bdt))

.data_RAM2      0x1fff0000        0x0 load address 0x00005bc8
 FILL mask 0xff
                [!provide]                PROVIDE (__start_data_RAM2 = .)
                [!provide]                PROVIDE (__start_data_SRAM_LOWER = .)
 *(SORT_BY_ALIGNMENT(.ramfunc.$RAM2))
 *(SORT_BY_ALIGNMENT(.ramfunc.$SRAM_LOWER))
 *(SORT_BY_ALIGNMENT(.data.$RAM2))
 *(SORT_BY_ALIGNMENT(.data.$SRAM_LOWER))
 *(SORT_BY_ALIGNMENT(.data.$RAM2.*))
 *(SORT_BY_ALIGNMENT(.data.$SRAM_LOWER.*))
                0x1fff0000                . = ALIGN (0x8)
                [!provide]                PROVIDE (__end_data_RAM2 = .)
                [!provide]                PROVIDE (__end_data_SRAM_LOWER = .)

.data_RAM3      0x14000000        0x0 load address 0x00005bc8
 FILL mask 0xff
                [!provide]                PROVIDE (__start_data_RAM3 = .)
                [!provide]                PROVIDE (__start_data_FLEX_RAM = .)
 *(SORT_BY_ALIGNMENT(.ramfunc.$RAM3))
 *(SORT_BY_ALIGNMENT(.ramfunc.$FLEX_RAM))
 *(SORT_BY_ALIGNMENT(.data.$RAM3))
 *(SORT_BY_ALIGNMENT(.data.$FLEX_RAM))
 *(SORT_BY_ALIGNMENT(.data.$RAM3.*))
 *(SORT_BY_ALIGNMENT(.data.$FLEX_RAM.*))
                0x14000000                . = ALIGN (0x8)
                [!provide]                PROVIDE (__end_data_RAM3 = .)
                [!provide]                PROVIDE (__end_data_FLEX_RAM = .)

.uninit_RESERVED
                0x20000000        0x0
                0x20000000                _start_uninit_RESERVED = .
 *(SORT_BY_ALIGNMENT(.bss.$RESERVED*))
                0x20000000                . = ALIGN (0x8)
                0x20000000                _end_uninit_RESERVED = .

.data           0x20000000       0x10 load address 0x00005bc8
 FILL mask 0xff
                0x20000000                _data = .
                [!provide]                PROVIDE (__start_data_RAM = .)
                [!provide]                PROVIDE (__start_data_SRAM_UPPER = .)
 *(SORT_BY_ALIGNMENT(vtable))
 *(SORT_BY_ALIGNMENT(.ramfunc*))
 *(SORT_BY_ALIGNMENT(CodeQuickAccess))
 *(SORT_BY_ALIGNMENT(DataQuickAccess))
 *(SORT_BY_ALIGNMENT(RamFunction))
 *(SORT_BY_ALIGNMENT(.data*))
 .data.SPIPtrs  0x20000000        0xc ./source/SPI/SPI.o
 .data.i2cStates
                0x2000000c        0x2 ./source/I2Cm/I2Cm.o
                0x2000000c                i2cStates
 .data.timers_cant
                0x2000000e        0x1 ./source/timer/timer.o
                0x20000010                . = ALIGN (0x8)
 *fill*         0x2000000f        0x1 ff
                0x20000010                _edata = .
                [!provide]                PROVIDE (__end_data_RAM = .)
                [!provide]                PROVIDE (__end_data_SRAM_UPPER = .)

.igot.plt       0x20000010        0x0 load address 0x00005bd8
 .igot.plt      0x20000010        0x0 ./source/timer/SysTick.o

.bss_RAM2       0x1fff0000        0x0
                [!provide]                PROVIDE (__start_bss_RAM2 = .)
                [!provide]                PROVIDE (__start_bss_SRAM_LOWER = .)
 *(SORT_BY_ALIGNMENT(.bss.$RAM2))
 *(SORT_BY_ALIGNMENT(.bss.$SRAM_LOWER))
 *(SORT_BY_ALIGNMENT(.bss.$RAM2.*))
 *(SORT_BY_ALIGNMENT(.bss.$SRAM_LOWER.*))
                0x1fff0000                . = ALIGN ((. != 0x0)?0x8:0x1)
                [!provide]                PROVIDE (__end_bss_RAM2 = .)
                [!provide]                PROVIDE (__end_bss_SRAM_LOWER = .)

.bss_RAM3       0x14000000        0x0
                [!provide]                PROVIDE (__start_bss_RAM3 = .)
                [!provide]                PROVIDE (__start_bss_FLEX_RAM = .)
 *(SORT_BY_ALIGNMENT(.bss.$RAM3))
 *(SORT_BY_ALIGNMENT(.bss.$FLEX_RAM))
 *(SORT_BY_ALIGNMENT(.bss.$RAM3.*))
 *(SORT_BY_ALIGNMENT(.bss.$FLEX_RAM.*))
                0x14000000                . = ALIGN ((. != 0x0)?0x8:0x1)
                [!provide]                PROVIDE (__end_bss_RAM3 = .)
                [!provide]                PROVIDE (__end_bss_FLEX_RAM = .)

.bss            0x20000010     0x1350
                0x20000010                _bss = .
                [!provide]                PROVIDE (__start_bss_RAM = .)
                [!provide]                PROVIDE (__start_bss_SRAM_UPPER = .)
 *(SORT_BY_ALIGNMENT(.bss*))
 .bss.ICLastTicks
                0x20000010      0x100 ./source/FTM/FTM.o
 .bss.newAngles_rad
                0x20000110       0x18 ./source/App.o
                0x20000110                newAngles_rad
 .bss.lastAngles_rad
                0x20000128       0x18 ./source/App.o
                0x20000128                lastAngles_rad
 .bss.gravityMean
                0x20000140        0x8 ./source/App.o
                0x20000140                gravityMean
 .bss.SysTickCallback
                0x20000148        0x4 ./source/timer/SysTick.o
 .bss.timers    0x2000014c       0xa0 ./source/timer/timer.o
 .bss.pckgNULL  0x200001ec       0x10 ./source/buffer/SPI_buffer.o
                0x200001ec                pckgNULL
 .bss.TxBuffer  0x200001fc      0x267 ./source/UART/uart.o
 *fill*         0x20000463        0x1 
 .bss.RxBuffer  0x20000464      0x267 ./source/UART/uart.o
 *fill*         0x200006cb        0x1 
 .bss.TxBuffer  0x200006cc      0x408 ./source/SPI/SPI.o
 .bss.cont.1    0x20000ad4        0x4 ./source/SPI/SPI.o
 .bss.pckgAux.0
                0x20000ad8       0x10 ./source/SPI/SPI.o
 .bss.PITCbs    0x20000ae8       0x10 ./source/PIT/PIT.o
 .bss.writeBuffer
                0x20000af8        0x4 ./source/MPU9250/MPU9250.o
                0x20000af8                writeBuffer
 .bss.readBuffer
                0x20000afc        0xa ./source/MPU9250/MPU9250.o
                0x20000afc                readBuffer
 *fill*         0x20000b06        0x2 
 .bss.gyroPartialSum
                0x20000b08        0xc ./source/MPU9250/MPU9250.o
                0x20000b08                gyroPartialSum
 .bss.accelPartialSum
                0x20000b14        0xc ./source/MPU9250/MPU9250.o
                0x20000b14                accelPartialSum
 .bss.portIrqFunc
                0x20000b20      0x280 ./source/MCAL/gpio.o
                0x20000b20                portIrqFunc
 .bss.I2C_CircularBuffer
                0x20000da0      0x3fa ./source/I2Cm/I2Cm.o
 *fill*         0x2000119a        0x2 
 .bss.writeState
                0x2000119c       0x24 ./source/I2Cm/I2Cm.o
 .bss.readState
                0x200011c0       0x18 ./source/I2Cm/I2Cm.o
 .bss.PWMPtrs   0x200011d8       0x80 ./source/FTM/FTM.o
 .bss.ICCbPtrs  0x20001258       0x80 ./source/FTM/FTM.o
 .bss.ICChannelValue
                0x200012d8       0x40 ./source/FTM/FTM.o
 .bss.ICnewEdge
                0x20001318       0x20 ./source/FTM/FTM.o
 .bss.accelData
                0x20001338        0x6 ./source/App.o
                0x20001338                accelData
 *fill*         0x2000133e        0x2 
 .bss.gyroData  0x20001340        0x6 ./source/App.o
                0x20001340                gyroData
 *fill*         0x20001346        0x2 
 .bss.__LDM_interruptDisableCount
                0x20001348        0x4 ./SDK/startup/hardware.o
 .bss.errno     0x2000134c        0x4 c:/nxp/mcuxpressoide_11.6.1_8255/ide/plugins/com.nxp.mcuxpresso.tools.win32_11.6.1.202207200623/tools/bin/../lib/gcc/arm-none-eabi/10.3.1/../../../../arm-none-eabi/lib/thumb/v7e-m+fp/hard\libcr_c.a(errno.o)
                0x2000134c                errno
 .bss.__end_of_heap
                0x20001350        0x4 c:/nxp/mcuxpressoide_11.6.1_8255/ide/plugins/com.nxp.mcuxpresso.tools.win32_11.6.1.202207200623/tools/bin/../lib/gcc/arm-none-eabi/10.3.1/../../../../arm-none-eabi/lib/thumb/v7e-m+fp/hard\libcr_c.a(__init_alloc.o)
                0x20001350                __end_of_heap
 .bss.__heaps   0x20001354        0x4 c:/nxp/mcuxpressoide_11.6.1_8255/ide/plugins/com.nxp.mcuxpresso.tools.win32_11.6.1.202207200623/tools/bin/../lib/gcc/arm-none-eabi/10.3.1/../../../../arm-none-eabi/lib/thumb/v7e-m+fp/hard\libcr_c.a(__init_alloc.o)
                0x20001354                __heaps
 .bss.yaInit.0  0x20001358        0x1 ./source/timer/timer.o
 .bss.inInterrupt
                0x20001359        0x1 ./source/SPI/SPI.o
 .bss.Ascale    0x2000135a        0x1 ./source/MPU9250/MPU9250.o
                0x2000135a                Ascale
 .bss.Gscale    0x2000135b        0x1 ./source/MPU9250/MPU9250.o
                0x2000135b                Gscale
 .bss.writeSize
                0x2000135c        0x1 ./source/MPU9250/MPU9250.o
                0x2000135c                writeSize
 .bss.readSize  0x2000135d        0x1 ./source/MPU9250/MPU9250.o
                0x2000135d                readSize
 .bss.I2CTimerID
                0x2000135e        0x1 ./source/I2Cm/I2Cm.o
 .bss.isBusBusy
                0x2000135f        0x1 ./source/I2Cm/I2Cm.o
 *(SORT_BY_ALIGNMENT(COMMON))
                0x20001360                . = ALIGN (0x8)
                0x20001360                _ebss = .
                [!provide]                PROVIDE (__end_bss_RAM = .)
                [!provide]                PROVIDE (__end_bss_SRAM_UPPER = .)
                [!provide]                PROVIDE (end = .)

.noinit_RAM2    0x1fff0000        0x0
                [!provide]                PROVIDE (__start_noinit_RAM2 = .)
                [!provide]                PROVIDE (__start_noinit_SRAM_LOWER = .)
 *(SORT_BY_ALIGNMENT(.noinit.$RAM2))
 *(SORT_BY_ALIGNMENT(.noinit.$SRAM_LOWER))
 *(SORT_BY_ALIGNMENT(.noinit.$RAM2.*))
 *(SORT_BY_ALIGNMENT(.noinit.$SRAM_LOWER.*))
                0x1fff0000                . = ALIGN (0x8)
                [!provide]                PROVIDE (__end_noinit_RAM2 = .)
                [!provide]                PROVIDE (__end_noinit_SRAM_LOWER = .)

.noinit_RAM3    0x14000000        0x0
                [!provide]                PROVIDE (__start_noinit_RAM3 = .)
                [!provide]                PROVIDE (__start_noinit_FLEX_RAM = .)
 *(SORT_BY_ALIGNMENT(.noinit.$RAM3))
 *(SORT_BY_ALIGNMENT(.noinit.$FLEX_RAM))
 *(SORT_BY_ALIGNMENT(.noinit.$RAM3.*))
 *(SORT_BY_ALIGNMENT(.noinit.$FLEX_RAM.*))
                0x14000000                . = ALIGN (0x8)
                [!provide]                PROVIDE (__end_noinit_RAM3 = .)
                [!provide]                PROVIDE (__end_noinit_FLEX_RAM = .)

.noinit         0x20001360        0x0
                0x20001360                _noinit = .
                [!provide]                PROVIDE (__start_noinit_RAM = .)
                [!provide]                PROVIDE (__start_noinit_SRAM_UPPER = .)
 *(SORT_BY_ALIGNMENT(.noinit*))
                0x20001360                . = ALIGN (0x8)
                0x20001360                _end_noinit = .
                [!provide]                PROVIDE (__end_noinit_RAM = .)
                [!provide]                PROVIDE (__end_noinit_SRAM_UPPER = .)

.ARM.extab
 *(SORT_BY_ALIGNMENT(.ARM.extab*) SORT_BY_ALIGNMENT(.gnu.linkonce.armextab.*))

.ARM.exidx      0x00005bd8        0x0
                0x00005bd8                __exidx_start = .
 *(SORT_BY_ALIGNMENT(.ARM.exidx*) SORT_BY_ALIGNMENT(.gnu.linkonce.armexidx.*))
                0x00005bd8                __exidx_end = .
                0x00001000                _HeapSize = 0x1000

.heap           0x20001360     0x1000
                0x20001360                _pvHeapStart = .
                0x20002360                . = (. + _HeapSize)
 *fill*         0x20001360     0x1000 
                0x20002360                . = ALIGN (0x8)
                0x20002360                _pvHeapLimit = .
                0x00001000                _StackSize = 0x1000

.heap2stackfill
                0x20002360     0x1000
                0x20003360                . = (. + _StackSize)
 *fill*         0x20002360     0x1000 

.stack          0x2002f000        0x0
                0x2002f000                _vStackBase = .
                0x2002f000                . = ALIGN (0x8)
                0x20030000                _vStackTop = (. + _StackSize)
                0x00000000                _image_start = LOADADDR (.text)
                0x00005bd8                _image_end = (LOADADDR (.data) + SIZEOF (.data))
                0x00005bd8                _image_size = (_image_end - _image_start)
OUTPUT(TPQUAD.axf elf32-littlearm)
LOAD linker stubs

.debug_info     0x00000000     0x7eba
 .debug_info    0x00000000      0x506 ./source/timer/SysTick.o
 .debug_info    0x00000506      0x2d9 ./source/timer/timer.o
 .debug_info    0x000007df      0x31d ./source/buffer/SPI_buffer.o
 .debug_info    0x00000afc      0x2e6 ./source/buffer/circular_buffer.o
 .debug_info    0x00000de2      0x303 ./source/buffer/generic_circular_buffer.o
 .debug_info    0x000010e5      0xde4 ./source/UART/uart.o
 .debug_info    0x00001ec9      0xd5c ./source/SPI/SPI.o
 .debug_info    0x00002c25      0x87a ./source/PIT/PIT.o
 .debug_info    0x0000349f      0x513 ./source/MPU9250/MPU9250.o
 .debug_info    0x000039b2      0xc0f ./source/MCAL/gpio.o
 .debug_info    0x000045c1      0xd3a ./source/I2Cm/I2Cm.o
 .debug_info    0x000052fb      0xfab ./source/FTM/FTM.o
 .debug_info    0x000062a6      0x52b ./source/App.o
 .debug_info    0x000067d1      0x6b2 ./SDK/startup/hardware.o
 .debug_info    0x00006e83       0x86 ./SDK/startup/main.o
 .debug_info    0x00006f09       0x3c ./SDK/startup/semihost_hardfault.o
 .debug_info    0x00006f45      0x93a ./SDK/startup/startup_mk64f12.o
 .debug_info    0x0000787f      0x63b ./SDK/CMSIS/system_MK64F12.o

.debug_abbrev   0x00000000     0x1d49
 .debug_abbrev  0x00000000      0x190 ./source/timer/SysTick.o
 .debug_abbrev  0x00000190      0x1b5 ./source/timer/timer.o
 .debug_abbrev  0x00000345      0x1b4 ./source/buffer/SPI_buffer.o
 .debug_abbrev  0x000004f9      0x162 ./source/buffer/circular_buffer.o
 .debug_abbrev  0x0000065b      0x140 ./source/buffer/generic_circular_buffer.o
 .debug_abbrev  0x0000079b      0x267 ./source/UART/uart.o
 .debug_abbrev  0x00000a02      0x2d8 ./source/SPI/SPI.o
 .debug_abbrev  0x00000cda      0x1d5 ./source/PIT/PIT.o
 .debug_abbrev  0x00000eaf      0x168 ./source/MPU9250/MPU9250.o
 .debug_abbrev  0x00001017      0x253 ./source/MCAL/gpio.o
 .debug_abbrev  0x0000126a      0x280 ./source/I2Cm/I2Cm.o
 .debug_abbrev  0x000014ea      0x297 ./source/FTM/FTM.o
 .debug_abbrev  0x00001781      0x153 ./source/App.o
 .debug_abbrev  0x000018d4      0x12e ./SDK/startup/hardware.o
 .debug_abbrev  0x00001a02       0x49 ./SDK/startup/main.o
 .debug_abbrev  0x00001a4b       0x31 ./SDK/startup/semihost_hardfault.o
 .debug_abbrev  0x00001a7c      0x185 ./SDK/startup/startup_mk64f12.o
 .debug_abbrev  0x00001c01      0x148 ./SDK/CMSIS/system_MK64F12.o

.debug_aranges  0x00000000      0x890
 .debug_aranges
                0x00000000       0x30 ./source/timer/SysTick.o
 .debug_aranges
                0x00000030       0x50 ./source/timer/timer.o
 .debug_aranges
                0x00000080       0x58 ./source/buffer/SPI_buffer.o
 .debug_aranges
                0x000000d8       0x58 ./source/buffer/circular_buffer.o
 .debug_aranges
                0x00000130       0x58 ./source/buffer/generic_circular_buffer.o
 .debug_aranges
                0x00000188       0x80 ./source/UART/uart.o
 .debug_aranges
                0x00000208       0x58 ./source/SPI/SPI.o
 .debug_aranges
                0x00000260       0x58 ./source/PIT/PIT.o
 .debug_aranges
                0x000002b8       0x68 ./source/MPU9250/MPU9250.o
 .debug_aranges
                0x00000320       0x78 ./source/MCAL/gpio.o
 .debug_aranges
                0x00000398       0x50 ./source/I2Cm/I2Cm.o
 .debug_aranges
                0x000003e8       0x80 ./source/FTM/FTM.o
 .debug_aranges
                0x00000468       0x58 ./source/App.o
 .debug_aranges
                0x000004c0       0x30 ./SDK/startup/hardware.o
 .debug_aranges
                0x000004f0       0x20 ./SDK/startup/main.o
 .debug_aranges
                0x00000510       0x20 ./SDK/startup/semihost_hardfault.o
 .debug_aranges
                0x00000530      0x330 ./SDK/startup/startup_mk64f12.o
 .debug_aranges
                0x00000860       0x30 ./SDK/CMSIS/system_MK64F12.o

.debug_ranges   0x00000000      0x770
 .debug_ranges  0x00000000       0x20 ./source/timer/SysTick.o
 .debug_ranges  0x00000020       0x40 ./source/timer/timer.o
 .debug_ranges  0x00000060       0x48 ./source/buffer/SPI_buffer.o
 .debug_ranges  0x000000a8       0x48 ./source/buffer/circular_buffer.o
 .debug_ranges  0x000000f0       0x48 ./source/buffer/generic_circular_buffer.o
 .debug_ranges  0x00000138       0x70 ./source/UART/uart.o
 .debug_ranges  0x000001a8       0x48 ./source/SPI/SPI.o
 .debug_ranges  0x000001f0       0x48 ./source/PIT/PIT.o
 .debug_ranges  0x00000238       0x58 ./source/MPU9250/MPU9250.o
 .debug_ranges  0x00000290       0x68 ./source/MCAL/gpio.o
 .debug_ranges  0x000002f8       0x40 ./source/I2Cm/I2Cm.o
 .debug_ranges  0x00000338       0x70 ./source/FTM/FTM.o
 .debug_ranges  0x000003a8       0x48 ./source/App.o
 .debug_ranges  0x000003f0       0x20 ./SDK/startup/hardware.o
 .debug_ranges  0x00000410       0x10 ./SDK/startup/main.o
 .debug_ranges  0x00000420       0x10 ./SDK/startup/semihost_hardfault.o
 .debug_ranges  0x00000430      0x320 ./SDK/startup/startup_mk64f12.o
 .debug_ranges  0x00000750       0x20 ./SDK/CMSIS/system_MK64F12.o

.debug_macro    0x00000000    0x13c98
 .debug_macro   0x00000000       0xb6 ./source/timer/SysTick.o
 .debug_macro   0x000000b6      0xa7e ./source/timer/SysTick.o
 .debug_macro   0x00000b34       0x22 ./source/timer/SysTick.o
 .debug_macro   0x00000b56      0x34e ./source/timer/SysTick.o
 .debug_macro   0x00000ea4       0x10 ./source/timer/SysTick.o
 .debug_macro   0x00000eb4       0x5c ./source/timer/SysTick.o
 .debug_macro   0x00000f10       0x1c ./source/timer/SysTick.o
 .debug_macro   0x00000f2c       0x28 ./source/timer/SysTick.o
 .debug_macro   0x00000f54       0xd9 ./source/timer/SysTick.o
 .debug_macro   0x0000102d      0xecf ./source/timer/SysTick.o
 .debug_macro   0x00001efc       0x48 ./source/timer/SysTick.o
 .debug_macro   0x00001f44     0xe07b ./source/timer/SysTick.o
 .debug_macro   0x0000ffbf     0x122b ./source/timer/SysTick.o
 .debug_macro   0x000111ea       0x16 ./source/timer/SysTick.o
 .debug_macro   0x00011200      0x134 ./source/timer/timer.o
 .debug_macro   0x00011334       0x1e ./source/timer/timer.o
 .debug_macro   0x00011352       0x22 ./source/timer/timer.o
 .debug_macro   0x00011374       0x5e ./source/timer/timer.o
 .debug_macro   0x000113d2       0x94 ./source/timer/timer.o
 .debug_macro   0x00011466       0x35 ./source/timer/timer.o
 .debug_macro   0x0001149b       0x34 ./source/timer/timer.o
 .debug_macro   0x000114cf       0x16 ./source/timer/timer.o
 .debug_macro   0x000114e5      0x10e ./source/timer/timer.o
 .debug_macro   0x000115f3       0x8d ./source/timer/timer.o
 .debug_macro   0x00011680       0x16 ./source/timer/timer.o
 .debug_macro   0x00011696       0x43 ./source/timer/timer.o
 .debug_macro   0x000116d9       0x57 ./source/timer/timer.o
 .debug_macro   0x00011730       0x34 ./source/timer/timer.o
 .debug_macro   0x00011764       0x10 ./source/timer/timer.o
 .debug_macro   0x00011774       0x58 ./source/timer/timer.o
 .debug_macro   0x000117cc      0x182 ./source/timer/timer.o
 .debug_macro   0x0001194e      0x341 ./source/timer/timer.o
 .debug_macro   0x00011c8f       0x16 ./source/timer/timer.o
 .debug_macro   0x00011ca5       0x29 ./source/timer/timer.o
 .debug_macro   0x00011cce       0x28 ./source/timer/timer.o
 .debug_macro   0x00011cf6       0x10 ./source/timer/timer.o
 .debug_macro   0x00011d06      0x1e7 ./source/buffer/SPI_buffer.o
 .debug_macro   0x00011eed       0x16 ./source/buffer/SPI_buffer.o
 .debug_macro   0x00011f03       0x97 ./source/buffer/SPI_buffer.o
 .debug_macro   0x00011f9a       0xfd ./source/buffer/SPI_buffer.o
 .debug_macro   0x00012097       0x10 ./source/buffer/SPI_buffer.o
 .debug_macro   0x000120a7       0x10 ./source/buffer/SPI_buffer.o
 .debug_macro   0x000120b7       0x6a ./source/buffer/SPI_buffer.o
 .debug_macro   0x00012121       0x1c ./source/buffer/SPI_buffer.o
 .debug_macro   0x0001213d       0x52 ./source/buffer/SPI_buffer.o
 .debug_macro   0x0001218f       0x22 ./source/buffer/SPI_buffer.o
 .debug_macro   0x000121b1       0x10 ./source/buffer/SPI_buffer.o
 .debug_macro   0x000121c1       0x52 ./source/buffer/SPI_buffer.o
 .debug_macro   0x00012213       0xd5 ./source/buffer/SPI_buffer.o
 .debug_macro   0x000122e8       0x1c ./source/buffer/SPI_buffer.o
 .debug_macro   0x00012304       0x3d ./source/buffer/SPI_buffer.o
 .debug_macro   0x00012341       0x16 ./source/buffer/SPI_buffer.o
 .debug_macro   0x00012357      0x16f ./source/buffer/SPI_buffer.o
 .debug_macro   0x000124c6       0x16 ./source/buffer/SPI_buffer.o
 .debug_macro   0x000124dc       0x35 ./source/buffer/SPI_buffer.o
 .debug_macro   0x00012511       0xac ./source/buffer/circular_buffer.o
 .debug_macro   0x000125bd       0xac ./source/buffer/generic_circular_buffer.o
 .debug_macro   0x00012669       0xe8 ./source/UART/uart.o
 .debug_macro   0x00012751       0x10 ./source/UART/uart.o
 .debug_macro   0x00012761       0x40 ./source/UART/uart.o
 .debug_macro   0x000127a1      0x31f ./source/SPI/SPI.o
 .debug_macro   0x00012ac0       0x3a ./source/SPI/SPI.o
 .debug_macro   0x00012afa       0x10 ./source/SPI/SPI.o
 .debug_macro   0x00012b0a       0x10 ./source/SPI/SPI.o
 .debug_macro   0x00012b1a       0xd3 ./source/PIT/PIT.o
 .debug_macro   0x00012bed       0x28 ./source/PIT/PIT.o
 .debug_macro   0x00012c15      0x174 ./source/PIT/PIT.o
 .debug_macro   0x00012d89      0x46e ./source/MPU9250/MPU9250.o
 .debug_macro   0x000131f7      0x19b ./source/MPU9250/MPU9250.o
 .debug_macro   0x00013392       0xc4 ./source/MCAL/gpio.o
 .debug_macro   0x00013456      0x1fd ./source/I2Cm/I2Cm.o
 .debug_macro   0x00013653       0x10 ./source/I2Cm/I2Cm.o
 .debug_macro   0x00013663      0x1c5 ./source/FTM/FTM.o
 .debug_macro   0x00013828       0x22 ./source/FTM/FTM.o
 .debug_macro   0x0001384a      0x24c ./source/App.o
 .debug_macro   0x00013a96       0x10 ./source/App.o
 .debug_macro   0x00013aa6       0x9c ./SDK/startup/hardware.o
 .debug_macro   0x00013b42       0x9c ./SDK/startup/main.o
 .debug_macro   0x00013bde       0x11 ./SDK/startup/semihost_hardfault.o
 .debug_macro   0x00013bef       0x29 ./SDK/startup/startup_mk64f12.o
 .debug_macro   0x00013c18       0x80 ./SDK/CMSIS/system_MK64F12.o

.debug_line     0x00000000     0x5f2e
 .debug_line    0x00000000      0x232 ./source/timer/SysTick.o
 .debug_line    0x00000232      0x4e1 ./source/timer/timer.o
 .debug_line    0x00000713      0x5c3 ./source/buffer/SPI_buffer.o
 .debug_line    0x00000cd6      0x37c ./source/buffer/circular_buffer.o
 .debug_line    0x00001052      0x3f7 ./source/buffer/generic_circular_buffer.o
 .debug_line    0x00001449      0x4fc ./source/UART/uart.o
 .debug_line    0x00001945      0xb3d ./source/SPI/SPI.o
 .debug_line    0x00002482      0x317 ./source/PIT/PIT.o
 .debug_line    0x00002799      0x97b ./source/MPU9250/MPU9250.o
 .debug_line    0x00003114      0x4ed ./source/MCAL/gpio.o
 .debug_line    0x00003601      0x790 ./source/I2Cm/I2Cm.o
 .debug_line    0x00003d91      0x839 ./source/FTM/FTM.o
 .debug_line    0x000045ca      0x86d ./source/App.o
 .debug_line    0x00004e37      0x2a7 ./SDK/startup/hardware.o
 .debug_line    0x000050de      0x1b8 ./SDK/startup/main.o
 .debug_line    0x00005296       0x5f ./SDK/startup/semihost_hardfault.o
 .debug_line    0x000052f5      0x917 ./SDK/startup/startup_mk64f12.o
 .debug_line    0x00005c0c      0x322 ./SDK/CMSIS/system_MK64F12.o

.debug_str      0x00000000    0x7ede0
 .debug_str     0x00000000    0x773ec ./source/timer/SysTick.o
                              0x775b7 (size before relaxing)
 .debug_str     0x000773ec     0x30b0 ./source/timer/timer.o
                               0x699c (size before relaxing)
 .debug_str     0x0007a49c     0x126e ./source/buffer/SPI_buffer.o
                               0x7962 (size before relaxing)
 .debug_str     0x0007b70a       0x7b ./source/buffer/circular_buffer.o
                              0x7707d (size before relaxing)
 .debug_str     0x0007b785      0x121 ./source/buffer/generic_circular_buffer.o
                              0x770df (size before relaxing)
 .debug_str     0x0007b8a6      0x4af ./source/UART/uart.o
                              0x77a26 (size before relaxing)
 .debug_str     0x0007bd55      0x76f ./source/SPI/SPI.o
                              0x7beba (size before relaxing)
 .debug_str     0x0007c4c4      0x229 ./source/PIT/PIT.o
                              0x77bb8 (size before relaxing)
 .debug_str     0x0007c6ed     0x135f ./source/MPU9250/MPU9250.o
                               0x7bac (size before relaxing)
 .debug_str     0x0007da4c      0x1bb ./source/MCAL/gpio.o
                              0x77bf1 (size before relaxing)
 .debug_str     0x0007dc07      0x246 ./source/I2Cm/I2Cm.o
                              0x7aa24 (size before relaxing)
 .debug_str     0x0007de4d      0x4d2 ./source/FTM/FTM.o
                              0x7aae5 (size before relaxing)
 .debug_str     0x0007e31f      0x1c1 ./source/App.o
                               0x8532 (size before relaxing)
 .debug_str     0x0007e4e0      0x16f ./SDK/startup/hardware.o
                              0x771d6 (size before relaxing)
 .debug_str     0x0007e64f       0x1b ./SDK/startup/main.o
                              0x76fa1 (size before relaxing)
 .debug_str     0x0007e66a       0x36 ./SDK/startup/semihost_hardfault.o
                               0x2d4a (size before relaxing)
 .debug_str     0x0007e6a0      0x6ce ./SDK/startup/startup_mk64f12.o
                               0x35a4 (size before relaxing)
 .debug_str     0x0007ed6e       0x72 ./SDK/CMSIS/system_MK64F12.o
                              0x770f5 (size before relaxing)

.comment        0x00000000       0x49
 .comment       0x00000000       0x49 ./source/timer/SysTick.o
                                 0x4a (size before relaxing)
 .comment       0x00000049       0x4a ./source/timer/timer.o
 .comment       0x00000049       0x4a ./source/buffer/SPI_buffer.o
 .comment       0x00000049       0x4a ./source/buffer/circular_buffer.o
 .comment       0x00000049       0x4a ./source/buffer/generic_circular_buffer.o
 .comment       0x00000049       0x4a ./source/UART/uart.o
 .comment       0x00000049       0x4a ./source/SPI/SPI.o
 .comment       0x00000049       0x4a ./source/PIT/PIT.o
 .comment       0x00000049       0x4a ./source/MPU9250/MPU9250.o
 .comment       0x00000049       0x4a ./source/MCAL/gpio.o
 .comment       0x00000049       0x4a ./source/I2Cm/I2Cm.o
 .comment       0x00000049       0x4a ./source/FTM/FTM.o
 .comment       0x00000049       0x4a ./source/App.o
 .comment       0x00000049       0x4a ./SDK/startup/hardware.o
 .comment       0x00000049       0x4a ./SDK/startup/main.o
 .comment       0x00000049       0x4a ./SDK/startup/semihost_hardfault.o
 .comment       0x00000049       0x4a ./SDK/startup/startup_mk64f12.o
 .comment       0x00000049       0x4a ./SDK/CMSIS/system_MK64F12.o
 .comment       0x00000049       0x4a c:/nxp/mcuxpressoide_11.6.1_8255/ide/plugins/com.nxp.mcuxpresso.tools.win32_11.6.1.202207200623/tools/bin/../lib/gcc/arm-none-eabi/10.3.1/../../../../arm-none-eabi/lib/thumb/v7e-m+fp/hard\libcr_c.a(memcpy.o)
 .comment       0x00000049       0x4a c:/nxp/mcuxpressoide_11.6.1_8255/ide/plugins/com.nxp.mcuxpresso.tools.win32_11.6.1.202207200623/tools/bin/../lib/gcc/arm-none-eabi/10.3.1/../../../../arm-none-eabi/lib/thumb/v7e-m+fp/hard\libcr_c.a(cos.o)
 .comment       0x00000049       0x4a c:/nxp/mcuxpressoide_11.6.1_8255/ide/plugins/com.nxp.mcuxpresso.tools.win32_11.6.1.202207200623/tools/bin/../lib/gcc/arm-none-eabi/10.3.1/../../../../arm-none-eabi/lib/thumb/v7e-m+fp/hard\libcr_c.a(errno.o)
 .comment       0x00000049       0x4a c:/nxp/mcuxpressoide_11.6.1_8255/ide/plugins/com.nxp.mcuxpresso.tools.win32_11.6.1.202207200623/tools/bin/../lib/gcc/arm-none-eabi/10.3.1/../../../../arm-none-eabi/lib/thumb/v7e-m+fp/hard\libcr_c.a(fabs.o)
 .comment       0x00000049       0x4a c:/nxp/mcuxpressoide_11.6.1_8255/ide/plugins/com.nxp.mcuxpresso.tools.win32_11.6.1.202207200623/tools/bin/../lib/gcc/arm-none-eabi/10.3.1/../../../../arm-none-eabi/lib/thumb/v7e-m+fp/hard\libcr_c.a(fpprintf.o)
 .comment       0x00000049       0x4a c:/nxp/mcuxpressoide_11.6.1_8255/ide/plugins/com.nxp.mcuxpresso.tools.win32_11.6.1.202207200623/tools/bin/../lib/gcc/arm-none-eabi/10.3.1/../../../../arm-none-eabi/lib/thumb/v7e-m+fp/hard\libcr_c.a(printf.o)
 .comment       0x00000049       0x4a c:/nxp/mcuxpressoide_11.6.1_8255/ide/plugins/com.nxp.mcuxpresso.tools.win32_11.6.1.202207200623/tools/bin/../lib/gcc/arm-none-eabi/10.3.1/../../../../arm-none-eabi/lib/thumb/v7e-m+fp/hard\libcr_c.a(sin.o)
 .comment       0x00000049       0x4a c:/nxp/mcuxpressoide_11.6.1_8255/ide/plugins/com.nxp.mcuxpresso.tools.win32_11.6.1.202207200623/tools/bin/../lib/gcc/arm-none-eabi/10.3.1/../../../../arm-none-eabi/lib/thumb/v7e-m+fp/hard\libcr_c.a(strlen.o)
 .comment       0x00000049       0x4a c:/nxp/mcuxpressoide_11.6.1_8255/ide/plugins/com.nxp.mcuxpresso.tools.win32_11.6.1.202207200623/tools/bin/../lib/gcc/arm-none-eabi/10.3.1/../../../../arm-none-eabi/lib/thumb/v7e-m+fp/hard\libcr_c.a(tan.o)
 .comment       0x00000049       0x4a c:/nxp/mcuxpressoide_11.6.1_8255/ide/plugins/com.nxp.mcuxpresso.tools.win32_11.6.1.202207200623/tools/bin/../lib/gcc/arm-none-eabi/10.3.1/../../../../arm-none-eabi/lib/thumb/v7e-m+fp/hard\libcr_c.a(memset.o)
 .comment       0x00000049       0x4a c:/nxp/mcuxpressoide_11.6.1_8255/ide/plugins/com.nxp.mcuxpresso.tools.win32_11.6.1.202207200623/tools/bin/../lib/gcc/arm-none-eabi/10.3.1/../../../../arm-none-eabi/lib/thumb/v7e-m+fp/hard\libcr_c.a(_deferredlazyseek.o)
 .comment       0x00000049       0x4a c:/nxp/mcuxpressoide_11.6.1_8255/ide/plugins/com.nxp.mcuxpresso.tools.win32_11.6.1.202207200623/tools/bin/../lib/gcc/arm-none-eabi/10.3.1/../../../../arm-none-eabi/lib/thumb/v7e-m+fp/hard\libcr_c.a(_fflush.o)
 .comment       0x00000049       0x4a c:/nxp/mcuxpressoide_11.6.1_8255/ide/plugins/com.nxp.mcuxpresso.tools.win32_11.6.1.202207200623/tools/bin/../lib/gcc/arm-none-eabi/10.3.1/../../../../arm-none-eabi/lib/thumb/v7e-m+fp/hard\libcr_c.a(_frexpl.o)
 .comment       0x00000049       0x4a c:/nxp/mcuxpressoide_11.6.1_8255/ide/plugins/com.nxp.mcuxpresso.tools.win32_11.6.1.202207200623/tools/bin/../lib/gcc/arm-none-eabi/10.3.1/../../../../arm-none-eabi/lib/thumb/v7e-m+fp/hard\libcr_c.a(_ldexpl.o)
 .comment       0x00000049       0x4a c:/nxp/mcuxpressoide_11.6.1_8255/ide/plugins/com.nxp.mcuxpresso.tools.win32_11.6.1.202207200623/tools/bin/../lib/gcc/arm-none-eabi/10.3.1/../../../../arm-none-eabi/lib/thumb/v7e-m+fp/hard\libcr_c.a(_sincos.o)
 .comment       0x00000049       0x4a c:/nxp/mcuxpressoide_11.6.1_8255/ide/plugins/com.nxp.mcuxpresso.tools.win32_11.6.1.202207200623/tools/bin/../lib/gcc/arm-none-eabi/10.3.1/../../../../arm-none-eabi/lib/thumb/v7e-m+fp/hard\libcr_c.a(_tancot.o)
 .comment       0x00000049       0x4a c:/nxp/mcuxpressoide_11.6.1_8255/ide/plugins/com.nxp.mcuxpresso.tools.win32_11.6.1.202207200623/tools/bin/../lib/gcc/arm-none-eabi/10.3.1/../../../../arm-none-eabi/lib/thumb/v7e-m+fp/hard\libcr_c.a(_writebuf.o)
 .comment       0x00000049       0x4a c:/nxp/mcuxpressoide_11.6.1_8255/ide/plugins/com.nxp.mcuxpresso.tools.win32_11.6.1.202207200623/tools/bin/../lib/gcc/arm-none-eabi/10.3.1/../../../../arm-none-eabi/lib/thumb/v7e-m+fp/hard\libcr_c.a(alloc.o)
 .comment       0x00000049       0x4a c:/nxp/mcuxpressoide_11.6.1_8255/ide/plugins/com.nxp.mcuxpresso.tools.win32_11.6.1.202207200623/tools/bin/../lib/gcc/arm-none-eabi/10.3.1/../../../../arm-none-eabi/lib/thumb/v7e-m+fp/hard\libcr_c.a(fseek.o)
 .comment       0x00000049       0x4a c:/nxp/mcuxpressoide_11.6.1_8255/ide/plugins/com.nxp.mcuxpresso.tools.win32_11.6.1.202207200623/tools/bin/../lib/gcc/arm-none-eabi/10.3.1/../../../../arm-none-eabi/lib/thumb/v7e-m+fp/hard\libcr_c.a(ftell.o)
 .comment       0x00000049       0x4a c:/nxp/mcuxpressoide_11.6.1_8255/ide/plugins/com.nxp.mcuxpresso.tools.win32_11.6.1.202207200623/tools/bin/../lib/gcc/arm-none-eabi/10.3.1/../../../../arm-none-eabi/lib/thumb/v7e-m+fp/hard\libcr_c.a(__init_alloc.o)
 .comment       0x00000049       0x4a c:/nxp/mcuxpressoide_11.6.1_8255/ide/plugins/com.nxp.mcuxpresso.tools.win32_11.6.1.202207200623/tools/bin/../lib/gcc/arm-none-eabi/10.3.1/../../../../arm-none-eabi/lib/thumb/v7e-m+fp/hard\libcr_c.a(_cr_sbrk.o)
 .comment       0x00000049       0x4a c:/nxp/mcuxpressoide_11.6.1_8255/ide/plugins/com.nxp.mcuxpresso.tools.win32_11.6.1.202207200623/tools/bin/../lib/gcc/arm-none-eabi/10.3.1/../../../../arm-none-eabi/lib/thumb/v7e-m+fp/hard\libcr_c.a(_cr_check_heap.o)
 .comment       0x00000049       0x4a c:/nxp/mcuxpressoide_11.6.1_8255/ide/plugins/com.nxp.mcuxpresso.tools.win32_11.6.1.202207200623/tools/bin/../lib/gcc/arm-none-eabi/10.3.1/thumb/v7e-m+fp/hard\libcr_eabihelpers.a(double.o)

.ARM.attributes
                0x00000000       0x32
 .ARM.attributes
                0x00000000       0x34 ./source/timer/SysTick.o
 .ARM.attributes
                0x00000034       0x34 ./source/timer/timer.o
 .ARM.attributes
                0x00000068       0x34 ./source/buffer/SPI_buffer.o
 .ARM.attributes
                0x0000009c       0x34 ./source/buffer/circular_buffer.o
 .ARM.attributes
                0x000000d0       0x34 ./source/buffer/generic_circular_buffer.o
 .ARM.attributes
                0x00000104       0x34 ./source/UART/uart.o
 .ARM.attributes
                0x00000138       0x34 ./source/SPI/SPI.o
 .ARM.attributes
                0x0000016c       0x34 ./source/PIT/PIT.o
 .ARM.attributes
                0x000001a0       0x34 ./source/MPU9250/MPU9250.o
 .ARM.attributes
                0x000001d4       0x34 ./source/MCAL/gpio.o
 .ARM.attributes
                0x00000208       0x34 ./source/I2Cm/I2Cm.o
 .ARM.attributes
                0x0000023c       0x34 ./source/FTM/FTM.o
 .ARM.attributes
                0x00000270       0x34 ./source/App.o
 .ARM.attributes
                0x000002a4       0x34 ./SDK/startup/hardware.o
 .ARM.attributes
                0x000002d8       0x34 ./SDK/startup/main.o
 .ARM.attributes
                0x0000030c       0x34 ./SDK/startup/semihost_hardfault.o
 .ARM.attributes
                0x00000340       0x34 ./SDK/startup/startup_mk64f12.o
 .ARM.attributes
                0x00000374       0x34 ./SDK/CMSIS/system_MK64F12.o
 .ARM.attributes
                0x000003a8       0x34 c:/nxp/mcuxpressoide_11.6.1_8255/ide/plugins/com.nxp.mcuxpresso.tools.win32_11.6.1.202207200623/tools/bin/../lib/gcc/arm-none-eabi/10.3.1/../../../../arm-none-eabi/lib/thumb/v7e-m+fp/hard\libcr_c.a(memcpy.o)
 .ARM.attributes
                0x000003dc       0x34 c:/nxp/mcuxpressoide_11.6.1_8255/ide/plugins/com.nxp.mcuxpresso.tools.win32_11.6.1.202207200623/tools/bin/../lib/gcc/arm-none-eabi/10.3.1/../../../../arm-none-eabi/lib/thumb/v7e-m+fp/hard\libcr_c.a(cos.o)
 .ARM.attributes
                0x00000410       0x34 c:/nxp/mcuxpressoide_11.6.1_8255/ide/plugins/com.nxp.mcuxpresso.tools.win32_11.6.1.202207200623/tools/bin/../lib/gcc/arm-none-eabi/10.3.1/../../../../arm-none-eabi/lib/thumb/v7e-m+fp/hard\libcr_c.a(errno.o)
 .ARM.attributes
                0x00000444       0x34 c:/nxp/mcuxpressoide_11.6.1_8255/ide/plugins/com.nxp.mcuxpresso.tools.win32_11.6.1.202207200623/tools/bin/../lib/gcc/arm-none-eabi/10.3.1/../../../../arm-none-eabi/lib/thumb/v7e-m+fp/hard\libcr_c.a(fabs.o)
 .ARM.attributes
                0x00000478       0x34 c:/nxp/mcuxpressoide_11.6.1_8255/ide/plugins/com.nxp.mcuxpresso.tools.win32_11.6.1.202207200623/tools/bin/../lib/gcc/arm-none-eabi/10.3.1/../../../../arm-none-eabi/lib/thumb/v7e-m+fp/hard\libcr_c.a(fpprintf.o)
 .ARM.attributes
                0x000004ac       0x34 c:/nxp/mcuxpressoide_11.6.1_8255/ide/plugins/com.nxp.mcuxpresso.tools.win32_11.6.1.202207200623/tools/bin/../lib/gcc/arm-none-eabi/10.3.1/../../../../arm-none-eabi/lib/thumb/v7e-m+fp/hard\libcr_c.a(printf.o)
 .ARM.attributes
                0x000004e0       0x34 c:/nxp/mcuxpressoide_11.6.1_8255/ide/plugins/com.nxp.mcuxpresso.tools.win32_11.6.1.202207200623/tools/bin/../lib/gcc/arm-none-eabi/10.3.1/../../../../arm-none-eabi/lib/thumb/v7e-m+fp/hard\libcr_c.a(sin.o)
 .ARM.attributes
                0x00000514       0x34 c:/nxp/mcuxpressoide_11.6.1_8255/ide/plugins/com.nxp.mcuxpresso.tools.win32_11.6.1.202207200623/tools/bin/../lib/gcc/arm-none-eabi/10.3.1/../../../../arm-none-eabi/lib/thumb/v7e-m+fp/hard\libcr_c.a(strlen.o)
 .ARM.attributes
                0x00000548       0x34 c:/nxp/mcuxpressoide_11.6.1_8255/ide/plugins/com.nxp.mcuxpresso.tools.win32_11.6.1.202207200623/tools/bin/../lib/gcc/arm-none-eabi/10.3.1/../../../../arm-none-eabi/lib/thumb/v7e-m+fp/hard\libcr_c.a(tan.o)
 .ARM.attributes
                0x0000057c       0x34 c:/nxp/mcuxpressoide_11.6.1_8255/ide/plugins/com.nxp.mcuxpresso.tools.win32_11.6.1.202207200623/tools/bin/../lib/gcc/arm-none-eabi/10.3.1/../../../../arm-none-eabi/lib/thumb/v7e-m+fp/hard\libcr_c.a(memset.o)
 .ARM.attributes
                0x000005b0       0x34 c:/nxp/mcuxpressoide_11.6.1_8255/ide/plugins/com.nxp.mcuxpresso.tools.win32_11.6.1.202207200623/tools/bin/../lib/gcc/arm-none-eabi/10.3.1/../../../../arm-none-eabi/lib/thumb/v7e-m+fp/hard\libcr_c.a(_deferredlazyseek.o)
 .ARM.attributes
                0x000005e4       0x34 c:/nxp/mcuxpressoide_11.6.1_8255/ide/plugins/com.nxp.mcuxpresso.tools.win32_11.6.1.202207200623/tools/bin/../lib/gcc/arm-none-eabi/10.3.1/../../../../arm-none-eabi/lib/thumb/v7e-m+fp/hard\libcr_c.a(_fflush.o)
 .ARM.attributes
                0x00000618       0x34 c:/nxp/mcuxpressoide_11.6.1_8255/ide/plugins/com.nxp.mcuxpresso.tools.win32_11.6.1.202207200623/tools/bin/../lib/gcc/arm-none-eabi/10.3.1/../../../../arm-none-eabi/lib/thumb/v7e-m+fp/hard\libcr_c.a(_frexpl.o)
 .ARM.attributes
                0x0000064c       0x34 c:/nxp/mcuxpressoide_11.6.1_8255/ide/plugins/com.nxp.mcuxpresso.tools.win32_11.6.1.202207200623/tools/bin/../lib/gcc/arm-none-eabi/10.3.1/../../../../arm-none-eabi/lib/thumb/v7e-m+fp/hard\libcr_c.a(_ldexpl.o)
 .ARM.attributes
                0x00000680       0x34 c:/nxp/mcuxpressoide_11.6.1_8255/ide/plugins/com.nxp.mcuxpresso.tools.win32_11.6.1.202207200623/tools/bin/../lib/gcc/arm-none-eabi/10.3.1/../../../../arm-none-eabi/lib/thumb/v7e-m+fp/hard\libcr_c.a(_sincos.o)
 .ARM.attributes
                0x000006b4       0x34 c:/nxp/mcuxpressoide_11.6.1_8255/ide/plugins/com.nxp.mcuxpresso.tools.win32_11.6.1.202207200623/tools/bin/../lib/gcc/arm-none-eabi/10.3.1/../../../../arm-none-eabi/lib/thumb/v7e-m+fp/hard\libcr_c.a(_tancot.o)
 .ARM.attributes
                0x000006e8       0x34 c:/nxp/mcuxpressoide_11.6.1_8255/ide/plugins/com.nxp.mcuxpresso.tools.win32_11.6.1.202207200623/tools/bin/../lib/gcc/arm-none-eabi/10.3.1/../../../../arm-none-eabi/lib/thumb/v7e-m+fp/hard\libcr_c.a(_writebuf.o)
 .ARM.attributes
                0x0000071c       0x34 c:/nxp/mcuxpressoide_11.6.1_8255/ide/plugins/com.nxp.mcuxpresso.tools.win32_11.6.1.202207200623/tools/bin/../lib/gcc/arm-none-eabi/10.3.1/../../../../arm-none-eabi/lib/thumb/v7e-m+fp/hard\libcr_c.a(alloc.o)
 .ARM.attributes
                0x00000750       0x34 c:/nxp/mcuxpressoide_11.6.1_8255/ide/plugins/com.nxp.mcuxpresso.tools.win32_11.6.1.202207200623/tools/bin/../lib/gcc/arm-none-eabi/10.3.1/../../../../arm-none-eabi/lib/thumb/v7e-m+fp/hard\libcr_c.a(fseek.o)
 .ARM.attributes
                0x00000784       0x34 c:/nxp/mcuxpressoide_11.6.1_8255/ide/plugins/com.nxp.mcuxpresso.tools.win32_11.6.1.202207200623/tools/bin/../lib/gcc/arm-none-eabi/10.3.1/../../../../arm-none-eabi/lib/thumb/v7e-m+fp/hard\libcr_c.a(ftell.o)
 .ARM.attributes
                0x000007b8       0x34 c:/nxp/mcuxpressoide_11.6.1_8255/ide/plugins/com.nxp.mcuxpresso.tools.win32_11.6.1.202207200623/tools/bin/../lib/gcc/arm-none-eabi/10.3.1/../../../../arm-none-eabi/lib/thumb/v7e-m+fp/hard\libcr_c.a(__init_alloc.o)
 .ARM.attributes
                0x000007ec       0x34 c:/nxp/mcuxpressoide_11.6.1_8255/ide/plugins/com.nxp.mcuxpresso.tools.win32_11.6.1.202207200623/tools/bin/../lib/gcc/arm-none-eabi/10.3.1/../../../../arm-none-eabi/lib/thumb/v7e-m+fp/hard\libcr_c.a(_cr_sbrk.o)
 .ARM.attributes
                0x00000820       0x34 c:/nxp/mcuxpressoide_11.6.1_8255/ide/plugins/com.nxp.mcuxpresso.tools.win32_11.6.1.202207200623/tools/bin/../lib/gcc/arm-none-eabi/10.3.1/../../../../arm-none-eabi/lib/thumb/v7e-m+fp/hard\libcr_c.a(_cr_check_heap.o)
 .ARM.attributes
                0x00000854       0x20 c:/nxp/mcuxpressoide_11.6.1_8255/ide/plugins/com.nxp.mcuxpresso.tools.win32_11.6.1.202207200623/tools/bin/../lib/gcc/arm-none-eabi/10.3.1/thumb/v7e-m+fp/hard\libcr_eabihelpers.a(division_64.o)
 .ARM.attributes
                0x00000874       0x20 c:/nxp/mcuxpressoide_11.6.1_8255/ide/plugins/com.nxp.mcuxpresso.tools.win32_11.6.1.202207200623/tools/bin/../lib/gcc/arm-none-eabi/10.3.1/thumb/v7e-m+fp/hard\libcr_eabihelpers.a(division_idiv0.o)
 .ARM.attributes
                0x00000894       0x34 c:/nxp/mcuxpressoide_11.6.1_8255/ide/plugins/com.nxp.mcuxpresso.tools.win32_11.6.1.202207200623/tools/bin/../lib/gcc/arm-none-eabi/10.3.1/thumb/v7e-m+fp/hard\libcr_eabihelpers.a(double.o)
 .ARM.attributes
                0x000008c8       0x20 c:/nxp/mcuxpressoide_11.6.1_8255/ide/plugins/com.nxp.mcuxpresso.tools.win32_11.6.1.202207200623/tools/bin/../lib/gcc/arm-none-eabi/10.3.1/thumb/v7e-m+fp/hard\libcr_eabihelpers.a(memcpy.o)
 .ARM.attributes
                0x000008e8       0x20 c:/nxp/mcuxpressoide_11.6.1_8255/ide/plugins/com.nxp.mcuxpresso.tools.win32_11.6.1.202207200623/tools/bin/../lib/gcc/arm-none-eabi/10.3.1/../../../../arm-none-eabi/lib/thumb/v7e-m+fp/hard\libcr_semihost_nf.a(__sys_appexit.o)
 .ARM.attributes
                0x00000908       0x20 c:/nxp/mcuxpressoide_11.6.1_8255/ide/plugins/com.nxp.mcuxpresso.tools.win32_11.6.1.202207200623/tools/bin/../lib/gcc/arm-none-eabi/10.3.1/../../../../arm-none-eabi/lib/thumb/v7e-m+fp/hard\libcr_semihost_nf.a(__sys_flen.o)
 .ARM.attributes
                0x00000928       0x20 c:/nxp/mcuxpressoide_11.6.1_8255/ide/plugins/com.nxp.mcuxpresso.tools.win32_11.6.1.202207200623/tools/bin/../lib/gcc/arm-none-eabi/10.3.1/../../../../arm-none-eabi/lib/thumb/v7e-m+fp/hard\libcr_semihost_nf.a(__sys_istty.o)
 .ARM.attributes
                0x00000948       0x20 c:/nxp/mcuxpressoide_11.6.1_8255/ide/plugins/com.nxp.mcuxpresso.tools.win32_11.6.1.202207200623/tools/bin/../lib/gcc/arm-none-eabi/10.3.1/../../../../arm-none-eabi/lib/thumb/v7e-m+fp/hard\libcr_semihost_nf.a(__sys_seek.o)
 .ARM.attributes
                0x00000968       0x20 c:/nxp/mcuxpressoide_11.6.1_8255/ide/plugins/com.nxp.mcuxpresso.tools.win32_11.6.1.202207200623/tools/bin/../lib/gcc/arm-none-eabi/10.3.1/../../../../arm-none-eabi/lib/thumb/v7e-m+fp/hard\libcr_semihost_nf.a(__sys_write.o)

.debug_frame    0x00000000     0x1cec
 .debug_frame   0x00000000       0x88 ./source/timer/SysTick.o
 .debug_frame   0x00000088      0x10c ./source/timer/timer.o
 .debug_frame   0x00000194      0x148 ./source/buffer/SPI_buffer.o
 .debug_frame   0x000002dc      0x140 ./source/buffer/circular_buffer.o
 .debug_frame   0x0000041c      0x144 ./source/buffer/generic_circular_buffer.o
 .debug_frame   0x00000560      0x214 ./source/UART/uart.o
 .debug_frame   0x00000774      0x154 ./source/SPI/SPI.o
 .debug_frame   0x000008c8      0x15c ./source/PIT/PIT.o
 .debug_frame   0x00000a24      0x184 ./source/MPU9250/MPU9250.o
 .debug_frame   0x00000ba8      0x214 ./source/MCAL/gpio.o
 .debug_frame   0x00000dbc      0x128 ./source/I2Cm/I2Cm.o
 .debug_frame   0x00000ee4      0x248 ./source/FTM/FTM.o
 .debug_frame   0x0000112c      0x18c ./source/App.o
 .debug_frame   0x000012b8       0x70 ./SDK/startup/hardware.o
 .debug_frame   0x00001328       0x2c ./SDK/startup/main.o
 .debug_frame   0x00001354       0x20 ./SDK/startup/semihost_hardfault.o
 .debug_frame   0x00001374      0x904 ./SDK/startup/startup_mk64f12.o
 .debug_frame   0x00001c78       0x74 ./SDK/CMSIS/system_MK64F12.o