Archive member included to satisfy reference by file (symbol)

c:/nxp/mcuxpressoide_11.6.1_8255/ide/plugins/com.nxp.mcuxpresso.tools.win32_11.6.1.202207200623/tools/bin/../lib/gcc/arm-none-eabi/10.3.1/../../../../arm-none-eabi/lib/thumb/v7e-m+fp/hard\libcr_c.a(memcpy.o)
                              ./source/buffer/SPI_buffer.o (memcpy)
c:/nxp/mcuxpressoide_11.6.1_8255/ide/plugins/com.nxp.mcuxpresso.tools.win32_11.6.1.202207200623/tools/bin/../lib/gcc/arm-none-eabi/10.3.1/../../../../arm-none-eabi/lib/thumb/v7e-m+fp/hard\libcr_c.a(fpprintf.o)
                              ./source/App.o (sprintf)
c:/nxp/mcuxpressoide_11.6.1_8255/ide/plugins/com.nxp.mcuxpresso.tools.win32_11.6.1.202207200623/tools/bin/../lib/gcc/arm-none-eabi/10.3.1/../../../../arm-none-eabi/lib/thumb/v7e-m+fp/hard\libcr_c.a(printf.o)
                              c:/nxp/mcuxpressoide_11.6.1_8255/ide/plugins/com.nxp.mcuxpresso.tools.win32_11.6.1.202207200623/tools/bin/../lib/gcc/arm-none-eabi/10.3.1/../../../../arm-none-eabi/lib/thumb/v7e-m+fp/hard\libcr_c.a(fpprintf.o) (__vfprintf)
c:/nxp/mcuxpressoide_11.6.1_8255/ide/plugins/com.nxp.mcuxpresso.tools.win32_11.6.1.202207200623/tools/bin/../lib/gcc/arm-none-eabi/10.3.1/../../../../arm-none-eabi/lib/thumb/v7e-m+fp/hard\libcr_c.a(strlen.o)
                              c:/nxp/mcuxpressoide_11.6.1_8255/ide/plugins/com.nxp.mcuxpresso.tools.win32_11.6.1.202207200623/tools/bin/../lib/gcc/arm-none-eabi/10.3.1/../../../../arm-none-eabi/lib/thumb/v7e-m+fp/hard\libcr_c.a(printf.o) (strlen)
c:/nxp/mcuxpressoide_11.6.1_8255/ide/plugins/com.nxp.mcuxpresso.tools.win32_11.6.1.202207200623/tools/bin/../lib/gcc/arm-none-eabi/10.3.1/../../../../arm-none-eabi/lib/thumb/v7e-m+fp/hard\libcr_c.a(memset.o)
                              c:/nxp/mcuxpressoide_11.6.1_8255/ide/plugins/com.nxp.mcuxpresso.tools.win32_11.6.1.202207200623/tools/bin/../lib/gcc/arm-none-eabi/10.3.1/../../../../arm-none-eabi/lib/thumb/v7e-m+fp/hard\libcr_c.a(fpprintf.o) (memset)
c:/nxp/mcuxpressoide_11.6.1_8255/ide/plugins/com.nxp.mcuxpresso.tools.win32_11.6.1.202207200623/tools/bin/../lib/gcc/arm-none-eabi/10.3.1/../../../../arm-none-eabi/lib/thumb/v7e-m+fp/hard\libcr_c.a(_deferredlazyseek.o)
                              c:/nxp/mcuxpressoide_11.6.1_8255/ide/plugins/com.nxp.mcuxpresso.tools.win32_11.6.1.202207200623/tools/bin/../lib/gcc/arm-none-eabi/10.3.1/../../../../arm-none-eabi/lib/thumb/v7e-m+fp/hard\libcr_c.a(fpprintf.o) (__flsbuf)
c:/nxp/mcuxpressoide_11.6.1_8255/ide/plugins/com.nxp.mcuxpresso.tools.win32_11.6.1.202207200623/tools/bin/../lib/gcc/arm-none-eabi/10.3.1/../../../../arm-none-eabi/lib/thumb/v7e-m+fp/hard\libcr_c.a(_fflush.o)
                              c:/nxp/mcuxpressoide_11.6.1_8255/ide/plugins/com.nxp.mcuxpresso.tools.win32_11.6.1.202207200623/tools/bin/../lib/gcc/arm-none-eabi/10.3.1/../../../../arm-none-eabi/lib/thumb/v7e-m+fp/hard\libcr_c.a(_deferredlazyseek.o) (_fflush)
c:/nxp/mcuxpressoide_11.6.1_8255/ide/plugins/com.nxp.mcuxpresso.tools.win32_11.6.1.202207200623/tools/bin/../lib/gcc/arm-none-eabi/10.3.1/../../../../arm-none-eabi/lib/thumb/v7e-m+fp/hard\libcr_c.a(_frexpl.o)
                              c:/nxp/mcuxpressoide_11.6.1_8255/ide/plugins/com.nxp.mcuxpresso.tools.win32_11.6.1.202207200623/tools/bin/../lib/gcc/arm-none-eabi/10.3.1/../../../../arm-none-eabi/lib/thumb/v7e-m+fp/hard\libcr_c.a(fpprintf.o) (_frexpl)
c:/nxp/mcuxpressoide_11.6.1_8255/ide/plugins/com.nxp.mcuxpresso.tools.win32_11.6.1.202207200623/tools/bin/../lib/gcc/arm-none-eabi/10.3.1/../../../../arm-none-eabi/lib/thumb/v7e-m+fp/hard\libcr_c.a(_ldexpl.o)
                              c:/nxp/mcuxpressoide_11.6.1_8255/ide/plugins/com.nxp.mcuxpresso.tools.win32_11.6.1.202207200623/tools/bin/../lib/gcc/arm-none-eabi/10.3.1/../../../../arm-none-eabi/lib/thumb/v7e-m+fp/hard\libcr_c.a(fpprintf.o) (_ldexpl)
c:/nxp/mcuxpressoide_11.6.1_8255/ide/plugins/com.nxp.mcuxpresso.tools.win32_11.6.1.202207200623/tools/bin/../lib/gcc/arm-none-eabi/10.3.1/../../../../arm-none-eabi/lib/thumb/v7e-m+fp/hard\libcr_c.a(_writebuf.o)
                              c:/nxp/mcuxpressoide_11.6.1_8255/ide/plugins/com.nxp.mcuxpresso.tools.win32_11.6.1.202207200623/tools/bin/../lib/gcc/arm-none-eabi/10.3.1/../../../../arm-none-eabi/lib/thumb/v7e-m+fp/hard\libcr_c.a(_deferredlazyseek.o) (_Cwritebuf)
c:/nxp/mcuxpressoide_11.6.1_8255/ide/plugins/com.nxp.mcuxpresso.tools.win32_11.6.1.202207200623/tools/bin/../lib/gcc/arm-none-eabi/10.3.1/../../../../arm-none-eabi/lib/thumb/v7e-m+fp/hard\libcr_c.a(alloc.o)
                              c:/nxp/mcuxpressoide_11.6.1_8255/ide/plugins/com.nxp.mcuxpresso.tools.win32_11.6.1.202207200623/tools/bin/../lib/gcc/arm-none-eabi/10.3.1/../../../../arm-none-eabi/lib/thumb/v7e-m+fp/hard\libcr_c.a(fpprintf.o) (malloc)
c:/nxp/mcuxpressoide_11.6.1_8255/ide/plugins/com.nxp.mcuxpresso.tools.win32_11.6.1.202207200623/tools/bin/../lib/gcc/arm-none-eabi/10.3.1/../../../../arm-none-eabi/lib/thumb/v7e-m+fp/hard\libcr_c.a(errno.o)
[...]
Memory Configuration

Name             Origin             Length             Attributes
PROGRAM_FLASH    0x00000000         0x00100000         xr
SRAM_UPPER       0x20000000         0x00030000         xrw
SRAM_LOWER       0x1fff0000         0x00010000         xrw
FLEX_RAM         0x14000000         0x00001000         xrw
*default*        0x00000000         0xffffffff

Linker script and memory map

LOAD ./source/timer/SysTick.o
LOAD ./source/timer/timer.o
LOAD ./source/event_queue/event_queue.o
LOAD ./source/buffer/SPI_buffer.o
LOAD ./source/buffer/circular_buffer.o
LOAD ./source/buffer/circular_buffer_16.o
LOAD ./source/buffer/generic_circular_buffer.o
LOAD ./source/UART/uart.o
LOAD ./source/SPI/SPI.o
LOAD ./source/PIT/PIT.o
LOAD ./source/MPU9250/MPU9250.o
LOAD ./source/MCAL/gpio.o
LOAD ./source/I2Cm/I2Cm.o
LOAD ./source/FTM/FTM.o
LOAD ./source/CMP/CMP.o
LOAD ./source/CAN/CAN.o
LOAD ./source/ADC/ADC.o
LOAD ./source/ADC/ADC_hal.o
LOAD ./source/App.o
LOAD ./SDK/startup/hardware.o
LOAD ./SDK/startup/main.o
LOAD ./SDK/startup/semihost_hardfault.o
LOAD ./SDK/startup/startup_mk64f12.o
LOAD ./SDK/CMSIS/system_MK64F12.o
START GROUP
LOAD c:/nxp/mcuxpressoide_11.6.1_8255/ide/plugins/com.nxp.mcuxpresso.tools.win32_11.6.1.202207200623/tools/bin/../lib/gcc/arm-none-eabi/10.3.1/../../../../arm-none-eabi/lib/thumb/v7e-m+fp/hard\libcr_semihost_nf.a
LOAD c:/nxp/mcuxpressoide_11.6.1_8255/ide/plugins/com.nxp.mcuxpresso.tools.win32_11.6.1.202207200623/tools/bin/../lib/gcc/arm-none-eabi/10.3.1/../../../../arm-none-eabi/lib/thumb/v7e-m+fp/hard\libcr_c.a
LOAD c:/nxp/mcuxpressoide_11.6.1_8255/ide/plugins/com.nxp.mcuxpresso.tools.win32_11.6.1.202207200623/tools/bin/../lib/gcc/arm-none-eabi/10.3.1/thumb/v7e-m+fp/hard\libcr_eabihelpers.a
LOAD c:/nxp/mcuxpressoide_11.6.1_8255/ide/plugins/com.nxp.mcuxpresso.tools.win32_11.6.1.202207200623/tools/bin/../lib/gcc/arm-none-eabi/10.3.1/thumb/v7e-m+fp/hard\libgcc.a
END GROUP
                0x00000000                __base_PROGRAM_FLASH = 0x0
                0x00000000                __base_Flash = 0x0
                0x00100000                __top_PROGRAM_FLASH = 0x100000
                0x00100000                __top_Flash = 0x100000
                0x20000000                __base_SRAM_UPPER = 0x20000000
                0x20000000                __base_RAM = 0x20000000
                0x20030000                __top_SRAM_UPPER = 0x20030000
                0x20030000                __top_RAM = 0x20030000
                0x1fff0000                __base_SRAM_LOWER = 0x1fff0000
                0x1fff0000                __base_RAM2 = 0x1fff0000
                0x20000000                __top_SRAM_LOWER = 0x20000000
                0x20000000                __top_RAM2 = 0x20000000
                0x14000000                __base_FLEX_RAM = 0x14000000
                0x14000000                __base_RAM3 = 0x14000000
                0x14001000                __top_FLEX_RAM = 0x14001000
                0x14001000                __top_RAM3 = 0x14001000

.text           0x00000000     0x51e0
 FILL mask 0xff
                0x00000000                __vectors_start__ = ABSOLUTE (.)
 *(SORT_BY_ALIGNMENT(.isr_vector))
 .isr_vector    0x00000000      0x198 ./SDK/startup/startup_mk64f12.o
                0x00000000                g_pfnVectors
                0x00000000                __Vectors
                0x00000198                . = ALIGN (0x4)
                0x00000198                __section_table_start = .
                0x00000198                __data_section_table = .
                0x00000198        0x4 LONG 0x51e0 LOADADDR (.data)
                0x0000019c        0x4 LONG 0x20000000 ADDR (.data)
                0x000001a0        0x4 LONG 0x10 SIZEOF (.data)
                0x000001a4        0x4 LONG 0x51e0 LOADADDR (.data_RAM2)
                0x000001a8        0x4 LONG 0x1fff0000 ADDR (.data_RAM2)
                0x000001ac        0x4 LONG 0x0 SIZEOF (.data_RAM2)
                0x000001b0        0x4 LONG 0x51e0 LOADADDR (.data_RAM3)
                0x000001b4        0x4 LONG 0x14000000 ADDR (.data_RAM3)
                0x000001b8        0x4 LONG 0x0 SIZEOF (.data_RAM3)
                0x000001bc                __data_section_table_end = .
                0x000001bc                __bss_section_table = .
                0x000001bc        0x4 LONG 0x20000010 ADDR (.bss)
                0x000001c0        0x4 LONG 0x1318 SIZEOF (.bss)
                0x000001c4        0x4 LONG 0x1fff0000 ADDR (.bss_RAM2)
                0x000001c8        0x4 LONG 0x0 SIZEOF (.bss_RAM2)
                0x000001cc        0x4 LONG 0x14000000 ADDR (.bss_RAM3)
                0x000001d0        0x4 LONG 0x0 SIZEOF (.bss_RAM3)
                0x000001d4                __bss_section_table_end = .
                0x000001d4                __section_table_end = .
 *(SORT_BY_ALIGNMENT(.after_vectors*))
 .after_vectors.reset
                0x000001d4       0x4c ./SDK/startup/startup_mk64f12.o
                0x000001d4                ResetISR
 .after_vectors.init_data
                0x00000220       0x1e ./SDK/startup/startup_mk64f12.o
                0x00000220                data_init
 .after_vectors.init_bss
                0x0000023e       0x12 ./SDK/startup/startup_mk64f12.o
                0x0000023e                bss_init
 .after_vectors
                0x00000250       0x14 ./SDK/startup/startup_mk64f12.o
                0x00000250                NMI_Handler
                0x00000254                MemManage_Handler
                0x00000256                BusFault_Handler
                0x00000258                UsageFault_Handler
                0x0000025a                SVC_Handler
                0x0000025c                DebugMon_Handler
                0x0000025e                PendSV_Handler
                0x00000262                DMA_Error_DriverIRQHandler
                0x00000262                LPTMR0_DriverIRQHandler
                0x00000262                FTM1_DriverIRQHandler
                0x00000262                FTM2_DriverIRQHandler
                0x00000262                PIT2_DriverIRQHandler
                0x00000262                SDHC_DriverIRQHandler
                0x00000262                I2S0_Tx_DriverIRQHandler
                0x00000262                RTC_Seconds_DriverIRQHandler
                0x00000262                DMA6_DriverIRQHandler
                0x00000262                LLWU_DriverIRQHandler
                0x00000262                MCM_DriverIRQHandler
                0x00000262                MCG_DriverIRQHandler
                0x00000262                ENET_1588_Timer_DriverIRQHandler
                0x00000262                I2C2_DriverIRQHandler
                0x00000262                DAC1_DriverIRQHandler
                0x00000262                SPI1_DriverIRQHandler
                0x00000262                CMP1_DriverIRQHandler
                0x00000262                UART5_RX_TX_DriverIRQHandler
                0x00000262                FTM0_DriverIRQHandler
                0x00000262                IntDefaultHandler
                0x00000262                USB0_DriverIRQHandler
                0x00000262                UART5_ERR_DriverIRQHandler
                0x00000262                PORTC_DriverIRQHandler
                0x00000262                DMA11_DriverIRQHandler
                0x00000262                DAC0_DriverIRQHandler
                0x00000262                DMA10_DriverIRQHandler
                0x00000262                CMP2_DriverIRQHandler
                0x00000262                UART2_ERR_DriverIRQHandler
                0x00000262                SPI2_DriverIRQHandler
                0x00000262                LVD_LVW_DriverIRQHandler
                0x00000262                PIT0_DriverIRQHandler
                0x00000262                RNG_DriverIRQHandler
                0x00000262                DMA5_DriverIRQHandler
                0x00000262                DMA12_DriverIRQHandler
                0x00000262                UART2_RX_TX_DriverIRQHandler
                0x00000262                USBDCD_DriverIRQHandler
                0x00000262                UART3_ERR_DriverIRQHandler
                0x00000262                DMA3_DriverIRQHandler
                0x00000262                DMA8_DriverIRQHandler
                0x00000262                DMA9_DriverIRQHandler
                0x00000262                UART0_ERR_DriverIRQHandler
                0x00000262                CMT_DriverIRQHandler
                0x00000262                Reserved71_DriverIRQHandler
                0x00000262                ADC1_DriverIRQHandler
                0x00000262                PORTA_DriverIRQHandler
                0x00000262                DMA14_DriverIRQHandler
                0x00000262                PIT3_DriverIRQHandler
                0x00000262                PIT1_DriverIRQHandler
                0x00000262                WDOG_EWM_DriverIRQHandler
                0x00000262                PDB0_DriverIRQHandler
                0x00000262                RTC_DriverIRQHandler
                0x00000262                I2S0_Rx_DriverIRQHandler
                0x00000262                Read_Collision_DriverIRQHandler
                0x00000262                SWI_DriverIRQHandler
                0x00000262                UART4_RX_TX_DriverIRQHandler
                0x00000262                UART4_ERR_DriverIRQHandler
                0x00000262                PORTB_DriverIRQHandler
                0x00000262                UART0_LON_DriverIRQHandler
                0x00000262                DMA0_DriverIRQHandler
                0x00000262                DMA1_DriverIRQHandler
                0x00000262                I2C1_DriverIRQHandler
                0x00000262                UART3_RX_TX_DriverIRQHandler
                0x00000262                ENET_Receive_DriverIRQHandler
                0x00000262                DMA13_DriverIRQHandler
                0x00000262                ENET_Error_DriverIRQHandler
                0x00000262                DMA15_DriverIRQHandler
                0x00000262                UART0_RX_TX_DriverIRQHandler
                0x00000262                SPI0_DriverIRQHandler
                0x00000262                ADC0_DriverIRQHandler
                0x00000262                CMP0_DriverIRQHandler
                0x00000262                CAN0_DriverIRQHandler
                0x00000262                FTM3_DriverIRQHandler
                0x00000262                DMA4_DriverIRQHandler
                0x00000262                UART1_ERR_DriverIRQHandler
                0x00000262                DMA2_DriverIRQHandler
                0x00000262                ENET_Transmit_DriverIRQHandler
                0x00000262                PORTD_DriverIRQHandler
                0x00000262                PORTE_DriverIRQHandler
                0x00000262                FTFE_DriverIRQHandler
                0x00000262                I2C0_DriverIRQHandler
                0x00000262                DMA7_DriverIRQHandler
                0x00000262                UART1_RX_TX_DriverIRQHandler
                0x00000400                . = 0x400
 *fill*         0x00000264      0x19c ff
                0x00000400                PROVIDE (__FLASH_CONFIG_START__ = .)
 *(SORT_BY_ALIGNMENT(.FlashConfig))
 .FlashConfig   0x00000400       0x10 ./SDK/startup/startup_mk64f12.o
                0x00000400                Flash_Config
                0x00000410                PROVIDE (__FLASH_CONFIG_END__ = .)
                0x00000001                ASSERT (! ((__FLASH_CONFIG_START__ == __FLASH_CONFIG_END__)), Linker Flash Config Support Enabled, but no .FlashConfig section provided within application)
 *(SORT_BY_ALIGNMENT(.text*))
 .text.calibrateMPU9250
                0x00000410      0x14c ./source/MPU9250/MPU9250.o
                0x00000410                calibrateMPU9250
 *fill*         0x0000055c        0x4 ff
 .text.int2doubleGyro
                0x00000560       0xe0 ./source/MPU9250/MPU9250.o
                0x00000560                int2doubleGyro
 .text.int2doubleAcc
                0x00000640       0xd4 ./source/MPU9250/MPU9250.o
                0x00000640                int2doubleAcc
 *fill*         0x00000714        0x4 ff
 .text.fp_display
                0x00000718      0x964 c:/nxp/mcuxpressoide_11.6.1_8255/ide/plugins/com.nxp.mcuxpresso.tools.win32_11.6.1.202207200623/tools/bin/../lib/gcc/arm-none-eabi/10.3.1/../../../../arm-none-eabi/lib/thumb/v7e-m+fp/hard\libcr_c.a(fpprintf.o)
 *fill*         0x0000107c        0x4 ff
 .text._frexpl  0x00001080       0x68 c:/nxp/mcuxpressoide_11.6.1_8255/ide/plugins/com.nxp.mcuxpresso.tools.win32_11.6.1.202207200623/tools/bin/../lib/gcc/arm-none-eabi/10.3.1/../../../../arm-none-eabi/lib/thumb/v7e-m+fp/hard\libcr_c.a(_frexpl.o)
                0x00001080                _frexpl
 .text._ldexpl  0x000010e8       0x5c c:/nxp/mcuxpressoide_11.6.1_8255/ide/plugins/com.nxp.mcuxpresso.tools.win32_11.6.1.202207200623/tools/bin/../lib/gcc/arm-none-eabi/10.3.1/../../../../arm-none-eabi/lib/thumb/v7e-m+fp/hard\libcr_c.a(_ldexpl.o)
                0x000010e8                _ldexpl
 .text.__NVIC_EnableIRQ
                0x00001144       0x3c ./source/timer/SysTick.o
 .text.SysTick_Init
                0x00001180       0x48 ./source/timer/SysTick.o
                0x00001180                SysTick_Init
 .text.SysTick_Handler
                0x000011c8       0x24 ./source/timer/SysTick.o
                0x000011c8                SysTick_Handler
 .text.timerInit
                0x000011ec       0x28 ./source/timer/timer.o
                0x000011ec                timerInit
 .text.timerGetId
                0x00001214       0x2c ./source/timer/timer.o
                0x00001214                timerGetId
 .text.timerStart
                0x00001240       0xb8 ./source/timer/timer.o
                0x00001240                timerStart
 .text.timerExpired
                0x000012f8       0x54 ./source/timer/timer.o
                0x000012f8                timerExpired
 .text.timer_isr
                0x0000134c       0xe0 ./source/timer/timer.o
 .text.SPIBgetPckg
                0x0000142c       0x84 ./source/buffer/SPI_buffer.o
                0x0000142c                SPIBgetPckg
 .text.__NVIC_EnableIRQ
                0x000014b0       0x3c ./source/UART/uart.o
 .text.uartInit
                0x000014ec      0x1c8 ./source/UART/uart.o
                0x000014ec                uartInit
 .text.uartWriteMsg
                0x000016b4       0x78 ./source/UART/uart.o
                0x000016b4                uartWriteMsg
 .text.uartIsTxMsgComplete
                0x0000172c       0x30 ./source/UART/uart.o
                0x0000172c                uartIsTxMsgComplete
 .text.UART_Rx_Tx_IRQ
                0x0000175c       0xd0 ./source/UART/uart.o
 .text.SPI0_IRQHandler
                0x0000182c      0x14c ./source/SPI/SPI.o
                0x0000182c                SPI0_IRQHandler
 .text.PIT0_IRQHandler
                0x00001978       0x40 ./source/PIT/PIT.o
                0x00001978                PIT0_IRQHandler
 .text.PIT1_IRQHandler
                0x000019b8       0x30 ./source/PIT/PIT.o
                0x000019b8                PIT1_IRQHandler
 .text.PIT2_IRQHandler
                0x000019e8       0x30 ./source/PIT/PIT.o
                0x000019e8                PIT2_IRQHandler
 .text.PIT3_IRQHandler
                0x00001a18       0x30 ./source/PIT/PIT.o
                0x00001a18                PIT3_IRQHandler
 .text.initMPU9250
                0x00001a48      0x3ac ./source/MPU9250/MPU9250.o
                0x00001a48                initMPU9250
 .text.whoAmI   0x00001df4       0x58 ./source/MPU9250/MPU9250.o
                0x00001df4                whoAmI
 .text.readAccelData
                0x00001e4c       0x94 ./source/MPU9250/MPU9250.o
                0x00001e4c                readAccelData
 .text.readGyroData
                0x00001ee0       0x94 ./source/MPU9250/MPU9250.o
                0x00001ee0                readGyroData
 .text.resetMPU9250
                0x00001f74       0x60 ./source/MPU9250/MPU9250.o
                0x00001f74                resetMPU9250
 .text.gpioMode
                0x00001fd4      0x174 ./source/MCAL/gpio.o
                0x00001fd4                gpioMode
 .text.gpioWrite
                0x00002148       0x68 ./source/MCAL/gpio.o
                0x00002148                gpioWrite
 .text.PORTA_IRQHandler
                0x000021b0       0x64 ./source/MCAL/gpio.o
                0x000021b0                PORTA_IRQHandler
 .text.PORTB_IRQHandler
                0x00002214       0x64 ./source/MCAL/gpio.o
                0x00002214                PORTB_IRQHandler
 .text.PORTC_IRQHandler
                0x00002278       0x64 ./source/MCAL/gpio.o
                0x00002278                PORTC_IRQHandler
 .text.PORTD_IRQHandler
                0x000022dc       0x64 ./source/MCAL/gpio.o
                0x000022dc                PORTD_IRQHandler
 .text.PORTE_IRQHandler
                0x00002340       0x64 ./source/MCAL/gpio.o
                0x00002340                PORTE_IRQHandler
 .text.__NVIC_EnableIRQ
                0x000023a4       0x3c ./source/I2Cm/I2Cm.o
 .text.I2CmInit
                0x000023e0      0x114 ./source/I2Cm/I2Cm.o
                0x000023e0                I2CmInit
 .text.I2CmStartTransaction
                0x000024f4      0x248 ./source/I2Cm/I2Cm.o
                0x000024f4                I2CmStartTransaction
 .text.isI2CBusy
                0x0000273c       0x68 ./source/I2Cm/I2Cm.o
                0x0000273c                isI2CBusy
 .text.I2C0_IRQHandler
                0x000027a4      0x2cc ./source/I2Cm/I2Cm.o
                0x000027a4                I2C0_IRQHandler
 .text.FTM0_IRQHandler
                0x00002a70       0x9c ./source/FTM/FTM.o
                0x00002a70                FTM0_IRQHandler
 .text.FTM1_IRQHandler
                0x00002b0c       0xa4 ./source/FTM/FTM.o
                0x00002b0c                FTM1_IRQHandler
 .text.App_Run  0x00002bb0       0xa8 ./source/App.o
                0x00002bb0                App_Run
 .text.sendUartMessage
                0x00002c58       0xc0 ./source/App.o
 .text.hw_Init  0x00002d18      0x108 ./SDK/startup/hardware.o
                0x00002d18                hw_Init
 .text.hw_EnableInterrupts
                0x00002e20       0x30 ./SDK/startup/hardware.o
                0x00002e20                hw_EnableInterrupts
 .text.hw_DisableInterrupts
                0x00002e50       0x20 ./SDK/startup/hardware.o
                0x00002e50                hw_DisableInterrupts
 .text.SystemInit
                0x00002e70       0x3c ./SDK/CMSIS/system_MK64F12.o
                0x00002e70                SystemInit
 .text.sprintf  0x00002eac       0x6c c:/nxp/mcuxpressoide_11.6.1_8255/ide/plugins/com.nxp.mcuxpresso.tools.win32_11.6.1.202207200623/tools/bin/../lib/gcc/arm-none-eabi/10.3.1/../../../../arm-none-eabi/lib/thumb/v7e-m+fp/hard\libcr_c.a(fpprintf.o)
                0x00002eac                sprintf
 .text.__vfprintf
                0x00002f18      0xbf8 c:/nxp/mcuxpressoide_11.6.1_8255/ide/plugins/com.nxp.mcuxpresso.tools.win32_11.6.1.202207200623/tools/bin/../lib/gcc/arm-none-eabi/10.3.1/../../../../arm-none-eabi/lib/thumb/v7e-m+fp/hard\libcr_c.a(printf.o)
                0x00002f18                __vfprintf
 .text._Cwritebuf
                0x00003b10       0x6c c:/nxp/mcuxpressoide_11.6.1_8255/ide/plugins/com.nxp.mcuxpresso.tools.win32_11.6.1.202207200623/tools/bin/../lib/gcc/arm-none-eabi/10.3.1/../../../../arm-none-eabi/lib/thumb/v7e-m+fp/hard\libcr_c.a(_writebuf.o)
                0x00003b10                _Cwritebuf
 .text.malloc   0x00003b7c       0xc8 c:/nxp/mcuxpressoide_11.6.1_8255/ide/plugins/com.nxp.mcuxpresso.tools.win32_11.6.1.202207200623/tools/bin/../lib/gcc/arm-none-eabi/10.3.1/../../../../arm-none-eabi/lib/thumb/v7e-m+fp/hard\libcr_c.a(alloc.o)
                0x00003b7c                malloc
 .text._Csys_alloc
                0x00003c44       0x20 c:/nxp/mcuxpressoide_11.6.1_8255/ide/plugins/com.nxp.mcuxpresso.tools.win32_11.6.1.202207200623/tools/bin/../lib/gcc/arm-none-eabi/10.3.1/../../../../arm-none-eabi/lib/thumb/v7e-m+fp/hard\libcr_c.a(alloc.o)
                0x00003c44                _Csys_alloc
 .text.fseek    0x00003c64       0xfc c:/nxp/mcuxpressoide_11.6.1_8255/ide/plugins/com.nxp.mcuxpresso.tools.win32_11.6.1.202207200623/tools/bin/../lib/gcc/arm-none-eabi/10.3.1/../../../../arm-none-eabi/lib/thumb/v7e-m+fp/hard\libcr_c.a(fseek.o)
                0x00003c64                fseek
 .text.ftell    0x00003d60       0x44 c:/nxp/mcuxpressoide_11.6.1_8255/ide/plugins/com.nxp.mcuxpresso.tools.win32_11.6.1.202207200623/tools/bin/../lib/gcc/arm-none-eabi/10.3.1/../../../../arm-none-eabi/lib/thumb/v7e-m+fp/hard\libcr_c.a(ftell.o)
                0x00003d60                ftell
 .text._sbrk    0x00003da4       0x3c c:/nxp/mcuxpressoide_11.6.1_8255/ide/plugins/com.nxp.mcuxpresso.tools.win32_11.6.1.202207200623/tools/bin/../lib/gcc/arm-none-eabi/10.3.1/../../../../arm-none-eabi/lib/thumb/v7e-m+fp/hard\libcr_c.a(_cr_sbrk.o)
                0x00003da4                _sbrk
 .text.__check_heap_overflow
                0x00003de0       0x18 c:/nxp/mcuxpressoide_11.6.1_8255/ide/plugins/com.nxp.mcuxpresso.tools.win32_11.6.1.202207200623/tools/bin/../lib/gcc/arm-none-eabi/10.3.1/../../../../arm-none-eabi/lib/thumb/v7e-m+fp/hard\libcr_c.a(_cr_check_heap.o)
                0x00003de0                __check_heap_overflow
 .text.__aeabi_dmul
                0x00003df8       0xfc c:/nxp/mcuxpressoide_11.6.1_8255/ide/plugins/com.nxp.mcuxpresso.tools.win32_11.6.1.202207200623/tools/bin/../lib/gcc/arm-none-eabi/10.3.1/thumb/v7e-m+fp/hard\libcr_eabihelpers.a(double.o)
                0x00003df8                __aeabi_dmul
 .text.__aeabi_ddiv
                0x00003ef4      0x138 c:/nxp/mcuxpressoide_11.6.1_8255/ide/plugins/com.nxp.mcuxpresso.tools.win32_11.6.1.202207200623/tools/bin/../lib/gcc/arm-none-eabi/10.3.1/thumb/v7e-m+fp/hard\libcr_eabihelpers.a(double.o)
                0x00003ef4                __aeabi_ddiv
 .text.__aeabi_dsub
                0x0000402c      0x1ac c:/nxp/mcuxpressoide_11.6.1_8255/ide/plugins/com.nxp.mcuxpresso.tools.win32_11.6.1.202207200623/tools/bin/../lib/gcc/arm-none-eabi/10.3.1/thumb/v7e-m+fp/hard\libcr_eabihelpers.a(double.o)
                0x0000402c                __aeabi_dsub
 .text.__aeabi_dadd
                0x000041d8      0x114 c:/nxp/mcuxpressoide_11.6.1_8255/ide/plugins/com.nxp.mcuxpresso.tools.win32_11.6.1.202207200623/tools/bin/../lib/gcc/arm-none-eabi/10.3.1/thumb/v7e-m+fp/hard\libcr_eabihelpers.a(double.o)
                0x000041d8                __aeabi_dadd
 .text.__sys_appexit
                0x000042ec        0xc c:/nxp/mcuxpressoide_11.6.1_8255/ide/plugins/com.nxp.mcuxpresso.tools.win32_11.6.1.202207200623/tools/bin/../lib/gcc/arm-none-eabi/10.3.1/../../../../arm-none-eabi/lib/thumb/v7e-m+fp/hard\libcr_semihost_nf.a(__sys_appexit.o)
                0x000042ec                __sys_appexit
                0x000042ec                __exit
 .text.timerDelay
                0x000042f8       0x32 ./source/timer/timer.o
                0x000042f8                timerDelay
 .text.getCircularPointer
                0x0000432a       0x1e ./source/buffer/SPI_buffer.o
 .text.SPIBisEmpty
                0x00004348       0x2a ./source/buffer/SPI_buffer.o
                0x00004348                SPIBisEmpty
 .text.getCircularPointer
                0x00004372       0x2c ./source/buffer/circular_buffer.o
 .text.CBinit   0x0000439e       0x30 ./source/buffer/circular_buffer.o
                0x0000439e                CBinit
 .text.CBisEmpty
                0x000043ce       0x2a ./source/buffer/circular_buffer.o
                0x000043ce                CBisEmpty
 .text.CBputChain
                0x000043f8       0xaa ./source/buffer/circular_buffer.o
                0x000043f8                CBputChain
 .text.CBputByte
                0x000044a2       0x8e ./source/buffer/circular_buffer.o
                0x000044a2                CBputByte
 .text.CBgetByte
                0x00004530       0x62 ./source/buffer/circular_buffer.o
                0x00004530                CBgetByte
 .text.CBgetBufferState
                0x00004592       0x5c ./source/buffer/circular_buffer.o
                0x00004592                CBgetBufferState
 .text.GCBinit  0x000045ee       0x5a ./source/buffer/generic_circular_buffer.o
                0x000045ee                GCBinit
 .text.UART0_RX_TX_IRQHandler
                0x00004648       0x2e ./source/UART/uart.o
                0x00004648                UART0_RX_TX_IRQHandler
 .text.UART1_RX_TX_IRQHandler
                0x00004676       0x2e ./source/UART/uart.o
                0x00004676                UART1_RX_TX_IRQHandler
 .text.UART2_RX_TX_IRQHandler
                0x000046a4       0x2e ./source/UART/uart.o
                0x000046a4                UART2_RX_TX_IRQHandler
 .text.UART3_RX_TX_IRQHandler
                0x000046d2       0x2e ./source/UART/uart.o
                0x000046d2                UART3_RX_TX_IRQHandler
 .text.UART4_RX_TX_IRQHandler
                0x00004700       0x2e ./source/UART/uart.o
                0x00004700                UART4_RX_TX_IRQHandler
 .text.App_Init
                0x0000472e       0x28 ./source/App.o
                0x0000472e                App_Init
 .text.main     0x00004756       0x1a ./SDK/startup/main.o
                0x00004756                main
 .text.HardFault_Handler
                0x00004770       0x2c ./SDK/startup/semihost_hardfault.o
                0x00004770                HardFault_Handler
 .text.DMA0_IRQHandler
                0x0000479c        0x8 ./SDK/startup/startup_mk64f12.o
                0x0000479c                DMA0_IRQHandler
 .text.DMA1_IRQHandler
                0x000047a4        0x8 ./SDK/startup/startup_mk64f12.o
                0x000047a4                DMA1_IRQHandler
 .text.DMA2_IRQHandler
                0x000047ac        0x8 ./SDK/startup/startup_mk64f12.o
                0x000047ac                DMA2_IRQHandler
 .text.DMA3_IRQHandler
                0x000047b4        0x8 ./SDK/startup/startup_mk64f12.o
                0x000047b4                DMA3_IRQHandler
 .text.DMA4_IRQHandler
                0x000047bc        0x8 ./SDK/startup/startup_mk64f12.o
                0x000047bc                DMA4_IRQHandler
 .text.DMA5_IRQHandler
                0x000047c4        0x8 ./SDK/startup/startup_mk64f12.o
                0x000047c4                DMA5_IRQHandler
 .text.DMA6_IRQHandler
                0x000047cc        0x8 ./SDK/startup/startup_mk64f12.o
                0x000047cc                DMA6_IRQHandler
 .text.DMA7_IRQHandler
                0x000047d4        0x8 ./SDK/startup/startup_mk64f12.o
                0x000047d4                DMA7_IRQHandler
 .text.DMA8_IRQHandler
                0x000047dc        0x8 ./SDK/startup/startup_mk64f12.o
                0x000047dc                DMA8_IRQHandler
 .text.DMA9_IRQHandler
                0x000047e4        0x8 ./SDK/startup/startup_mk64f12.o
                0x000047e4                DMA9_IRQHandler
 .text.DMA10_IRQHandler
                0x000047ec        0x8 ./SDK/startup/startup_mk64f12.o
                0x000047ec                DMA10_IRQHandler
 .text.DMA11_IRQHandler
                0x000047f4        0x8 ./SDK/startup/startup_mk64f12.o
                0x000047f4                DMA11_IRQHandler
 .text.DMA12_IRQHandler
                0x000047fc        0x8 ./SDK/startup/startup_mk64f12.o
                0x000047fc                DMA12_IRQHandler
 .text.DMA13_IRQHandler
                0x00004804        0x8 ./SDK/startup/startup_mk64f12.o
                0x00004804                DMA13_IRQHandler
 .text.DMA14_IRQHandler
                0x0000480c        0x8 ./SDK/startup/startup_mk64f12.o
                0x0000480c                DMA14_IRQHandler
 .text.DMA15_IRQHandler
                0x00004814        0x8 ./SDK/startup/startup_mk64f12.o
                0x00004814                DMA15_IRQHandler
 .text.DMA_Error_IRQHandler
                0x0000481c        0x8 ./SDK/startup/startup_mk64f12.o
                0x0000481c                DMA_Error_IRQHandler
 .text.MCM_IRQHandler
                0x00004824        0x8 ./SDK/startup/startup_mk64f12.o
                0x00004824                MCM_IRQHandler
 .text.FTFE_IRQHandler
                0x0000482c        0x8 ./SDK/startup/startup_mk64f12.o
                0x0000482c                FTFE_IRQHandler
 .text.Read_Collision_IRQHandler
                0x00004834        0x8 ./SDK/startup/startup_mk64f12.o
                0x00004834                Read_Collision_IRQHandler
 .text.LVD_LVW_IRQHandler
                0x0000483c        0x8 ./SDK/startup/startup_mk64f12.o
                0x0000483c                LVD_LVW_IRQHandler
 .text.LLWU_IRQHandler
                0x00004844        0x8 ./SDK/startup/startup_mk64f12.o
                0x00004844                LLWU_IRQHandler
 .text.WDOG_EWM_IRQHandler
                0x0000484c        0x8 ./SDK/startup/startup_mk64f12.o
                0x0000484c                WDOG_EWM_IRQHandler
 .text.RNG_IRQHandler
                0x00004854        0x8 ./SDK/startup/startup_mk64f12.o
                0x00004854                RNG_IRQHandler
 .text.I2C1_IRQHandler
                0x0000485c        0x8 ./SDK/startup/startup_mk64f12.o
                0x0000485c                I2C1_IRQHandler
 .text.SPI1_IRQHandler
                0x00004864        0x8 ./SDK/startup/startup_mk64f12.o
                0x00004864                SPI1_IRQHandler
 .text.I2S0_Tx_IRQHandler
                0x0000486c        0x8 ./SDK/startup/startup_mk64f12.o
                0x0000486c                I2S0_Tx_IRQHandler
 .text.I2S0_Rx_IRQHandler
                0x00004874        0x8 ./SDK/startup/startup_mk64f12.o
                0x00004874                I2S0_Rx_IRQHandler
 .text.UART0_LON_IRQHandler
                0x0000487c        0x8 ./SDK/startup/startup_mk64f12.o
                0x0000487c                UART0_LON_IRQHandler
 .text.UART0_ERR_IRQHandler
                0x00004884        0x8 ./SDK/startup/startup_mk64f12.o
                0x00004884                UART0_ERR_IRQHandler
 .text.UART1_ERR_IRQHandler
                0x0000488c        0x8 ./SDK/startup/startup_mk64f12.o
                0x0000488c                UART1_ERR_IRQHandler
 .text.UART2_ERR_IRQHandler
                0x00004894        0x8 ./SDK/startup/startup_mk64f12.o
                0x00004894                UART2_ERR_IRQHandler
 .text.UART3_ERR_IRQHandler
                0x0000489c        0x8 ./SDK/startup/startup_mk64f12.o
                0x0000489c                UART3_ERR_IRQHandler
 .text.ADC0_IRQHandler
                0x000048a4        0x8 ./SDK/startup/startup_mk64f12.o
                0x000048a4                ADC0_IRQHandler
 .text.CMP0_IRQHandler
                0x000048ac        0x8 ./SDK/startup/startup_mk64f12.o
                0x000048ac                CMP0_IRQHandler
 .text.CMP1_IRQHandler
                0x000048b4        0x8 ./SDK/startup/startup_mk64f12.o
                0x000048b4                CMP1_IRQHandler
 .text.FTM2_IRQHandler
                0x000048bc        0x8 ./SDK/startup/startup_mk64f12.o
                0x000048bc                FTM2_IRQHandler
 .text.CMT_IRQHandler
                0x000048c4        0x8 ./SDK/startup/startup_mk64f12.o
                0x000048c4                CMT_IRQHandler
 .text.RTC_IRQHandler
                0x000048cc        0x8 ./SDK/startup/startup_mk64f12.o
                0x000048cc                RTC_IRQHandler
 .text.RTC_Seconds_IRQHandler
                0x000048d4        0x8 ./SDK/startup/startup_mk64f12.o
                0x000048d4                RTC_Seconds_IRQHandler
 .text.PDB0_IRQHandler
                0x000048dc        0x8 ./SDK/startup/startup_mk64f12.o
                0x000048dc                PDB0_IRQHandler
 .text.USB0_IRQHandler
                0x000048e4        0x8 ./SDK/startup/startup_mk64f12.o
                0x000048e4                USB0_IRQHandler
 .text.USBDCD_IRQHandler
                0x000048ec        0x8 ./SDK/startup/startup_mk64f12.o
                0x000048ec                USBDCD_IRQHandler
 .text.Reserved71_IRQHandler
                0x000048f4        0x8 ./SDK/startup/startup_mk64f12.o
                0x000048f4                Reserved71_IRQHandler
 .text.DAC0_IRQHandler
                0x000048fc        0x8 ./SDK/startup/startup_mk64f12.o
                0x000048fc                DAC0_IRQHandler
 .text.MCG_IRQHandler
                0x00004904        0x8 ./SDK/startup/startup_mk64f12.o
                0x00004904                MCG_IRQHandler
 .text.LPTMR0_IRQHandler
                0x0000490c        0x8 ./SDK/startup/startup_mk64f12.o
                0x0000490c                LPTMR0_IRQHandler
 .text.SWI_IRQHandler
                0x00004914        0x8 ./SDK/startup/startup_mk64f12.o
                0x00004914                SWI_IRQHandler
 .text.SPI2_IRQHandler
                0x0000491c        0x8 ./SDK/startup/startup_mk64f12.o
                0x0000491c                SPI2_IRQHandler
 .text.UART4_ERR_IRQHandler
                0x00004924        0x8 ./SDK/startup/startup_mk64f12.o
                0x00004924                UART4_ERR_IRQHandler
 .text.UART5_RX_TX_IRQHandler
                0x0000492c        0x8 ./SDK/startup/startup_mk64f12.o
                0x0000492c                UART5_RX_TX_IRQHandler
 .text.UART5_ERR_IRQHandler
                0x00004934        0x8 ./SDK/startup/startup_mk64f12.o
                0x00004934                UART5_ERR_IRQHandler
 .text.CMP2_IRQHandler
                0x0000493c        0x8 ./SDK/startup/startup_mk64f12.o
                0x0000493c                CMP2_IRQHandler
 .text.FTM3_IRQHandler
                0x00004944        0x8 ./SDK/startup/startup_mk64f12.o
                0x00004944                FTM3_IRQHandler
 .text.DAC1_IRQHandler
                0x0000494c        0x8 ./SDK/startup/startup_mk64f12.o
                0x0000494c                DAC1_IRQHandler
 .text.ADC1_IRQHandler
                0x00004954        0x8 ./SDK/startup/startup_mk64f12.o
                0x00004954                ADC1_IRQHandler
 .text.I2C2_IRQHandler
                0x0000495c        0x8 ./SDK/startup/startup_mk64f12.o
                0x0000495c                I2C2_IRQHandler
 .text.CAN0_ORed_Message_buffer_IRQHandler
                0x00004964        0x8 ./SDK/startup/startup_mk64f12.o
                0x00004964                CAN0_ORed_Message_buffer_IRQHandler
 .text.CAN0_Bus_Off_IRQHandler
                0x0000496c        0x8 ./SDK/startup/startup_mk64f12.o
                0x0000496c                CAN0_Bus_Off_IRQHandler
 .text.CAN0_Error_IRQHandler
                0x00004974        0x8 ./SDK/startup/startup_mk64f12.o
                0x00004974                CAN0_Error_IRQHandler
 .text.CAN0_Tx_Warning_IRQHandler
                0x0000497c        0x8 ./SDK/startup/startup_mk64f12.o
                0x0000497c                CAN0_Tx_Warning_IRQHandler
 .text.CAN0_Rx_Warning_IRQHandler
                0x00004984        0x8 ./SDK/startup/startup_mk64f12.o
                0x00004984                CAN0_Rx_Warning_IRQHandler
 .text.CAN0_Wake_Up_IRQHandler
                0x0000498c        0x8 ./SDK/startup/startup_mk64f12.o
                0x0000498c                CAN0_Wake_Up_IRQHandler
 .text.SDHC_IRQHandler
                0x00004994        0x8 ./SDK/startup/startup_mk64f12.o
                0x00004994                SDHC_IRQHandler
 .text.ENET_1588_Timer_IRQHandler
                0x0000499c        0x8 ./SDK/startup/startup_mk64f12.o
                0x0000499c                ENET_1588_Timer_IRQHandler
 .text.ENET_Transmit_IRQHandler
                0x000049a4        0x8 ./SDK/startup/startup_mk64f12.o
                0x000049a4                ENET_Transmit_IRQHandler
 .text.ENET_Receive_IRQHandler
                0x000049ac        0x8 ./SDK/startup/startup_mk64f12.o
                0x000049ac                ENET_Receive_IRQHandler
 .text.ENET_Error_IRQHandler
                0x000049b4        0x8 ./SDK/startup/startup_mk64f12.o
                0x000049b4                ENET_Error_IRQHandler
 .text.SystemInitHook
                0x000049bc        0xe ./SDK/CMSIS/system_MK64F12.o
                0x000049bc                SystemInitHook
 .text.memcpy   0x000049ca        0x4 c:/nxp/mcuxpressoide_11.6.1_8255/ide/plugins/com.nxp.mcuxpresso.tools.win32_11.6.1.202207200623/tools/bin/../lib/gcc/arm-none-eabi/10.3.1/../../../../arm-none-eabi/lib/thumb/v7e-m+fp/hard\libcr_c.a(memcpy.o)
                0x000049ca                memcpy
 .text.fp_round
                0x000049ce       0x4e c:/nxp/mcuxpressoide_11.6.1_8255/ide/plugins/com.nxp.mcuxpresso.tools.win32_11.6.1.202207200623/tools/bin/../lib/gcc/arm-none-eabi/10.3.1/../../../../arm-none-eabi/lib/thumb/v7e-m+fp/hard\libcr_c.a(fpprintf.o)
 .text.pr_dec.constprop.0
                0x00004a1c       0x26 c:/nxp/mcuxpressoide_11.6.1_8255/ide/plugins/com.nxp.mcuxpresso.tools.win32_11.6.1.202207200623/tools/bin/../lib/gcc/arm-none-eabi/10.3.1/../../../../arm-none-eabi/lib/thumb/v7e-m+fp/hard\libcr_c.a(fpprintf.o)
 .text.strlen   0x00004a42       0x48 c:/nxp/mcuxpressoide_11.6.1_8255/ide/plugins/com.nxp.mcuxpresso.tools.win32_11.6.1.202207200623/tools/bin/../lib/gcc/arm-none-eabi/10.3.1/../../../../arm-none-eabi/lib/thumb/v7e-m+fp/hard\libcr_c.a(strlen.o)
                0x00004a42                strlen
 .text.memset   0x00004a8a        0x4 c:/nxp/mcuxpressoide_11.6.1_8255/ide/plugins/com.nxp.mcuxpresso.tools.win32_11.6.1.202207200623/tools/bin/../lib/gcc/arm-none-eabi/10.3.1/../../../../arm-none-eabi/lib/thumb/v7e-m+fp/hard\libcr_c.a(memset.o)
                0x00004a8a                memset
 .text._deferredlazyseek
                0x00004a8e       0x40 c:/nxp/mcuxpressoide_11.6.1_8255/ide/plugins/com.nxp.mcuxpresso.tools.win32_11.6.1.202207200623/tools/bin/../lib/gcc/arm-none-eabi/10.3.1/../../../../arm-none-eabi/lib/thumb/v7e-m+fp/hard\libcr_c.a(_deferredlazyseek.o)
                0x00004a8e                _deferredlazyseek
 .text.__flsbuf
                0x00004ace      0x140 c:/nxp/mcuxpressoide_11.6.1_8255/ide/plugins/com.nxp.mcuxpresso.tools.win32_11.6.1.202207200623/tools/bin/../lib/gcc/arm-none-eabi/10.3.1/../../../../arm-none-eabi/lib/thumb/v7e-m+fp/hard\libcr_c.a(_deferredlazyseek.o)
                0x00004ace                __flsbuf
 .text._fflush  0x00004c0e       0x52 c:/nxp/mcuxpressoide_11.6.1_8255/ide/plugins/com.nxp.mcuxpresso.tools.win32_11.6.1.202207200623/tools/bin/../lib/gcc/arm-none-eabi/10.3.1/../../../../arm-none-eabi/lib/thumb/v7e-m+fp/hard\libcr_c.a(_fflush.o)
                0x00004c0e                _fflush
 .text.__aeabi_division_uldivmod
                0x00004c60      0x174 c:/nxp/mcuxpressoide_11.6.1_8255/ide/plugins/com.nxp.mcuxpresso.tools.win32_11.6.1.202207200623/tools/bin/../lib/gcc/arm-none-eabi/10.3.1/thumb/v7e-m+fp/hard\libcr_eabihelpers.a(division_64.o)
                0x00004c60                __aeabi_uldivmod
                0x00004c64                __bhs_ldivmod1
 .text.__aeabi_division_idiv0
                0x00004dd4        0x2 c:/nxp/mcuxpressoide_11.6.1_8255/ide/plugins/com.nxp.mcuxpresso.tools.win32_11.6.1.202207200623/tools/bin/../lib/gcc/arm-none-eabi/10.3.1/thumb/v7e-m+fp/hard\libcr_eabihelpers.a(division_idiv0.o)
                0x00004dd4                __aeabi_idiv0
 .text.__aeabi_d2iz
                0x00004dd6       0x40 c:/nxp/mcuxpressoide_11.6.1_8255/ide/plugins/com.nxp.mcuxpresso.tools.win32_11.6.1.202207200623/tools/bin/../lib/gcc/arm-none-eabi/10.3.1/thumb/v7e-m+fp/hard\libcr_eabihelpers.a(double.o)
                0x00004dd6                __aeabi_d2iz
 .text.__bhs_ui2d
                0x00004e16       0x46 c:/nxp/mcuxpressoide_11.6.1_8255/ide/plugins/com.nxp.mcuxpresso.tools.win32_11.6.1.202207200623/tools/bin/../lib/gcc/arm-none-eabi/10.3.1/thumb/v7e-m+fp/hard\libcr_eabihelpers.a(double.o)
                0x00004e16                __bhs_ui2d
 .text.__aeabi_i2d
                0x00004e5c       0x12 c:/nxp/mcuxpressoide_11.6.1_8255/ide/plugins/com.nxp.mcuxpresso.tools.win32_11.6.1.202207200623/tools/bin/../lib/gcc/arm-none-eabi/10.3.1/thumb/v7e-m+fp/hard\libcr_eabihelpers.a(double.o)
                0x00004e5c                __aeabi_i2d
 .text.__aeabi_dcmpeq
                0x00004e6e       0x30 c:/nxp/mcuxpressoide_11.6.1_8255/ide/plugins/com.nxp.mcuxpresso.tools.win32_11.6.1.202207200623/tools/bin/../lib/gcc/arm-none-eabi/10.3.1/thumb/v7e-m+fp/hard\libcr_eabihelpers.a(double.o)
                0x00004e6e                __aeabi_dcmpeq
 .text.__aeabi_dcmplt
                0x00004e9e       0x56 c:/nxp/mcuxpressoide_11.6.1_8255/ide/plugins/com.nxp.mcuxpresso.tools.win32_11.6.1.202207200623/tools/bin/../lib/gcc/arm-none-eabi/10.3.1/thumb/v7e-m+fp/hard\libcr_eabihelpers.a(double.o)
                0x00004e9e                __aeabi_dcmplt
 .text.__aeabi_dcmple
                0x00004ef4       0x56 c:/nxp/mcuxpressoide_11.6.1_8255/ide/plugins/com.nxp.mcuxpresso.tools.win32_11.6.1.202207200623/tools/bin/../lib/gcc/arm-none-eabi/10.3.1/thumb/v7e-m+fp/hard\libcr_eabihelpers.a(double.o)
                0x00004ef4                __aeabi_dcmple
 .text.__aeabi_dcmpge
                0x00004f4a       0x56 c:/nxp/mcuxpressoide_11.6.1_8255/ide/plugins/com.nxp.mcuxpresso.tools.win32_11.6.1.202207200623/tools/bin/../lib/gcc/arm-none-eabi/10.3.1/thumb/v7e-m+fp/hard\libcr_eabihelpers.a(double.o)
                0x00004f4a                __aeabi_dcmpge
 .text.__aeabi_memcpy
                0x00004fa0       0x34 c:/nxp/mcuxpressoide_11.6.1_8255/ide/plugins/com.nxp.mcuxpresso.tools.win32_11.6.1.202207200623/tools/bin/../lib/gcc/arm-none-eabi/10.3.1/thumb/v7e-m+fp/hard\libcr_eabihelpers.a(memcpy.o)
                0x00004fa0                __aeabi_memcpy
                0x00004faa                __aeabi_memcpy8
                0x00004faa                __aeabi_memcpy4
 .text.__aeabi_memset_lowlevel
                0x00004fd4       0x32 c:/nxp/mcuxpressoide_11.6.1_8255/ide/plugins/com.nxp.mcuxpresso.tools.win32_11.6.1.202207200623/tools/bin/../lib/gcc/arm-none-eabi/10.3.1/thumb/v7e-m+fp/hard\libcr_eabihelpers.a(memcpy.o)
                0x00004fd4                __aeabi_lowlevel_memset
 .text.__sys_flen
                0x00005006        0xc c:/nxp/mcuxpressoide_11.6.1_8255/ide/plugins/com.nxp.mcuxpresso.tools.win32_11.6.1.202207200623/tools/bin/../lib/gcc/arm-none-eabi/10.3.1/../../../../arm-none-eabi/lib/thumb/v7e-m+fp/hard\libcr_semihost_nf.a(__sys_flen.o)
                0x00005006                __sys_flen
 .text.__sys_istty
                0x00005012        0xc c:/nxp/mcuxpressoide_11.6.1_8255/ide/plugins/com.nxp.mcuxpresso.tools.win32_11.6.1.202207200623/tools/bin/../lib/gcc/arm-none-eabi/10.3.1/../../../../arm-none-eabi/lib/thumb/v7e-m+fp/hard\libcr_semihost_nf.a(__sys_istty.o)
                0x00005012                __sys_istty
 .text.__sys_seek
                0x0000501e        0xc c:/nxp/mcuxpressoide_11.6.1_8255/ide/plugins/com.nxp.mcuxpresso.tools.win32_11.6.1.202207200623/tools/bin/../lib/gcc/arm-none-eabi/10.3.1/../../../../arm-none-eabi/lib/thumb/v7e-m+fp/hard\libcr_semihost_nf.a(__sys_seek.o)
                0x0000501e                __sys_seek
 .text.__sys_write
                0x0000502a        0xc c:/nxp/mcuxpressoide_11.6.1_8255/ide/plugins/com.nxp.mcuxpresso.tools.win32_11.6.1.202207200623/tools/bin/../lib/gcc/arm-none-eabi/10.3.1/../../../../arm-none-eabi/lib/thumb/v7e-m+fp/hard\libcr_semihost_nf.a(__sys_write.o)
                0x0000502a                __sys_write
 *(SORT_BY_ALIGNMENT(.rodata) SORT_BY_ALIGNMENT(.rodata.*) SORT_BY_ALIGNMENT(.constdata) SORT_BY_ALIGNMENT(.constdata.*))
 *fill*         0x00005036        0x2 ff
 .rodata.UARTPorts
                0x00005038       0x18 ./source/UART/uart.o
 .rodata.portPtr
                0x00005050       0x14 ./source/UART/uart.o
 .rodata.UARTClockSource
                0x00005064       0x18 ./source/UART/uart.o
 .rodata.UARTSIMR
                0x0000507c       0x14 ./source/UART/uart.o
 .rodata.UARTSIMMask
                0x00005090       0x14 ./source/UART/uart.o
 .rodata.UART_RX_TX_Vectors
                0x000050a4        0x6 ./source/UART/uart.o
 *fill*         0x000050aa        0x2 ff
 .rodata.UARTPinPort
                0x000050ac        0x5 ./source/UART/uart.o
 *fill*         0x000050b1        0x3 ff
 .rodata.UARTPinNumRX
                0x000050b4        0x5 ./source/UART/uart.o
 *fill*         0x000050b9        0x3 ff
 .rodata.UARTPinNumTX
                0x000050bc        0x5 ./source/UART/uart.o
 *fill*         0x000050c1        0x3 ff
 .rodata.UARTPinMuxAlt
                0x000050c4        0x5 ./source/UART/uart.o
 *fill*         0x000050c9        0x3 ff
 .rodata.gpioPtr
                0x000050cc       0x14 ./source/MCAL/gpio.o
 .rodata.portPtr
                0x000050e0       0x14 ./source/MCAL/gpio.o
 .rodata.SIMPortMasks
                0x000050f4       0x14 ./source/MCAL/gpio.o
 .rodata.I2CPtrs
                0x00005108        0xc ./source/I2Cm/I2Cm.o
 .rodata.I2CIRQs
                0x00005114        0x3 ./source/I2Cm/I2Cm.o
 *fill*         0x00005117        0x1 ff
 .rodata.portPtr
                0x00005118       0x14 ./source/I2Cm/I2Cm.o
 .rodata.I2CPinPorts
                0x0000512c        0x4 ./source/I2Cm/I2Cm.o
 .rodata.I2CPinPinsSCL
                0x00005130        0x4 ./source/I2Cm/I2Cm.o
 .rodata.I2CPinPinsSDA
                0x00005134        0x4 ./source/I2Cm/I2Cm.o
 .rodata.I2CPinAlts
                0x00005138        0x4 ./source/I2Cm/I2Cm.o
 .rodata.I2CClkSimPtr
                0x0000513c       0x10 ./source/I2Cm/I2Cm.o
 .rodata.I2CClkSimMask
                0x0000514c       0x10 ./source/I2Cm/I2Cm.o
 .rodata.sendUartMessage.str1.4
                0x0000515c        0x3 ./source/App.o
 .rodata.fp_display.str1.1
                0x0000515f       0x34 c:/nxp/mcuxpressoide_11.6.1_8255/ide/plugins/com.nxp.mcuxpresso.tools.win32_11.6.1.202207200623/tools/bin/../lib/gcc/arm-none-eabi/10.3.1/../../../../arm-none-eabi/lib/thumb/v7e-m+fp/hard\libcr_c.a(fpprintf.o)
                                 0x35 (size before relaxing)
 .rodata.__vfprintf.str1.1
                0x00005193       0x31 c:/nxp/mcuxpressoide_11.6.1_8255/ide/plugins/com.nxp.mcuxpresso.tools.win32_11.6.1.202207200623/tools/bin/../lib/gcc/arm-none-eabi/10.3.1/../../../../arm-none-eabi/lib/thumb/v7e-m+fp/hard\libcr_c.a(printf.o)
                                 0x38 (size before relaxing)
 .rodata._Csys_alloc.str1.1
                0x000051c4       0x18 c:/nxp/mcuxpressoide_11.6.1_8255/ide/plugins/com.nxp.mcuxpresso.tools.win32_11.6.1.202207200623/tools/bin/../lib/gcc/arm-none-eabi/10.3.1/../../../../arm-none-eabi/lib/thumb/v7e-m+fp/hard\libcr_c.a(alloc.o)
                0x000051e0                . = ALIGN (0x8)
 *fill*         0x000051dc        0x4 ff
                0x000051e0                _etext = .

.glue_7         0x000051e0        0x0
 .glue_7        0x000051e0        0x0 linker stubs

.glue_7t        0x000051e0        0x0
 .glue_7t       0x000051e0        0x0 linker stubs

.vfp11_veneer   0x000051e0        0x0
 .vfp11_veneer  0x000051e0        0x0 linker stubs

.v4_bx          0x000051e0        0x0
 .v4_bx         0x000051e0        0x0 linker stubs

.iplt           0x000051e0        0x0
 .iplt          0x000051e0        0x0 ./source/timer/SysTick.o

.rel.dyn        0x000051e0        0x0
 .rel.iplt      0x000051e0        0x0 ./source/timer/SysTick.o

.m_usb_data
 *(SORT_BY_ALIGNMENT(m_usb_bdt))

.data_RAM2      0x1fff0000        0x0 load address 0x000051e0
 FILL mask 0xff
                [!provide]                PROVIDE (__start_data_RAM2 = .)
                [!provide]                PROVIDE (__start_data_SRAM_LOWER = .)
 *(SORT_BY_ALIGNMENT(.ramfunc.$RAM2))
 *(SORT_BY_ALIGNMENT(.ramfunc.$SRAM_LOWER))
 *(SORT_BY_ALIGNMENT(.data.$RAM2))
 *(SORT_BY_ALIGNMENT(.data.$SRAM_LOWER))
 *(SORT_BY_ALIGNMENT(.data.$RAM2.*))
 *(SORT_BY_ALIGNMENT(.data.$SRAM_LOWER.*))
                0x1fff0000                . = ALIGN (0x8)
                [!provide]                PROVIDE (__end_data_RAM2 = .)
                [!provide]                PROVIDE (__end_data_SRAM_LOWER = .)

.data_RAM3      0x14000000        0x0 load address 0x000051e0
 FILL mask 0xff
                [!provide]                PROVIDE (__start_data_RAM3 = .)
                [!provide]                PROVIDE (__start_data_FLEX_RAM = .)
 *(SORT_BY_ALIGNMENT(.ramfunc.$RAM3))
 *(SORT_BY_ALIGNMENT(.ramfunc.$FLEX_RAM))
 *(SORT_BY_ALIGNMENT(.data.$RAM3))
 *(SORT_BY_ALIGNMENT(.data.$FLEX_RAM))
 *(SORT_BY_ALIGNMENT(.data.$RAM3.*))
 *(SORT_BY_ALIGNMENT(.data.$FLEX_RAM.*))
                0x14000000                . = ALIGN (0x8)
                [!provide]                PROVIDE (__end_data_RAM3 = .)
                [!provide]                PROVIDE (__end_data_FLEX_RAM = .)

.uninit_RESERVED
                0x20000000        0x0
                0x20000000                _start_uninit_RESERVED = .
 *(SORT_BY_ALIGNMENT(.bss.$RESERVED*))
                0x20000000                . = ALIGN (0x8)
                0x20000000                _end_uninit_RESERVED = .

.data           0x20000000       0x10 load address 0x000051e0
 FILL mask 0xff
                0x20000000                _data = .
                [!provide]                PROVIDE (__start_data_RAM = .)
                [!provide]                PROVIDE (__start_data_SRAM_UPPER = .)
 *(SORT_BY_ALIGNMENT(vtable))
 *(SORT_BY_ALIGNMENT(.ramfunc*))
 *(SORT_BY_ALIGNMENT(CodeQuickAccess))
 *(SORT_BY_ALIGNMENT(DataQuickAccess))
 *(SORT_BY_ALIGNMENT(RamFunction))
 *(SORT_BY_ALIGNMENT(.data*))
 .data.SPIPtrs  0x20000000        0xc ./source/SPI/SPI.o
 .data.i2cStates
                0x2000000c        0x2 ./source/I2Cm/I2Cm.o
                0x2000000c                i2cStates
 .data.timers_cant
                0x2000000e        0x1 ./source/timer/timer.o
                0x20000010                . = ALIGN (0x8)
 *fill*         0x2000000f        0x1 ff
                0x20000010                _edata = .
                [!provide]                PROVIDE (__end_data_RAM = .)
                [!provide]                PROVIDE (__end_data_SRAM_UPPER = .)

.igot.plt       0x20000010        0x0 load address 0x000051f0
 .igot.plt      0x20000010        0x0 ./source/timer/SysTick.o

.bss_RAM2       0x1fff0000        0x0
                [!provide]                PROVIDE (__start_bss_RAM2 = .)
                [!provide]                PROVIDE (__start_bss_SRAM_LOWER = .)
 *(SORT_BY_ALIGNMENT(.bss.$RAM2))
 *(SORT_BY_ALIGNMENT(.bss.$SRAM_LOWER))
 *(SORT_BY_ALIGNMENT(.bss.$RAM2.*))
 *(SORT_BY_ALIGNMENT(.bss.$SRAM_LOWER.*))
                0x1fff0000                . = ALIGN ((. != 0x0)?0x8:0x1)
                [!provide]                PROVIDE (__end_bss_RAM2 = .)
                [!provide]                PROVIDE (__end_bss_SRAM_LOWER = .)

.bss_RAM3       0x14000000        0x0
                [!provide]                PROVIDE (__start_bss_RAM3 = .)
                [!provide]                PROVIDE (__start_bss_FLEX_RAM = .)
 *(SORT_BY_ALIGNMENT(.bss.$RAM3))
 *(SORT_BY_ALIGNMENT(.bss.$FLEX_RAM))
 *(SORT_BY_ALIGNMENT(.bss.$RAM3.*))
 *(SORT_BY_ALIGNMENT(.bss.$FLEX_RAM.*))
                0x14000000                . = ALIGN ((. != 0x0)?0x8:0x1)
                [!provide]                PROVIDE (__end_bss_RAM3 = .)
                [!provide]                PROVIDE (__end_bss_FLEX_RAM = .)

.bss            0x20000010     0x1318
                0x20000010                _bss = .
                [!provide]                PROVIDE (__start_bss_RAM = .)
                [!provide]                PROVIDE (__start_bss_SRAM_UPPER = .)
 *(SORT_BY_ALIGNMENT(.bss*))
 .bss.ICLastTicks
                0x20000010      0x100 ./source/FTM/FTM.o
 .bss.SysTickCallback
                0x20000110        0x4 ./source/timer/SysTick.o
 .bss.timers    0x20000114       0xa0 ./source/timer/timer.o
 .bss.pckgNULL  0x200001b4       0x10 ./source/buffer/SPI_buffer.o
                0x200001b4                pckgNULL
 .bss.TxBuffer  0x200001c4      0x267 ./source/UART/uart.o
 *fill*         0x2000042b        0x1 
 .bss.RxBuffer  0x2000042c      0x267 ./source/UART/uart.o
 *fill*         0x20000693        0x1 
 .bss.TxBuffer  0x20000694      0x408 ./source/SPI/SPI.o
 .bss.cont.1    0x20000a9c        0x4 ./source/SPI/SPI.o
 .bss.pckgAux.0
                0x20000aa0       0x10 ./source/SPI/SPI.o
 .bss.PITCbs    0x20000ab0       0x10 ./source/PIT/PIT.o
 .bss.writeBuffer
                0x20000ac0        0x4 ./source/MPU9250/MPU9250.o
                0x20000ac0                writeBuffer
 .bss.readBuffer
                0x20000ac4        0xa ./source/MPU9250/MPU9250.o
                0x20000ac4                readBuffer
 *fill*         0x20000ace        0x2 
 .bss.gyroPartialSum
                0x20000ad0        0xc ./source/MPU9250/MPU9250.o
                0x20000ad0                gyroPartialSum
 .bss.accelPartialSum
                0x20000adc        0xc ./source/MPU9250/MPU9250.o
                0x20000adc                accelPartialSum
 .bss.portIrqFunc
                0x20000ae8      0x280 ./source/MCAL/gpio.o
                0x20000ae8                portIrqFunc
 .bss.I2C_CircularBuffer
                0x20000d68      0x3fa ./source/I2Cm/I2Cm.o
 *fill*         0x20001162        0x2 
 .bss.writeState
                0x20001164       0x24 ./source/I2Cm/I2Cm.o
 .bss.readState
                0x20001188       0x18 ./source/I2Cm/I2Cm.o
 .bss.PWMPtrs   0x200011a0       0x80 ./source/FTM/FTM.o
 .bss.ICCbPtrs  0x20001220       0x80 ./source/FTM/FTM.o
 .bss.ICChannelValue
                0x200012a0       0x40 ./source/FTM/FTM.o
 .bss.ICnewEdge
                0x200012e0       0x20 ./source/FTM/FTM.o
 .bss.accelData
                0x20001300        0x6 ./source/App.o
                0x20001300                accelData
 *fill*         0x20001306        0x2 
 .bss.gyroData  0x20001308        0x6 ./source/App.o
                0x20001308                gyroData
 *fill*         0x2000130e        0x2 
 .bss.__LDM_interruptDisableCount
                0x20001310        0x4 ./SDK/startup/hardware.o
 .bss.errno     0x20001314        0x4 c:/nxp/mcuxpressoide_11.6.1_8255/ide/plugins/com.nxp.mcuxpresso.tools.win32_11.6.1.202207200623/tools/bin/../lib/gcc/arm-none-eabi/10.3.1/../../../../arm-none-eabi/lib/thumb/v7e-m+fp/hard\libcr_c.a(errno.o)
                0x20001314                errno
 .bss.__end_of_heap
                0x20001318        0x4 c:/nxp/mcuxpressoide_11.6.1_8255/ide/plugins/com.nxp.mcuxpresso.tools.win32_11.6.1.202207200623/tools/bin/../lib/gcc/arm-none-eabi/10.3.1/../../../../arm-none-eabi/lib/thumb/v7e-m+fp/hard\libcr_c.a(__init_alloc.o)
                0x20001318                __end_of_heap
 .bss.__heaps   0x2000131c        0x4 c:/nxp/mcuxpressoide_11.6.1_8255/ide/plugins/com.nxp.mcuxpresso.tools.win32_11.6.1.202207200623/tools/bin/../lib/gcc/arm-none-eabi/10.3.1/../../../../arm-none-eabi/lib/thumb/v7e-m+fp/hard\libcr_c.a(__init_alloc.o)
                0x2000131c                __heaps
 .bss.yaInit.0  0x20001320        0x1 ./source/timer/timer.o
 .bss.inInterrupt
                0x20001321        0x1 ./source/SPI/SPI.o
 .bss.Ascale    0x20001322        0x1 ./source/MPU9250/MPU9250.o
                0x20001322                Ascale
 .bss.Gscale    0x20001323        0x1 ./source/MPU9250/MPU9250.o
                0x20001323                Gscale
 .bss.writeSize
                0x20001324        0x1 ./source/MPU9250/MPU9250.o
                0x20001324                writeSize
 .bss.readSize  0x20001325        0x1 ./source/MPU9250/MPU9250.o
                0x20001325                readSize
 .bss.I2CTimerID
                0x20001326        0x1 ./source/I2Cm/I2Cm.o
 .bss.isBusBusy
                0x20001327        0x1 ./source/I2Cm/I2Cm.o
 *(SORT_BY_ALIGNMENT(COMMON))
                0x20001328                . = ALIGN (0x8)
                0x20001328                _ebss = .
                [!provide]                PROVIDE (__end_bss_RAM = .)
                [!provide]                PROVIDE (__end_bss_SRAM_UPPER = .)
                [!provide]                PROVIDE (end = .)

.noinit_RAM2    0x1fff0000        0x0
                [!provide]                PROVIDE (__start_noinit_RAM2 = .)
                [!provide]                PROVIDE (__start_noinit_SRAM_LOWER = .)
 *(SORT_BY_ALIGNMENT(.noinit.$RAM2))
 *(SORT_BY_ALIGNMENT(.noinit.$SRAM_LOWER))
 *(SORT_BY_ALIGNMENT(.noinit.$RAM2.*))
 *(SORT_BY_ALIGNMENT(.noinit.$SRAM_LOWER.*))
                0x1fff0000                . = ALIGN (0x8)
                [!provide]                PROVIDE (__end_noinit_RAM2 = .)
                [!provide]                PROVIDE (__end_noinit_SRAM_LOWER = .)

.noinit_RAM3    0x14000000        0x0
                [!provide]                PROVIDE (__start_noinit_RAM3 = .)
                [!provide]                PROVIDE (__start_noinit_FLEX_RAM = .)
 *(SORT_BY_ALIGNMENT(.noinit.$RAM3))
 *(SORT_BY_ALIGNMENT(.noinit.$FLEX_RAM))
 *(SORT_BY_ALIGNMENT(.noinit.$RAM3.*))
 *(SORT_BY_ALIGNMENT(.noinit.$FLEX_RAM.*))
                0x14000000                . = ALIGN (0x8)
                [!provide]                PROVIDE (__end_noinit_RAM3 = .)
                [!provide]                PROVIDE (__end_noinit_FLEX_RAM = .)

.noinit         0x20001328        0x0
                0x20001328                _noinit = .
                [!provide]                PROVIDE (__start_noinit_RAM = .)
                [!provide]                PROVIDE (__start_noinit_SRAM_UPPER = .)
 *(SORT_BY_ALIGNMENT(.noinit*))
                0x20001328                . = ALIGN (0x8)
                0x20001328                _end_noinit = .
                [!provide]                PROVIDE (__end_noinit_RAM = .)
                [!provide]                PROVIDE (__end_noinit_SRAM_UPPER = .)

.ARM.extab
 *(SORT_BY_ALIGNMENT(.ARM.extab*) SORT_BY_ALIGNMENT(.gnu.linkonce.armextab.*))

.ARM.exidx      0x000051f0        0x0
                0x000051f0                __exidx_start = .
 *(SORT_BY_ALIGNMENT(.ARM.exidx*) SORT_BY_ALIGNMENT(.gnu.linkonce.armexidx.*))
                0x000051f0                __exidx_end = .
                0x00001000                _HeapSize = 0x1000

.heap           0x20001328     0x1000
                0x20001328                _pvHeapStart = .
                0x20002328                . = (. + _HeapSize)
 *fill*         0x20001328     0x1000 
                0x20002328                . = ALIGN (0x8)
                0x20002328                _pvHeapLimit = .
                0x00001000                _StackSize = 0x1000

.heap2stackfill
                0x20002328     0x1000
                0x20003328                . = (. + _StackSize)
 *fill*         0x20002328     0x1000 

.stack          0x2002f000        0x0
                0x2002f000                _vStackBase = .
                0x2002f000                . = ALIGN (0x8)
                0x20030000                _vStackTop = (. + _StackSize)
                0x00000000                _image_start = LOADADDR (.text)
                0x000051f0                _image_end = (LOADADDR (.data) + SIZEOF (.data))
                0x000051f0                _image_size = (_image_end - _image_start)
OUTPUT(TPQUAD.axf elf32-littlearm)
LOAD linker stubs

.debug_info     0x00000000     0x7b53
 .debug_info    0x00000000      0x506 ./source/timer/SysTick.o
 .debug_info    0x00000506      0x2d9 ./source/timer/timer.o
 .debug_info    0x000007df      0x31d ./source/buffer/SPI_buffer.o
 .debug_info    0x00000afc      0x2e6 ./source/buffer/circular_buffer.o
 .debug_info    0x00000de2      0x303 ./source/buffer/generic_circular_buffer.o
 .debug_info    0x000010e5      0xde4 ./source/UART/uart.o
 .debug_info    0x00001ec9      0xd5c ./source/SPI/SPI.o
 .debug_info    0x00002c25      0x87a ./source/PIT/PIT.o
 .debug_info    0x0000349f      0x49f ./source/MPU9250/MPU9250.o
 .debug_info    0x0000393e      0xc0f ./source/MCAL/gpio.o
 .debug_info    0x0000454d      0xd3a ./source/I2Cm/I2Cm.o
 .debug_info    0x00005287      0xfab ./source/FTM/FTM.o
 .debug_info    0x00006232      0x238 ./source/App.o
 .debug_info    0x0000646a      0x6b2 ./SDK/startup/hardware.o
 .debug_info    0x00006b1c       0x86 ./SDK/startup/main.o
 .debug_info    0x00006ba2       0x3c ./SDK/startup/semihost_hardfault.o
 .debug_info    0x00006bde      0x93a ./SDK/startup/startup_mk64f12.o
 .debug_info    0x00007518      0x63b ./SDK/CMSIS/system_MK64F12.o

.debug_abbrev   0x00000000     0x1d01
 .debug_abbrev  0x00000000      0x190 ./source/timer/SysTick.o
 .debug_abbrev  0x00000190      0x1b5 ./source/timer/timer.o
 .debug_abbrev  0x00000345      0x1b4 ./source/buffer/SPI_buffer.o
 .debug_abbrev  0x000004f9      0x162 ./source/buffer/circular_buffer.o
 .debug_abbrev  0x0000065b      0x140 ./source/buffer/generic_circular_buffer.o
 .debug_abbrev  0x0000079b      0x267 ./source/UART/uart.o
 .debug_abbrev  0x00000a02      0x2d8 ./source/SPI/SPI.o
 .debug_abbrev  0x00000cda      0x1d5 ./source/PIT/PIT.o
 .debug_abbrev  0x00000eaf      0x14a ./source/MPU9250/MPU9250.o
 .debug_abbrev  0x00000ff9      0x253 ./source/MCAL/gpio.o
 .debug_abbrev  0x0000124c      0x280 ./source/I2Cm/I2Cm.o
 .debug_abbrev  0x000014cc      0x297 ./source/FTM/FTM.o
 .debug_abbrev  0x00001763      0x129 ./source/App.o
 .debug_abbrev  0x0000188c      0x12e ./SDK/startup/hardware.o
 .debug_abbrev  0x000019ba       0x49 ./SDK/startup/main.o
 .debug_abbrev  0x00001a03       0x31 ./SDK/startup/semihost_hardfault.o
 .debug_abbrev  0x00001a34      0x185 ./SDK/startup/startup_mk64f12.o
 .debug_abbrev  0x00001bb9      0x148 ./SDK/CMSIS/system_MK64F12.o

.debug_aranges  0x00000000      0x860
 .debug_aranges
                0x00000000       0x30 ./source/timer/SysTick.o
 .debug_aranges
                0x00000030       0x50 ./source/timer/timer.o
 .debug_aranges
                0x00000080       0x58 ./source/buffer/SPI_buffer.o
 .debug_aranges
                0x000000d8       0x58 ./source/buffer/circular_buffer.o
 .debug_aranges
                0x00000130       0x58 ./source/buffer/generic_circular_buffer.o
 .debug_aranges
                0x00000188       0x80 ./source/UART/uart.o
 .debug_aranges
                0x00000208       0x58 ./source/SPI/SPI.o
 .debug_aranges
                0x00000260       0x58 ./source/PIT/PIT.o
 .debug_aranges
                0x000002b8       0x60 ./source/MPU9250/MPU9250.o
 .debug_aranges
                0x00000318       0x78 ./source/MCAL/gpio.o
 .debug_aranges
                0x00000390       0x50 ./source/I2Cm/I2Cm.o
 .debug_aranges
                0x000003e0       0x80 ./source/FTM/FTM.o
 .debug_aranges
                0x00000460       0x30 ./source/App.o
 .debug_aranges
                0x00000490       0x30 ./SDK/startup/hardware.o
 .debug_aranges
                0x000004c0       0x20 ./SDK/startup/main.o
 .debug_aranges
                0x000004e0       0x20 ./SDK/startup/semihost_hardfault.o
 .debug_aranges
                0x00000500      0x330 ./SDK/startup/startup_mk64f12.o
 .debug_aranges
                0x00000830       0x30 ./SDK/CMSIS/system_MK64F12.o

.debug_ranges   0x00000000      0x740
 .debug_ranges  0x00000000       0x20 ./source/timer/SysTick.o
 .debug_ranges  0x00000020       0x40 ./source/timer/timer.o
 .debug_ranges  0x00000060       0x48 ./source/buffer/SPI_buffer.o
 .debug_ranges  0x000000a8       0x48 ./source/buffer/circular_buffer.o
 .debug_ranges  0x000000f0       0x48 ./source/buffer/generic_circular_buffer.o
 .debug_ranges  0x00000138       0x70 ./source/UART/uart.o
 .debug_ranges  0x000001a8       0x48 ./source/SPI/SPI.o
 .debug_ranges  0x000001f0       0x48 ./source/PIT/PIT.o
 .debug_ranges  0x00000238       0x50 ./source/MPU9250/MPU9250.o
 .debug_ranges  0x00000288       0x68 ./source/MCAL/gpio.o
 .debug_ranges  0x000002f0       0x40 ./source/I2Cm/I2Cm.o
 .debug_ranges  0x00000330       0x70 ./source/FTM/FTM.o
 .debug_ranges  0x000003a0       0x20 ./source/App.o
 .debug_ranges  0x000003c0       0x20 ./SDK/startup/hardware.o
 .debug_ranges  0x000003e0       0x10 ./SDK/startup/main.o
 .debug_ranges  0x000003f0       0x10 ./SDK/startup/semihost_hardfault.o
 .debug_ranges  0x00000400      0x320 ./SDK/startup/startup_mk64f12.o
 .debug_ranges  0x00000720       0x20 ./SDK/CMSIS/system_MK64F12.o

.debug_macro    0x00000000    0x13c64
 .debug_macro   0x00000000       0xb6 ./source/timer/SysTick.o
 .debug_macro   0x000000b6      0xa7e ./source/timer/SysTick.o
 .debug_macro   0x00000b34       0x22 ./source/timer/SysTick.o
 .debug_macro   0x00000b56      0x34e ./source/timer/SysTick.o
 .debug_macro   0x00000ea4       0x10 ./source/timer/SysTick.o
 .debug_macro   0x00000eb4       0x5c ./source/timer/SysTick.o
 .debug_macro   0x00000f10       0x1c ./source/timer/SysTick.o
 .debug_macro   0x00000f2c       0x28 ./source/timer/SysTick.o
 .debug_macro   0x00000f54       0xd9 ./source/timer/SysTick.o
 .debug_macro   0x0000102d      0xecf ./source/timer/SysTick.o
 .debug_macro   0x00001efc       0x48 ./source/timer/SysTick.o
 .debug_macro   0x00001f44     0xe07b ./source/timer/SysTick.o
 .debug_macro   0x0000ffbf     0x122b ./source/timer/SysTick.o
 .debug_macro   0x000111ea       0x16 ./source/timer/SysTick.o
 .debug_macro   0x00011200      0x134 ./source/timer/timer.o
 .debug_macro   0x00011334       0x1e ./source/timer/timer.o
 .debug_macro   0x00011352       0x22 ./source/timer/timer.o
 .debug_macro   0x00011374       0x5e ./source/timer/timer.o
 .debug_macro   0x000113d2       0x94 ./source/timer/timer.o
 .debug_macro   0x00011466       0x35 ./source/timer/timer.o
 .debug_macro   0x0001149b       0x34 ./source/timer/timer.o
 .debug_macro   0x000114cf       0x16 ./source/timer/timer.o
 .debug_macro   0x000114e5      0x10e ./source/timer/timer.o
 .debug_macro   0x000115f3       0x8d ./source/timer/timer.o
 .debug_macro   0x00011680       0x16 ./source/timer/timer.o
 .debug_macro   0x00011696       0x43 ./source/timer/timer.o
 .debug_macro   0x000116d9       0x57 ./source/timer/timer.o
 .debug_macro   0x00011730       0x34 ./source/timer/timer.o
 .debug_macro   0x00011764       0x10 ./source/timer/timer.o
 .debug_macro   0x00011774       0x58 ./source/timer/timer.o
 .debug_macro   0x000117cc      0x182 ./source/timer/timer.o
 .debug_macro   0x0001194e      0x341 ./source/timer/timer.o
 .debug_macro   0x00011c8f       0x16 ./source/timer/timer.o
 .debug_macro   0x00011ca5       0x29 ./source/timer/timer.o
 .debug_macro   0x00011cce       0x28 ./source/timer/timer.o
 .debug_macro   0x00011cf6       0x10 ./source/timer/timer.o
 .debug_macro   0x00011d06      0x1e7 ./source/buffer/SPI_buffer.o
 .debug_macro   0x00011eed       0x16 ./source/buffer/SPI_buffer.o
 .debug_macro   0x00011f03       0x97 ./source/buffer/SPI_buffer.o
 .debug_macro   0x00011f9a       0xfd ./source/buffer/SPI_buffer.o
 .debug_macro   0x00012097       0x10 ./source/buffer/SPI_buffer.o
 .debug_macro   0x000120a7       0x10 ./source/buffer/SPI_buffer.o
 .debug_macro   0x000120b7       0x6a ./source/buffer/SPI_buffer.o
 .debug_macro   0x00012121       0x1c ./source/buffer/SPI_buffer.o
 .debug_macro   0x0001213d       0x52 ./source/buffer/SPI_buffer.o
 .debug_macro   0x0001218f       0x22 ./source/buffer/SPI_buffer.o
 .debug_macro   0x000121b1       0x10 ./source/buffer/SPI_buffer.o
 .debug_macro   0x000121c1       0x52 ./source/buffer/SPI_buffer.o
 .debug_macro   0x00012213       0xd5 ./source/buffer/SPI_buffer.o
 .debug_macro   0x000122e8       0x1c ./source/buffer/SPI_buffer.o
 .debug_macro   0x00012304       0x3d ./source/buffer/SPI_buffer.o
 .debug_macro   0x00012341       0x16 ./source/buffer/SPI_buffer.o
 .debug_macro   0x00012357      0x16f ./source/buffer/SPI_buffer.o
 .debug_macro   0x000124c6       0x16 ./source/buffer/SPI_buffer.o
 .debug_macro   0x000124dc       0x35 ./source/buffer/SPI_buffer.o
 .debug_macro   0x00012511       0xac ./source/buffer/circular_buffer.o
 .debug_macro   0x000125bd       0xac ./source/buffer/generic_circular_buffer.o
 .debug_macro   0x00012669       0xe8 ./source/UART/uart.o
 .debug_macro   0x00012751       0x10 ./source/UART/uart.o
 .debug_macro   0x00012761       0x40 ./source/UART/uart.o
 .debug_macro   0x000127a1      0x31f ./source/SPI/SPI.o
 .debug_macro   0x00012ac0       0x3a ./source/SPI/SPI.o
 .debug_macro   0x00012afa       0x10 ./source/SPI/SPI.o
 .debug_macro   0x00012b0a       0x10 ./source/SPI/SPI.o
 .debug_macro   0x00012b1a       0xd3 ./source/PIT/PIT.o
 .debug_macro   0x00012bed       0x28 ./source/PIT/PIT.o
 .debug_macro   0x00012c15      0x174 ./source/PIT/PIT.o
 .debug_macro   0x00012d89      0x46e ./source/MPU9250/MPU9250.o
 .debug_macro   0x000131f7      0x19b ./source/MPU9250/MPU9250.o
 .debug_macro   0x00013392       0xc4 ./source/MCAL/gpio.o
 .debug_macro   0x00013456      0x1fd ./source/I2Cm/I2Cm.o
 .debug_macro   0x00013653       0x10 ./source/I2Cm/I2Cm.o
 .debug_macro   0x00013663      0x1c5 ./source/FTM/FTM.o
 .debug_macro   0x00013828       0x22 ./source/FTM/FTM.o
 .debug_macro   0x0001384a      0x218 ./source/App.o
 .debug_macro   0x00013a62       0x10 ./source/App.o
 .debug_macro   0x00013a72       0x9c ./SDK/startup/hardware.o
 .debug_macro   0x00013b0e       0x9c ./SDK/startup/main.o
 .debug_macro   0x00013baa       0x11 ./SDK/startup/semihost_hardfault.o
 .debug_macro   0x00013bbb       0x29 ./SDK/startup/startup_mk64f12.o
 .debug_macro   0x00013be4       0x80 ./SDK/CMSIS/system_MK64F12.o

.debug_line     0x00000000     0x5b9a
 .debug_line    0x00000000      0x232 ./source/timer/SysTick.o
 .debug_line    0x00000232      0x4e1 ./source/timer/timer.o
 .debug_line    0x00000713      0x5c3 ./source/buffer/SPI_buffer.o
 .debug_line    0x00000cd6      0x37c ./source/buffer/circular_buffer.o
 .debug_line    0x00001052      0x3f7 ./source/buffer/generic_circular_buffer.o
 .debug_line    0x00001449      0x4fc ./source/UART/uart.o
 .debug_line    0x00001945      0xb3d ./source/SPI/SPI.o
 .debug_line    0x00002482      0x317 ./source/PIT/PIT.o
 .debug_line    0x00002799      0x928 ./source/MPU9250/MPU9250.o
 .debug_line    0x000030c1      0x4ed ./source/MCAL/gpio.o
 .debug_line    0x000035ae      0x790 ./source/I2Cm/I2Cm.o
 .debug_line    0x00003d3e      0x839 ./source/FTM/FTM.o
 .debug_line    0x00004577      0x52c ./source/App.o
 .debug_line    0x00004aa3      0x2a7 ./SDK/startup/hardware.o
 .debug_line    0x00004d4a      0x1b8 ./SDK/startup/main.o
 .debug_line    0x00004f02       0x5f ./SDK/startup/semihost_hardfault.o
 .debug_line    0x00004f61      0x917 ./SDK/startup/startup_mk64f12.o
 .debug_line    0x00005878      0x322 ./SDK/CMSIS/system_MK64F12.o

.debug_str      0x00000000    0x7ec66
 .debug_str     0x00000000    0x773ec ./source/timer/SysTick.o
                              0x775b7 (size before relaxing)
 .debug_str     0x000773ec     0x30b0 ./source/timer/timer.o
                               0x699c (size before relaxing)
 .debug_str     0x0007a49c     0x126e ./source/buffer/SPI_buffer.o
                               0x7962 (size before relaxing)
 .debug_str     0x0007b70a       0x7b ./source/buffer/circular_buffer.o
                              0x7707d (size before relaxing)
 .debug_str     0x0007b785      0x121 ./source/buffer/generic_circular_buffer.o
                              0x770df (size before relaxing)
 .debug_str     0x0007b8a6      0x4af ./source/UART/uart.o
                              0x77a26 (size before relaxing)
 .debug_str     0x0007bd55      0x76f ./source/SPI/SPI.o
                              0x7beba (size before relaxing)
 .debug_str     0x0007c4c4      0x229 ./source/PIT/PIT.o
                              0x77bb8 (size before relaxing)
 .debug_str     0x0007c6ed     0x133e ./source/MPU9250/MPU9250.o
                               0x7b8b (size before relaxing)
 .debug_str     0x0007da2b      0x1bb ./source/MCAL/gpio.o
                              0x77bf1 (size before relaxing)
 .debug_str     0x0007dbe6      0x246 ./source/I2Cm/I2Cm.o
                              0x7aa24 (size before relaxing)
 .debug_str     0x0007de2c      0x4d2 ./source/FTM/FTM.o
                              0x7aae5 (size before relaxing)
 .debug_str     0x0007e2fe       0x68 ./source/App.o
                               0x7ade (size before relaxing)
 .debug_str     0x0007e366      0x16f ./SDK/startup/hardware.o
                              0x771d6 (size before relaxing)
 .debug_str     0x0007e4d5       0x1b ./SDK/startup/main.o
                              0x76fa1 (size before relaxing)
 .debug_str     0x0007e4f0       0x36 ./SDK/startup/semihost_hardfault.o
                               0x2d4a (size before relaxing)
 .debug_str     0x0007e526      0x6ce ./SDK/startup/startup_mk64f12.o
                               0x35a4 (size before relaxing)
 .debug_str     0x0007ebf4       0x72 ./SDK/CMSIS/system_MK64F12.o
                              0x770f5 (size before relaxing)

.comment        0x00000000       0x49
 .comment       0x00000000       0x49 ./source/timer/SysTick.o
                                 0x4a (size before relaxing)
 .comment       0x00000049       0x4a ./source/timer/timer.o
 .comment       0x00000049       0x4a ./source/buffer/SPI_buffer.o
 .comment       0x00000049       0x4a ./source/buffer/circular_buffer.o
 .comment       0x00000049       0x4a ./source/buffer/generic_circular_buffer.o
 .comment       0x00000049       0x4a ./source/UART/uart.o
 .comment       0x00000049       0x4a ./source/SPI/SPI.o
 .comment       0x00000049       0x4a ./source/PIT/PIT.o
 .comment       0x00000049       0x4a ./source/MPU9250/MPU9250.o
 .comment       0x00000049       0x4a ./source/MCAL/gpio.o
 .comment       0x00000049       0x4a ./source/I2Cm/I2Cm.o
 .comment       0x00000049       0x4a ./source/FTM/FTM.o
 .comment       0x00000049       0x4a ./source/App.o
 .comment       0x00000049       0x4a ./SDK/startup/hardware.o
 .comment       0x00000049       0x4a ./SDK/startup/main.o
 .comment       0x00000049       0x4a ./SDK/startup/semihost_hardfault.o
 .comment       0x00000049       0x4a ./SDK/startup/startup_mk64f12.o
 .comment       0x00000049       0x4a ./SDK/CMSIS/system_MK64F12.o
 .comment       0x00000049       0x4a c:/nxp/mcuxpressoide_11.6.1_8255/ide/plugins/com.nxp.mcuxpresso.tools.win32_11.6.1.202207200623/tools/bin/../lib/gcc/arm-none-eabi/10.3.1/../../../../arm-none-eabi/lib/thumb/v7e-m+fp/hard\libcr_c.a(memcpy.o)
 .comment       0x00000049       0x4a c:/nxp/mcuxpressoide_11.6.1_8255/ide/plugins/com.nxp.mcuxpresso.tools.win32_11.6.1.202207200623/tools/bin/../lib/gcc/arm-none-eabi/10.3.1/../../../../arm-none-eabi/lib/thumb/v7e-m+fp/hard\libcr_c.a(fpprintf.o)
 .comment       0x00000049       0x4a c:/nxp/mcuxpressoide_11.6.1_8255/ide/plugins/com.nxp.mcuxpresso.tools.win32_11.6.1.202207200623/tools/bin/../lib/gcc/arm-none-eabi/10.3.1/../../../../arm-none-eabi/lib/thumb/v7e-m+fp/hard\libcr_c.a(printf.o)
 .comment       0x00000049       0x4a c:/nxp/mcuxpressoide_11.6.1_8255/ide/plugins/com.nxp.mcuxpresso.tools.win32_11.6.1.202207200623/tools/bin/../lib/gcc/arm-none-eabi/10.3.1/../../../../arm-none-eabi/lib/thumb/v7e-m+fp/hard\libcr_c.a(strlen.o)
 .comment       0x00000049       0x4a c:/nxp/mcuxpressoide_11.6.1_8255/ide/plugins/com.nxp.mcuxpresso.tools.win32_11.6.1.202207200623/tools/bin/../lib/gcc/arm-none-eabi/10.3.1/../../../../arm-none-eabi/lib/thumb/v7e-m+fp/hard\libcr_c.a(memset.o)
 .comment       0x00000049       0x4a c:/nxp/mcuxpressoide_11.6.1_8255/ide/plugins/com.nxp.mcuxpresso.tools.win32_11.6.1.202207200623/tools/bin/../lib/gcc/arm-none-eabi/10.3.1/../../../../arm-none-eabi/lib/thumb/v7e-m+fp/hard\libcr_c.a(_deferredlazyseek.o)
 .comment       0x00000049       0x4a c:/nxp/mcuxpressoide_11.6.1_8255/ide/plugins/com.nxp.mcuxpresso.tools.win32_11.6.1.202207200623/tools/bin/../lib/gcc/arm-none-eabi/10.3.1/../../../../arm-none-eabi/lib/thumb/v7e-m+fp/hard\libcr_c.a(_fflush.o)
 .comment       0x00000049       0x4a c:/nxp/mcuxpressoide_11.6.1_8255/ide/plugins/com.nxp.mcuxpresso.tools.win32_11.6.1.202207200623/tools/bin/../lib/gcc/arm-none-eabi/10.3.1/../../../../arm-none-eabi/lib/thumb/v7e-m+fp/hard\libcr_c.a(_frexpl.o)
 .comment       0x00000049       0x4a c:/nxp/mcuxpressoide_11.6.1_8255/ide/plugins/com.nxp.mcuxpresso.tools.win32_11.6.1.202207200623/tools/bin/../lib/gcc/arm-none-eabi/10.3.1/../../../../arm-none-eabi/lib/thumb/v7e-m+fp/hard\libcr_c.a(_ldexpl.o)
 .comment       0x00000049       0x4a c:/nxp/mcuxpressoide_11.6.1_8255/ide/plugins/com.nxp.mcuxpresso.tools.win32_11.6.1.202207200623/tools/bin/../lib/gcc/arm-none-eabi/10.3.1/../../../../arm-none-eabi/lib/thumb/v7e-m+fp/hard\libcr_c.a(_writebuf.o)
 .comment       0x00000049       0x4a c:/nxp/mcuxpressoide_11.6.1_8255/ide/plugins/com.nxp.mcuxpresso.tools.win32_11.6.1.202207200623/tools/bin/../lib/gcc/arm-none-eabi/10.3.1/../../../../arm-none-eabi/lib/thumb/v7e-m+fp/hard\libcr_c.a(alloc.o)
 .comment       0x00000049       0x4a c:/nxp/mcuxpressoide_11.6.1_8255/ide/plugins/com.nxp.mcuxpresso.tools.win32_11.6.1.202207200623/tools/bin/../lib/gcc/arm-none-eabi/10.3.1/../../../../arm-none-eabi/lib/thumb/v7e-m+fp/hard\libcr_c.a(errno.o)
 .comment       0x00000049       0x4a c:/nxp/mcuxpressoide_11.6.1_8255/ide/plugins/com.nxp.mcuxpresso.tools.win32_11.6.1.202207200623/tools/bin/../lib/gcc/arm-none-eabi/10.3.1/../../../../arm-none-eabi/lib/thumb/v7e-m+fp/hard\libcr_c.a(fseek.o)
 .comment       0x00000049       0x4a c:/nxp/mcuxpressoide_11.6.1_8255/ide/plugins/com.nxp.mcuxpresso.tools.win32_11.6.1.202207200623/tools/bin/../lib/gcc/arm-none-eabi/10.3.1/../../../../arm-none-eabi/lib/thumb/v7e-m+fp/hard\libcr_c.a(ftell.o)
 .comment       0x00000049       0x4a c:/nxp/mcuxpressoide_11.6.1_8255/ide/plugins/com.nxp.mcuxpresso.tools.win32_11.6.1.202207200623/tools/bin/../lib/gcc/arm-none-eabi/10.3.1/../../../../arm-none-eabi/lib/thumb/v7e-m+fp/hard\libcr_c.a(__init_alloc.o)
 .comment       0x00000049       0x4a c:/nxp/mcuxpressoide_11.6.1_8255/ide/plugins/com.nxp.mcuxpresso.tools.win32_11.6.1.202207200623/tools/bin/../lib/gcc/arm-none-eabi/10.3.1/../../../../arm-none-eabi/lib/thumb/v7e-m+fp/hard\libcr_c.a(_cr_sbrk.o)
 .comment       0x00000049       0x4a c:/nxp/mcuxpressoide_11.6.1_8255/ide/plugins/com.nxp.mcuxpresso.tools.win32_11.6.1.202207200623/tools/bin/../lib/gcc/arm-none-eabi/10.3.1/../../../../arm-none-eabi/lib/thumb/v7e-m+fp/hard\libcr_c.a(_cr_check_heap.o)
 .comment       0x00000049       0x4a c:/nxp/mcuxpressoide_11.6.1_8255/ide/plugins/com.nxp.mcuxpresso.tools.win32_11.6.1.202207200623/tools/bin/../lib/gcc/arm-none-eabi/10.3.1/thumb/v7e-m+fp/hard\libcr_eabihelpers.a(double.o)

.ARM.attributes
                0x00000000       0x32
 .ARM.attributes
                0x00000000       0x34 ./source/timer/SysTick.o
 .ARM.attributes
                0x00000034       0x34 ./source/timer/timer.o
 .ARM.attributes
                0x00000068       0x34 ./source/buffer/SPI_buffer.o
 .ARM.attributes
                0x0000009c       0x34 ./source/buffer/circular_buffer.o
 .ARM.attributes
                0x000000d0       0x34 ./source/buffer/generic_circular_buffer.o
 .ARM.attributes
                0x00000104       0x34 ./source/UART/uart.o
 .ARM.attributes
                0x00000138       0x34 ./source/SPI/SPI.o
 .ARM.attributes
                0x0000016c       0x34 ./source/PIT/PIT.o
 .ARM.attributes
                0x000001a0       0x34 ./source/MPU9250/MPU9250.o
 .ARM.attributes
                0x000001d4       0x34 ./source/MCAL/gpio.o
 .ARM.attributes
                0x00000208       0x34 ./source/I2Cm/I2Cm.o
 .ARM.attributes
                0x0000023c       0x34 ./source/FTM/FTM.o
 .ARM.attributes
                0x00000270       0x34 ./source/App.o
 .ARM.attributes
                0x000002a4       0x34 ./SDK/startup/hardware.o
 .ARM.attributes
                0x000002d8       0x34 ./SDK/startup/main.o
 .ARM.attributes
                0x0000030c       0x34 ./SDK/startup/semihost_hardfault.o
 .ARM.attributes
                0x00000340       0x34 ./SDK/startup/startup_mk64f12.o
 .ARM.attributes
                0x00000374       0x34 ./SDK/CMSIS/system_MK64F12.o
 .ARM.attributes
                0x000003a8       0x34 c:/nxp/mcuxpressoide_11.6.1_8255/ide/plugins/com.nxp.mcuxpresso.tools.win32_11.6.1.202207200623/tools/bin/../lib/gcc/arm-none-eabi/10.3.1/../../../../arm-none-eabi/lib/thumb/v7e-m+fp/hard\libcr_c.a(memcpy.o)
 .ARM.attributes
                0x000003dc       0x34 c:/nxp/mcuxpressoide_11.6.1_8255/ide/plugins/com.nxp.mcuxpresso.tools.win32_11.6.1.202207200623/tools/bin/../lib/gcc/arm-none-eabi/10.3.1/../../../../arm-none-eabi/lib/thumb/v7e-m+fp/hard\libcr_c.a(fpprintf.o)
 .ARM.attributes
                0x00000410       0x34 c:/nxp/mcuxpressoide_11.6.1_8255/ide/plugins/com.nxp.mcuxpresso.tools.win32_11.6.1.202207200623/tools/bin/../lib/gcc/arm-none-eabi/10.3.1/../../../../arm-none-eabi/lib/thumb/v7e-m+fp/hard\libcr_c.a(printf.o)
 .ARM.attributes
                0x00000444       0x34 c:/nxp/mcuxpressoide_11.6.1_8255/ide/plugins/com.nxp.mcuxpresso.tools.win32_11.6.1.202207200623/tools/bin/../lib/gcc/arm-none-eabi/10.3.1/../../../../arm-none-eabi/lib/thumb/v7e-m+fp/hard\libcr_c.a(strlen.o)
 .ARM.attributes
                0x00000478       0x34 c:/nxp/mcuxpressoide_11.6.1_8255/ide/plugins/com.nxp.mcuxpresso.tools.win32_11.6.1.202207200623/tools/bin/../lib/gcc/arm-none-eabi/10.3.1/../../../../arm-none-eabi/lib/thumb/v7e-m+fp/hard\libcr_c.a(memset.o)
 .ARM.attributes
                0x000004ac       0x34 c:/nxp/mcuxpressoide_11.6.1_8255/ide/plugins/com.nxp.mcuxpresso.tools.win32_11.6.1.202207200623/tools/bin/../lib/gcc/arm-none-eabi/10.3.1/../../../../arm-none-eabi/lib/thumb/v7e-m+fp/hard\libcr_c.a(_deferredlazyseek.o)
 .ARM.attributes
                0x000004e0       0x34 c:/nxp/mcuxpressoide_11.6.1_8255/ide/plugins/com.nxp.mcuxpresso.tools.win32_11.6.1.202207200623/tools/bin/../lib/gcc/arm-none-eabi/10.3.1/../../../../arm-none-eabi/lib/thumb/v7e-m+fp/hard\libcr_c.a(_fflush.o)
 .ARM.attributes
                0x00000514       0x34 c:/nxp/mcuxpressoide_11.6.1_8255/ide/plugins/com.nxp.mcuxpresso.tools.win32_11.6.1.202207200623/tools/bin/../lib/gcc/arm-none-eabi/10.3.1/../../../../arm-none-eabi/lib/thumb/v7e-m+fp/hard\libcr_c.a(_frexpl.o)
 .ARM.attributes
                0x00000548       0x34 c:/nxp/mcuxpressoide_11.6.1_8255/ide/plugins/com.nxp.mcuxpresso.tools.win32_11.6.1.202207200623/tools/bin/../lib/gcc/arm-none-eabi/10.3.1/../../../../arm-none-eabi/lib/thumb/v7e-m+fp/hard\libcr_c.a(_ldexpl.o)
 .ARM.attributes
                0x0000057c       0x34 c:/nxp/mcuxpressoide_11.6.1_8255/ide/plugins/com.nxp.mcuxpresso.tools.win32_11.6.1.202207200623/tools/bin/../lib/gcc/arm-none-eabi/10.3.1/../../../../arm-none-eabi/lib/thumb/v7e-m+fp/hard\libcr_c.a(_writebuf.o)
 .ARM.attributes
                0x000005b0       0x34 c:/nxp/mcuxpressoide_11.6.1_8255/ide/plugins/com.nxp.mcuxpresso.tools.win32_11.6.1.202207200623/tools/bin/../lib/gcc/arm-none-eabi/10.3.1/../../../../arm-none-eabi/lib/thumb/v7e-m+fp/hard\libcr_c.a(alloc.o)
 .ARM.attributes
                0x000005e4       0x34 c:/nxp/mcuxpressoide_11.6.1_8255/ide/plugins/com.nxp.mcuxpresso.tools.win32_11.6.1.202207200623/tools/bin/../lib/gcc/arm-none-eabi/10.3.1/../../../../arm-none-eabi/lib/thumb/v7e-m+fp/hard\libcr_c.a(errno.o)
 .ARM.attributes
                0x00000618       0x34 c:/nxp/mcuxpressoide_11.6.1_8255/ide/plugins/com.nxp.mcuxpresso.tools.win32_11.6.1.202207200623/tools/bin/../lib/gcc/arm-none-eabi/10.3.1/../../../../arm-none-eabi/lib/thumb/v7e-m+fp/hard\libcr_c.a(fseek.o)
 .ARM.attributes
                0x0000064c       0x34 c:/nxp/mcuxpressoide_11.6.1_8255/ide/plugins/com.nxp.mcuxpresso.tools.win32_11.6.1.202207200623/tools/bin/../lib/gcc/arm-none-eabi/10.3.1/../../../../arm-none-eabi/lib/thumb/v7e-m+fp/hard\libcr_c.a(ftell.o)
 .ARM.attributes
                0x00000680       0x34 c:/nxp/mcuxpressoide_11.6.1_8255/ide/plugins/com.nxp.mcuxpresso.tools.win32_11.6.1.202207200623/tools/bin/../lib/gcc/arm-none-eabi/10.3.1/../../../../arm-none-eabi/lib/thumb/v7e-m+fp/hard\libcr_c.a(__init_alloc.o)
 .ARM.attributes
                0x000006b4       0x34 c:/nxp/mcuxpressoide_11.6.1_8255/ide/plugins/com.nxp.mcuxpresso.tools.win32_11.6.1.202207200623/tools/bin/../lib/gcc/arm-none-eabi/10.3.1/../../../../arm-none-eabi/lib/thumb/v7e-m+fp/hard\libcr_c.a(_cr_sbrk.o)
 .ARM.attributes
                0x000006e8       0x34 c:/nxp/mcuxpressoide_11.6.1_8255/ide/plugins/com.nxp.mcuxpresso.tools.win32_11.6.1.202207200623/tools/bin/../lib/gcc/arm-none-eabi/10.3.1/../../../../arm-none-eabi/lib/thumb/v7e-m+fp/hard\libcr_c.a(_cr_check_heap.o)
 .ARM.attributes
                0x0000071c       0x20 c:/nxp/mcuxpressoide_11.6.1_8255/ide/plugins/com.nxp.mcuxpresso.tools.win32_11.6.1.202207200623/tools/bin/../lib/gcc/arm-none-eabi/10.3.1/thumb/v7e-m+fp/hard\libcr_eabihelpers.a(division_64.o)
 .ARM.attributes
                0x0000073c       0x20 c:/nxp/mcuxpressoide_11.6.1_8255/ide/plugins/com.nxp.mcuxpresso.tools.win32_11.6.1.202207200623/tools/bin/../lib/gcc/arm-none-eabi/10.3.1/thumb/v7e-m+fp/hard\libcr_eabihelpers.a(division_idiv0.o)
 .ARM.attributes
                0x0000075c       0x34 c:/nxp/mcuxpressoide_11.6.1_8255/ide/plugins/com.nxp.mcuxpresso.tools.win32_11.6.1.202207200623/tools/bin/../lib/gcc/arm-none-eabi/10.3.1/thumb/v7e-m+fp/hard\libcr_eabihelpers.a(double.o)
 .ARM.attributes
                0x00000790       0x20 c:/nxp/mcuxpressoide_11.6.1_8255/ide/plugins/com.nxp.mcuxpresso.tools.win32_11.6.1.202207200623/tools/bin/../lib/gcc/arm-none-eabi/10.3.1/thumb/v7e-m+fp/hard\libcr_eabihelpers.a(memcpy.o)
 .ARM.attributes
                0x000007b0       0x20 c:/nxp/mcuxpressoide_11.6.1_8255/ide/plugins/com.nxp.mcuxpresso.tools.win32_11.6.1.202207200623/tools/bin/../lib/gcc/arm-none-eabi/10.3.1/../../../../arm-none-eabi/lib/thumb/v7e-m+fp/hard\libcr_semihost_nf.a(__sys_appexit.o)
 .ARM.attributes
                0x000007d0       0x20 c:/nxp/mcuxpressoide_11.6.1_8255/ide/plugins/com.nxp.mcuxpresso.tools.win32_11.6.1.202207200623/tools/bin/../lib/gcc/arm-none-eabi/10.3.1/../../../../arm-none-eabi/lib/thumb/v7e-m+fp/hard\libcr_semihost_nf.a(__sys_flen.o)
 .ARM.attributes
                0x000007f0       0x20 c:/nxp/mcuxpressoide_11.6.1_8255/ide/plugins/com.nxp.mcuxpresso.tools.win32_11.6.1.202207200623/tools/bin/../lib/gcc/arm-none-eabi/10.3.1/../../../../arm-none-eabi/lib/thumb/v7e-m+fp/hard\libcr_semihost_nf.a(__sys_istty.o)
 .ARM.attributes
                0x00000810       0x20 c:/nxp/mcuxpressoide_11.6.1_8255/ide/plugins/com.nxp.mcuxpresso.tools.win32_11.6.1.202207200623/tools/bin/../lib/gcc/arm-none-eabi/10.3.1/../../../../arm-none-eabi/lib/thumb/v7e-m+fp/hard\libcr_semihost_nf.a(__sys_seek.o)
 .ARM.attributes
                0x00000830       0x20 c:/nxp/mcuxpressoide_11.6.1_8255/ide/plugins/com.nxp.mcuxpresso.tools.win32_11.6.1.202207200623/tools/bin/../lib/gcc/arm-none-eabi/10.3.1/../../../../arm-none-eabi/lib/thumb/v7e-m+fp/hard\libcr_semihost_nf.a(__sys_write.o)

.debug_frame    0x00000000     0x1bb4
 .debug_frame   0x00000000       0x88 ./source/timer/SysTick.o
 .debug_frame   0x00000088      0x10c ./source/timer/timer.o
 .debug_frame   0x00000194      0x148 ./source/buffer/SPI_buffer.o
 .debug_frame   0x000002dc      0x140 ./source/buffer/circular_buffer.o
 .debug_frame   0x0000041c      0x144 ./source/buffer/generic_circular_buffer.o
 .debug_frame   0x00000560      0x214 ./source/UART/uart.o
 .debug_frame   0x00000774      0x154 ./source/SPI/SPI.o
 .debug_frame   0x000008c8      0x15c ./source/PIT/PIT.o
 .debug_frame   0x00000a24      0x160 ./source/MPU9250/MPU9250.o
 .debug_frame   0x00000b84      0x214 ./source/MCAL/gpio.o
 .debug_frame   0x00000d98      0x128 ./source/I2Cm/I2Cm.o
 .debug_frame   0x00000ec0      0x248 ./source/FTM/FTM.o
 .debug_frame   0x00001108       0x78 ./source/App.o
 .debug_frame   0x00001180       0x70 ./SDK/startup/hardware.o
 .debug_frame   0x000011f0       0x2c ./SDK/startup/main.o
 .debug_frame   0x0000121c       0x20 ./SDK/startup/semihost_hardfault.o
 .debug_frame   0x0000123c      0x904 ./SDK/startup/startup_mk64f12.o
 .debug_frame   0x00001b40       0x74 ./SDK/CMSIS/system_MK64F12.o
